[1m
portless
[22m
[2m-- Proxy is running[22m
[2m-- phase5-fireside.templates.twodart.localhost (auto-resolves to 127.0.0.1)[22m
[2m-- Name "templates.twodart" (from --name flag)[22m
[2m-- Prefix "phase5-fireside" (from git branch)[22m
-- Using port 23113 (fixed)
[1m
  -> https://phase5-fireside.templates.twodart.localhost
[22m
[2mRunning: PORT=23113 HOST=127.0.0.1 PORTLESS_URL=https://phase5-fireside.templates.twodart.localhost NODE_EXTRA_CA_CERTS="/home/sanjevi/.portless/ca.pem" bash -c cd apps/templates && exec bun run dev -- --port=$PORT
[22m
[0m[2m[35m$[0m [2m[1mbun next dev "--port=23113"[0m
[1m[38;2;173;127;168m▲ Next.js 16.2.9[39m[22m (Turbopack)
- Local:         http://localhost:23113
- Network:       http://65.109.60.184:23113
- Environments: .env.local
[32m[1m✓[22m[39m Ready in 305ms
- Experiments (use with caution):
  · clientTraceMetadata

WARNING: You are using the Auth Emulator, which is intended for local testing only.  Do not use with production credentials.
Firebase initialized successfully
WARNING: You are using the Auth Emulator, which is intended for local testing only.  Do not use with production credentials.
Firebase initialized successfully
 GET /login/overview [32m200[39m in 6.9s[2m (next.js: 6.9s, generate-params: 3.3s, application-code: 42ms)[22m
 GET /login/overview [32m200[39m in 369ms[2m (next.js: 351ms, generate-params: 321ms, application-code: 18ms)[22m
 GET /login/overview [32m200[39m in 45ms[2m (next.js: 25ms, generate-params: 22µs, application-code: 20ms)[22m
 GET /login/overview [32m200[39m in 36ms[2m (next.js: 20ms, generate-params: 14µs, application-code: 17ms)[22m
WARNING: You are using the Auth Emulator, which is intended for local testing only.  Do not use with production credentials.
Firebase initialized successfully
 GET /login/overview [32m200[39m in 329ms[2m (next.js: 317ms, generate-params: 294ms, application-code: 12ms)[22m
 GET /login/overview [32m200[39m in 41ms[2m (next.js: 23ms, generate-params: 16µs, application-code: 18ms)[22m
 GET /login/overview [32m200[39m in 49ms[2m (next.js: 29ms, generate-params: 20µs, application-code: 20ms)[22m
WARNING: You are using the Auth Emulator, which is intended for local testing only.  Do not use with production credentials.
Firebase initialized successfully
 GET /login/overview [32m200[39m in 341ms[2m (next.js: 330ms, generate-params: 302ms, application-code: 11ms)[22m
 GET /login/overview [32m200[39m in 52ms[2m (next.js: 30ms, generate-params: 37µs, application-code: 21ms)[22m
 GET /login/overview [32m200[39m in 38ms[2m (next.js: 22ms, generate-params: 20µs, application-code: 16ms)[22m
WARNING: You are using the Auth Emulator, which is intended for local testing only.  Do not use with production credentials.
Firebase initialized successfully
 GET /login/overview [32m200[39m in 346ms[2m (next.js: 335ms, generate-params: 305ms, application-code: 11ms)[22m
 GET /login/overview [32m200[39m in 50ms[2m (next.js: 30ms, generate-params: 17µs, application-code: 20ms)[22m
 GET /login/overview [32m200[39m in 47ms[2m (next.js: 33ms, generate-params: 26µs, application-code: 14ms)[22m
WARNING: You are using the Auth Emulator, which is intended for local testing only.  Do not use with production credentials.
Firebase initialized successfully
 GET /login/overview [32m200[39m in 319ms[2m (next.js: 308ms, generate-params: 293ms, application-code: 11ms)[22m
 GET /login/overview [32m200[39m in 41ms[2m (next.js: 23ms, generate-params: 13µs, application-code: 17ms)[22m
 GET /login/overview [32m200[39m in 28ms[2m (next.js: 17ms, generate-params: 11µs, application-code: 11ms)[22m
WARNING: You are using the Auth Emulator, which is intended for local testing only.  Do not use with production credentials.
Firebase initialized successfully
 GET /login/overview [32m200[39m in 338ms[2m (next.js: 323ms, generate-params: 305ms, application-code: 15ms)[22m
 GET /login/overview [32m200[39m in 41ms[2m (next.js: 27ms, generate-params: 18µs, application-code: 14ms)[22m
 GET /login/overview [32m200[39m in 28ms[2m (next.js: 17ms, generate-params: 10µs, application-code: 11ms)[22m
WARNING: You are using the Auth Emulator, which is intended for local testing only.  Do not use with production credentials.
Firebase initialized successfully
 GET /login/overview [32m200[39m in 318ms[2m (next.js: 306ms, generate-params: 290ms, application-code: 11ms)[22m
 GET /login/overview [32m200[39m in 33ms[2m (next.js: 18ms, generate-params: 11µs, application-code: 14ms)[22m
 GET /login/overview [32m200[39m in 30ms[2m (next.js: 16ms, generate-params: 11µs, application-code: 14ms)[22m
WARNING: You are using the Auth Emulator, which is intended for local testing only.  Do not use with production credentials.
Firebase initialized successfully
 GET /login/overview [32m200[39m in 338ms[2m (next.js: 326ms, generate-params: 295ms, application-code: 12ms)[22m
 GET /login/overview [32m200[39m in 52ms[2m (next.js: 31ms, generate-params: 14µs, application-code: 20ms)[22m
 GET /login/overview [32m200[39m in 31ms[2m (next.js: 16ms, generate-params: 10µs, application-code: 15ms)[22m
WARNING: You are using the Auth Emulator, which is intended for local testing only.  Do not use with production credentials.
Firebase initialized successfully
 GET /login/overview [32m200[39m in 322ms[2m (next.js: 307ms, generate-params: 291ms, application-code: 15ms)[22m
 GET /login/overview [32m200[39m in 32ms[2m (next.js: 18ms, generate-params: 11µs, application-code: 14ms)[22m
 GET /login/overview [32m200[39m in 28ms[2m (next.js: 16ms, generate-params: 11µs, application-code: 11ms)[22m
WARNING: You are using the Auth Emulator, which is intended for local testing only.  Do not use with production credentials.
Firebase initialized successfully
 GET /login/overview [32m200[39m in 343ms[2m (next.js: 332ms, generate-params: 303ms, application-code: 11ms)[22m
 GET /login/overview [32m200[39m in 28ms[2m (next.js: 17ms, generate-params: 10µs, application-code: 11ms)[22m
 GET /login/overview [32m200[39m in 29ms[2m (next.js: 16ms, generate-params: 10µs, application-code: 13ms)[22m
WARNING: You are using the Auth Emulator, which is intended for local testing only.  Do not use with production credentials.
Firebase initialized successfully
 GET /login/overview [32m200[39m in 337ms[2m (next.js: 325ms, generate-params: 302ms, application-code: 11ms)[22m
 GET /login/overview [32m200[39m in 35ms[2m (next.js: 19ms, generate-params: 9µs, application-code: 16ms)[22m
 GET /login/overview [32m200[39m in 48ms[2m (next.js: 33ms, generate-params: 10µs, application-code: 15ms)[22m
WARNING: You are using the Auth Emulator, which is intended for local testing only.  Do not use with production credentials.
Firebase initialized successfully
 GET /login/overview [32m200[39m in 358ms[2m (next.js: 347ms, generate-params: 303ms, application-code: 11ms)[22m
 GET /login/overview [32m200[39m in 42ms[2m (next.js: 21ms, generate-params: 11µs, application-code: 21ms)[22m
 GET /login/overview [32m200[39m in 36ms[2m (next.js: 17ms, generate-params: 14µs, application-code: 18ms)[22m
WARNING: You are using the Auth Emulator, which is intended for local testing only.  Do not use with production credentials.
Firebase initialized successfully
 GET /login/overview [32m200[39m in 333ms[2m (next.js: 322ms, generate-params: 300ms, application-code: 11ms)[22m
 GET /login/overview [32m200[39m in 40ms[2m (next.js: 23ms, generate-params: 10µs, application-code: 17ms)[22m
 GET /login/overview [32m200[39m in 36ms[2m (next.js: 20ms, generate-params: 12µs, application-code: 16ms)[22m
WARNING: You are using the Auth Emulator, which is intended for local testing only.  Do not use with production credentials.
Firebase initialized successfully
 GET /login/overview [32m200[39m in 344ms[2m (next.js: 331ms, generate-params: 303ms, application-code: 13ms)[22m
 GET /login/overview [32m200[39m in 40ms[2m (next.js: 26ms, generate-params: 11µs, application-code: 13ms)[22m
 GET /login/overview [32m200[39m in 52ms[2m (next.js: 30ms, generate-params: 27µs, application-code: 23ms)[22m
WARNING: You are using the Auth Emulator, which is intended for local testing only.  Do not use with production credentials.
Firebase initialized successfully
 GET /login/overview [32m200[39m in 400ms[2m (next.js: 388ms, generate-params: 304ms, application-code: 12ms)[22m
 GET /login/overview [32m200[39m in 33ms[2m (next.js: 18ms, generate-params: 9µs, application-code: 16ms)[22m
 GET /login/overview [32m200[39m in 38ms[2m (next.js: 21ms, generate-params: 12µs, application-code: 17ms)[22m
WARNING: You are using the Auth Emulator, which is intended for local testing only.  Do not use with production credentials.
Firebase initialized successfully
 GET /login/overview [32m200[39m in 343ms[2m (next.js: 332ms, generate-params: 311ms, application-code: 12ms)[22m
 GET /login/overview [32m200[39m in 36ms[2m (next.js: 18ms, generate-params: 10µs, application-code: 19ms)[22m
 GET /login/overview [32m200[39m in 42ms[2m (next.js: 18ms, generate-params: 12µs, application-code: 24ms)[22m
WARNING: You are using the Auth Emulator, which is intended for local testing only.  Do not use with production credentials.
Firebase initialized successfully
 GET /login/overview [32m200[39m in 325ms[2m (next.js: 314ms, generate-params: 295ms, application-code: 11ms)[22m
 GET /login/overview [32m200[39m in 32ms[2m (next.js: 19ms, generate-params: 11µs, application-code: 13ms)[22m
 GET /login/overview [32m200[39m in 61ms[2m (next.js: 33ms, generate-params: 17µs, application-code: 28ms)[22m
WARNING: You are using the Auth Emulator, which is intended for local testing only.  Do not use with production credentials.
Firebase initialized successfully
 GET /login/overview [32m200[39m in 361ms[2m (next.js: 350ms, generate-params: 291ms, application-code: 11ms)[22m
 GET /login/overview [32m200[39m in 49ms[2m (next.js: 35ms, generate-params: 17µs, application-code: 14ms)[22m
 GET /login/overview [32m200[39m in 44ms[2m (next.js: 25ms, generate-params: 13µs, application-code: 18ms)[22m
WARNING: You are using the Auth Emulator, which is intended for local testing only.  Do not use with production credentials.
Firebase initialized successfully
 GET /login/overview [32m200[39m in 330ms[2m (next.js: 315ms, generate-params: 298ms, application-code: 15ms)[22m
 GET /login/overview [32m200[39m in 36ms[2m (next.js: 23ms, generate-params: 11µs, application-code: 13ms)[22m
 GET /login/overview [32m200[39m in 36ms[2m (next.js: 21ms, generate-params: 10µs, application-code: 15ms)[22m
WARNING: You are using the Auth Emulator, which is intended for local testing only.  Do not use with production credentials.
Firebase initialized successfully
 GET /login/overview [32m200[39m in 341ms[2m (next.js: 331ms, generate-params: 297ms, application-code: 11ms)[22m
 GET /login/overview [32m200[39m in 35ms[2m (next.js: 21ms, generate-params: 11µs, application-code: 14ms)[22m
 GET /login/overview [32m200[39m in 36ms[2m (next.js: 25ms, generate-params: 8µs, application-code: 11ms)[22m
WARNING: You are using the Auth Emulator, which is intended for local testing only.  Do not use with production credentials.
Firebase initialized successfully
 GET /login/overview [32m200[39m in 342ms[2m (next.js: 330ms, generate-params: 300ms, application-code: 11ms)[22m
 GET /login/overview [32m200[39m in 39ms[2m (next.js: 23ms, generate-params: 11µs, application-code: 16ms)[22m
 GET /login/overview [32m200[39m in 45ms[2m (next.js: 21ms, generate-params: 15µs, application-code: 24ms)[22m
WARNING: You are using the Auth Emulator, which is intended for local testing only.  Do not use with production credentials.
Firebase initialized successfully
 GET /login/overview [32m200[39m in 342ms[2m (next.js: 331ms, generate-params: 302ms, application-code: 11ms)[22m
 GET /login/overview [32m200[39m in 52ms[2m (next.js: 37ms, generate-params: 13µs, application-code: 15ms)[22m
 GET /login/overview [32m200[39m in 35ms[2m (next.js: 20ms, generate-params: 10µs, application-code: 15ms)[22m
WARNING: You are using the Auth Emulator, which is intended for local testing only.  Do not use with production credentials.
Firebase initialized successfully
 GET /login/overview [32m200[39m in 332ms[2m (next.js: 320ms, generate-params: 295ms, application-code: 11ms)[22m
 GET /login/overview [32m200[39m in 37ms[2m (next.js: 24ms, generate-params: 10µs, application-code: 13ms)[22m
 GET /login/overview [32m200[39m in 30ms[2m (next.js: 17ms, generate-params: 9µs, application-code: 13ms)[22m
WARNING: You are using the Auth Emulator, which is intended for local testing only.  Do not use with production credentials.
Firebase initialized successfully
 GET /login/overview [32m200[39m in 324ms[2m (next.js: 313ms, generate-params: 295ms, application-code: 11ms)[22m
 GET /login/overview [32m200[39m in 46ms[2m (next.js: 31ms, generate-params: 11µs, application-code: 15ms)[22m
 GET /login/overview [32m200[39m in 52ms[2m (next.js: 28ms, generate-params: 16µs, application-code: 24ms)[22m
WARNING: You are using the Auth Emulator, which is intended for local testing only.  Do not use with production credentials.
Firebase initialized successfully
 GET /login/overview [32m200[39m in 329ms[2m (next.js: 317ms, generate-params: 301ms, application-code: 12ms)[22m
 GET /login/overview [32m200[39m in 33ms[2m (next.js: 19ms, generate-params: 11µs, application-code: 14ms)[22m
 GET /login/overview [32m200[39m in 29ms[2m (next.js: 16ms, generate-params: 9µs, application-code: 13ms)[22m
WARNING: You are using the Auth Emulator, which is intended for local testing only.  Do not use with production credentials.
Firebase initialized successfully
 GET /login/overview [32m200[39m in 320ms[2m (next.js: 309ms, generate-params: 292ms, application-code: 11ms)[22m
 GET /login/overview [32m200[39m in 41ms[2m (next.js: 25ms, generate-params: 10µs, application-code: 16ms)[22m
 GET /login/overview [32m200[39m in 45ms[2m (next.js: 27ms, generate-params: 11µs, application-code: 18ms)[22m
WARNING: You are using the Auth Emulator, which is intended for local testing only.  Do not use with production credentials.
Firebase initialized successfully
 GET /login/overview [32m200[39m in 327ms[2m (next.js: 316ms, generate-params: 291ms, application-code: 11ms)[22m
 GET /login/overview [32m200[39m in 41ms[2m (next.js: 25ms, generate-params: 12µs, application-code: 16ms)[22m
 GET /login/overview [32m200[39m in 39ms[2m (next.js: 22ms, generate-params: 12µs, application-code: 17ms)[22m
WARNING: You are using the Auth Emulator, which is intended for local testing only.  Do not use with production credentials.
Firebase initialized successfully
 GET /login/overview [32m200[39m in 332ms[2m (next.js: 321ms, generate-params: 305ms, application-code: 11ms)[22m
 GET /login/overview [32m200[39m in 47ms[2m (next.js: 33ms, generate-params: 13µs, application-code: 15ms)[22m
 GET /login/overview [32m200[39m in 28ms[2m (next.js: 16ms, generate-params: 10µs, application-code: 12ms)[22m
WARNING: You are using the Auth Emulator, which is intended for local testing only.  Do not use with production credentials.
Firebase initialized successfully
 GET /login/overview [32m200[39m in 325ms[2m (next.js: 314ms, generate-params: 288ms, application-code: 11ms)[22m
 GET /login/overview [32m200[39m in 31ms[2m (next.js: 17ms, generate-params: 12µs, application-code: 13ms)[22m
 GET /login/overview [32m200[39m in 42ms[2m (next.js: 26ms, generate-params: 12µs, application-code: 16ms)[22m
WARNING: You are using the Auth Emulator, which is intended for local testing only.  Do not use with production credentials.
Firebase initialized successfully
 GET /login/overview [32m200[39m in 321ms[2m (next.js: 310ms, generate-params: 291ms, application-code: 11ms)[22m
 GET /login/overview [32m200[39m in 44ms[2m (next.js: 23ms, generate-params: 11µs, application-code: 22ms)[22m
 GET /login/overview [32m200[39m in 42ms[2m (next.js: 28ms, generate-params: 13µs, application-code: 14ms)[22m
WARNING: You are using the Auth Emulator, which is intended for local testing only.  Do not use with production credentials.
Firebase initialized successfully
 GET /login/overview [32m200[39m in 327ms[2m (next.js: 316ms, generate-params: 293ms, application-code: 11ms)[22m
 GET /login/overview [32m200[39m in 46ms[2m (next.js: 20ms, generate-params: 11µs, application-code: 27ms)[22m
 GET /login/overview [32m200[39m in 34ms[2m (next.js: 19ms, generate-params: 12µs, application-code: 16ms)[22m
WARNING: You are using the Auth Emulator, which is intended for local testing only.  Do not use with production credentials.
Firebase initialized successfully
 GET /login/overview [32m200[39m in 351ms[2m (next.js: 340ms, generate-params: 311ms, application-code: 11ms)[22m
 GET /login/overview [32m200[39m in 33ms[2m (next.js: 18ms, generate-params: 10µs, application-code: 14ms)[22m
 GET /login/overview [32m200[39m in 34ms[2m (next.js: 16ms, generate-params: 13µs, application-code: 18ms)[22m
WARNING: You are using the Auth Emulator, which is intended for local testing only.  Do not use with production credentials.
Firebase initialized successfully
 GET /login/overview [32m200[39m in 326ms[2m (next.js: 314ms, generate-params: 297ms, application-code: 11ms)[22m
 GET /login/overview [32m200[39m in 43ms[2m (next.js: 30ms, generate-params: 9µs, application-code: 13ms)[22m
 GET /login/overview [32m200[39m in 48ms[2m (next.js: 27ms, generate-params: 16µs, application-code: 21ms)[22m
WARNING: You are using the Auth Emulator, which is intended for local testing only.  Do not use with production credentials.
Firebase initialized successfully
 GET /login/overview [32m200[39m in 326ms[2m (next.js: 315ms, generate-params: 288ms, application-code: 11ms)[22m
 GET /login/overview [32m200[39m in 56ms[2m (next.js: 34ms, generate-params: 12µs, application-code: 22ms)[22m
 GET /login/overview [32m200[39m in 33ms[2m (next.js: 19ms, generate-params: 12µs, application-code: 13ms)[22m
WARNING: You are using the Auth Emulator, which is intended for local testing only.  Do not use with production credentials.
Firebase initialized successfully
 GET /login/overview [32m200[39m in 340ms[2m (next.js: 329ms, generate-params: 301ms, application-code: 11ms)[22m
 GET /login/overview [32m200[39m in 31ms[2m (next.js: 16ms, generate-params: 10µs, application-code: 15ms)[22m
 GET /login/overview [32m200[39m in 38ms[2m (next.js: 21ms, generate-params: 10µs, application-code: 17ms)[22m
WARNING: You are using the Auth Emulator, which is intended for local testing only.  Do not use with production credentials.
Firebase initialized successfully
 GET /login/overview [32m200[39m in 344ms[2m (next.js: 333ms, generate-params: 302ms, application-code: 11ms)[22m
 GET /login/overview [32m200[39m in 49ms[2m (next.js: 33ms, generate-params: 12µs, application-code: 16ms)[22m
 GET /login/overview [32m200[39m in 50ms[2m (next.js: 25ms, generate-params: 16µs, application-code: 25ms)[22m
WARNING: You are using the Auth Emulator, which is intended for local testing only.  Do not use with production credentials.
Firebase initialized successfully
 GET /login/overview [32m200[39m in 322ms[2m (next.js: 311ms, generate-params: 292ms, application-code: 11ms)[22m
 GET /login/overview [32m200[39m in 36ms[2m (next.js: 22ms, generate-params: 12µs, application-code: 14ms)[22m
 GET /login/overview [32m200[39m in 41ms[2m (next.js: 24ms, generate-params: 11µs, application-code: 17ms)[22m
WARNING: You are using the Auth Emulator, which is intended for local testing only.  Do not use with production credentials.
Firebase initialized successfully
 GET /login/overview [32m200[39m in 327ms[2m (next.js: 315ms, generate-params: 300ms, application-code: 11ms)[22m
 GET /login/overview [32m200[39m in 51ms[2m (next.js: 30ms, generate-params: 12µs, application-code: 21ms)[22m
 GET /login/overview [32m200[39m in 39ms[2m (next.js: 22ms, generate-params: 14µs, application-code: 17ms)[22m
WARNING: You are using the Auth Emulator, which is intended for local testing only.  Do not use with production credentials.
Firebase initialized successfully
 GET /login/overview [32m200[39m in 327ms[2m (next.js: 316ms, generate-params: 287ms, application-code: 11ms)[22m
 GET /login/overview [32m200[39m in 34ms[2m (next.js: 23ms, generate-params: 9µs, application-code: 11ms)[22m
 GET /login/overview [32m200[39m in 33ms[2m (next.js: 19ms, generate-params: 9µs, application-code: 14ms)[22m
WARNING: You are using the Auth Emulator, which is intended for local testing only.  Do not use with production credentials.
Firebase initialized successfully
 GET /login/overview [32m200[39m in 340ms[2m (next.js: 329ms, generate-params: 302ms, application-code: 11ms)[22m
 GET /login/overview [32m200[39m in 30ms[2m (next.js: 19ms, generate-params: 9µs, application-code: 11ms)[22m
 GET /login/overview [32m200[39m in 51ms[2m (next.js: 28ms, generate-params: 15µs, application-code: 22ms)[22m
WARNING: You are using the Auth Emulator, which is intended for local testing only.  Do not use with production credentials.
Firebase initialized successfully
 GET /login/overview [32m200[39m in 323ms[2m (next.js: 308ms, generate-params: 289ms, application-code: 15ms)[22m
 GET /login/overview [32m200[39m in 31ms[2m (next.js: 19ms, generate-params: 9µs, application-code: 11ms)[22m
 GET /login/overview [32m200[39m in 29ms[2m (next.js: 16ms, generate-params: 9µs, application-code: 12ms)[22m
WARNING: You are using the Auth Emulator, which is intended for local testing only.  Do not use with production credentials.
Firebase initialized successfully
 GET /login/overview [32m200[39m in 337ms[2m (next.js: 326ms, generate-params: 301ms, application-code: 11ms)[22m
 GET /login/overview [32m200[39m in 40ms[2m (next.js: 24ms, generate-params: 11µs, application-code: 16ms)[22m
 GET /login/overview [32m200[39m in 31ms[2m (next.js: 18ms, generate-params: 9µs, application-code: 13ms)[22m
WARNING: You are using the Auth Emulator, which is intended for local testing only.  Do not use with production credentials.
Firebase initialized successfully
 GET /login/overview [32m200[39m in 327ms[2m (next.js: 315ms, generate-params: 288ms, application-code: 12ms)[22m
 GET /login/overview [32m200[39m in 32ms[2m (next.js: 19ms, generate-params: 9µs, application-code: 13ms)[22m
 GET /login/overview [32m200[39m in 37ms[2m (next.js: 20ms, generate-params: 10µs, application-code: 17ms)[22m
WARNING: You are using the Auth Emulator, which is intended for local testing only.  Do not use with production credentials.
Firebase initialized successfully
 GET /login/overview [32m200[39m in 328ms[2m (next.js: 317ms, generate-params: 289ms, application-code: 11ms)[22m
 GET /login/overview [32m200[39m in 34ms[2m (next.js: 19ms, generate-params: 11µs, application-code: 15ms)[22m
 GET /login/overview [32m200[39m in 53ms[2m (next.js: 31ms, generate-params: 16µs, application-code: 22ms)[22m
WARNING: You are using the Auth Emulator, which is intended for local testing only.  Do not use with production credentials.
Firebase initialized successfully
 GET /login/overview [32m200[39m in 330ms[2m (next.js: 319ms, generate-params: 297ms, application-code: 11ms)[22m
 GET /login/overview [32m200[39m in 45ms[2m (next.js: 30ms, generate-params: 12µs, application-code: 15ms)[22m
 GET /login/overview [32m200[39m in 30ms[2m (next.js: 16ms, generate-params: 16µs, application-code: 14ms)[22m
WARNING: You are using the Auth Emulator, which is intended for local testing only.  Do not use with production credentials.
Firebase initialized successfully
 GET /login/overview [32m200[39m in 339ms[2m (next.js: 328ms, generate-params: 300ms, application-code: 12ms)[22m
 GET /login/overview [32m200[39m in 28ms[2m (next.js: 17ms, generate-params: 8µs, application-code: 11ms)[22m
 GET /login/overview [32m200[39m in 31ms[2m (next.js: 18ms, generate-params: 11µs, application-code: 12ms)[22m
WARNING: You are using the Auth Emulator, which is intended for local testing only.  Do not use with production credentials.
Firebase initialized successfully
 GET /login/overview [32m200[39m in 319ms[2m (next.js: 309ms, generate-params: 290ms, application-code: 11ms)[22m
 GET /login/overview [32m200[39m in 49ms[2m (next.js: 31ms, generate-params: 11µs, application-code: 18ms)[22m
 GET /login/overview [32m200[39m in 40ms[2m (next.js: 26ms, generate-params: 13µs, application-code: 14ms)[22m
WARNING: You are using the Auth Emulator, which is intended for local testing only.  Do not use with production credentials.
Firebase initialized successfully
 GET /login/overview [32m200[39m in 328ms[2m (next.js: 316ms, generate-params: 299ms, application-code: 12ms)[22m
 GET /login/overview [32m200[39m in 43ms[2m (next.js: 28ms, generate-params: 11µs, application-code: 15ms)[22m
 GET /login/overview [32m200[39m in 36ms[2m (next.js: 21ms, generate-params: 12µs, application-code: 15ms)[22m
WARNING: You are using the Auth Emulator, which is intended for local testing only.  Do not use with production credentials.
Firebase initialized successfully
 GET /login/overview [32m200[39m in 317ms[2m (next.js: 306ms, generate-params: 289ms, application-code: 11ms)[22m
 GET /login/overview [32m200[39m in 39ms[2m (next.js: 25ms, generate-params: 10µs, application-code: 14ms)[22m
 GET /login/overview [32m200[39m in 46ms[2m (next.js: 23ms, generate-params: 13µs, application-code: 23ms)[22m
WARNING: You are using the Auth Emulator, which is intended for local testing only.  Do not use with production credentials.
Firebase initialized successfully
 GET /login/overview [32m200[39m in 342ms[2m (next.js: 331ms, generate-params: 301ms, application-code: 11ms)[22m
 GET /login/overview [32m200[39m in 32ms[2m (next.js: 19ms, generate-params: 9µs, application-code: 13ms)[22m
 GET /login/overview [32m200[39m in 33ms[2m (next.js: 15ms, generate-params: 9µs, application-code: 18ms)[22m
WARNING: You are using the Auth Emulator, which is intended for local testing only.  Do not use with production credentials.
Firebase initialized successfully
 GET /login/overview [32m200[39m in 347ms[2m (next.js: 336ms, generate-params: 302ms, application-code: 12ms)[22m
 GET /login/overview [32m200[39m in 32ms[2m (next.js: 18ms, generate-params: 10µs, application-code: 14ms)[22m
 GET /login/overview [32m200[39m in 35ms[2m (next.js: 19ms, generate-params: 11µs, application-code: 17ms)[22m
WARNING: You are using the Auth Emulator, which is intended for local testing only.  Do not use with production credentials.
Firebase initialized successfully
 GET /login/overview [32m200[39m in 332ms[2m (next.js: 321ms, generate-params: 293ms, application-code: 11ms)[22m
 GET /login/overview [32m200[39m in 40ms[2m (next.js: 26ms, generate-params: 13µs, application-code: 14ms)[22m
 GET /login/overview [32m200[39m in 34ms[2m (next.js: 19ms, generate-params: 12µs, application-code: 15ms)[22m
WARNING: You are using the Auth Emulator, which is intended for local testing only.  Do not use with production credentials.
Firebase initialized successfully
 GET /login/overview [32m200[39m in 341ms[2m (next.js: 330ms, generate-params: 303ms, application-code: 11ms)[22m
 GET /login/overview [32m200[39m in 34ms[2m (next.js: 19ms, generate-params: 11µs, application-code: 15ms)[22m
 GET /login/overview [32m200[39m in 49ms[2m (next.js: 30ms, generate-params: 18µs, application-code: 18ms)[22m
WARNING: You are using the Auth Emulator, which is intended for local testing only.  Do not use with production credentials.
Firebase initialized successfully
 GET /login/overview [32m200[39m in 357ms[2m (next.js: 332ms, generate-params: 293ms, application-code: 25ms)[22m
 GET /login/overview [32m200[39m in 48ms[2m (next.js: 34ms, generate-params: 12µs, application-code: 14ms)[22m
 GET /login/overview [32m200[39m in 53ms[2m (next.js: 30ms, generate-params: 12µs, application-code: 23ms)[22m
WARNING: You are using the Auth Emulator, which is intended for local testing only.  Do not use with production credentials.
Firebase initialized successfully
 GET /login/overview [32m200[39m in 328ms[2m (next.js: 317ms, generate-params: 290ms, application-code: 11ms)[22m
 GET /login/overview [32m200[39m in 35ms[2m (next.js: 22ms, generate-params: 11µs, application-code: 12ms)[22m
 GET /login/overview [32m200[39m in 28ms[2m (next.js: 16ms, generate-params: 11µs, application-code: 12ms)[22m
WARNING: You are using the Auth Emulator, which is intended for local testing only.  Do not use with production credentials.
Firebase initialized successfully
 GET /login/overview [32m200[39m in 346ms[2m (next.js: 336ms, generate-params: 305ms, application-code: 11ms)[22m
 GET /login/overview [32m200[39m in 35ms[2m (next.js: 18ms, generate-params: 14µs, application-code: 17ms)[22m
 GET /login/overview [32m200[39m in 38ms[2m (next.js: 22ms, generate-params: 11µs, application-code: 16ms)[22m
WARNING: You are using the Auth Emulator, which is intended for local testing only.  Do not use with production credentials.
Firebase initialized successfully
 GET /login/overview [32m200[39m in 323ms[2m (next.js: 312ms, generate-params: 291ms, application-code: 12ms)[22m
 GET /login/overview [32m200[39m in 42ms[2m (next.js: 23ms, generate-params: 11µs, application-code: 20ms)[22m
 GET /login/overview [32m200[39m in 29ms[2m (next.js: 17ms, generate-params: 40µs, application-code: 12ms)[22m
WARNING: You are using the Auth Emulator, which is intended for local testing only.  Do not use with production credentials.
Firebase initialized successfully
 GET /login/overview [32m200[39m in 343ms[2m (next.js: 332ms, generate-params: 305ms, application-code: 11ms)[22m
 GET /login/overview [32m200[39m in 35ms[2m (next.js: 21ms, generate-params: 8µs, application-code: 14ms)[22m
 GET /login/overview [32m200[39m in 47ms[2m (next.js: 23ms, generate-params: 17µs, application-code: 24ms)[22m
WARNING: You are using the Auth Emulator, which is intended for local testing only.  Do not use with production credentials.
Firebase initialized successfully
 GET /login/overview [32m200[39m in 324ms[2m (next.js: 313ms, generate-params: 297ms, application-code: 11ms)[22m
 GET /login/overview [32m200[39m in 50ms[2m (next.js: 30ms, generate-params: 13µs, application-code: 21ms)[22m
 GET /login/overview [32m200[39m in 52ms[2m (next.js: 29ms, generate-params: 14µs, application-code: 23ms)[22m
WARNING: You are using the Auth Emulator, which is intended for local testing only.  Do not use with production credentials.
Firebase initialized successfully
 GET /login/overview [32m200[39m in 366ms[2m (next.js: 329ms, generate-params: 297ms, application-code: 37ms)[22m
 GET /login/overview [32m200[39m in 35ms[2m (next.js: 21ms, generate-params: 9µs, application-code: 14ms)[22m
 GET /login/overview [32m200[39m in 39ms[2m (next.js: 17ms, generate-params: 8µs, application-code: 21ms)[22m
WARNING: You are using the Auth Emulator, which is intended for local testing only.  Do not use with production credentials.
Firebase initialized successfully
 GET /login/overview [32m200[39m in 328ms[2m (next.js: 317ms, generate-params: 289ms, application-code: 11ms)[22m
 GET /login/overview [32m200[39m in 34ms[2m (next.js: 20ms, generate-params: 8µs, application-code: 14ms)[22m
 GET /login/overview [32m200[39m in 36ms[2m (next.js: 21ms, generate-params: 10µs, application-code: 14ms)[22m
WARNING: You are using the Auth Emulator, which is intended for local testing only.  Do not use with production credentials.
Firebase initialized successfully
 GET /login/overview [32m200[39m in 341ms[2m (next.js: 330ms, generate-params: 303ms, application-code: 11ms)[22m
 GET /login/overview [32m200[39m in 45ms[2m (next.js: 33ms, generate-params: 11µs, application-code: 12ms)[22m
 GET /login/overview [32m200[39m in 57ms[2m (next.js: 30ms, generate-params: 13µs, application-code: 27ms)[22m
WARNING: You are using the Auth Emulator, which is intended for local testing only.  Do not use with production credentials.
Firebase initialized successfully
 GET /login/overview [32m200[39m in 333ms[2m (next.js: 322ms, generate-params: 291ms, application-code: 11ms)[22m
 GET /login/overview [32m200[39m in 34ms[2m (next.js: 20ms, generate-params: 11µs, application-code: 14ms)[22m
 GET /login/overview [32m200[39m in 39ms[2m (next.js: 23ms, generate-params: 11µs, application-code: 17ms)[22m
WARNING: You are using the Auth Emulator, which is intended for local testing only.  Do not use with production credentials.
Firebase initialized successfully
 GET /login/overview [32m200[39m in 321ms[2m (next.js: 310ms, generate-params: 292ms, application-code: 11ms)[22m
 GET /login/overview [32m200[39m in 51ms[2m (next.js: 27ms, generate-params: 15µs, application-code: 24ms)[22m
 GET /login/overview [32m200[39m in 53ms[2m (next.js: 32ms, generate-params: 12µs, application-code: 21ms)[22m
WARNING: You are using the Auth Emulator, which is intended for local testing only.  Do not use with production credentials.
Firebase initialized successfully
 GET /login/overview [32m200[39m in 317ms[2m (next.js: 306ms, generate-params: 290ms, application-code: 11ms)[22m
 GET /login/overview [32m200[39m in 33ms[2m (next.js: 18ms, generate-params: 9µs, application-code: 14ms)[22m
 GET /login/overview [32m200[39m in 31ms[2m (next.js: 18ms, generate-params: 8µs, application-code: 14ms)[22m
WARNING: You are using the Auth Emulator, which is intended for local testing only.  Do not use with production credentials.
Firebase initialized successfully
 GET /login/overview [32m200[39m in 365ms[2m (next.js: 329ms, generate-params: 301ms, application-code: 36ms)[22m
 GET /login/overview [32m200[39m in 42ms[2m (next.js: 28ms, generate-params: 10µs, application-code: 14ms)[22m
 GET /login/overview [32m200[39m in 41ms[2m (next.js: 22ms, generate-params: 11µs, application-code: 19ms)[22m
WARNING: You are using the Auth Emulator, which is intended for local testing only.  Do not use with production credentials.
Firebase initialized successfully
 GET /login/overview [32m200[39m in 318ms[2m (next.js: 307ms, generate-params: 290ms, application-code: 11ms)[22m
 GET /login/overview [32m200[39m in 29ms[2m (next.js: 17ms, generate-params: 8µs, application-code: 13ms)[22m
 GET /login/overview [32m200[39m in 34ms[2m (next.js: 20ms, generate-params: 9µs, application-code: 14ms)[22m
WARNING: You are using the Auth Emulator, which is intended for local testing only.  Do not use with production credentials.
Firebase initialized successfully
 GET /login/overview [32m200[39m in 329ms[2m (next.js: 318ms, generate-params: 290ms, application-code: 11ms)[22m
 GET /login/overview [32m200[39m in 51ms[2m (next.js: 31ms, generate-params: 14µs, application-code: 20ms)[22m
 GET /login/overview [32m200[39m in 28ms[2m (next.js: 16ms, generate-params: 8µs, application-code: 11ms)[22m
WARNING: You are using the Auth Emulator, which is intended for local testing only.  Do not use with production credentials.
Firebase initialized successfully
 GET /login/overview [32m200[39m in 337ms[2m (next.js: 325ms, generate-params: 300ms, application-code: 12ms)[22m
 GET /login/overview [32m200[39m in 41ms[2m (next.js: 24ms, generate-params: 11µs, application-code: 17ms)[22m
 GET /login/overview [32m200[39m in 52ms[2m (next.js: 30ms, generate-params: 16µs, application-code: 21ms)[22m
WARNING: You are using the Auth Emulator, which is intended for local testing only.  Do not use with production credentials.
Firebase initialized successfully
 GET /login/overview [32m200[39m in 332ms[2m (next.js: 321ms, generate-params: 303ms, application-code: 11ms)[22m
 GET /login/overview [32m200[39m in 47ms[2m (next.js: 30ms, generate-params: 10µs, application-code: 17ms)[22m
WARNING: You are using the Auth Emulator, which is intended for local testing only.  Do not use with production credentials.
Firebase initialized successfully
 GET /login/overview [32m200[39m in 32ms[2m (next.js: 19ms, generate-params: 10µs, application-code: 13ms)[22m
 GET /login/overview [32m200[39m in 323ms[2m (next.js: 312ms, generate-params: 286ms, application-code: 11ms)[22m
 GET /login/overview [32m200[39m in 43ms[2m (next.js: 24ms, generate-params: 14µs, application-code: 19ms)[22m
 GET /login/overview [32m200[39m in 31ms[2m (next.js: 17ms, generate-params: 12µs, application-code: 13ms)[22m
WARNING: You are using the Auth Emulator, which is intended for local testing only.  Do not use with production credentials.
Firebase initialized successfully
 GET /login/overview [32m200[39m in 351ms[2m (next.js: 330ms, generate-params: 304ms, application-code: 21ms)[22m
 GET /login/overview [32m200[39m in 34ms[2m (next.js: 19ms, generate-params: 8µs, application-code: 14ms)[22m
 GET /login/overview [32m200[39m in 39ms[2m (next.js: 23ms, generate-params: 11µs, application-code: 17ms)[22m
WARNING: You are using the Auth Emulator, which is intended for local testing only.  Do not use with production credentials.
Firebase initialized successfully
 GET /login/overview [32m200[39m in 339ms[2m (next.js: 328ms, generate-params: 302ms, application-code: 11ms)[22m
 GET /login/overview [32m200[39m in 42ms[2m (next.js: 27ms, generate-params: 12µs, application-code: 15ms)[22m
 GET /login/overview [32m200[39m in 33ms[2m (next.js: 20ms, generate-params: 8µs, application-code: 13ms)[22m
WARNING: You are using the Auth Emulator, which is intended for local testing only.  Do not use with production credentials.
Firebase initialized successfully
 GET /login/overview [32m200[39m in 335ms[2m (next.js: 324ms, generate-params: 295ms, application-code: 11ms)[22m
 GET /login/overview [32m200[39m in 40ms[2m (next.js: 24ms, generate-params: 9µs, application-code: 16ms)[22m
 GET /login/overview [32m200[39m in 38ms[2m (next.js: 22ms, generate-params: 12µs, application-code: 16ms)[22m
WARNING: You are using the Auth Emulator, which is intended for local testing only.  Do not use with production credentials.
Firebase initialized successfully
 GET /login/overview [32m200[39m in 337ms[2m (next.js: 326ms, generate-params: 303ms, application-code: 12ms)[22m
 GET /login/overview [32m200[39m in 36ms[2m (next.js: 22ms, generate-params: 12µs, application-code: 15ms)[22m
 GET /login/overview [32m200[39m in 51ms[2m (next.js: 28ms, generate-params: 11µs, application-code: 23ms)[22m
WARNING: You are using the Auth Emulator, which is intended for local testing only.  Do not use with production credentials.
Firebase initialized successfully
 GET /login/overview [32m200[39m in 323ms[2m (next.js: 311ms, generate-params: 294ms, application-code: 11ms)[22m
 GET /login/overview [32m200[39m in 35ms[2m (next.js: 22ms, generate-params: 8µs, application-code: 13ms)[22m
 GET /login/overview [32m200[39m in 35ms[2m (next.js: 17ms, generate-params: 10µs, application-code: 18ms)[22m
WARNING: You are using the Auth Emulator, which is intended for local testing only.  Do not use with production credentials.
Firebase initialized successfully
 GET /login/overview [32m200[39m in 318ms[2m (next.js: 307ms, generate-params: 291ms, application-code: 11ms)[22m
 GET /login/overview [32m200[39m in 31ms[2m (next.js: 17ms, generate-params: 7µs, application-code: 13ms)[22m
 GET /login/overview [32m200[39m in 30ms[2m (next.js: 17ms, generate-params: 8µs, application-code: 12ms)[22m
WARNING: You are using the Auth Emulator, which is intended for local testing only.  Do not use with production credentials.
Firebase initialized successfully
 GET /login/overview [32m200[39m in 338ms[2m (next.js: 314ms, generate-params: 292ms, application-code: 24ms)[22m
 GET /login/overview [32m200[39m in 34ms[2m (next.js: 20ms, generate-params: 8µs, application-code: 15ms)[22m
 GET /login/overview [32m200[39m in 52ms[2m (next.js: 32ms, generate-params: 15µs, application-code: 20ms)[22m
WARNING: You are using the Auth Emulator, which is intended for local testing only.  Do not use with production credentials.
Firebase initialized successfully
 GET /login/overview [32m200[39m in 321ms[2m (next.js: 310ms, generate-params: 294ms, application-code: 11ms)[22m
 GET /login/overview [32m200[39m in 27ms[2m (next.js: 16ms, generate-params: 8µs, application-code: 11ms)[22m
 GET /login/overview [32m200[39m in 38ms[2m (next.js: 23ms, generate-params: 11µs, application-code: 15ms)[22m
WARNING: You are using the Auth Emulator, which is intended for local testing only.  Do not use with production credentials.
Firebase initialized successfully
 GET /login/overview [32m200[39m in 316ms[2m (next.js: 305ms, generate-params: 287ms, application-code: 11ms)[22m
 GET /login/overview [32m200[39m in 50ms[2m (next.js: 29ms, generate-params: 14µs, application-code: 21ms)[22m
 GET /login/overview [32m200[39m in 38ms[2m (next.js: 18ms, generate-params: 13µs, application-code: 19ms)[22m
WARNING: You are using the Auth Emulator, which is intended for local testing only.  Do not use with production credentials.
Firebase initialized successfully
 GET /login/overview [32m200[39m in 324ms[2m (next.js: 313ms, generate-params: 290ms, application-code: 11ms)[22m
 GET /login/overview [32m200[39m in 42ms[2m (next.js: 25ms, generate-params: 12µs, application-code: 17ms)[22m
 GET /login/overview [32m200[39m in 33ms[2m (next.js: 19ms, generate-params: 10µs, application-code: 13ms)[22m
WARNING: You are using the Auth Emulator, which is intended for local testing only.  Do not use with production credentials.
Firebase initialized successfully
 GET /login/overview [32m200[39m in 329ms[2m (next.js: 318ms, generate-params: 303ms, application-code: 11ms)[22m
 GET /login/overview [32m200[39m in 40ms[2m (next.js: 20ms, generate-params: 11µs, application-code: 20ms)[22m
 GET /login/overview [32m200[39m in 29ms[2m (next.js: 16ms, generate-params: 9µs, application-code: 12ms)[22m
WARNING: You are using the Auth Emulator, which is intended for local testing only.  Do not use with production credentials.
Firebase initialized successfully
 GET /login/overview [32m200[39m in 337ms[2m (next.js: 327ms, generate-params: 297ms, application-code: 11ms)[22m
 GET /login/overview [32m200[39m in 46ms[2m (next.js: 29ms, generate-params: 11µs, application-code: 17ms)[22m
 GET /login/overview [32m200[39m in 35ms[2m (next.js: 17ms, generate-params: 11µs, application-code: 18ms)[22m
WARNING: You are using the Auth Emulator, which is intended for local testing only.  Do not use with production credentials.
Firebase initialized successfully
 GET /login/overview [32m200[39m in 384ms[2m (next.js: 372ms, generate-params: 287ms, application-code: 12ms)[22m
 GET /login/overview [32m200[39m in 32ms[2m (next.js: 20ms, generate-params: 8µs, application-code: 13ms)[22m
 GET /login/overview [32m200[39m in 40ms[2m (next.js: 21ms, generate-params: 10µs, application-code: 19ms)[22m
WARNING: You are using the Auth Emulator, which is intended for local testing only.  Do not use with production credentials.
Firebase initialized successfully
 GET /login/overview [32m200[39m in 359ms[2m (next.js: 345ms, generate-params: 316ms, application-code: 14ms)[22m
 GET /login/overview [32m200[39m in 34ms[2m (next.js: 19ms, generate-params: 12µs, application-code: 15ms)[22m
 GET /login/overview [32m200[39m in 31ms[2m (next.js: 17ms, generate-params: 9µs, application-code: 14ms)[22m
WARNING: You are using the Auth Emulator, which is intended for local testing only.  Do not use with production credentials.
Firebase initialized successfully
 GET /login/overview [32m200[39m in 336ms[2m (next.js: 321ms, generate-params: 297ms, application-code: 16ms)[22m
 GET /login/overview [32m200[39m in 40ms[2m (next.js: 25ms, generate-params: 10µs, application-code: 16ms)[22m
 GET /login/overview [32m200[39m in 38ms[2m (next.js: 26ms, generate-params: 9µs, application-code: 12ms)[22m
WARNING: You are using the Auth Emulator, which is intended for local testing only.  Do not use with production credentials.
Firebase initialized successfully
 GET /login/overview [32m200[39m in 320ms[2m (next.js: 309ms, generate-params: 292ms, application-code: 11ms)[22m
 GET /login/overview [32m200[39m in 33ms[2m (next.js: 21ms, generate-params: 11µs, application-code: 13ms)[22m
 GET /login/overview [32m200[39m in 31ms[2m (next.js: 18ms, generate-params: 8µs, application-code: 12ms)[22m
WARNING: You are using the Auth Emulator, which is intended for local testing only.  Do not use with production credentials.
Firebase initialized successfully
 GET /login/overview [32m200[39m in 352ms[2m (next.js: 341ms, generate-params: 313ms, application-code: 11ms)[22m
 GET /login/overview [32m200[39m in 40ms[2m (next.js: 23ms, generate-params: 13µs, application-code: 18ms)[22m
 GET /login/overview [32m200[39m in 41ms[2m (next.js: 23ms, generate-params: 12µs, application-code: 18ms)[22m
WARNING: You are using the Auth Emulator, which is intended for local testing only.  Do not use with production credentials.
Firebase initialized successfully
 GET /login/overview [32m200[39m in 338ms[2m (next.js: 326ms, generate-params: 304ms, application-code: 11ms)[22m
 GET /login/overview [32m200[39m in 34ms[2m (next.js: 19ms, generate-params: 10µs, application-code: 15ms)[22m
 GET /login/overview [32m200[39m in 28ms[2m (next.js: 16ms, generate-params: 8µs, application-code: 12ms)[22m
WARNING: You are using the Auth Emulator, which is intended for local testing only.  Do not use with production credentials.
Firebase initialized successfully
 GET /login/overview [32m200[39m in 322ms[2m (next.js: 311ms, generate-params: 294ms, application-code: 11ms)[22m
 GET /login/overview [32m200[39m in 35ms[2m (next.js: 20ms, generate-params: 11µs, application-code: 14ms)[22m
 GET /login/overview [32m200[39m in 31ms[2m (next.js: 17ms, generate-params: 10µs, application-code: 14ms)[22m
WARNING: You are using the Auth Emulator, which is intended for local testing only.  Do not use with production credentials.
Firebase initialized successfully
 GET /login/overview [32m200[39m in 340ms[2m (next.js: 329ms, generate-params: 303ms, application-code: 11ms)[22m
 GET /login/overview [32m200[39m in 45ms[2m (next.js: 29ms, generate-params: 13µs, application-code: 17ms)[22m
 GET /login/overview [32m200[39m in 29ms[2m (next.js: 17ms, generate-params: 9µs, application-code: 12ms)[22m
WARNING: You are using the Auth Emulator, which is intended for local testing only.  Do not use with production credentials.
Firebase initialized successfully
 GET /login/overview [32m200[39m in 346ms[2m (next.js: 335ms, generate-params: 304ms, application-code: 11ms)[22m
 GET /login/overview [32m200[39m in 39ms[2m (next.js: 28ms, generate-params: 7µs, application-code: 11ms)[22m
 GET /login/overview [32m200[39m in 32ms[2m (next.js: 18ms, generate-params: 8µs, application-code: 13ms)[22m
WARNING: You are using the Auth Emulator, which is intended for local testing only.  Do not use with production credentials.
Firebase initialized successfully
 GET /login/overview [32m200[39m in 333ms[2m (next.js: 322ms, generate-params: 300ms, application-code: 11ms)[22m
 GET /login/overview [32m200[39m in 41ms[2m (next.js: 24ms, generate-params: 10µs, application-code: 17ms)[22m
 GET /login/overview [32m200[39m in 50ms[2m (next.js: 27ms, generate-params: 12µs, application-code: 23ms)[22m
WARNING: You are using the Auth Emulator, which is intended for local testing only.  Do not use with production credentials.
Firebase initialized successfully
 GET /login/overview [32m200[39m in 327ms[2m (next.js: 316ms, generate-params: 299ms, application-code: 11ms)[22m
 GET /login/overview [32m200[39m in 37ms[2m (next.js: 22ms, generate-params: 10µs, application-code: 15ms)[22m
 GET /login/overview [32m200[39m in 40ms[2m (next.js: 18ms, generate-params: 10µs, application-code: 22ms)[22m
WARNING: You are using the Auth Emulator, which is intended for local testing only.  Do not use with production credentials.
Firebase initialized successfully
 GET /login/overview [32m200[39m in 344ms[2m (next.js: 333ms, generate-params: 303ms, application-code: 11ms)[22m
 GET /login/overview [32m200[39m in 52ms[2m (next.js: 36ms, generate-params: 14µs, application-code: 16ms)[22m
 GET /login/overview [32m200[39m in 30ms[2m (next.js: 18ms, generate-params: 8µs, application-code: 12ms)[22m
WARNING: You are using the Auth Emulator, which is intended for local testing only.  Do not use with production credentials.
Firebase initialized successfully
