preflight_started_at=2026-09-01T12:11:59+08:00
candidate_expected=eee62330308dd8c1e1965fca9a1f094d582f72c5
github_ci_run=33468031882
manifest_sha256_expected=cc54265ceaf9028f85418424f7275ac1a05f98886174bf2e4e869df6ae741b38
firebase_js_sdk_revision_expected=6cde0c0230b4c1da01d4a058333daa7663322fd1
preserved_launcher_rejection=/home/sanjevi/fireside-phase2-full-gate-20260901T121038+0800-eee6233.log
session=fireside-phase2-full-gate-eee6233
checkout=/home/sanjevi/fireside-phase2-full-gate-20260901T121159+0800-eee6233
log=/home/sanjevi/fireside-phase2-full-gate-20260901T121159+0800-eee6233.log
exit_marker=/home/sanjevi/fireside-phase2-full-gate-20260901T121159+0800-eee6233.exit
system_state=running
ssh_state=active
failed_units=0
swap_used_bytes=248733696
 2  0 242904 3417436 1401084 9302684    0    0     0     0 15517 29944  0  1 98  0  0  0
 0  0 242904 3417436 1401084 9302680    0    0     0     0 14743 28913  0  0 99  0  0  0
 0  0 242904 3417436 1401084 9302680    0    0     0     0 14963 29193  0  0 99  0  0  0
 0  0 242904 3417184 1401084 9302684    0    0     0    60 14711 28907  0  0 99  0  0  0
 2  0 242904 3415672 1401084 9302684    0    0     0     0 14687 28916  0  0 99  0  0  0
 1  0 242904 3415672 1401084 9302680    0    0     0     0 14762 28964  0  0 99  0  0  0
active_swap_samples=0
current_boot_oom_resource_evidence=0
conflicting_gate_sessions=none
conflicting_gate_processes=none
conflicting_product_processes=none
attributed_node_java_fireside_listeners_begin
LISTEN 0      511                              *:1355        *:* users:(("node",pid=1881,fd=22))
attributed_node_java_fireside_listeners_end
listener_process_commands_begin
pid=1881 command=node /home/sanjevi/.local/bin/portless proxy start --foreground --no-tls -p 1355 
listener_process_commands_end
conflicting_gate_listeners=none
command=/usr/bin/git
command=/usr/bin/tmux
command=/usr/bin/sha256sum
command=/home/sanjevi/.local/share/mise/installs/node/24.20.0/bin/node
command=/home/sanjevi/.local/share/mise/installs/node/24.20.0/bin/npm
command=/home/sanjevi/.local/share/mise/installs/node/24.20.0/bin/yarn
command=/home/sanjevi/.cargo/bin/rustc
command=/home/sanjevi/.cargo/bin/cargo
command=/home/sanjevi/.local/share/mise/installs/java/26.0.2.1/bin/java
node=v24.20.0
npm=12.0.2
yarn=1.22.22
rustc=rustc 1.98.0 (88d9e12ae 2026-08-18)
java=openjdk 26.0.2.1 2026-08-18
Cloning into '/home/sanjevi/fireside-phase2-full-gate-20260901T121159+0800-eee6233'...
git@github.com: Permission denied (publickey).
fatal: Could not read from remote repository.

Please make sure you have the correct access rights
and the repository exists.
