preflight_started_at=2026-09-01T12:10:38+08:00
candidate_expected=eee62330308dd8c1e1965fca9a1f094d582f72c5
github_ci_run=33468031882
manifest_sha256_expected=cc54265ceaf9028f85418424f7275ac1a05f98886174bf2e4e869df6ae741b38
firebase_js_sdk_revision_expected=6cde0c0230b4c1da01d4a058333daa7663322fd1
session=fireside-phase2-full-gate-eee6233
checkout=/home/sanjevi/fireside-phase2-full-gate-20260901T121038+0800-eee6233
log=/home/sanjevi/fireside-phase2-full-gate-20260901T121038+0800-eee6233.log
exit_marker=/home/sanjevi/fireside-phase2-full-gate-20260901T121038+0800-eee6233.exit
system_state=running
ssh_state=active
failed_units=0
swap_used_bytes=248733696
 1  0 242904 3421072 1401080 9301980    0    0     0     0 16863 33005  1  0 99  0  0  0
 0  0 242904 3421600 1401080 9301980    0    0     0   108 15440 30286  0  1 99  0  0  0
 1  0 242904 3421424 1401080 9301976    0    0     0     0 14731 28944  0  0 99  0  0  0
 0  0 242904 3421424 1401080 9301976    0    0     0     4 14711 28954  0  0 99  0  0  0
 0  0 242904 3421424 1401080 9301976    0    0     0     0 14745 28931  0  0 99  0  0  0
 1  0 242904 3420904 1401080 9301976    0    0     0     0 14740 28958  0  0 99  0  0  0
active_swap_samples=0
current_boot_oom_resource_evidence=0
conflicting_gate_sessions=none
conflicting_gate_processes=none
conflicting_product_processes=none
conflicting_gate_listeners=LISTEN 0      511                              *:1355        *:* users:(("node",pid=1881,fd=22))
