[debug] [2026-09-04T02:49:53.540Z] ----------------------------------------------------------------------
[debug] [2026-09-04T02:49:53.542Z] Command:       /home/sanjevi/.local/share/mise/installs/node/24.20.0/bin/node /srv/dev-fast/runtime-data/fireside-phase5-20260902T1417+0800-5b51e4d/stack-official/node_modules/.bin/firebase --project demo-twodart-local emulators:start --only firestore,auth,storage,functions,pubsub --import=/srv/dev-fast/runtime-data/fireside-phase5-20260902T1417+0800-5b51e4d/stack-official/apps/templates-firebase/loadData/datasets/full-data --export-on-exit=/srv/dev-fast/runtime-data/fireside-phase5-20260902T1417+0800-5b51e4d/full-gates/full-gate-v3-20260904-72a5c49-r33/exports/official/full-data
[debug] [2026-09-04T02:49:53.543Z] CLI Version:   15.22.0
[debug] [2026-09-04T02:49:53.543Z] Platform:      linux
[debug] [2026-09-04T02:49:53.543Z] Node Version:  v24.20.0
[debug] [2026-09-04T02:49:53.543Z] Detected Agent: unknown
[debug] [2026-09-04T02:49:53.543Z] Time:          Fri Sep 04 2026 10:49:53 GMT+0800 (Malaysia Time)
[debug] [2026-09-04T02:49:53.543Z] ----------------------------------------------------------------------
[debug] 
[debug] [2026-09-04T02:49:54.626Z] Object "/extensions" in "firebase.json" has unknown property: {"additionalProperty":"firestore-stripe-payments"}
[debug] [2026-09-04T02:49:54.642Z] Picked up JAVA_TOOL_OPTIONS:  -Xmx8g

[debug] [2026-09-04T02:49:54.664Z] openjdk version "26.0.2.1" 2026-08-18

[debug] [2026-09-04T02:49:54.664Z] OpenJDK Runtime Environment (build 26.0.2.1+1-7)
OpenJDK 64-Bit Server VM (build 26.0.2.1+1-7, mixed mode, sharing)

[debug] [2026-09-04T02:49:54.669Z] Parsed Java major version: 26
[info] i  emulators: Starting emulators: auth, functions, firestore, pubsub, storage {"metadata":{"emulator":{"name":"hub"},"message":"Starting emulators: auth, functions, firestore, pubsub, storage"}}
[info] i  emulators: Detected demo project ID "demo-twodart-local", emulated services will use a demo configuration and attempts to access non-emulated services for this project will fail. {"metadata":{"emulator":{"name":"hub"},"message":"Detected demo project ID \"demo-twodart-local\", emulated services will use a demo configuration and attempts to access non-emulated services for this project will fail."}}
[debug] [2026-09-04T02:49:54.678Z] assigned listening specs for emulators {"user":{"hub":[{"address":"127.0.0.1","family":"IPv4","port":23005}],"ui":[{"address":"127.0.0.1","family":"IPv4","port":23006}],"logging":[{"address":"127.0.0.1","family":"IPv4","port":23008}],"auth":[{"address":"127.0.0.1","family":"IPv4","port":23001}],"firestore":[{"address":"127.0.0.1","family":"IPv4","port":23000}],"firestore.websocket":[{"address":"127.0.0.1","family":"IPv4","port":23007}],"pubsub":[{"address":"127.0.0.1","family":"IPv4","port":23004}],"storage":[{"address":"127.0.0.1","family":"IPv4","port":23002}]},"metadata":{"message":"assigned listening specs for emulators"}}
[debug] [2026-09-04T02:49:54.681Z] Write emulator hub locator at /tmp/fireside-p5-699bdd1247257164/official-initial/hub-demo-twodart-local.json
[debug] [2026-09-04T02:49:54.685Z] late-assigned ports for functions and eventarc emulators {"user":{"hub":[{"address":"127.0.0.1","family":"IPv4","port":23005}],"ui":[{"address":"127.0.0.1","family":"IPv4","port":23006}],"logging":[{"address":"127.0.0.1","family":"IPv4","port":23008}],"auth":[{"address":"127.0.0.1","family":"IPv4","port":23001}],"firestore":[{"address":"127.0.0.1","family":"IPv4","port":23000}],"firestore.websocket":[{"address":"127.0.0.1","family":"IPv4","port":23007}],"pubsub":[{"address":"127.0.0.1","family":"IPv4","port":23004}],"storage":[{"address":"127.0.0.1","family":"IPv4","port":23002}],"functions":[{"address":"127.0.0.1","family":"IPv4","port":23003}],"eventarc":[{"address":"127.0.0.1","family":"IPv4","port":23009}],"tasks":[{"address":"127.0.0.1","family":"IPv4","port":23010}]},"metadata":{"message":"late-assigned ports for functions and eventarc emulators"}}
[warn] ⚠  functions: Application Default Credentials detected. Non-emulated services will access production using these credentials. Be careful! {"metadata":{"emulator":{"name":"functions"},"message":"Application Default Credentials detected. Non-emulated services will access production using these credentials. Be careful!"}}
[info] i  firestore: Importing data from /srv/dev-fast/runtime-data/fireside-phase5-20260902T1417+0800-5b51e4d/stack-official/apps/templates-firebase/loadData/datasets/full-data/firestore_export/firestore_export.overall_export_metadata {"metadata":{"emulator":{"name":"firestore"},"message":"Importing data from /srv/dev-fast/runtime-data/fireside-phase5-20260902T1417+0800-5b51e4d/stack-official/apps/templates-firebase/loadData/datasets/full-data/firestore_export/firestore_export.overall_export_metadata"}}
[debug] [2026-09-04T02:49:54.696Z] Ignoring unsupported arg: auto_download {"metadata":{"emulator":{"name":"firestore"},"message":"Ignoring unsupported arg: auto_download"}}
[debug] [2026-09-04T02:49:54.696Z] Ignoring unsupported arg: single_project_mode_error {"metadata":{"emulator":{"name":"firestore"},"message":"Ignoring unsupported arg: single_project_mode_error"}}
[debug] [2026-09-04T02:49:54.696Z] Starting Firestore Emulator with command {"binary":"java","args":["-Dgoogle.cloud_firestore.debug_log_level=FINE","-Duser.language=en","-jar","/home/sanjevi/.cache/firebase/emulators/cloud-firestore-emulator-v1.21.0.jar","--host","127.0.0.1","--port",23000,"--websocket_port",23007,"--database-edition","standard","--project_id","demo-twodart-local","--seed_from_export","/srv/dev-fast/runtime-data/fireside-phase5-20260902T1417+0800-5b51e4d/stack-official/apps/templates-firebase/loadData/datasets/full-data/firestore_export/firestore_export.overall_export_metadata","--rules","/srv/dev-fast/runtime-data/fireside-phase5-20260902T1417+0800-5b51e4d/stack-official/apps/templates-firebase/firestore.rules","--single_project_mode",true,"--functions_emulator","127.0.0.1:23003"],"optionalArgs":["port","webchannel_port","host","rules","websocket_port","database-edition","functions_emulator","seed_from_export","project_id","single_project_mode"],"joinArgs":false,"shell":false,"port":23000} {"metadata":{"emulator":{"name":"firestore"},"message":"Starting Firestore Emulator with command {\"binary\":\"java\",\"args\":[\"-Dgoogle.cloud_firestore.debug_log_level=FINE\",\"-Duser.language=en\",\"-jar\",\"/home/sanjevi/.cache/firebase/emulators/cloud-firestore-emulator-v1.21.0.jar\",\"--host\",\"127.0.0.1\",\"--port\",23000,\"--websocket_port\",23007,\"--database-edition\",\"standard\",\"--project_id\",\"demo-twodart-local\",\"--seed_from_export\",\"/srv/dev-fast/runtime-data/fireside-phase5-20260902T1417+0800-5b51e4d/stack-official/apps/templates-firebase/loadData/datasets/full-data/firestore_export/firestore_export.overall_export_metadata\",\"--rules\",\"/srv/dev-fast/runtime-data/fireside-phase5-20260902T1417+0800-5b51e4d/stack-official/apps/templates-firebase/firestore.rules\",\"--single_project_mode\",true,\"--functions_emulator\",\"127.0.0.1:23003\"],\"optionalArgs\":[\"port\",\"webchannel_port\",\"host\",\"rules\",\"websocket_port\",\"database-edition\",\"functions_emulator\",\"seed_from_export\",\"project_id\",\"single_project_mode\"],\"joinArgs\":false,\"shell\":false,\"port\":23000}"}}
[info] i  firestore: Firestore Emulator logging to firestore-debug.log {"metadata":{"emulator":{"name":"firestore"},"message":"Firestore Emulator logging to \u001b[1mfirestore-debug.log\u001b[22m"}}
[debug] [2026-09-04T02:49:54.705Z] Picked up JAVA_TOOL_OPTIONS:  -Xmx8g
 {"metadata":{"emulator":{"name":"firestore"},"message":"Picked up JAVA_TOOL_OPTIONS:  -Xmx8g\n"}}
[debug] [2026-09-04T02:49:54.992Z] WARNING: A terminally deprecated method in sun.misc.Unsafe has been called
WARNING: sun.misc.Unsafe::arrayBaseOffset has been called by com.google.protobuf.UnsafeUtil (file:/home/sanjevi/.cache/firebase/emulators/cloud-firestore-emulator-v1.21.0.jar)
WARNING: Please consider reporting this to the maintainers of class com.google.protobuf.UnsafeUtil
WARNING: sun.misc.Unsafe::arrayBaseOffset will be removed in a future release
 {"metadata":{"emulator":{"name":"firestore"},"message":"WARNING: A terminally deprecated method in sun.misc.Unsafe has been called\nWARNING: sun.misc.Unsafe::arrayBaseOffset has been called by com.google.protobuf.UnsafeUtil (file:/home/sanjevi/.cache/firebase/emulators/cloud-firestore-emulator-v1.21.0.jar)\nWARNING: Please consider reporting this to the maintainers of class com.google.protobuf.UnsafeUtil\nWARNING: sun.misc.Unsafe::arrayBaseOffset will be removed in a future release\n"}}
[debug] [2026-09-04T02:50:01.800Z] WARNING: A restricted method in java.lang.System {"metadata":{"emulator":{"name":"firestore"},"message":"WARNING: A restricted method in java.lang.System"}}
[debug] [2026-09-04T02:50:01.800Z]  has been called
WARNING: java.lang.System::loadLibrary has been called by io.netty.util.internal.NativeLibraryUtil in an unnamed module (file:/home/sanjevi/.cache/firebase/emulators/cloud-firestore-emulator-v1.21.0.jar)
WARNING: Use --enable-native-access=ALL-UNNAMED to avoid a warning for callers in this module
WARNING: Restricted methods will be blocked in a future release unless native access is enabled

 {"metadata":{"emulator":{"name":"firestore"},"message":" has been called\nWARNING: java.lang.System::loadLibrary has been called by io.netty.util.internal.NativeLibraryUtil in an unnamed module (file:/home/sanjevi/.cache/firebase/emulators/cloud-firestore-emulator-v1.21.0.jar)\nWARNING: Use --enable-native-access=ALL-UNNAMED to avoid a warning for callers in this module\nWARNING: Restricted methods will be blocked in a future release unless native access is enabled\n\n"}}
[debug] [2026-09-04T02:50:02.523Z] Sep 04, 2026 10:50:02 AM com.google.cloud.datastore.emulator.firestore.websocket.WebSocketServer start
INFO: Started WebSocket server on ws://127.0.0.1:23007
 {"metadata":{"emulator":{"name":"firestore"},"message":"Sep 04, 2026 10:50:02 AM com.google.cloud.datastore.emulator.firestore.websocket.WebSocketServer start\nINFO: Started WebSocket server on ws://127.0.0.1:23007\n"}}
[debug] [2026-09-04T02:50:02.565Z] 
API endpoint: http:// {"metadata":{"emulator":{"name":"firestore"},"message":"\nAPI endpoint: http://"}}
[debug] [2026-09-04T02:50:02.566Z] 127.0.0.1:23000
Database Edition: STANDARD
Database Mode: CLOUD_FIRESTORE

If you are using a library that supports the FIRESTORE_EMULATOR_HOST environment variable, run:

   export FIRESTORE_EMULATOR_HOST=127.0.0.1:23000

If you are running a Firestore in Datastore Mode project, run:

   export DATASTORE_EMULATOR_HOST=127.0.0.1:23000

Note: Support for Datastore Mode is in preview. If you encounter any bugs please file at https://github.com/firebase/firebase-tools/issues.
Dev App Server is now running.

 {"metadata":{"emulator":{"name":"firestore"},"message":"127.0.0.1:23000\nDatabase Edition: STANDARD\nDatabase Mode: CLOUD_FIRESTORE\n\nIf you are using a library that supports the FIRESTORE_EMULATOR_HOST environment variable, run:\n\n   export FIRESTORE_EMULATOR_HOST=127.0.0.1:23000\n\nIf you are running a Firestore in Datastore Mode project, run:\n\n   export DATASTORE_EMULATOR_HOST=127.0.0.1:23000\n\nNote: Support for Datastore Mode is in preview. If you encounter any bugs please file at https://github.com/firebase/firebase-tools/issues.\nDev App Server is now running.\n\n"}}
[debug] [2026-09-04T02:50:02.670Z] Sep 04, 2026 10:50:02 AM com.google.cloud.datastore.emulator.firestore.websocket.WebSocketChannelHandler initChannel
INFO: Connected to new websocket client
 {"metadata":{"emulator":{"name":"firestore"},"message":"Sep 04, 2026 10:50:02 AM com.google.cloud.datastore.emulator.firestore.websocket.WebSocketChannelHandler initChannel\nINFO: Connected to new websocket client\n"}}
[debug] [2026-09-04T02:50:02.723Z] Sep 04, 2026 10:50:02 AM com.google.cloud.datastore.emulator.firestore.websocket.WebSocketChannelHandler channelClosed
INFO: Websocket client disconnected
 {"metadata":{"emulator":{"name":"firestore"},"message":"Sep 04, 2026 10:50:02 AM com.google.cloud.datastore.emulator.firestore.websocket.WebSocketChannelHandler channelClosed\nINFO: Websocket client disconnected\n"}}
[info] ✔  firestore: Firestore Emulator was started in standard edition. {"metadata":{"emulator":{"name":"firestore"},"message":"Firestore Emulator was started in standard edition."}}
[info] ✔  firestore: Firestore Emulator UI websocket is running on 23007. {"metadata":{"emulator":{"name":"firestore"},"message":"Firestore Emulator UI websocket is running on 23007."}}
[debug] [2026-09-04T02:50:11.769Z] Sep 04, 2026 10:50:03 AM com.google.cloud.datastore.emulator.firestore.websocket.WebSocketChannelHandler initChannel
INFO: Connected to new websocket client
Sep 04, 2026 10:50:03 AM com.google.cloud.datastore.emulator.firestore.websocket.WebSocketChannelHandler channelClosed
INFO: Websocket client disconnected
Sep 04, 2026 10:50:05 AM com.google.cloud.datastore.emulator.firestore.websocket.WebSocketChannelHandler initChannel
INFO: Connected to new websocket client
Sep 04, 2026 10:50:05 AM com.google.cloud.datastore.emulator.firestore.websocket.WebSocketChannelHandler channelClosed
INFO: Websocket client disconnected
Sep 04, 2026 10:50:06 AM com.google.cloud.datastore.emulator.firestore.websocket.WebSocketChannelHandler initChannel
INFO: Connected to new websocket client
Sep 04, 2026 10:50:06 AM com.google.cloud.datastore.emulator.firestore.websocket.WebSocketChannelHandler channelClosed
INFO: Websocket client disconnected
Sep 04, 2026 10:50:07 AM com.google.cloud.datastore.emulator.firestore.websocket.WebSocketChannelHandler initChannel
INFO: Connected to new websocket client
Sep 04, 2026 10:50:07 AM com.google.cloud.datastore.emulator.firestore.websocket.WebSocketChannelHandler channelClosed
INFO: Websocket client disconnected
Sep 04, 2026 10:50:08 AM com.google.cloud.datastore.emulator.firestore.websocket.WebSocketChannelHandler initChannel
INFO: Connected to new websocket client
Sep 04, 2026 10:50:08 AM com.google.cloud.datastore.emulator.firestore.websocket.WebSocketChannelHandler channelClosed
INFO: Websocket client disconnected
Sep 04, 2026 10:50:10 AM com.google.cloud.datastore.emulator.firestore.websocket.WebSocketChannelHandler initChannel
INFO: Connected to new websocket client
Sep 04, 2026 10:50:10 AM com.google.cloud.datastore.emulator.firestore.websocket.WebSocketChannelHandler channelClosed
INFO: Websocket client disconnected
Sep 04, 2026 10:50:11 AM com.google.cloud.datastore.emulator.firestore.websocket.WebSocketChannelHandler initChannel
INFO: Connected to new websocket client
Sep 04, 2026 10:50:11 AM com.google.cloud.datastore.emulator.firestore.websocket.WebSocketChannelHandler channelClosed
INFO: Websocket client disconnected
 {"metadata":{"emulator":{"name":"firestore"},"message":"Sep 04, 2026 10:50:03 AM com.google.cloud.datastore.emulator.firestore.websocket.WebSocketChannelHandler initChannel\nINFO: Connected to new websocket client\nSep 04, 2026 10:50:03 AM com.google.cloud.datastore.emulator.firestore.websocket.WebSocketChannelHandler channelClosed\nINFO: Websocket client disconnected\nSep 04, 2026 10:50:05 AM com.google.cloud.datastore.emulator.firestore.websocket.WebSocketChannelHandler initChannel\nINFO: Connected to new websocket client\nSep 04, 2026 10:50:05 AM com.google.cloud.datastore.emulator.firestore.websocket.WebSocketChannelHandler channelClosed\nINFO: Websocket client disconnected\nSep 04, 2026 10:50:06 AM com.google.cloud.datastore.emulator.firestore.websocket.WebSocketChannelHandler initChannel\nINFO: Connected to new websocket client\nSep 04, 2026 10:50:06 AM com.google.cloud.datastore.emulator.firestore.websocket.WebSocketChannelHandler channelClosed\nINFO: Websocket client disconnected\nSep 04, 2026 10:50:07 AM com.google.cloud.datastore.emulator.firestore.websocket.WebSocketChannelHandler initChannel\nINFO: Connected to new websocket client\nSep 04, 2026 10:50:07 AM com.google.cloud.datastore.emulator.firestore.websocket.WebSocketChannelHandler channelClosed\nINFO: Websocket client disconnected\nSep 04, 2026 10:50:08 AM com.google.cloud.datastore.emulator.firestore.websocket.WebSocketChannelHandler initChannel\nINFO: Connected to new websocket client\nSep 04, 2026 10:50:08 AM com.google.cloud.datastore.emulator.firestore.websocket.WebSocketChannelHandler channelClosed\nINFO: Websocket client disconnected\nSep 04, 2026 10:50:10 AM com.google.cloud.datastore.emulator.firestore.websocket.WebSocketChannelHandler initChannel\nINFO: Connected to new websocket client\nSep 04, 2026 10:50:10 AM com.google.cloud.datastore.emulator.firestore.websocket.WebSocketChannelHandler channelClosed\nINFO: Websocket client disconnected\nSep 04, 2026 10:50:11 AM com.google.cloud.datastore.emulator.firestore.websocket.WebSocketChannelHandler initChannel\nINFO: Connected to new websocket client\nSep 04, 2026 10:50:11 AM com.google.cloud.datastore.emulator.firestore.websocket.WebSocketChannelHandler channelClosed\nINFO: Websocket client disconnected\n"}}
[info] i  auth: Importing config from /srv/dev-fast/runtime-data/fireside-phase5-20260902T1417+0800-5b51e4d/stack-official/apps/templates-firebase/loadData/datasets/full-data/auth_export/config.json {"metadata":{"emulator":{"name":"auth"},"message":"Importing config from /srv/dev-fast/runtime-data/fireside-phase5-20260902T1417+0800-5b51e4d/stack-official/apps/templates-firebase/loadData/datasets/full-data/auth_export/config.json"}}
[info] i  auth: Importing accounts from /srv/dev-fast/runtime-data/fireside-phase5-20260902T1417+0800-5b51e4d/stack-official/apps/templates-firebase/loadData/datasets/full-data/auth_export/accounts.json {"metadata":{"emulator":{"name":"auth"},"message":"Importing accounts from /srv/dev-fast/runtime-data/fireside-phase5-20260902T1417+0800-5b51e4d/stack-official/apps/templates-firebase/loadData/datasets/full-data/auth_export/accounts.json"}}
[debug] [2026-09-04T02:50:11.850Z] Ignoring unsupported arg: projectId {"metadata":{"emulator":{"name":"pubsub"},"message":"Ignoring unsupported arg: projectId"}}
[debug] [2026-09-04T02:50:11.851Z] Ignoring unsupported arg: auto_download {"metadata":{"emulator":{"name":"pubsub"},"message":"Ignoring unsupported arg: auto_download"}}
[debug] [2026-09-04T02:50:11.851Z] Starting Pub/Sub Emulator with command {"binary":"/home/sanjevi/.cache/firebase/emulators/pubsub-emulator-0.8.33/pubsub-emulator/bin/cloud-pubsub-emulator","args":["--host=127.0.0.1","--port=23004"],"optionalArgs":["port","host"],"joinArgs":true,"shell":true,"port":23004} {"metadata":{"emulator":{"name":"pubsub"},"message":"Starting Pub/Sub Emulator with command {\"binary\":\"/home/sanjevi/.cache/firebase/emulators/pubsub-emulator-0.8.33/pubsub-emulator/bin/cloud-pubsub-emulator\",\"args\":[\"--host=127.0.0.1\",\"--port=23004\"],\"optionalArgs\":[\"port\",\"host\"],\"joinArgs\":true,\"shell\":true,\"port\":23004}"}}
[info] i  pubsub: Pub/Sub Emulator logging to pubsub-debug.log {"metadata":{"emulator":{"name":"pubsub"},"message":"Pub/Sub Emulator logging to \u001b[1mpubsub-debug.log\u001b[22m"}}
[debug] [2026-09-04T02:50:12.420Z] Picked up JAVA_TOOL_OPTIONS:  -Xmx8g
 {"metadata":{"emulator":{"name":"pubsub"},"message":"Picked up JAVA_TOOL_OPTIONS:  -Xmx8g\n"}}
[debug] [2026-09-04T02:50:12.925Z] Sep 04, 2026 10:50:12 AM com.google.cloud.datastore.emulator.firestore.websocket.WebSocketChannelHandler initChannel
INFO: Connected to new websocket client
 {"metadata":{"emulator":{"name":"firestore"},"message":"Sep 04, 2026 10:50:12 AM com.google.cloud.datastore.emulator.firestore.websocket.WebSocketChannelHandler initChannel\nINFO: Connected to new websocket client\n"}}
[debug] [2026-09-04T02:50:12.962Z] Sep 04, 2026 10:50:12 AM com.google.cloud.datastore.emulator.firestore.websocket.WebSocketChannelHandler channelClosed
INFO: Websocket client disconnected
 {"metadata":{"emulator":{"name":"firestore"},"message":"Sep 04, 2026 10:50:12 AM com.google.cloud.datastore.emulator.firestore.websocket.WebSocketChannelHandler channelClosed\nINFO: Websocket client disconnected\n"}}
[debug] [2026-09-04T02:50:13.421Z] This is the Google Pub/Sub fake.
Implementation may be incomplete or differ from the real system.
 {"metadata":{"emulator":{"name":"pubsub"},"message":"This is the Google Pub/Sub fake.\nImplementation may be incomplete or differ from the real system.\n"}}
[debug] [2026-09-04T02:50:13.636Z] Sep 04, 2026 10:50:13 AM com.google.cloud.pubsub.testing.v1.Main main
INFO: IAM integration is disabled. IAM policy methods and ACL checks are not supported
 {"metadata":{"emulator":{"name":"pubsub"},"message":"Sep 04, 2026 10:50:13 AM com.google.cloud.pubsub.testing.v1.Main main\nINFO: IAM integration is disabled. IAM policy methods and ACL checks are not supported\n"}}
[debug] [2026-09-04T02:50:14.330Z] Sep 04, 2026 10:50:14 AM com.google.cloud.datastore.emulator.firestore.websocket.WebSocketChannelHandler initChannel
INFO: Connected to new websocket client
 {"metadata":{"emulator":{"name":"firestore"},"message":"Sep 04, 2026 10:50:14 AM com.google.cloud.datastore.emulator.firestore.websocket.WebSocketChannelHandler initChannel\nINFO: Connected to new websocket client\n"}}
[debug] [2026-09-04T02:50:14.334Z] Sep 04, 2026 10:50:14 AM com.google.cloud.datastore.emulator.firestore.websocket.WebSocketChannelHandler channelClosed
INFO: Websocket client disconnected
 {"metadata":{"emulator":{"name":"firestore"},"message":"Sep 04, 2026 10:50:14 AM com.google.cloud.datastore.emulator.firestore.websocket.WebSocketChannelHandler channelClosed\nINFO: Websocket client disconnected\n"}}
[debug] [2026-09-04T02:50:14.433Z] SLF4J(W): No SLF4J providers were found.
SLF4J(W): Defaulting to no-operation (NOP) logger implementation
SLF4J(W): See https://www.slf4j.org/codes.html#noProviders for further details.
 {"metadata":{"emulator":{"name":"pubsub"},"message":"SLF4J(W): No SLF4J providers were found.\nSLF4J(W): Defaulting to no-operation (NOP) logger implementation\nSLF4J(W): See https://www.slf4j.org/codes.html#noProviders for further details.\n"}}
[debug] [2026-09-04T02:50:14.485Z] WARNING: A terminally deprecated method in sun.misc.Unsafe has been called
WARNING: sun.misc.Unsafe::allocateMemory has been called by io.netty.util.internal.PlatformDependent0$2 (file:/home/sanjevi/.cache/firebase/emulators/pubsub-emulator-0.8.33/pubsub-emulator/lib/cloud-pubsub-emulator-0.8.33-all.jar)
WARNING: Please consider reporting this to the maintainers of class io.netty.util.internal.PlatformDependent0$2
WARNING: sun.misc.Unsafe::allocateMemory will be removed in a future release
 {"metadata":{"emulator":{"name":"pubsub"},"message":"WARNING: A terminally deprecated method in sun.misc.Unsafe has been called\nWARNING: sun.misc.Unsafe::allocateMemory has been called by io.netty.util.internal.PlatformDependent0$2 (file:/home/sanjevi/.cache/firebase/emulators/pubsub-emulator-0.8.33/pubsub-emulator/lib/cloud-pubsub-emulator-0.8.33-all.jar)\nWARNING: Please consider reporting this to the maintainers of class io.netty.util.internal.PlatformDependent0$2\nWARNING: sun.misc.Unsafe::allocateMemory will be removed in a future release\n"}}
[debug] [2026-09-04T02:50:14.940Z] WARNING: A restricted method in java.lang.System {"metadata":{"emulator":{"name":"pubsub"},"message":"WARNING: A restricted method in java.lang.System"}}
[debug] [2026-09-04T02:50:14.940Z]  has been called
WARNING: java.lang.System::loadLibrary has been called by io.grpc.netty.shaded.io.netty.util.internal.NativeLibraryUtil in an unnamed module (file:/home/sanjevi/.cache/firebase/emulators/pubsub-emulator-0.8.33/pubsub-emulator/lib/cloud-pubsub-emulator-0.8.33-all.jar)
WARNING: Use --enable-native-access=ALL-UNNAMED to avoid a warning for callers in this module
WARNING: Restricted methods will be blocked in a future release unless native access is enabled

 {"metadata":{"emulator":{"name":"pubsub"},"message":" has been called\nWARNING: java.lang.System::loadLibrary has been called by io.grpc.netty.shaded.io.netty.util.internal.NativeLibraryUtil in an unnamed module (file:/home/sanjevi/.cache/firebase/emulators/pubsub-emulator-0.8.33/pubsub-emulator/lib/cloud-pubsub-emulator-0.8.33-all.jar)\nWARNING: Use --enable-native-access=ALL-UNNAMED to avoid a warning for callers in this module\nWARNING: Restricted methods will be blocked in a future release unless native access is enabled\n\n"}}
[debug] [2026-09-04T02:50:15.641Z] Sep 04, 2026 10:50:15 AM com.google.cloud.datastore.emulator.firestore.websocket.WebSocketChannelHandler initChannel
INFO: Connected to new websocket client
 {"metadata":{"emulator":{"name":"firestore"},"message":"Sep 04, 2026 10:50:15 AM com.google.cloud.datastore.emulator.firestore.websocket.WebSocketChannelHandler initChannel\nINFO: Connected to new websocket client\n"}}
[debug] [2026-09-04T02:50:15.666Z] Sep 04, 2026 10:50:15 AM com.google.cloud.datastore.emulator.firestore.websocket.WebSocketChannelHandler channelClosed
INFO: Websocket client disconnected
 {"metadata":{"emulator":{"name":"firestore"},"message":"Sep 04, 2026 10:50:15 AM com.google.cloud.datastore.emulator.firestore.websocket.WebSocketChannelHandler channelClosed\nINFO: Websocket client disconnected\n"}}
[debug] [2026-09-04T02:50:16.037Z] Sep 04, 2026 10:50:16 AM com.google.cloud.pubsub.testing.v1.Main main
INFO: Server started, listening on 23004
 {"metadata":{"emulator":{"name":"pubsub"},"message":"Sep 04, 2026 10:50:16 AM com.google.cloud.pubsub.testing.v1.Main main\nINFO: Server started, listening on 23004\n"}}
[debug] [2026-09-04T02:50:16.115Z] Ignoring unsupported arg: port {"metadata":{"emulator":{"name":"storage"},"message":"Ignoring unsupported arg: port"}}
[warn] ⚠  Unexpected rules runtime error: Picked up JAVA_TOOL_OPTIONS:  -Xmx8g
 {"metadata":{"emulator":{"name":"storage"},"message":"Unexpected rules runtime error: Picked up JAVA_TOOL_OPTIONS:  -Xmx8g\n"}}
[warn] ⚠  Unexpected rules runtime error: WARNING: A terminally deprecated method in sun.misc.Unsafe has been called
WARNING: sun.misc.Unsafe::arrayBaseOffset has been called by com.google.protobuf.UnsafeUtil$MemoryAccessor (file:/home/sanjevi/.cache/firebase/emulators/cloud-storage-rules-runtime-v1.1.3.jar)
WARNING: Please consider reporting this to the maintainers of class com.google.protobuf.UnsafeUtil$MemoryAccessor
WARNING: sun.misc.Unsafe::arrayBaseOffset will be removed in a future release
 {"metadata":{"emulator":{"name":"storage"},"message":"Unexpected rules runtime error: WARNING: A terminally deprecated method in sun.misc.Unsafe has been called\nWARNING: sun.misc.Unsafe::arrayBaseOffset has been called by com.google.protobuf.UnsafeUtil$MemoryAccessor (file:/home/sanjevi/.cache/firebase/emulators/cloud-storage-rules-runtime-v1.1.3.jar)\nWARNING: Please consider reporting this to the maintainers of class com.google.protobuf.UnsafeUtil$MemoryAccessor\nWARNING: sun.misc.Unsafe::arrayBaseOffset will be removed in a future release\n"}}
[debug] [2026-09-04T02:50:16.961Z] Sep 04, 2026 10:50:16 AM com.google.cloud.datastore.emulator.firestore.websocket.WebSocketChannelHandler initChannel
INFO: Connected to new websocket client
 {"metadata":{"emulator":{"name":"firestore"},"message":"Sep 04, 2026 10:50:16 AM com.google.cloud.datastore.emulator.firestore.websocket.WebSocketChannelHandler initChannel\nINFO: Connected to new websocket client\n"}}
[debug] [2026-09-04T02:50:16.971Z] Sep 04, 2026 10:50:16 AM com.google.cloud.datastore.emulator.firestore.websocket.WebSocketChannelHandler channelClosed
INFO: Websocket client disconnected
 {"metadata":{"emulator":{"name":"firestore"},"message":"Sep 04, 2026 10:50:16 AM com.google.cloud.datastore.emulator.firestore.websocket.WebSocketChannelHandler channelClosed\nINFO: Websocket client disconnected\n"}}
[debug] [2026-09-04T02:50:17.906Z] Temp file directory for storage emulator: /tmp/fireside-p5-699bdd1247257164/official-initial/firebase/storage/blobs {"metadata":{"emulator":{"name":"storage"},"message":"Temp file directory for storage emulator: /tmp/fireside-p5-699bdd1247257164/official-initial/firebase/storage/blobs"}}
[debug] [2026-09-04T02:50:56.241Z] Sep 04, 2026 10:50:18 AM com.google.cloud.datastore.emulator.firestore.websocket.WebSocketChannelHandler initChannel
INFO: Connected to new websocket client
Sep 04, 2026 10:50:18 AM com.google.cloud.datastore.emulator.firestore.websocket.WebSocketChannelHandler channelClosed
INFO: Websocket client disconnected
Sep 04, 2026 10:50:19 AM com.google.cloud.datastore.emulator.firestore.websocket.WebSocketChannelHandler initChannel
INFO: Connected to new websocket client
Sep 04, 2026 10:50:19 AM com.google.cloud.datastore.emulator.firestore.websocket.WebSocketChannelHandler channelClosed
INFO: Websocket client disconnected
Sep 04, 2026 10:50:20 AM com.google.cloud.datastore.emulator.firestore.websocket.WebSocketChannelHandler initChannel
INFO: Connected to new websocket client
Sep 04, 2026 10:50:20 AM com.google.cloud.datastore.emulator.firestore.websocket.WebSocketChannelHandler channelClosed
INFO: Websocket client disconnected
Sep 04, 2026 10:50:21 AM com.google.cloud.datastore.emulator.firestore.websocket.WebSocketChannelHandler initChannel
INFO: Connected to new websocket client
Sep 04, 2026 10:50:21 AM com.google.cloud.datastore.emulator.firestore.websocket.WebSocketChannelHandler channelClosed
INFO: Websocket client disconnected
Sep 04, 2026 10:50:23 AM com.google.cloud.datastore.emulator.firestore.websocket.WebSocketChannelHandler initChannel
INFO: Connected to new websocket client
Sep 04, 2026 10:50:23 AM com.google.cloud.datastore.emulator.firestore.websocket.WebSocketChannelHandler channelClosed
INFO: Websocket client disconnected
Sep 04, 2026 10:50:24 AM com.google.cloud.datastore.emulator.firestore.websocket.WebSocketChannelHandler initChannel
INFO: Connected to new websocket client
Sep 04, 2026 10:50:24 AM com.google.cloud.datastore.emulator.firestore.websocket.WebSocketChannelHandler channelClosed
INFO: Websocket client disconnected
Sep 04, 2026 10:50:25 AM com.google.cloud.datastore.emulator.firestore.websocket.WebSocketChannelHandler initChannel
INFO: Connected to new websocket client
Sep 04, 2026 10:50:25 AM com.google.cloud.datastore.emulator.firestore.websocket.WebSocketChannelHandler channelClosed
INFO: Websocket client disconnected
Sep 04, 2026 10:50:26 AM com.google.cloud.datastore.emulator.firestore.websocket.WebSocketChannelHandler initChannel
INFO: Connected to new websocket client
Sep 04, 2026 10:50:26 AM com.google.cloud.datastore.emulator.firestore.websocket.WebSocketChannelHandler channelClosed
INFO: Websocket client disconnected
Sep 04, 2026 10:50:27 AM com.google.cloud.datastore.emulator.firestore.websocket.WebSocketChannelHandler initChannel
INFO: Connected to new websocket client
Sep 04, 2026 10:50:27 AM com.google.cloud.datastore.emulator.firestore.websocket.WebSocketChannelHandler channelClosed
INFO: Websocket client disconnected
Sep 04, 2026 10:50:29 AM com.google.cloud.datastore.emulator.firestore.websocket.WebSocketChannelHandler initChannel
INFO: Connected to new websocket client
Sep 04, 2026 10:50:29 AM com.google.cloud.datastore.emulator.firestore.websocket.WebSocketChannelHandler channelClosed
INFO: Websocket client disconnected
Sep 04, 2026 10:50:30 AM com.google.cloud.datastore.emulator.firestore.websocket.WebSocketChannelHandler initChannel
INFO: Connected to new websocket client
Sep 04, 2026 10:50:30 AM com.google.cloud.datastore.emulator.firestore.websocket.WebSocketChannelHandler channelClosed
INFO: Websocket client disconnected
Sep 04, 2026 10:50:31 AM com.google.cloud.datastore.emulator.firestore.websocket.WebSocketChannelHandler initChannel
INFO: Connected to new websocket client
Sep 04, 2026 10:50:31 AM com.google.cloud.datastore.emulator.firestore.websocket.WebSocketChannelHandler channelClosed
INFO: Websocket client disconnected
Sep 04, 2026 10:50:32 AM com.google.cloud.datastore.emulator.firestore.websocket.WebSocketChannelHandler initChannel
INFO: Connected to new websocket client
Sep 04, 2026 10:50:32 AM com.google.cloud.datastore.emulator.firestore.websocket.WebSocketChannelHandler channelClosed
INFO: Websocket client disconnected
Sep 04, 2026 10:50:33 AM com.google.cloud.datastore.emulator.firestore.websocket.WebSocketChannelHandler initChannel
INFO: Connected to new websocket client
Sep 04, 2026 10:50:33 AM com.google.cloud.datastore.emulator.firestore.websocket.WebSocketChannelHandler channelClosed
INFO: Websocket client disconnected
Sep 04, 2026 10:50:35 AM com.google.cloud.datastore.emulator.firestore.websocket.WebSocketChannelHandler initChannel
INFO: Connected to new websocket client
Sep 04, 2026 10:50:35 AM com.google.cloud.datastore.emulator.firestore.websocket.WebSocketChannelHandler channelClosed
INFO: Websocket client disconnected
Sep 04, 2026 10:50:36 AM com.google.cloud.datastore.emulator.firestore.websocket.WebSocketChannelHandler initChannel
INFO: Connected to new websocket client
Sep 04, 2026 10:50:36 AM com.google.cloud.datastore.emulator.firestore.websocket.WebSocketChannelHandler channelClosed
INFO: Websocket client disconnected
Sep 04, 2026 10:50:37 AM com.google.cloud.datastore.emulator.firestore.websocket.WebSocketChannelHandler initChannel
INFO: Connected to new websocket client
Sep 04, 2026 10:50:37 AM com.google.cloud.datastore.emulator.firestore.websocket.WebSocketChannelHandler channelClosed
INFO: Websocket client disconnected
Sep 04, 2026 10:50:38 AM com.google.cloud.datastore.emulator.firestore.websocket.WebSocketChannelHandler initChannel
INFO: Connected to new websocket client
Sep 04, 2026 10:50:38 AM com.google.cloud.datastore.emulator.firestore.websocket.WebSocketChannelHandler channelClosed
INFO: Websocket client disconnected
Sep 04, 2026 10:50:40 AM com.google.cloud.datastore.emulator.firestore.websocket.WebSocketChannelHandler initChannel
INFO: Connected to new websocket client
Sep 04, 2026 10:50:40 AM com.google.cloud.datastore.emulator.firestore.websocket.WebSocketChannelHandler channelClosed
INFO: Websocket client disconnected
Sep 04, 2026 10:50:41 AM com.google.cloud.datastore.emulator.firestore.websocket.WebSocketChannelHandler initChannel
INFO: Connected to new websocket client
Sep 04, 2026 10:50:41 AM com.google.cloud.datastore.emulator.firestore.websocket.WebSocketChannelHandler channelClosed
INFO: Websocket client disconnected
Sep 04, 2026 10:50:42 AM com.google.cloud.datastore.emulator.firestore.websocket.WebSocketChannelHandler initChannel
INFO: Connected to new websocket client
Sep 04, 2026 10:50:42 AM com.google.cloud.datastore.emulator.firestore.websocket.WebSocketChannelHandler channelClosed
INFO: Websocket client disconnected
Sep 04, 2026 10:50:43 AM com.google.cloud.datastore.emulator.firestore.websocket.WebSocketChannelHandler initChannel
INFO: Connected to new websocket client
Sep 04, 2026 10:50:43 AM com.google.cloud.datastore.emulator.firestore.websocket.WebSocketChannelHandler channelClosed
INFO: Websocket client disconnected
Sep 04, 2026 10:50:44 AM com.google.cloud.datastore.emulator.firestore.websocket.WebSocketChannelHandler initChannel
INFO: Connected to new websocket client
Sep 04, 2026 10:50:44 AM com.google.cloud.datastore.emulator.firestore.websocket.WebSocketChannelHandler channelClosed
INFO: Websocket client disconnected
Sep 04, 2026 10:50:46 AM com.google.cloud.datastore.emulator.firestore.websocket.WebSocketChannelHandler initChannel
INFO: Connected to new websocket client
Sep 04, 2026 10:50:46 AM com.google.cloud.datastore.emulator.firestore.websocket.WebSocketChannelHandler channelClosed
INFO: Websocket client disconnected
Sep 04, 2026 10:50:47 AM com.google.cloud.datastore.emulator.firestore.websocket.WebSocketChannelHandler initChannel
INFO: Connected to new websocket client
Sep 04, 2026 10:50:47 AM com.google.cloud.datastore.emulator.firestore.websocket.WebSocketChannelHandler channelClosed
INFO: Websocket client disconnected
Sep 04, 2026 10:50:48 AM com.google.cloud.datastore.emulator.firestore.websocket.WebSocketChannelHandler initChannel
INFO: Connected to new websocket client
Sep 04, 2026 10:50:48 AM com.google.cloud.datastore.emulator.firestore.websocket.WebSocketChannelHandler channelClosed
INFO: Websocket client disconnected
Sep 04, 2026 10:50:49 AM com.google.cloud.datastore.emulator.firestore.websocket.WebSocketChannelHandler initChannel
INFO: Connected to new websocket client
Sep 04, 2026 10:50:49 AM com.google.cloud.datastore.emulator.firestore.websocket.WebSocketChannelHandler channelClosed
INFO: Websocket client disconnected
Sep 04, 2026 10:50:50 AM com.google.cloud.datastore.emulator.firestore.websocket.WebSocketChannelHandler initChannel
INFO: Connected to new websocket client
Sep 04, 2026 10:50:50 AM com.google.cloud.datastore.emulator.firestore.websocket.WebSocketChannelHandler channelClosed
INFO: Websocket client disconnected
Sep 04, 2026 10:50:52 AM com.google.cloud.datastore.emulator.firestore.websocket.WebSocketChannelHandler initChannel
INFO: Connected to new websocket client
Sep 04, 2026 10:50:52 AM com.google.cloud.datastore.emulator.firestore.websocket.WebSocketChannelHandler channelClosed
INFO: Websocket client disconnected
Sep 04, 2026 10:50:53 AM com.google.cloud.datastore.emulator.firestore.websocket.WebSocketChannelHandler initChannel
INFO: Connected to new websocket client
Sep 04, 2026 10:50:53 AM com.google.cloud.datastore.emulator.firestore.websocket.WebSocketChannelHandler channelClosed
INFO: Websocket client disconnected
Sep 04, 2026 10:50:54 AM com.google.cloud.datastore.emulator.firestore.websocket.WebSocketChannelHandler initChannel
INFO: Connected to new websocket client
Sep 04, 2026 10:50:54 AM com.google.cloud.datastore.emulator.firestore.websocket.WebSocketChannelHandler channelClosed
INFO: Websocket client disconnected
Sep 04, 2026 10:50:55 AM com.google.cloud.datastore.emulator.firestore.websocket.WebSocketChannelHandler initChannel
INFO: Connected to new websocket client
Sep 04, 2026 10:50:55 AM com.google.cloud.datastore.emulator.firestore.websocket.WebSocketChannelHandler channelClosed
INFO: Websocket client disconnected
 {"metadata":{"emulator":{"name":"firestore"},"message":"Sep 04, 2026 10:50:18 AM com.google.cloud.datastore.emulator.firestore.websocket.WebSocketChannelHandler initChannel\nINFO: Connected to new websocket client\nSep 04, 2026 10:50:18 AM com.google.cloud.datastore.emulator.firestore.websocket.WebSocketChannelHandler channelClosed\nINFO: Websocket client disconnected\nSep 04, 2026 10:50:19 AM com.google.cloud.datastore.emulator.firestore.websocket.WebSocketChannelHandler initChannel\nINFO: Connected to new websocket client\nSep 04, 2026 10:50:19 AM com.google.cloud.datastore.emulator.firestore.websocket.WebSocketChannelHandler channelClosed\nINFO: Websocket client disconnected\nSep 04, 2026 10:50:20 AM com.google.cloud.datastore.emulator.firestore.websocket.WebSocketChannelHandler initChannel\nINFO: Connected to new websocket client\nSep 04, 2026 10:50:20 AM com.google.cloud.datastore.emulator.firestore.websocket.WebSocketChannelHandler channelClosed\nINFO: Websocket client disconnected\nSep 04, 2026 10:50:21 AM com.google.cloud.datastore.emulator.firestore.websocket.WebSocketChannelHandler initChannel\nINFO: Connected to new websocket client\nSep 04, 2026 10:50:21 AM com.google.cloud.datastore.emulator.firestore.websocket.WebSocketChannelHandler channelClosed\nINFO: Websocket client disconnected\nSep 04, 2026 10:50:23 AM com.google.cloud.datastore.emulator.firestore.websocket.WebSocketChannelHandler initChannel\nINFO: Connected to new websocket client\nSep 04, 2026 10:50:23 AM com.google.cloud.datastore.emulator.firestore.websocket.WebSocketChannelHandler channelClosed\nINFO: Websocket client disconnected\nSep 04, 2026 10:50:24 AM com.google.cloud.datastore.emulator.firestore.websocket.WebSocketChannelHandler initChannel\nINFO: Connected to new websocket client\nSep 04, 2026 10:50:24 AM com.google.cloud.datastore.emulator.firestore.websocket.WebSocketChannelHandler channelClosed\nINFO: Websocket client disconnected\nSep 04, 2026 10:50:25 AM com.google.cloud.datastore.emulator.firestore.websocket.WebSocketChannelHandler initChannel\nINFO: Connected to new websocket client\nSep 04, 2026 10:50:25 AM com.google.cloud.datastore.emulator.firestore.websocket.WebSocketChannelHandler channelClosed\nINFO: Websocket client disconnected\nSep 04, 2026 10:50:26 AM com.google.cloud.datastore.emulator.firestore.websocket.WebSocketChannelHandler initChannel\nINFO: Connected to new websocket client\nSep 04, 2026 10:50:26 AM com.google.cloud.datastore.emulator.firestore.websocket.WebSocketChannelHandler channelClosed\nINFO: Websocket client disconnected\nSep 04, 2026 10:50:27 AM com.google.cloud.datastore.emulator.firestore.websocket.WebSocketChannelHandler initChannel\nINFO: Connected to new websocket client\nSep 04, 2026 10:50:27 AM com.google.cloud.datastore.emulator.firestore.websocket.WebSocketChannelHandler channelClosed\nINFO: Websocket client disconnected\nSep 04, 2026 10:50:29 AM com.google.cloud.datastore.emulator.firestore.websocket.WebSocketChannelHandler initChannel\nINFO: Connected to new websocket client\nSep 04, 2026 10:50:29 AM com.google.cloud.datastore.emulator.firestore.websocket.WebSocketChannelHandler channelClosed\nINFO: Websocket client disconnected\nSep 04, 2026 10:50:30 AM com.google.cloud.datastore.emulator.firestore.websocket.WebSocketChannelHandler initChannel\nINFO: Connected to new websocket client\nSep 04, 2026 10:50:30 AM com.google.cloud.datastore.emulator.firestore.websocket.WebSocketChannelHandler channelClosed\nINFO: Websocket client disconnected\nSep 04, 2026 10:50:31 AM com.google.cloud.datastore.emulator.firestore.websocket.WebSocketChannelHandler initChannel\nINFO: Connected to new websocket client\nSep 04, 2026 10:50:31 AM com.google.cloud.datastore.emulator.firestore.websocket.WebSocketChannelHandler channelClosed\nINFO: Websocket client disconnected\nSep 04, 2026 10:50:32 AM com.google.cloud.datastore.emulator.firestore.websocket.WebSocketChannelHandler initChannel\nINFO: Connected to new websocket client\nSep 04, 2026 10:50:32 AM com.google.cloud.datastore.emulator.firestore.websocket.WebSocketChannelHandler channelClosed\nINFO: Websocket client disconnected\nSep 04, 2026 10:50:33 AM com.google.cloud.datastore.emulator.firestore.websocket.WebSocketChannelHandler initChannel\nINFO: Connected to new websocket client\nSep 04, 2026 10:50:33 AM com.google.cloud.datastore.emulator.firestore.websocket.WebSocketChannelHandler channelClosed\nINFO: Websocket client disconnected\nSep 04, 2026 10:50:35 AM com.google.cloud.datastore.emulator.firestore.websocket.WebSocketChannelHandler initChannel\nINFO: Connected to new websocket client\nSep 04, 2026 10:50:35 AM com.google.cloud.datastore.emulator.firestore.websocket.WebSocketChannelHandler channelClosed\nINFO: Websocket client disconnected\nSep 04, 2026 10:50:36 AM com.google.cloud.datastore.emulator.firestore.websocket.WebSocketChannelHandler initChannel\nINFO: Connected to new websocket client\nSep 04, 2026 10:50:36 AM com.google.cloud.datastore.emulator.firestore.websocket.WebSocketChannelHandler channelClosed\nINFO: Websocket client disconnected\nSep 04, 2026 10:50:37 AM com.google.cloud.datastore.emulator.firestore.websocket.WebSocketChannelHandler initChannel\nINFO: Connected to new websocket client\nSep 04, 2026 10:50:37 AM com.google.cloud.datastore.emulator.firestore.websocket.WebSocketChannelHandler channelClosed\nINFO: Websocket client disconnected\nSep 04, 2026 10:50:38 AM com.google.cloud.datastore.emulator.firestore.websocket.WebSocketChannelHandler initChannel\nINFO: Connected to new websocket client\nSep 04, 2026 10:50:38 AM com.google.cloud.datastore.emulator.firestore.websocket.WebSocketChannelHandler channelClosed\nINFO: Websocket client disconnected\nSep 04, 2026 10:50:40 AM com.google.cloud.datastore.emulator.firestore.websocket.WebSocketChannelHandler initChannel\nINFO: Connected to new websocket client\nSep 04, 2026 10:50:40 AM com.google.cloud.datastore.emulator.firestore.websocket.WebSocketChannelHandler channelClosed\nINFO: Websocket client disconnected\nSep 04, 2026 10:50:41 AM com.google.cloud.datastore.emulator.firestore.websocket.WebSocketChannelHandler initChannel\nINFO: Connected to new websocket client\nSep 04, 2026 10:50:41 AM com.google.cloud.datastore.emulator.firestore.websocket.WebSocketChannelHandler channelClosed\nINFO: Websocket client disconnected\nSep 04, 2026 10:50:42 AM com.google.cloud.datastore.emulator.firestore.websocket.WebSocketChannelHandler initChannel\nINFO: Connected to new websocket client\nSep 04, 2026 10:50:42 AM com.google.cloud.datastore.emulator.firestore.websocket.WebSocketChannelHandler channelClosed\nINFO: Websocket client disconnected\nSep 04, 2026 10:50:43 AM com.google.cloud.datastore.emulator.firestore.websocket.WebSocketChannelHandler initChannel\nINFO: Connected to new websocket client\nSep 04, 2026 10:50:43 AM com.google.cloud.datastore.emulator.firestore.websocket.WebSocketChannelHandler channelClosed\nINFO: Websocket client disconnected\nSep 04, 2026 10:50:44 AM com.google.cloud.datastore.emulator.firestore.websocket.WebSocketChannelHandler initChannel\nINFO: Connected to new websocket client\nSep 04, 2026 10:50:44 AM com.google.cloud.datastore.emulator.firestore.websocket.WebSocketChannelHandler channelClosed\nINFO: Websocket client disconnected\nSep 04, 2026 10:50:46 AM com.google.cloud.datastore.emulator.firestore.websocket.WebSocketChannelHandler initChannel\nINFO: Connected to new websocket client\nSep 04, 2026 10:50:46 AM com.google.cloud.datastore.emulator.firestore.websocket.WebSocketChannelHandler channelClosed\nINFO: Websocket client disconnected\nSep 04, 2026 10:50:47 AM com.google.cloud.datastore.emulator.firestore.websocket.WebSocketChannelHandler initChannel\nINFO: Connected to new websocket client\nSep 04, 2026 10:50:47 AM com.google.cloud.datastore.emulator.firestore.websocket.WebSocketChannelHandler channelClosed\nINFO: Websocket client disconnected\nSep 04, 2026 10:50:48 AM com.google.cloud.datastore.emulator.firestore.websocket.WebSocketChannelHandler initChannel\nINFO: Connected to new websocket client\nSep 04, 2026 10:50:48 AM com.google.cloud.datastore.emulator.firestore.websocket.WebSocketChannelHandler channelClosed\nINFO: Websocket client disconnected\nSep 04, 2026 10:50:49 AM com.google.cloud.datastore.emulator.firestore.websocket.WebSocketChannelHandler initChannel\nINFO: Connected to new websocket client\nSep 04, 2026 10:50:49 AM com.google.cloud.datastore.emulator.firestore.websocket.WebSocketChannelHandler channelClosed\nINFO: Websocket client disconnected\nSep 04, 2026 10:50:50 AM com.google.cloud.datastore.emulator.firestore.websocket.WebSocketChannelHandler initChannel\nINFO: Connected to new websocket client\nSep 04, 2026 10:50:50 AM com.google.cloud.datastore.emulator.firestore.websocket.WebSocketChannelHandler channelClosed\nINFO: Websocket client disconnected\nSep 04, 2026 10:50:52 AM com.google.cloud.datastore.emulator.firestore.websocket.WebSocketChannelHandler initChannel\nINFO: Connected to new websocket client\nSep 04, 2026 10:50:52 AM com.google.cloud.datastore.emulator.firestore.websocket.WebSocketChannelHandler channelClosed\nINFO: Websocket client disconnected\nSep 04, 2026 10:50:53 AM com.google.cloud.datastore.emulator.firestore.websocket.WebSocketChannelHandler initChannel\nINFO: Connected to new websocket client\nSep 04, 2026 10:50:53 AM com.google.cloud.datastore.emulator.firestore.websocket.WebSocketChannelHandler channelClosed\nINFO: Websocket client disconnected\nSep 04, 2026 10:50:54 AM com.google.cloud.datastore.emulator.firestore.websocket.WebSocketChannelHandler initChannel\nINFO: Connected to new websocket client\nSep 04, 2026 10:50:54 AM com.google.cloud.datastore.emulator.firestore.websocket.WebSocketChannelHandler channelClosed\nINFO: Websocket client disconnected\nSep 04, 2026 10:50:55 AM com.google.cloud.datastore.emulator.firestore.websocket.WebSocketChannelHandler initChannel\nINFO: Connected to new websocket client\nSep 04, 2026 10:50:55 AM com.google.cloud.datastore.emulator.firestore.websocket.WebSocketChannelHandler channelClosed\nINFO: Websocket client disconnected\n"}}
[debug] [2026-09-04T02:50:56.244Z] Could not find VSCode notification endpoint: FetchError: request to http://localhost:40001/vscode/notify failed, reason: connect ECONNREFUSED 127.0.0.1:40001. If you are not running the Firebase SQL Connect VSCode extension, this is expected and not an issue.
[info] i  emulators: Shutting down emulators. {"metadata":{"emulator":{"name":"hub"},"message":"Shutting down emulators."}}
[info] i  functions: Stopping Functions Emulator {"metadata":{"emulator":{"name":"functions"},"message":"Stopping Functions Emulator"}}
[info] i  firestore: Stopping Firestore Emulator {"metadata":{"emulator":{"name":"firestore"},"message":"Stopping Firestore Emulator"}}
[debug] [2026-09-04T02:50:56.258Z] *** shutting down gRPC server since JVM is shutting down
 {"metadata":{"emulator":{"name":"firestore"},"message":"*** shutting down gRPC server since JVM is shutting down\n"}}
[debug] [2026-09-04T02:50:56.286Z] *** server shut down
 {"metadata":{"emulator":{"name":"firestore"},"message":"*** server shut down\n"}}
[info] i  pubsub: Stopping Pub/Sub Emulator {"metadata":{"emulator":{"name":"pubsub"},"message":"Stopping Pub/Sub Emulator"}}
[debug] [2026-09-04T02:50:56.926Z] *** shutting down gRPC server since JVM is shutting down
 {"metadata":{"emulator":{"name":"pubsub"},"message":"*** shutting down gRPC server since JVM is shutting down\n"}}
[debug] [2026-09-04T02:50:56.982Z] *** server shut down
 {"metadata":{"emulator":{"name":"pubsub"},"message":"*** server shut down\n"}}
[info] i  auth: Stopping Authentication Emulator {"metadata":{"emulator":{"name":"auth"},"message":"Stopping Authentication Emulator"}}
[info] i  storage: Stopping Storage Emulator {"metadata":{"emulator":{"name":"storage"},"message":"Stopping Storage Emulator"}}
[debug] [2026-09-04T02:50:57.716Z] Stopping rules runtime. {"metadata":{"emulator":{"name":"storage"},"message":"Stopping rules runtime."}}
[info] i  eventarc: Stopping Eventarc Emulator {"metadata":{"emulator":{"name":"eventarc"},"message":"Stopping Eventarc Emulator"}}
[info] i  tasks: Stopping Cloud Tasks Emulator {"metadata":{"emulator":{"name":"tasks"},"message":"Stopping Cloud Tasks Emulator"}}
[info] i  hub: Stopping emulator hub {"metadata":{"emulator":{"name":"hub"},"message":"Stopping emulator hub"}}
[debug] [2026-09-04T02:50:58.064Z] Could not find VSCode notification endpoint: FetchError: request to http://localhost:40001/vscode/notify failed, reason: connect ECONNREFUSED 127.0.0.1:40001. If you are not running the Firebase SQL Connect VSCode extension, this is expected and not an issue.
[debug] [2026-09-04T02:50:58.066Z] Error: Unknown system error -122: Unknown system error -122, copyfile '/srv/dev-fast/runtime-data/fireside-phase5-20260902T1417+0800-5b51e4d/stack-official/apps/templates-firebase/loadData/datasets/full-data/storage_export/blobs/e4642df3-6f13-4564-ae0f-1653e536eb02' -> '/tmp/fireside-p5-699bdd1247257164/official-initial/firebase/storage/blobs/ae1e75f2-babd-43b0-bd91-7b790b37ced5'
    at Object.copyFileSync (node:fs:3177:11)
    at Persistence.copyFromExternalPath (/srv/dev-fast/runtime-data/fireside-phase5-20260902T1417+0800-5b51e4d/stack-official/node_modules/firebase-tools/lib/emulator/storage/persistence.js:78:13)
    at StorageLayer.import (/srv/dev-fast/runtime-data/fireside-phase5-20260902T1417+0800-5b51e4d/stack-official/node_modules/firebase-tools/lib/emulator/storage/files.js:392:31)
    at Object.startAll (/srv/dev-fast/runtime-data/fireside-phase5-20260902T1417+0800-5b51e4d/stack-official/node_modules/firebase-tools/lib/emulator/controller.js:629:48)
    at process.processTicksAndRejections (node:internal/process/task_queues:104:5)
    at async /srv/dev-fast/runtime-data/fireside-phase5-20260902T1417+0800-5b51e4d/stack-official/node_modules/firebase-tools/lib/commands/emulators-start.js:34:43
[error] 
[error] Error: An unexpected error has occurred.
[debug] [2026-09-04T02:50:58.353Z] Found emulator hub locator: {"version":"15.22.0","origins":["http://127.0.0.1:23005"],"pid":557376}
