Picked up JAVA_TOOL_OPTIONS:  -Xmx8g
This is the Google Pub/Sub fake.
Implementation may be incomplete or differ from the real system.
Sep 04, 2026 10:50:13 AM com.google.cloud.pubsub.testing.v1.Main main
INFO: IAM integration is disabled. IAM policy methods and ACL checks are not supported
SLF4J(W): No SLF4J providers were found.
SLF4J(W): Defaulting to no-operation (NOP) logger implementation
SLF4J(W): See https://www.slf4j.org/codes.html#noProviders for further details.
WARNING: A terminally deprecated method in sun.misc.Unsafe has been called
WARNING: sun.misc.Unsafe::allocateMemory has been called by io.netty.util.internal.PlatformDependent0$2 (file:/home/sanjevi/.cache/firebase/emulators/pubsub-emulator-0.8.33/pubsub-emulator/lib/cloud-pubsub-emulator-0.8.33-all.jar)
WARNING: Please consider reporting this to the maintainers of class io.netty.util.internal.PlatformDependent0$2
WARNING: sun.misc.Unsafe::allocateMemory will be removed in a future release
WARNING: A restricted method in java.lang.System has been called
WARNING: java.lang.System::loadLibrary has been called by io.grpc.netty.shaded.io.netty.util.internal.NativeLibraryUtil in an unnamed module (file:/home/sanjevi/.cache/firebase/emulators/pubsub-emulator-0.8.33/pubsub-emulator/lib/cloud-pubsub-emulator-0.8.33-all.jar)
WARNING: Use --enable-native-access=ALL-UNNAMED to avoid a warning for callers in this module
WARNING: Restricted methods will be blocked in a future release unless native access is enabled

Sep 04, 2026 10:50:16 AM com.google.cloud.pubsub.testing.v1.Main main
INFO: Server started, listening on 23004
*** shutting down gRPC server since JVM is shutting down
*** server shut down
