npm notice run fireside-conformance@0.0.1 test:webchannel:browser
npm notice run node --import tsx src/webchannel/run-browser-demo.ts --output /home/sanjevi/fireside-phase2-full-gate-20260901T121312+0800-eee6233/conformance/reports/phase-2-metrics/full-gate-20260901T121312+0800-eee6233/.browser-memory.json
    Finished `dev` profile [unoptimized + debuginfo] target(s) in 0.17s
{
  "browserVersion": "150.0.7871.124",
  "completedAt": "2026-09-01T04:44:29.549Z",
  "mode": "memory",
  "passed": true,
  "projectId": "demo-fireside-phase2-browser",
  "results": [
    {
      "benchmark": {
        "maximumMilliseconds": 24.299999982118607,
        "p99Milliseconds": 23.69999998807907,
        "sampleCount": 100,
        "thresholdMilliseconds": 1500
      },
      "network": {
        "droppedBackchannels": 1,
        "delayedBackchannels": 0,
        "listenTargetIds": [
          1002,
          1004
        ],
        "listenTraffic": 111,
        "reconnectMilliseconds": 3.8215030000001207,
        "terminateRequests": 2,
        "variants": [
          "1"
        ],
        "writeTraffic": 214
      },
      "result": {
        "initialDocuments": [
          "first",
          "second"
        ],
        "listenerDeliveryMilliseconds": [
          19.80000001192093,
          16.900000005960464,
          20.299999982118607,
          20.700000017881393,
          18.900000005960464,
          19.19999998807907,
          12,
          18.19999998807907,
          11.5,
          19.900000005960464,
          18.099999994039536,
          14.400000005960464,
          16.599999994039536,
          20.600000023841858,
          18.399999976158142,
          16.80000001192093,
          15.699999988079071,
          18.600000023841858,
          20.299999982118607,
          22.80000001192093,
          23.599999994039536,
          22.5,
          21.30000001192093,
          21.5,
          20.599999994039536,
          20.19999998807907,
          19.100000023841858,
          20.400000005960464,
          18.299999982118607,
          20.700000017881393,
          19.69999998807907,
          23,
          19.5,
          16.900000005960464,
          19,
          20.400000005960464,
          19,
          21.099999994039536,
          18.900000005960464,
          24.299999982118607,
          20.200000017881393,
          21.5,
          16.899999976158142,
          18.5,
          10.5,
          17.80000001192093,
          20.400000005960464,
          20.400000005960464,
          19.69999998807907,
          22,
          21.69999998807907,
          17.900000005960464,
          22.5,
          16.30000001192093,
          21.599999994039536,
          20,
          19.5,
          20.400000005960464,
          19.599999994039536,
          20.30000001192093,
          19.799999982118607,
          19.599999994039536,
          19.700000017881393,
          20.69999998807907,
          22.099999994039536,
          19.600000023841858,
          21,
          19.399999976158142,
          19.200000017881393,
          21,
          20,
          17.799999982118607,
          19.5,
          19.700000017881393,
          20.099999994039536,
          22.5,
          20.099999994039536,
          20,
          18.80000001192093,
          21.5,
          22.099999994039536,
          14.599999994039536,
          20.200000017881393,
          23.299999982118607,
          19.80000001192093,
          18.19999998807907,
          17.5,
          19.5,
          11.800000011920929,
          17.799999982118607,
          11,
          10.300000011920929,
          20.30000001192093,
          19.5,
          19.899999976158142,
          10.800000011920929,
          20.400000005960464,
          23.69999998807907,
          19.900000005960464,
          19.400000005960464
        ],
        "liveDocuments": [
          "first",
          "second"
        ],
        "observedUnicode": "東京/emoji-😀/é/second/2",
        "projectId": "demo-fireside-phase2-browser",
        "runId": "long-polling-memory-mti6nhjc",
        "variant": "long-polling"
      }
    },
    {
      "benchmark": {
        "maximumMilliseconds": 20,
        "p99Milliseconds": 19.599999994039536,
        "sampleCount": 100,
        "thresholdMilliseconds": 1000
      },
      "network": {
        "droppedBackchannels": 1,
        "delayedBackchannels": 0,
        "listenTargetIds": [
          1002,
          1004
        ],
        "listenTraffic": 6,
        "reconnectMilliseconds": 4.050913999999921,
        "terminateRequests": 2,
        "variants": [
          "0"
        ],
        "writeTraffic": 108
      },
      "result": {
        "initialDocuments": [
          "first",
          "second"
        ],
        "listenerDeliveryMilliseconds": [
          11.400000005960464,
          18.099999994039536,
          11.600000023841858,
          18.5,
          11.599999994039536,
          18.19999998807907,
          12.200000017881393,
          18.599999994039536,
          18.400000005960464,
          10,
          11.599999994039536,
          11.199999988079071,
          18,
          20,
          13.400000005960464,
          16.099999994039536,
          11.300000011920929,
          10.699999988079071,
          18.099999994039536,
          12.200000017881393,
          18,
          12.099999994039536,
          17.900000005960464,
          12.799999982118607,
          17,
          13.200000017881393,
          17,
          12.5,
          18.19999998807907,
          19.599999994039536,
          12.300000011920929,
          17.400000005960464,
          12.199999988079071,
          18,
          12.300000011920929,
          17.400000005960464,
          12.599999994039536,
          17.5,
          13.199999988079071,
          17.400000005960464,
          13.199999988079071,
          16.5,
          13.200000017881393,
          16.69999998807907,
          12.300000011920929,
          17.69999998807907,
          13.100000023841858,
          16.599999994039536,
          12.400000005960464,
          17.599999994039536,
          12.199999988079071,
          17.80000001192093,
          12.099999994039536,
          17.69999998807907,
          12.600000023841858,
          17.799999982118607,
          12,
          18,
          11.900000005960464,
          18.400000005960464,
          12.699999988079071,
          16.80000001192093,
          12.400000005960464,
          17.900000005960464,
          12.799999982118607,
          16.80000001192093,
          13.5,
          16.299999982118607,
          12.900000005960464,
          17.700000017881393,
          12.099999994039536,
          17.900000005960464,
          11,
          9.5,
          9.099999994039536,
          10.199999988079071,
          10.800000011920929,
          19.30000001192093,
          10.399999976158142,
          10.600000023841858,
          10.099999994039536,
          9.199999988079071,
          8.900000005960464,
          9.699999988079071,
          9.800000011920929,
          10.5,
          10,
          10.199999988079071,
          11.900000005960464,
          11.400000005960464,
          17.19999998807907,
          10.900000005960464,
          10.800000011920929,
          18.400000005960464,
          12,
          17.69999998807907,
          11.900000005960464,
          18.400000005960464,
          12.5,
          17.69999998807907
        ],
        "liveDocuments": [
          "first",
          "second"
        ],
        "observedUnicode": "東京/emoji-😀/é/second/2",
        "projectId": "demo-fireside-phase2-browser",
        "runId": "streaming-memory-mti6njh1",
        "variant": "streaming"
      }
    },
    {
      "benchmark": {
        "maximumMilliseconds": 22.400000005960464,
        "p99Milliseconds": 22.400000005960464,
        "sampleCount": 100,
        "thresholdMilliseconds": 2000
      },
      "network": {
        "droppedBackchannels": 1,
        "delayedBackchannels": 1,
        "listenTargetIds": [
          1002,
          1004
        ],
        "listenTraffic": 111,
        "reconnectMilliseconds": 3.832922999999937,
        "terminateRequests": 2,
        "variants": [
          "0",
          "1"
        ],
        "writeTraffic": 108
      },
      "result": {
        "initialDocuments": [
          "first",
          "second"
        ],
        "listenerDeliveryMilliseconds": [
          20.099999994039536,
          20.69999998807907,
          19.30000001192093,
          18.69999998807907,
          18.80000001192093,
          20.30000001192093,
          19.299999982118607,
          20.700000017881393,
          18.899999976158142,
          20.80000001192093,
          22.400000005960464,
          20.19999998807907,
          20.900000005960464,
          18.69999998807907,
          20.80000001192093,
          17.900000005960464,
          22,
          20.099999994039536,
          19.5,
          19.19999998807907,
          18.900000005960464,
          18.700000017881393,
          20.599999994039536,
          19.900000005960464,
          20,
          21.899999976158142,
          17.30000001192093,
          19.900000005960464,
          20.19999998807907,
          22.400000005960464,
          20.30000001192093,
          20.099999994039536,
          19.69999998807907,
          20.700000017881393,
          19.69999998807907,
          19.80000001192093,
          20.19999998807907,
          19.400000005960464,
          20.900000005960464,
          20,
          19.5,
          19.899999976158142,
          19.5,
          20.100000023841858,
          19.899999976158142,
          20.900000005960464,
          19.400000005960464,
          21,
          18.400000005960464,
          20.400000005960464,
          21.69999998807907,
          18.900000005960464,
          20.19999998807907,
          20.599999994039536,
          19.900000005960464,
          20.400000005960464,
          17,
          22,
          18.200000017881393,
          21.399999976158142,
          20.400000005960464,
          19.200000017881393,
          21.900000005960464,
          19,
          19.599999994039536,
          20.80000001192093,
          18.899999976158142,
          20.100000023841858,
          20.599999994039536,
          21.19999998807907,
          17.5,
          22.200000017881393,
          19.399999976158142,
          20.200000017881393,
          19.5,
          19.599999994039536,
          20.19999998807907,
          19.600000023841858,
          20.899999976158142,
          20.100000023841858,
          19.299999982118607,
          20.5,
          19.700000017881393,
          20.299999982118607,
          19.30000001192093,
          18.900000005960464,
          18.899999976158142,
          20.30000001192093,
          20.400000005960464,
          19.099999994039536,
          19.69999998807907,
          21.30000001192093,
          20.80000001192093,
          20.69999998807907,
          19.400000005960464,
          20.799999982118607,
          19.5,
          20.600000023841858,
          19.799999982118607,
          19.30000001192093
        ],
        "liveDocuments": [
          "first",
          "second"
        ],
        "observedUnicode": "東京/emoji-😀/é/second/2",
        "projectId": "demo-fireside-phase2-browser",
        "runId": "buffering-proxy-auto-detection-memory-mti6nl1e",
        "variant": "buffering-proxy-auto-detection"
      }
    }
  ],
  "schemaVersion": 1
}
