npm notice run fireside-conformance@0.0.1 test:webchannel:browser:disk
npm notice run node --import tsx src/webchannel/run-browser-demo.ts --disk --output /home/sanjevi/fireside-phase2-full-gate-20260901T121312+0800-eee6233/conformance/reports/phase-2-metrics/full-gate-20260901T121312+0800-eee6233/.browser-disk-wal.json
    Finished `dev` profile [unoptimized + debuginfo] target(s) in 0.15s
{
  "browserVersion": "150.0.7871.124",
  "completedAt": "2026-09-01T04:44:43.195Z",
  "mode": "disk-wal",
  "passed": true,
  "projectId": "demo-fireside-phase2-browser",
  "results": [
    {
      "benchmark": {
        "maximumMilliseconds": 23.400000005960464,
        "p99Milliseconds": 22.19999998807907,
        "sampleCount": 100,
        "thresholdMilliseconds": 1500
      },
      "network": {
        "droppedBackchannels": 1,
        "delayedBackchannels": 0,
        "listenTargetIds": [
          1002,
          1004
        ],
        "listenTraffic": 111,
        "reconnectMilliseconds": 5.353084999999965,
        "terminateRequests": 2,
        "variants": [
          "1"
        ],
        "writeTraffic": 214
      },
      "result": {
        "initialDocuments": [
          "first",
          "second"
        ],
        "listenerDeliveryMilliseconds": [
          21.399999976158142,
          20,
          14.199999988079071,
          18.400000005960464,
          18,
          22.19999998807907,
          19.80000001192093,
          18,
          21.5,
          18.5,
          23.400000005960464,
          17.19999998807907,
          19.80000001192093,
          21,
          17.5,
          15.599999994039536,
          16.5,
          17.799999982118607,
          22,
          17.80000001192093,
          15,
          16,
          11.900000005960464,
          20,
          22.19999998807907,
          15,
          11.400000005960464,
          18.599999994039536,
          12.200000017881393,
          19.400000005960464,
          14.799999982118607,
          19.80000001192093,
          18.299999982118607,
          16.100000023841858,
          12.799999982118607,
          18,
          14.400000005960464,
          14.199999988079071,
          12.5,
          20.900000005960464,
          17.80000001192093,
          21.5,
          18.599999994039536,
          11,
          17.69999998807907,
          20.5,
          20.30000001192093,
          18.900000005960464,
          12,
          20.400000005960464,
          19.5,
          18.19999998807907,
          13.099999994039536,
          17.900000005960464,
          20.30000001192093,
          18.899999976158142,
          21.30000001192093,
          19.5,
          19.900000005960464,
          20.299999982118607,
          19.900000005960464,
          19.5,
          16.099999994039536,
          21.900000005960464,
          15.200000017881393,
          17.69999998807907,
          21.400000005960464,
          17.900000005960464,
          11.699999988079071,
          19.400000005960464,
          18.599999994039536,
          12.400000005960464,
          20.299999982118607,
          18,
          21.200000017881393,
          19.69999998807907,
          21.099999994039536,
          21.30000001192093,
          19.30000001192093,
          18.599999994039536,
          18.69999998807907,
          19.900000005960464,
          20.400000005960464,
          21.299999982118607,
          20.100000023841858,
          20.299999982118607,
          20,
          22,
          21,
          17,
          19.80000001192093,
          20.900000005960464,
          19.099999994039536,
          19.900000005960464,
          19.599999994039536,
          20.69999998807907,
          19,
          19.700000017881393,
          19.899999976158142,
          20.30000001192093
        ],
        "liveDocuments": [
          "first",
          "second"
        ],
        "observedUnicode": "東京/emoji-😀/é/second/2",
        "projectId": "demo-fireside-phase2-browser",
        "runId": "long-polling-disk-mti6ns3q",
        "variant": "long-polling"
      }
    },
    {
      "benchmark": {
        "maximumMilliseconds": 20.900000005960464,
        "p99Milliseconds": 20.5,
        "sampleCount": 100,
        "thresholdMilliseconds": 1000
      },
      "network": {
        "droppedBackchannels": 1,
        "delayedBackchannels": 0,
        "listenTargetIds": [
          1002,
          1004
        ],
        "listenTraffic": 6,
        "reconnectMilliseconds": 3.8516340000001037,
        "terminateRequests": 2,
        "variants": [
          "0"
        ],
        "writeTraffic": 108
      },
      "result": {
        "initialDocuments": [
          "first",
          "second"
        ],
        "listenerDeliveryMilliseconds": [
          13.300000011920929,
          17.799999982118607,
          20,
          20.5,
          18.599999994039536,
          20.900000005960464,
          11,
          17.80000001192093,
          13.5,
          16.69999998807907,
          13.099999994039536,
          17.200000017881393,
          10.900000005960464,
          8.5,
          10.899999976158142,
          11.700000017881393,
          17.400000005960464,
          11.699999988079071,
          11.300000011920929,
          17.599999994039536,
          11.799999982118607,
          17.80000001192093,
          12.900000005960464,
          17.599999994039536,
          13.199999988079071,
          16.900000005960464,
          13,
          17.099999994039536,
          12.100000023841858,
          17,
          12.099999994039536,
          18.5,
          11.799999982118607,
          18.400000005960464,
          13.400000005960464,
          15.800000011920929,
          12.199999988079071,
          18.099999994039536,
          12.599999994039536,
          17.5,
          12.5,
          17.5,
          13,
          16.700000017881393,
          12.400000005960464,
          17.69999998807907,
          12.5,
          17.099999994039536,
          12,
          18,
          12.300000011920929,
          18.299999982118607,
          12.200000017881393,
          17.599999994039536,
          12.599999994039536,
          17.599999994039536,
          11.600000023841858,
          17.5,
          12,
          12.299999982118607,
          16.80000001192093,
          12.599999994039536,
          17.19999998807907,
          12.200000017881393,
          17.69999998807907,
          12.300000011920929,
          18,
          11.599999994039536,
          18,
          10.599999994039536,
          9.5,
          10.200000017881393,
          10,
          18.69999998807907,
          14.800000011920929,
          16,
          12.099999994039536,
          18.599999994039536,
          11.199999988079071,
          18.5,
          12.300000011920929,
          18.099999994039536,
          19.30000001192093,
          13,
          17.299999982118607,
          12,
          17.700000017881393,
          12.299999982118607,
          18,
          12.400000005960464,
          17.30000001192093,
          12.900000005960464,
          17.5,
          11.900000005960464,
          17.399999976158142,
          12.5,
          18.5,
          12.200000017881393,
          17.099999994039536,
          12.099999994039536
        ],
        "liveDocuments": [
          "first",
          "second"
        ],
        "observedUnicode": "東京/emoji-😀/é/second/2",
        "projectId": "demo-fireside-phase2-browser",
        "runId": "streaming-disk-mti6ntz8",
        "variant": "streaming"
      }
    },
    {
      "benchmark": {
        "maximumMilliseconds": 26.80000001192093,
        "p99Milliseconds": 23.599999994039536,
        "sampleCount": 100,
        "thresholdMilliseconds": 2000
      },
      "network": {
        "droppedBackchannels": 1,
        "delayedBackchannels": 1,
        "listenTargetIds": [
          1002,
          1004
        ],
        "listenTraffic": 112,
        "reconnectMilliseconds": 3.702354000000014,
        "terminateRequests": 2,
        "variants": [
          "0",
          "1"
        ],
        "writeTraffic": 108
      },
      "result": {
        "initialDocuments": [
          "first",
          "second"
        ],
        "listenerDeliveryMilliseconds": [
          21.5,
          26.80000001192093,
          19.599999994039536,
          21.19999998807907,
          20.5,
          19.200000017881393,
          18.69999998807907,
          19.099999994039536,
          19.200000017881393,
          20.099999994039536,
          20.5,
          20.30000001192093,
          19.299999982118607,
          20.200000017881393,
          20,
          19.69999998807907,
          20.19999998807907,
          18.30000001192093,
          16.80000001192093,
          13.899999976158142,
          20.400000005960464,
          20.5,
          18.900000005960464,
          20.400000005960464,
          19.400000005960464,
          20.69999998807907,
          19.900000005960464,
          20.099999994039536,
          21,
          19.19999998807907,
          18.5,
          19.80000001192093,
          18.099999994039536,
          20.80000001192093,
          22.19999998807907,
          19.5,
          21.599999994039536,
          16.5,
          20.700000017881393,
          20,
          21,
          21.400000005960464,
          20.5,
          18.899999976158142,
          20.600000023841858,
          20.099999994039536,
          17.299999982118607,
          22.700000017881393,
          19.5,
          20.5,
          19.5,
          19.900000005960464,
          19.299999982118607,
          17.900000005960464,
          21.30000001192093,
          21.19999998807907,
          16.5,
          20.69999998807907,
          21,
          20.200000017881393,
          22.299999982118607,
          19.100000023841858,
          20,
          19.899999976158142,
          21.100000023841858,
          18.799999982118607,
          18.599999994039536,
          19.400000005960464,
          20.599999994039536,
          19.700000017881393,
          21,
          18.900000005960464,
          22.19999998807907,
          20.099999994039536,
          18,
          23.599999994039536,
          19.200000017881393,
          19.799999982118607,
          18.600000023841858,
          18.899999976158142,
          22.700000017881393,
          19.900000005960464,
          17.69999998807907,
          18.5,
          23.599999994039536,
          19.5,
          17.5,
          20.80000001192093,
          20.69999998807907,
          21.099999994039536,
          19,
          20.5,
          18.200000017881393,
          20.400000005960464,
          19.5,
          20,
          20.099999994039536,
          21.799999982118607,
          20.30000001192093,
          19.900000005960464
        ],
        "liveDocuments": [
          "first",
          "second"
        ],
        "observedUnicode": "東京/emoji-😀/é/second/2",
        "projectId": "demo-fireside-phase2-browser",
        "runId": "buffering-proxy-auto-detection-disk-mti6nvkl",
        "variant": "buffering-proxy-auto-detection"
      }
    }
  ],
  "schemaVersion": 1
}
