npm notice run fireside-conformance@0.0.1 test
npm notice run node --import tsx --test test/target.test.ts test/endurance-tooling.test.ts test/rest-oracle-fixtures.test.ts test/webchannel-capture.test.ts test/webchannel-fixtures.test.ts test/firebase-js-sdk-karma-evidence.test.ts test/phase2-gate-plan.test.ts
✔ frozen endurance schedule preserves the approved operation mix (13.301732ms)
✔ sustained slope observation waits for one full post-warm-up hour (0.71063ms)
✔ frozen working-set payload sizing is internally exact (2.103932ms)
✔ endurance statistics use nearest-rank percentiles and Theil-Sen slope (0.406681ms)
✔ oscillation analysis recovers a shared period and exposes phase sensitivity (1081.224539ms)
✔ Linux process telemetry separates resident-page categories (1.206941ms)
✔ a failed endurance criterion raises a durable gate failure (0.754471ms)
✔ controlled host health accepts a quiet current boot (0.61382ms)
✔ controlled host health rejects OOMs and runaway SSH login churn (0.779191ms)
✔ accepts and preserves the pinned native-skip-only partition (2.733293ms)
✔ accepts a normal successful Karma partition (0.505421ms)
✔ rejects failures, empty selections, and infrastructure errors (2.068662ms)
✔ Phase 2 conformance plan matches the unchanged frozen manifest (11.07574ms)
✔ Phase 2 conformance commands execute directly without a shell (0.85324ms)
✔ Phase 2 gate accepts the exact frozen toolchain (0.7101ms)
✔ Phase 2 gate rejects a login-shell Java downgrade (0.815921ms)
✔ Phase 2 gate reports every frozen toolchain mismatch (0.469921ms)
✔ java-v1.22.0 aggregation-count fixture is safe and exact (14.075773ms)
✔ java-v1.22.0 aggregation-limit-error fixture pins the exact limit (4.715835ms)
✔ java-v1.22.0 aggregation-composite-filter fixture pins the request shape (2.417212ms)
✔ java-v1.22.0 transaction fixture pins commit validation and masks (2.778322ms)
✔ java-v1.22.0 transaction no-op fixture preserves update time (4.740724ms)
✔ production-cloud-firestore aggregation-count fixture is safe and exact (3.124633ms)
✔ production-cloud-firestore aggregation-limit-error fixture pins the exact limit (2.647012ms)
✔ production-cloud-firestore aggregation-composite-filter fixture pins the request shape (1.344252ms)
✔ production-cloud-firestore transaction fixture pins commit validation and masks (2.115932ms)
✔ production-cloud-firestore transaction no-op fixture preserves update time (2.882842ms)
✔ resolves an emulator target only with an explicit host (2.012062ms)
✔ refuses a cloud project without an exact independent allowlist (0.27002ms)
✔ refuses a different cloud project even when duplicate inputs match (0.17276ms)
✔ only allows the dedicated Enterprise cloud database (0.20473ms)
✔ rejects unknown targets (0.16851ms)
✔ WebChannel frame lengths count decoded UTF-16 code units (2.465722ms)
✔ capture decoder preserves form order and exposes framed responses (16.051784ms)
✔ pinned Firebase JS SDK gate mirrors Google's minified integration workflow (16.254535ms)
✔ Java WebChannel fixture is safe and internally exact: listen-long-poll (2.787202ms)
✔ Java WebChannel fixture is safe and internally exact: listen-streaming (5.631375ms)
✔ Java WebChannel fixture is safe and internally exact: bundle-nanosecond-read-time (3.786844ms)
✔ Java WebChannel fixture is safe and internally exact: write-long-poll (1.700231ms)
✔ Java WebChannel fixture is safe and internally exact: write-streaming (1.635141ms)
✔ Java WebChannel fixture is safe and internally exact: write-cross-client-update (5.435265ms)
✔ Java WebChannel fixture is safe and internally exact: write-missing-update-error (2.170722ms)
✔ Java WebChannel fixture is safe and internally exact: write-overlap (2.104452ms)
✔ Java WebChannel fixture is safe and internally exact: multiple-inequality-query (3.193863ms)
✔ Java WebChannel fixture is safe and internally exact: numeric-resource-id-ordering (5.851165ms)
✔ Java WebChannel fixture is safe and internally exact: reserved-resource-id-error (5.275205ms)
✔ Java WebChannel fixture is safe and internally exact: backchannel-reconnect-replay (2.254972ms)
✔ Java WebChannel fixture is safe and internally exact: unicode-framing (3.702284ms)
✔ Java WebChannel fixture is safe and internally exact: unknown-sid (1.954221ms)
✔ production cloud WebChannel fixture is safe and internally exact: listen-long-poll (1.784551ms)
✔ production cloud WebChannel fixture is safe and internally exact: listen-streaming (1.422602ms)
✔ production cloud WebChannel fixture is safe and internally exact: bundle-nanosecond-read-time (2.758242ms)
✔ production cloud WebChannel fixture is safe and internally exact: write-long-poll (2.794493ms)
✔ production cloud WebChannel fixture is safe and internally exact: write-streaming (2.039802ms)
✔ production cloud WebChannel fixture is safe and internally exact: write-cross-client-update (5.392305ms)
✔ production cloud WebChannel fixture is safe and internally exact: write-missing-update-error (2.761252ms)
✔ production cloud WebChannel fixture is safe and internally exact: write-overlap (2.432382ms)
✔ production cloud WebChannel fixture is safe and internally exact: multiple-inequality-query (3.763873ms)
✔ production cloud WebChannel fixture is safe and internally exact: numeric-resource-id-ordering (6.135745ms)
✔ production cloud WebChannel fixture is safe and internally exact: reserved-resource-id-error (2.108272ms)
✔ production cloud WebChannel fixture is safe and internally exact: backchannel-reconnect-replay (1.688141ms)
✔ production cloud WebChannel fixture is safe and internally exact: unicode-framing (2.921793ms)
✔ production cloud WebChannel fixture is safe and internally exact: unknown-sid (1.736261ms)
✔ Java numeric resource ID fixture pins the reserved-namespace exception (3.261182ms)
✔ Java reserved resource ID fixture pins the exact browser-visible error (1.953821ms)
✔ Java fixtures distinguish long polling, streaming, retry, and UTF-16 framing (2.603483ms)
✔ production cloud numeric resource ID fixture pins the reserved-namespace exception (4.318824ms)
✔ production cloud reserved resource ID fixture pins the exact browser-visible error (3.622213ms)
✔ production cloud fixtures distinguish long polling, streaming, retry, and UTF-16 framing (3.377573ms)
✔ Java and cloud fixtures pin their handshake and unknown-SID deviations (3.068713ms)
✔ Java and cloud fixtures pin inequality type ranges and key-order validation (3.386383ms)
✔ cloud folded authorization is redacted and termination keeps its empty-body length (1.262471ms)
✔ Java and cloud forward acknowledgements pin open and active backchannels (1.729222ms)
✔ Java and cloud accept overlapping writes that reuse the last acknowledged stream token (2.736862ms)
✔ Java and cloud accept bundle Listen targets with nanosecond read times (2.662083ms)
ℹ tests 75
ℹ suites 0
ℹ pass 75
ℹ fail 0
ℹ cancelled 0
ℹ skipped 0
ℹ todo 0
ℹ duration_ms 1391.512567
