npm notice run fireside-conformance@0.0.1 test:fireside:disk
npm notice run node --import tsx src/run-fireside.ts --disk
fireside Firestore persistence: /tmp/fireside-conformance-disk-MKxL0r (write-ahead journal enabled, redb cache 67108864 bytes)
fireside Firestore listening on 127.0.0.1:34221 with 4 runtime worker thread(s); mimalloc purge delay 0 ms, decommit true
(node:372321) MetadataLookupWarning: received unexpected error = All promises were rejected code = UNKNOWN
(Use `node --trace-warnings ...` to show where the warning was created)
✔ collection-group queries honor an ancestor document (3700.969718ms)
(node:372322) MetadataLookupWarning: received unexpected error = All promises were rejected code = UNKNOWN
(Use `node --trace-warnings ...` to show where the warning was created)
✔ CreateDocument assigns an ID, preserves masked fields, and rejects conflicts (3765.381195ms)
✔ BulkWriter commits independent writes and surfaces per-write errors (721.595237ms)
✔ BulkWriter accepts a near-5-MiB batch of individually valid documents (459.614142ms)
✔ list RPCs paginate direct children and preserve masks (47.171832ms)
✔ ListDocuments orders fields and requires a collection selector (50.885876ms)
✔ ListDocuments showMissing returns name-only ancestor placeholders (30.249757ms)
✔ BatchWrite reports per-write conflicts and commits independent writes (28.606246ms)
(node:372323) MetadataLookupWarning: received unexpected error = All promises were rejected code = UNKNOWN
(Use `node --trace-warnings ...` to show where the warning was created)
✔ write conflicts return the production gRPC status codes (4619.799091ms)
✔ Admin SDK retries an aborted read-write transaction (782.211231ms)
(node:372329) MetadataLookupWarning: received unexpected error = All promises were rejected code = UNKNOWN
(Use `node --trace-warnings ...` to show where the warning was created)
✔ target accepts an SDK write/read/delete round trip (3818.598212ms)
(node:372340) MetadataLookupWarning: received unexpected error = All promises were rejected code = UNKNOWN
(Use `node --trace-warnings ...` to show where the warning was created)
✔ read_time reconstructs committed versions after a later delete (4596.14792ms)
(node:372341) MetadataLookupWarning: received unexpected error = All promises were rejected code = UNKNOWN
(Use `node --trace-warnings ...` to show where the warning was created)
✔ raw Listen removes a malformed-token target without closing the stream (3637.16059ms)
✔ query listeners deliver an initial snapshot and ordered changes (796.257224ms)
✔ raw Listen resumes after a CURRENT checkpoint without replaying prior documents (82.838604ms)
✔ raw Listen read_time delivers only changes after the historical snapshot (405.090603ms)
✔ raw Listen falls back to the full target when read_time has expired (34.0163ms)
(node:372347) MetadataLookupWarning: received unexpected error = All promises were rejected code = UNKNOWN
(Use `node --trace-warnings ...` to show where the warning was created)
✔ named databases preserve isolation in the v1 resource path (3700.993787ms)
(node:372353) MetadataLookupWarning: received unexpected error = All promises were rejected code = UNKNOWN
(Use `node --trace-warnings ...` to show where the warning was created)
✔ partitionQuery returns ordered document-name split cursors (4669.804776ms)
(node:372355) MetadataLookupWarning: received unexpected error = All promises were rejected code = UNKNOWN
(Use `node --trace-warnings ...` to show where the warning was created)
✔ ExecutePipeline preserves the production database-edition gate (10579.381883ms)
(node:372365) MetadataLookupWarning: received unexpected error = All promises were rejected code = UNKNOWN
(Use `node --trace-warnings ...` to show where the warning was created)
✔ RunQuery explain separates planning from analyzed execution (3791.338929ms)
✔ RunAggregationQuery explain reports the aggregate result count (348.224162ms)
(node:372373) MetadataLookupWarning: received unexpected error = All promises were rejected code = UNKNOWN
(Use `node --trace-warnings ...` to show where the warning was created)
✔ queries match the production operator and shaping contract (5000.775862ms)
(node:372453) MetadataLookupWarning: received unexpected error = All promises were rejected code = UNKNOWN
(Use `node --trace-warnings ...` to show where the warning was created)
✔ orderBy follows the production mixed-value order (3496.540494ms)
✔ integer and double ordering does not lose int64 precision (80.334942ms)
✔ REST v1 patches, reads, deletes, and reports missing documents (80.165762ms)
✔ REST v1 commit, batchGet, and runQuery share document semantics (177.407699ms)
✔ REST v1 commit applies update and document transforms (136.447882ms)
✔ REST v1 preserves the production missing-index status (84.667446ms)
(node:372465) MetadataLookupWarning: received unexpected error = All promises were rejected code = UNKNOWN
(Use `node --trace-warnings ...` to show where the warning was created)
✔ streaming Write performs a tokened handshake and atomic write (3347.929251ms)
(node:372477) MetadataLookupWarning: received unexpected error = All promises were rejected code = UNKNOWN
(Use `node --trace-warnings ...` to show where the warning was created)
✔ nearest-vector queries match production distance semantics (3315.074702ms)
(node:372485) MetadataLookupWarning: received unexpected error = All promises were rejected code = UNKNOWN
(Use `node --trace-warnings ...` to show where the warning was created)
✔ field transforms use the production commit semantics (3252.622846ms)
✔ array transforms use production numeric equality (45.431561ms)
✔ minimum and maximum transforms preserve production numeric types (37.636664ms)
ℹ tests 34
ℹ suites 0
ℹ pass 34
ℹ fail 0
ℹ cancelled 0
ℹ skipped 0
ℹ todo 0
ℹ duration_ms 11829.151584
✔ emulator control APIs register triggers and clear data (62.654297ms)
✔ emulator export writes the named official-format directory (18.922617ms)
ℹ tests 2
ℹ suites 0
ℹ pass 2
ℹ fail 0
ℹ cancelled 0
ℹ skipped 0
ℹ todo 0
ℹ duration_ms 725.20164
