✔ WebChannel frame lengths count decoded UTF-16 code units (1.760769ms)
✔ capture decoder preserves form order and exposes framed responses (9.821103ms)
✔ pinned Firebase JS SDK gate mirrors Google's minified integration workflow (19.050457ms)
✔ Java WebChannel fixture is safe and internally exact: listen-long-poll (9.022594ms)
✔ Java WebChannel fixture is safe and internally exact: listen-streaming (12.314392ms)
✔ Java WebChannel fixture is safe and internally exact: bundle-nanosecond-read-time (11.566752ms)
✔ Java WebChannel fixture is safe and internally exact: write-long-poll (10.153843ms)
✔ Java WebChannel fixture is safe and internally exact: write-streaming (13.813261ms)
✔ Java WebChannel fixture is safe and internally exact: write-cross-client-update (24.857413ms)
✔ Java WebChannel fixture is safe and internally exact: write-missing-update-error (19.877567ms)
✔ Java WebChannel fixture is safe and internally exact: write-overlap (13.53667ms)
✔ Java WebChannel fixture is safe and internally exact: multiple-inequality-query (18.635358ms)
✔ Java WebChannel fixture is safe and internally exact: numeric-resource-id-ordering (26.537083ms)
✔ Java WebChannel fixture is safe and internally exact: reserved-resource-id-error (18.395477ms)
✔ Java WebChannel fixture is safe and internally exact: backchannel-reconnect-replay (13.686781ms)
✔ Java WebChannel fixture is safe and internally exact: unicode-framing (15.63658ms)
✔ Java WebChannel fixture is safe and internally exact: unknown-sid (13.988241ms)
✔ production cloud WebChannel fixture is safe and internally exact: listen-long-poll (14.103811ms)
✔ production cloud WebChannel fixture is safe and internally exact: listen-streaming (14.552151ms)
✔ production cloud WebChannel fixture is safe and internally exact: bundle-nanosecond-read-time (16.640739ms)
✔ production cloud WebChannel fixture is safe and internally exact: write-long-poll (16.097059ms)
✔ production cloud WebChannel fixture is safe and internally exact: write-streaming (15.82652ms)
✔ production cloud WebChannel fixture is safe and internally exact: write-cross-client-update (30.667399ms)
✔ production cloud WebChannel fixture is safe and internally exact: write-missing-update-error (21.505896ms)
✔ production cloud WebChannel fixture is safe and internally exact: write-overlap (15.683369ms)
✔ production cloud WebChannel fixture is safe and internally exact: multiple-inequality-query (16.064799ms)
✔ production cloud WebChannel fixture is safe and internally exact: numeric-resource-id-ordering (26.194943ms)
✔ production cloud WebChannel fixture is safe and internally exact: reserved-resource-id-error (17.598579ms)
✔ production cloud WebChannel fixture is safe and internally exact: backchannel-reconnect-replay (14.67888ms)
✔ production cloud WebChannel fixture is safe and internally exact: unicode-framing (15.35129ms)
✔ production cloud WebChannel fixture is safe and internally exact: unknown-sid (12.124512ms)
✔ Java numeric resource ID fixture pins the reserved-namespace exception (5.244237ms)
✔ Java reserved resource ID fixture pins the exact browser-visible error (4.134977ms)
✔ Java fixtures distinguish long polling, streaming, retry, and UTF-16 framing (4.684747ms)
✔ production cloud numeric resource ID fixture pins the reserved-namespace exception (5.303986ms)
✔ production cloud reserved resource ID fixture pins the exact browser-visible error (1.912328ms)
✔ production cloud fixtures distinguish long polling, streaming, retry, and UTF-16 framing (3.733888ms)
✔ Java and cloud fixtures pin their handshake and unknown-SID deviations (5.794906ms)
✔ Java and cloud fixtures pin inequality type ranges and key-order validation (7.191115ms)
✔ cloud folded authorization is redacted and termination keeps its empty-body length (2.469958ms)
✔ Java and cloud forward acknowledgements pin open and active backchannels (2.623099ms)
✔ Java and cloud accept overlapping writes that reuse the last acknowledged stream token (1.39913ms)
✔ Java and cloud accept bundle Listen targets with nanosecond read times (3.657897ms)
ℹ tests 43
ℹ suites 0
ℹ pass 43
ℹ fail 0
ℹ cancelled 0
ℹ skipped 0
ℹ todo 0
ℹ duration_ms 819.947271
