[1m
portless
[22m
[2m-- Proxy is running[22m
[2m-- templates.twodart.localhost (auto-resolves to 127.0.0.1)[22m
[2m-- Name "templates.twodart" (from --name flag)[22m
-- Using port 23013 (fixed)
[1m
  -> https://templates.twodart.localhost
[22m
[2mRunning: PORT=23013 HOST=127.0.0.1 PORTLESS_URL=https://templates.twodart.localhost NODE_EXTRA_CA_CERTS="/home/sanjevi/.portless/ca.pem" bash -c cd apps/templates && exec bun run dev -- --port=$PORT
[22m
[0m[2m[35m$[0m [2m[1mbun next dev "--port=23013"[0m
[1m[38;2;173;127;168m▲ Next.js 16.2.9[39m[22m (Turbopack)
- Local:         http://localhost:23013
- Network:       http://192.168.100.205:23013
- Environments: .env.local
[32m[1m✓[22m[39m Ready in 481ms
[37m[1m○[22m[39m Compiling instrumentation Node.js ...
- Experiments (use with caution):
  · clientTraceMetadata

[37m[1m○[22m[39m Compiling /login/[loginType] ...
WARNING: You are using the Auth Emulator, which is intended for local testing only.  Do not use with production credentials.
Firebase initialized successfully
WARNING: You are using the Auth Emulator, which is intended for local testing only.  Do not use with production credentials.
Firebase initialized successfully
 GET /login/overview [32m200[39m in 15.9s[2m (next.js: 15.7s, generate-params: 5.7s, application-code: 184ms)[22m
 GET /login/overview [32m200[39m in 588ms[2m (next.js: 567ms, generate-params: 529ms, application-code: 21ms)[22m
WARNING: You are using the Auth Emulator, which is intended for local testing only.  Do not use with production credentials.
Firebase initialized successfully
 GET /login/overview [32m200[39m in 594ms[2m (next.js: 570ms, generate-params: 516ms, application-code: 24ms)[22m
WARNING: You are using the Auth Emulator, which is intended for local testing only.  Do not use with production credentials.
Firebase initialized successfully
 GET /login/overview [32m200[39m in 829ms[2m (next.js: 794ms, generate-params: 478ms, application-code: 35ms)[22m
 GET /login/undefined [32m200[39m in 78ms[2m (next.js: 53ms, generate-params: 35µs, application-code: 25ms)[22m
[36m[browser][39m [33m[GSI_LOGGER]: Your client application uses one of the Google One Tap prompt UI status methods that may stop functioning when FedCM becomes mandatory. Refer to the migration guide to update your code accordingly and opt-in to FedCM to test your changes. Learn more: https://developers.google.com/identity/gsi/web/guides/fedcm-migration?s=dc#display_moment and https://developers.google.com/identity/gsi/web/guides/fedcm-migration?s=dc#skipped_moment[39m [2m(file:///srv/dev-fast/runtime-data/fireside-phase5-20260902T1417+0800-5b51e4d/stack-official/apps/templates/.next/dev/static/chunks/node_modules_next_dist_1g01jok._.js:2196:13)[22m
[36m[browser][39m [33mFailed to load some fonts[39m [2m(file:///srv/dev-fast/runtime-data/fireside-phase5-20260902T1417+0800-5b51e4d/stack-official/apps/templates/.next/dev/static/chunks/node_modules_next_dist_1g01jok._.js:2196:13)[22m
WARNING: You are using the Auth Emulator, which is intended for local testing only.  Do not use with production credentials.
Firebase initialized successfully
[36m[browser][39m [GSI_LOGGER]: FedCM get() rejects with NetworkError: Error retrieving a token. 
[31m    at _.H (https://accounts.google.com/gsi/client:88:89)
    at _.$u.ma (https://accounts.google.com/gsi/client:352:353)
    at Object.ma (https://accounts.google.com/gsi/client:354:416)
    at <unknown> (https://accounts.google.com/gsi/client:312:935)[39m [2m(https://accounts.google.com/gsi/client:88:89)[22m
 POST /api/login/verificationCode [32m200[39m in 847ms[2m (next.js: 398ms, application-code: 449ms)[22m
 POST /api/login/verificationCode [32m200[39m in 68ms[2m (next.js: 5ms, application-code: 63ms)[22m
 GET /home/recent [32m200[39m in 140ms[2m (next.js: 113ms, application-code: 27ms)[22m
 GET /home/recent [32m200[39m in 56ms[2m (next.js: 25ms, application-code: 31ms)[22m
 GET /home/undefined [32m200[39m in 81ms[2m (next.js: 44ms, application-code: 37ms)[22m
[36m[browser][39m [33mFailed to load some fonts[39m [2m(file:///srv/dev-fast/runtime-data/fireside-phase5-20260902T1417+0800-5b51e4d/stack-official/apps/templates/.next/dev/static/chunks/node_modules_next_dist_1g01jok._.js:2196:13)[22m
 GET /presentation/phase5-smoke-deck [32m200[39m in 389ms[2m (next.js: 371ms, application-code: 18ms)[22m
 GET /presentation/undefined [32m200[39m in 69ms[2m (next.js: 39ms, application-code: 30ms)[22m
[36m[browser][39m [33mFailed to load some fonts[39m [2m(file:///srv/dev-fast/runtime-data/fireside-phase5-20260902T1417+0800-5b51e4d/stack-official/apps/templates/.next/dev/static/chunks/node_modules_next_dist_1g01jok._.js:2196:13)[22m
 GET /presentation/phase5-smoke-deck [32m200[39m in 68ms[2m (next.js: 52ms, application-code: 16ms)[22m
 POST /api/collaboration/cleanupUser [32m200[39m in 113ms[2m (next.js: 24ms, application-code: 89ms)[22m
 GET /presentation/undefined [32m200[39m in 74ms[2m (next.js: 44ms, application-code: 30ms)[22m
[36m[browser][39m [33mFailed to load some fonts[39m [2m(file:///srv/dev-fast/runtime-data/fireside-phase5-20260902T1417+0800-5b51e4d/stack-official/apps/templates/.next/dev/static/chunks/node_modules_next_dist_1g01jok._.js:2196:13)[22m
 GET /presentation/phase5-smoke-deck [32m200[39m in 71ms[2m (next.js: 53ms, application-code: 18ms)[22m
 POST /api/collaboration/cleanupUser [32m200[39m in 139ms[2m (next.js: 28ms, application-code: 110ms)[22m
 GET /presentation/undefined [32m200[39m in 62ms[2m (next.js: 42ms, application-code: 20ms)[22m
[36m[browser][39m [33mFailed to load some fonts[39m [2m(file:///srv/dev-fast/runtime-data/fireside-phase5-20260902T1417+0800-5b51e4d/stack-official/apps/templates/.next/dev/static/chunks/node_modules_next_dist_1g01jok._.js:2196:13)[22m
 POST /api/collaboration/cleanupUser [32m200[39m in 94ms[2m (next.js: 3ms, application-code: 90ms)[22m
[36m[browser][39m A props object containing a "key" prop is being spread into JSX:
  let props = {key: someKey, disabled: ..., showLabel: ..., dropZoneOptions: ..., placeholderText: ..., placeholderDropText: ..., placeholderTextClass: ..., dropContainerClass: ...};
  <Memo {...props} />
React keys must be passed directly to JSX without using spread:
  let props = {disabled: ..., showLabel: ..., dropZoneOptions: ..., placeholderText: ..., placeholderDropText: ..., placeholderTextClass: ..., dropContainerClass: ...};
  <Memo key={someKey} {...props} /> 
[31m    at jsxDEVImpl (file:///srv/dev-fast/runtime-data/fireside-phase5-20260902T1417+0800-5b51e4d/stack-official/apps/templates/.next/dev/static/chunks/node_modules_09yci_9._.js:1253:147)
    at exports.jsxDEV (file:///srv/dev-fast/runtime-data/fireside-phase5-20260902T1417+0800-5b51e4d/stack-official/apps/templates/.next/dev/static/chunks/node_modules_09yci_9._.js:1287:16)
    at <unknown> (file:///srv/dev-fast/runtime-data/fireside-phase5-20260902T1417+0800-5b51e4d/stack-official/apps/templates/.next/dev/static/chunks/apps_templates_components_Products_components_Shared_ImageLibrary_0re_4-e._.js:1439:222)
    at observer.observerComponent.useObserver (file:///srv/dev-fast/runtime-data/fireside-phase5-20260902T1417+0800-5b51e4d/stack-official/apps/templates/.next/dev/static/chunks/node_modules_09yci_9._.js:18011:24)
    at <unknown> (file:///srv/dev-fast/runtime-data/fireside-phase5-20260902T1417+0800-5b51e4d/stack-official/apps/templates/.next/dev/static/chunks/node_modules_09yci_9._.js:17945:28)
    at trackDerivedFunction (file:///srv/dev-fast/runtime-data/fireside-phase5-20260902T1417+0800-5b51e4d/stack-official/apps/templates/.next/dev/static/chunks/node_modules_mobx_dist_mobx_esm_0o174ti.js:2071:24)
    at Reaction.track (file:///srv/dev-fast/runtime-data/fireside-phase5-20260902T1417+0800-5b51e4d/stack-official/apps/templates/.next/dev/static/chunks/node_modules_mobx_dist_mobx_esm_0o174ti.js:2637:22)
    at useObserver (file:///srv/dev-fast/runtime-data/fireside-phase5-20260902T1417+0800-5b51e4d/stack-official/apps/templates/.next/dev/static/chunks/node_modules_09yci_9._.js:17943:18)
    at <unknown> (file:///srv/dev-fast/runtime-data/fireside-phase5-20260902T1417+0800-5b51e4d/stack-official/apps/templates/.next/dev/static/chunks/node_modules_09yci_9._.js:18009:186)
    at Object.react_stack_bottom_frame (file:///srv/dev-fast/runtime-data/fireside-phase5-20260902T1417+0800-5b51e4d/stack-official/apps/templates/.next/dev/static/chunks/node_modules_react-dom_cjs_react-dom-client_development_1nq9a-7.js:13589:24)
    at renderWithHooks (file:///srv/dev-fast/runtime-data/fireside-phase5-20260902T1417+0800-5b51e4d/stack-official/apps/templates/.next/dev/static/chunks/node_modules_react-dom_cjs_react-dom-client_development_1nq9a-7.js:4253:24)
    at updateFunctionComponent (file:///srv/dev-fast/runtime-data/fireside-phase5-20260902T1417+0800-5b51e4d/stack-official/apps/templates/.next/dev/static/chunks/node_modules_react-dom_cjs_react-dom-client_development_1nq9a-7.js:5706:21)
    at updateSimpleMemoComponent (file:///srv/dev-fast/runtime-data/fireside-phase5-20260902T1417+0800-5b51e4d/stack-official/apps/templates/.next/dev/static/chunks/node_modules_react-dom_cjs_react-dom-client_development_1nq9a-7.js:5569:16)
    at updateMemoComponent (file:///srv/dev-fast/runtime-data/fireside-phase5-20260902T1417+0800-5b51e4d/stack-official/apps/templates/.next/dev/static/chunks/node_modules_react-dom_cjs_react-dom-client_development_1nq9a-7.js:5544:302)
    at beginWork (file:///srv/dev-fast/runtime-data/fireside-phase5-20260902T1417+0800-5b51e4d/stack-official/apps/templates/.next/dev/static/chunks/node_modules_react-dom_cjs_react-dom-client_development_1nq9a-7.js:6374:24)
    at runWithFiberInDEV (file:///srv/dev-fast/runtime-data/fireside-phase5-20260902T1417+0800-5b51e4d/stack-official/apps/templates/.next/dev/static/chunks/node_modules_react-dom_cjs_react-dom-client_development_1nq9a-7.js:675:74)
    at performUnitOfWork (file:///srv/dev-fast/runtime-data/fireside-phase5-20260902T1417+0800-5b51e4d/stack-official/apps/templates/.next/dev/static/chunks/node_modules_react-dom_cjs_react-dom-client_development_1nq9a-7.js:8683:97)
    at workLoopSync (file:///srv/dev-fast/runtime-data/fireside-phase5-20260902T1417+0800-5b51e4d/stack-official/apps/templates/.next/dev/static/chunks/node_modules_react-dom_cjs_react-dom-client_development_1nq9a-7.js:8577:40)
    at renderRootSync (file:///srv/dev-fast/runtime-data/fireside-phase5-20260902T1417+0800-5b51e4d/stack-official/apps/templates/.next/dev/static/chunks/node_modules_react-dom_cjs_react-dom-client_development_1nq9a-7.js:8561:13)
    at performWorkOnRoot (file:///srv/dev-fast/runtime-data/fireside-phase5-20260902T1417+0800-5b51e4d/stack-official/apps/templates/.next/dev/static/chunks/node_modules_react-dom_cjs_react-dom-client_development_1nq9a-7.js:8189:186)
    at performSyncWorkOnRoot (file:///srv/dev-fast/runtime-data/fireside-phase5-20260902T1417+0800-5b51e4d/stack-official/apps/templates/.next/dev/static/chunks/node_modules_react-dom_cjs_react-dom-client_development_1nq9a-7.js:9331:9)
    at flushSyncWorkAcrossRoots_impl (file:///srv/dev-fast/runtime-data/fireside-phase5-20260902T1417+0800-5b51e4d/stack-official/apps/templates/.next/dev/static/chunks/node_modules_react-dom_cjs_react-dom-client_development_1nq9a-7.js:9247:316)
    at processRootScheduleInMicrotask (file:///srv/dev-fast/runtime-data/fireside-phase5-20260902T1417+0800-5b51e4d/stack-official/apps/templates/.next/dev/static/chunks/node_modules_react-dom_cjs_react-dom-client_development_1nq9a-7.js:9268:106)
    at <unknown> (file:///srv/dev-fast/runtime-data/fireside-phase5-20260902T1417+0800-5b51e4d/stack-official/apps/templates/.next/dev/static/chunks/node_modules_react-dom_cjs_react-dom-client_development_1nq9a-7.js:9342:158)[39m [2m(file:///srv/dev-fast/runtime-data/fireside-phase5-20260902T1417+0800-5b51e4d/stack-official/apps/templates/.next/dev/static/chunks/node_modules_09yci_9._.js:1253:147)[22m
[API Upload Order] ✅ License verification passed: phase5-smoke-user
[API Upload Order] 📥 Received upload for: fireside-phase5-e6d7e79e-2ff6-4711-bc4e-d2619596342d.png
[API Upload Order] 🆔 Using image ID from client: XLO3xLDkxv2kDcW1biR4
[API Upload Order] ⏰ uploadOrderTime from client: 1788572673466 (2026-09-05T01:44:33.466Z)
[API Upload Order] 📋 Current server time: 1788572674231 (2026-09-05T01:44:34.231Z)
[UserImage] Processing uploaded file: fireside-phase5-e6d7e79e-2ff6-4711-bc4e-d2619596342d.png, size: 76 bytes
[UserImage] 🔍 Calculated MD5 hash: c8e09e7a7d0d936969abf0f5cdbcdda8
Starting image processing (Original + High + Regular)...
Input: 2×2, png, 0KB
✓ Original PNG format → Using PNG

✓ Processing complete, applying smart fallback...
  Original: Processed (0KB) > Input (0KB) → Using resized input
  High png: Processed (0KB) > Input (0KB) → Using resized input
  High WebP: 2×2, 0KB ✓ (32% smaller than png)
  Regular png: Processed (0KB) > Input (0KB) → Using resized input
  Regular WebP: 2×2, 0KB ✓ (32% smaller than png)

✓ Final total size: 0.00MB (474% vs input)
💾 Generated: Original (2px) + High (2px) + Regular (2px)
[UserImage] Uploading image with ID: XLO3xLDkxv2kDcW1biR4
[UserImage] High WebP beneficial: true, Regular WebP beneficial: true
[UserImage] Variants uploaded successfully (Original + High + Regular)
[API Upload Order] 💾 Saving to Firestore - Image ID: XLO3xLDkxv2kDcW1biR4
[API Upload Order] 📊 uploadOrderTime being saved as NUMBER: 1788572673466 (2026-09-05T01:44:33.466Z)
[API Upload Order] 📊 This preserves millisecond precision for proper ordering
[API Upload Order] ✅ Document created in Firestore: XLO3xLDkxv2kDcW1biR4
[CDN Warming] 🔥 Starting parallel cache warming for 5 URLs...
 POST /api/user/uploadUserImage [32m200[39m in 538ms[2m (next.js: 396ms, application-code: 142ms)[22m
  ✓ Warmed: users%2Fphase5-smoke-user%2Fimages%2F4Ia5IGj8YZx19Sf3bVQD%2Fhigh.png?alt=media
  ✓ Warmed: users%2Fphase5-smoke-user%2Fimages%2F4Ia5IGj8YZx19Sf3bVQD%2Fhigh.webp?alt=media
  ✓ Warmed: users%2Fphase5-smoke-user%2Fimages%2F4Ia5IGj8YZx19Sf3bVQD%2Fregular.png?alt=media
  ✓ Warmed: users%2Fphase5-smoke-user%2Fimages%2F4Ia5IGj8YZx19Sf3bVQD%2Foriginal.png?alt=media
  ✓ Warmed: users%2Fphase5-smoke-user%2Fimages%2F4Ia5IGj8YZx19Sf3bVQD%2Fregular.webp?alt=media
[CDN Warming] ✅ Completed in 95ms
 GET /home/recent [32m200[39m in 52ms[2m (next.js: 31ms, application-code: 21ms)[22m
 POST /api/collaboration/cleanupUser [32m200[39m in 73ms[2m (next.js: 3ms, application-code: 70ms)[22m
 GET /home/undefined [32m200[39m in 58ms[2m (next.js: 32ms, application-code: 26ms)[22m
[36m[browser][39m [33mFailed to load some fonts[39m [2m(file:///srv/dev-fast/runtime-data/fireside-phase5-20260902T1417+0800-5b51e4d/stack-official/apps/templates/.next/dev/static/chunks/node_modules_next_dist_1g01jok._.js:2196:13)[22m
 POST /api/v/retire [32m200[39m in 109ms[2m (next.js: 29ms, application-code: 80ms)[22m
 GET /presentation/phase5-smoke-deck [32m200[39m in 55ms[2m (next.js: 30ms, application-code: 25ms)[22m
 GET /presentation/undefined [32m200[39m in 80ms[2m (next.js: 55ms, application-code: 25ms)[22m
[36m[browser][39m [33mFailed to load some fonts[39m [2m(file:///srv/dev-fast/runtime-data/fireside-phase5-20260902T1417+0800-5b51e4d/stack-official/apps/templates/.next/dev/static/chunks/node_modules_next_dist_1g01jok._.js:2196:13)[22m
 POST /api/collaboration/cleanupUser [32m200[39m in 133ms[2m (next.js: 1797µs, application-code: 131ms)[22m
 GET /admin/templates-master-slides [32m200[39m in 715ms[2m (next.js: 699ms, application-code: 16ms)[22m
 GET /admin/undefined [32m200[39m in 140ms[2m (next.js: 121ms, application-code: 19ms)[22m
[36m[browser][39m [33mFailed to load some fonts[39m [2m(file:///srv/dev-fast/runtime-data/fireside-phase5-20260902T1417+0800-5b51e4d/stack-official/apps/templates/.next/dev/static/chunks/node_modules_next_dist_1g01jok._.js:2196:13)[22m
 GET /admin/templates-theme-upload [32m200[39m in 59ms[2m (next.js: 41ms, application-code: 18ms)[22m
 GET /admin/undefined [32m200[39m in 52ms[2m (next.js: 31ms, application-code: 22ms)[22m
[36m[browser][39m [33mFailed to load some fonts[39m [2m(file:///srv/dev-fast/runtime-data/fireside-phase5-20260902T1417+0800-5b51e4d/stack-official/apps/templates/.next/dev/static/chunks/node_modules_next_dist_1g01jok._.js:2196:13)[22m
 GET /admin/templates-categories-core [32m200[39m in 65ms[2m (next.js: 49ms, application-code: 17ms)[22m
 GET /admin/undefined [32m200[39m in 63ms[2m (next.js: 37ms, application-code: 26ms)[22m
[36m[browser][39m [33mFailed to load some fonts[39m [2m(file:///srv/dev-fast/runtime-data/fireside-phase5-20260902T1417+0800-5b51e4d/stack-official/apps/templates/.next/dev/static/chunks/node_modules_next_dist_1g01jok._.js:2196:13)[22m
 GET /admin/templates-slides-core [32m200[39m in 52ms[2m (next.js: 26ms, application-code: 25ms)[22m
 GET /admin/undefined [32m200[39m in 59ms[2m (next.js: 36ms, application-code: 23ms)[22m
[36m[browser][39m [33mFailed to load some fonts[39m [2m(file:///srv/dev-fast/runtime-data/fireside-phase5-20260902T1417+0800-5b51e4d/stack-official/apps/templates/.next/dev/static/chunks/node_modules_next_dist_1g01jok._.js:2196:13)[22m
 GET /admin/templates-colors [32m200[39m in 63ms[2m (next.js: 42ms, application-code: 21ms)[22m
 GET /admin/templates-headers [32m200[39m in 62ms[2m (next.js: 30ms, application-code: 32ms)[22m
 GET /admin/undefined [32m200[39m in 80ms[2m (next.js: 41ms, application-code: 39ms)[22m
[36m[browser][39m [33mFailed to load some fonts[39m [2m(file:///srv/dev-fast/runtime-data/fireside-phase5-20260902T1417+0800-5b51e4d/stack-official/apps/templates/.next/dev/static/chunks/node_modules_next_dist_1g01jok._.js:2196:13)[22m
 GET /admin/templates-background-images [32m200[39m in 69ms[2m (next.js: 49ms, application-code: 21ms)[22m
 GET /admin/undefined [32m200[39m in 61ms[2m (next.js: 38ms, application-code: 23ms)[22m
[36m[browser][39m [33mFailed to load some fonts[39m [2m(file:///srv/dev-fast/runtime-data/fireside-phase5-20260902T1417+0800-5b51e4d/stack-official/apps/templates/.next/dev/static/chunks/node_modules_next_dist_1g01jok._.js:2196:13)[22m
 GET /admin/templates-fonts [32m200[39m in 65ms[2m (next.js: 43ms, application-code: 22ms)[22m
 GET /admin/undefined [32m200[39m in 54ms[2m (next.js: 28ms, application-code: 27ms)[22m
[36m[browser][39m [33mFailed to load some fonts[39m [2m(file:///srv/dev-fast/runtime-data/fireside-phase5-20260902T1417+0800-5b51e4d/stack-official/apps/templates/.next/dev/static/chunks/node_modules_next_dist_1g01jok._.js:2196:13)[22m
 GET /admin/global-branding [32m200[39m in 77ms[2m (next.js: 48ms, application-code: 30ms)[22m
 GET /admin/undefined [32m200[39m in 56ms[2m (next.js: 33ms, application-code: 23ms)[22m
[36m[browser][39m [33mFailed to load some fonts[39m [2m(file:///srv/dev-fast/runtime-data/fireside-phase5-20260902T1417+0800-5b51e4d/stack-official/apps/templates/.next/dev/static/chunks/node_modules_next_dist_1g01jok._.js:2196:13)[22m
 GET /admin/premade-templates [32m200[39m in 63ms[2m (next.js: 43ms, application-code: 20ms)[22m
 GET /admin/undefined [32m200[39m in 59ms[2m (next.js: 36ms, application-code: 23ms)[22m
[36m[browser][39m In HTML, <button> cannot be a descendant of <button>.
This will cause a hydration error.

  ...
    <Collapsible data-orientation="vertical" data-state="closed" __scopeCollapsible={{...}} className="border-0 mb-3" ...>
      <CollapsibleProvider scope={{...}} disabled={undefined} contentId="radix-_r_1b_" open={false} ...>
        <Primitive.div data-state="closed" data-disabled={undefined} data-orientation="vertical" ...>
          <div data-state="closed" data-disabled={undefined} data-orientation="vertical" className="border-0 mb-3" ...>
            <_c2 className="py-2">
              <AccordionHeader className="flex">
                <Primitive.h3 data-orientation="vertical" data-state="closed" data-disabled={undefined} className="flex" ...>
                  <h3 data-orientation="vertical" data-state="closed" data-disabled={undefined} className="flex" ...>
                    <AccordionTrigger ref={null} className={"flex hov..."}>
                      <AccordionCollectionItemSlot scope={undefined}>
                        <AccordionCollectionItemSlot.Slot data-radix-collection-item="" ref={function}>
                          <CollapsibleTrigger aria-disabled={undefined} data-orientation="vertical" id="radix-_r_1a_" ...>
                            <Primitive.button type="button" aria-controls={undefined} aria-expanded={false} ...>
>                             <button
>                               type="button"
>                               aria-controls={undefined}
>                               aria-expanded={false}
>                               data-state="closed"
>                               data-disabled={undefined}
>                               disabled={undefined}
>                               aria-disabled={undefined}
>                               data-orientation="vertical"
>                               id="radix-_r_1a_"
>                               className={"flex hover:bg-gray-50 text-left transition-all border rounded-md px-3 fle..."}
>                               data-radix-collection-item=""
>                               onClick={function handleEvent}
>                               ref={function}
>                             >
                                <div className="flex items...">
                                  <div>
                                  <div className="flex items...">
                                    <Button loading={false} onClick={function onClick} disabled={true} variant="outline" ...>
                                      <ButtonBase ref={undefined} loading={false} onClick={function onClick} ...>
>                                       <button
>                                         className="inline-flex items-center justify-center whitespace-nowrap rounded..."
>                                         ref={undefined}
>                                         onClick={function onClick}
>                                         disabled={true}
>                                       >
                                ...
            ...
 
[31m    at validateDOMNesting (file:///srv/dev-fast/runtime-data/fireside-phase5-20260902T1417+0800-5b51e4d/stack-official/apps/templates/.next/dev/static/chunks/node_modules_react-dom_cjs_react-dom-client_development_1nq9a-7.js:1668:372)
    at completeWork (file:///srv/dev-fast/runtime-data/fireside-phase5-20260902T1417+0800-5b51e4d/stack-official/apps/templates/.next/dev/static/chunks/node_modules_react-dom_cjs_react-dom-client_development_1nq9a-7.js:6509:25)
    at runWithFiberInDEV (file:///srv/dev-fast/runtime-data/fireside-phase5-20260902T1417+0800-5b51e4d/stack-official/apps/templates/.next/dev/static/chunks/node_modules_react-dom_cjs_react-dom-client_development_1nq9a-7.js:675:74)
    at completeUnitOfWork (file:///srv/dev-fast/runtime-data/fireside-phase5-20260902T1417+0800-5b51e4d/stack-official/apps/templates/.next/dev/static/chunks/node_modules_react-dom_cjs_react-dom-client_development_1nq9a-7.js:8748:23)
    at performUnitOfWork (file:///srv/dev-fast/runtime-data/fireside-phase5-20260902T1417+0800-5b51e4d/stack-official/apps/templates/.next/dev/static/chunks/node_modules_react-dom_cjs_react-dom-client_development_1nq9a-7.js:8685:28)
    at workLoopSync (file:///srv/dev-fast/runtime-data/fireside-phase5-20260902T1417+0800-5b51e4d/stack-official/apps/templates/.next/dev/static/chunks/node_modules_react-dom_cjs_react-dom-client_development_1nq9a-7.js:8577:40)
    at renderRootSync (file:///srv/dev-fast/runtime-data/fireside-phase5-20260902T1417+0800-5b51e4d/stack-official/apps/templates/.next/dev/static/chunks/node_modules_react-dom_cjs_react-dom-client_development_1nq9a-7.js:8561:13)
    at performWorkOnRoot (file:///srv/dev-fast/runtime-data/fireside-phase5-20260902T1417+0800-5b51e4d/stack-official/apps/templates/.next/dev/static/chunks/node_modules_react-dom_cjs_react-dom-client_development_1nq9a-7.js:8189:186)
    at performSyncWorkOnRoot (file:///srv/dev-fast/runtime-data/fireside-phase5-20260902T1417+0800-5b51e4d/stack-official/apps/templates/.next/dev/static/chunks/node_modules_react-dom_cjs_react-dom-client_development_1nq9a-7.js:9331:9)
    at flushSyncWorkAcrossRoots_impl (file:///srv/dev-fast/runtime-data/fireside-phase5-20260902T1417+0800-5b51e4d/stack-official/apps/templates/.next/dev/static/chunks/node_modules_react-dom_cjs_react-dom-client_development_1nq9a-7.js:9247:316)
    at processRootScheduleInMicrotask (file:///srv/dev-fast/runtime-data/fireside-phase5-20260902T1417+0800-5b51e4d/stack-official/apps/templates/.next/dev/static/chunks/node_modules_react-dom_cjs_react-dom-client_development_1nq9a-7.js:9268:106)
    at <unknown> (file:///srv/dev-fast/runtime-data/fireside-phase5-20260902T1417+0800-5b51e4d/stack-official/apps/templates/.next/dev/static/chunks/node_modules_react-dom_cjs_react-dom-client_development_1nq9a-7.js:9342:158)[39m [2m(file:///srv/dev-fast/runtime-data/fireside-phase5-20260902T1417+0800-5b51e4d/stack-official/apps/templates/.next/dev/static/chunks/node_modules_react-dom_cjs_react-dom-client_development_1nq9a-7.js:1668:372)[22m
[36m[browser][39m <button> cannot contain a nested <button>.
See this log for the ancestor stack trace. 
[31m    at <unknown> (file:///srv/dev-fast/runtime-data/fireside-phase5-20260902T1417+0800-5b51e4d/stack-official/apps/templates/.next/dev/static/chunks/node_modules_react-dom_cjs_react-dom-client_development_1nq9a-7.js:1670:21)
    at runWithFiberInDEV (file:///srv/dev-fast/runtime-data/fireside-phase5-20260902T1417+0800-5b51e4d/stack-official/apps/templates/.next/dev/static/chunks/node_modules_react-dom_cjs_react-dom-client_development_1nq9a-7.js:675:74)
    at validateDOMNesting (file:///srv/dev-fast/runtime-data/fireside-phase5-20260902T1417+0800-5b51e4d/stack-official/apps/templates/.next/dev/static/chunks/node_modules_react-dom_cjs_react-dom-client_development_1nq9a-7.js:1669:178)
    at completeWork (file:///srv/dev-fast/runtime-data/fireside-phase5-20260902T1417+0800-5b51e4d/stack-official/apps/templates/.next/dev/static/chunks/node_modules_react-dom_cjs_react-dom-client_development_1nq9a-7.js:6509:25)
    at runWithFiberInDEV (file:///srv/dev-fast/runtime-data/fireside-phase5-20260902T1417+0800-5b51e4d/stack-official/apps/templates/.next/dev/static/chunks/node_modules_react-dom_cjs_react-dom-client_development_1nq9a-7.js:675:74)
    at completeUnitOfWork (file:///srv/dev-fast/runtime-data/fireside-phase5-20260902T1417+0800-5b51e4d/stack-official/apps/templates/.next/dev/static/chunks/node_modules_react-dom_cjs_react-dom-client_development_1nq9a-7.js:8748:23)
    at performUnitOfWork (file:///srv/dev-fast/runtime-data/fireside-phase5-20260902T1417+0800-5b51e4d/stack-official/apps/templates/.next/dev/static/chunks/node_modules_react-dom_cjs_react-dom-client_development_1nq9a-7.js:8685:28)
    at workLoopSync (file:///srv/dev-fast/runtime-data/fireside-phase5-20260902T1417+0800-5b51e4d/stack-official/apps/templates/.next/dev/static/chunks/node_modules_react-dom_cjs_react-dom-client_development_1nq9a-7.js:8577:40)
    at renderRootSync (file:///srv/dev-fast/runtime-data/fireside-phase5-20260902T1417+0800-5b51e4d/stack-official/apps/templates/.next/dev/static/chunks/node_modules_react-dom_cjs_react-dom-client_development_1nq9a-7.js:8561:13)
    at performWorkOnRoot (file:///srv/dev-fast/runtime-data/fireside-phase5-20260902T1417+0800-5b51e4d/stack-official/apps/templates/.next/dev/static/chunks/node_modules_react-dom_cjs_react-dom-client_development_1nq9a-7.js:8189:186)
    at performSyncWorkOnRoot (file:///srv/dev-fast/runtime-data/fireside-phase5-20260902T1417+0800-5b51e4d/stack-official/apps/templates/.next/dev/static/chunks/node_modules_react-dom_cjs_react-dom-client_development_1nq9a-7.js:9331:9)
    at flushSyncWorkAcrossRoots_impl (file:///srv/dev-fast/runtime-data/fireside-phase5-20260902T1417+0800-5b51e4d/stack-official/apps/templates/.next/dev/static/chunks/node_modules_react-dom_cjs_react-dom-client_development_1nq9a-7.js:9247:316)
    at processRootScheduleInMicrotask (file:///srv/dev-fast/runtime-data/fireside-phase5-20260902T1417+0800-5b51e4d/stack-official/apps/templates/.next/dev/static/chunks/node_modules_react-dom_cjs_react-dom-client_development_1nq9a-7.js:9268:106)
    at <unknown> (file:///srv/dev-fast/runtime-data/fireside-phase5-20260902T1417+0800-5b51e4d/stack-official/apps/templates/.next/dev/static/chunks/node_modules_react-dom_cjs_react-dom-client_development_1nq9a-7.js:9342:158)[39m [2m(file:///srv/dev-fast/runtime-data/fireside-phase5-20260902T1417+0800-5b51e4d/stack-official/apps/templates/.next/dev/static/chunks/node_modules_react-dom_cjs_react-dom-client_development_1nq9a-7.js:1670:21)[22m
[36m[browser][39m [33mFailed to load some fonts[39m [2m(file:///srv/dev-fast/runtime-data/fireside-phase5-20260902T1417+0800-5b51e4d/stack-official/apps/templates/.next/dev/static/chunks/node_modules_next_dist_1g01jok._.js:2196:13)[22m
 GET /admin/tag [32m200[39m in 113ms[2m (next.js: 83ms, application-code: 30ms)[22m
 GET /admin/undefined [32m200[39m in 66ms[2m (next.js: 37ms, application-code: 30ms)[22m
[36m[browser][39m [33mFailed to load some fonts[39m [2m(file:///srv/dev-fast/runtime-data/fireside-phase5-20260902T1417+0800-5b51e4d/stack-official/apps/templates/.next/dev/static/chunks/node_modules_next_dist_1g01jok._.js:2196:13)[22m
[36m[browser][39m React does not recognize the `loadingText` prop on a DOM element. If you intentionally want it to appear in the DOM as a custom attribute, spell it as lowercase `loadingtext` instead. If you accidentally passed it from a parent component, remove it from the DOM element. 
[31m    at validateProperty (file:///srv/dev-fast/runtime-data/fireside-phase5-20260902T1417+0800-5b51e4d/stack-official/apps/templates/.next/dev/static/chunks/node_modules_react-dom_cjs_react-dom-client_development_1nq9a-7.js:1799:60)
    at warnUnknownProperties (file:///srv/dev-fast/runtime-data/fireside-phase5-20260902T1417+0800-5b51e4d/stack-official/apps/templates/.next/dev/static/chunks/node_modules_react-dom_cjs_react-dom-client_development_1nq9a-7.js:1908:26)
    at validatePropertiesInDevelopment (file:///srv/dev-fast/runtime-data/fireside-phase5-20260902T1417+0800-5b51e4d/stack-official/apps/templates/.next/dev/static/chunks/node_modules_react-dom_cjs_react-dom-client_development_1nq9a-7.js:9774:66)
    at setInitialProperties (file:///srv/dev-fast/runtime-data/fireside-phase5-20260902T1417+0800-5b51e4d/stack-official/apps/templates/.next/dev/static/chunks/node_modules_react-dom_cjs_react-dom-client_development_1nq9a-7.js:10044:9)
    at completeWork (file:///srv/dev-fast/runtime-data/fireside-phase5-20260902T1417+0800-5b51e4d/stack-official/apps/templates/.next/dev/static/chunks/node_modules_react-dom_cjs_react-dom-client_development_1nq9a-7.js:6562:35)
    at runWithFiberInDEV (file:///srv/dev-fast/runtime-data/fireside-phase5-20260902T1417+0800-5b51e4d/stack-official/apps/templates/.next/dev/static/chunks/node_modules_react-dom_cjs_react-dom-client_development_1nq9a-7.js:675:74)
    at completeUnitOfWork (file:///srv/dev-fast/runtime-data/fireside-phase5-20260902T1417+0800-5b51e4d/stack-official/apps/templates/.next/dev/static/chunks/node_modules_react-dom_cjs_react-dom-client_development_1nq9a-7.js:8748:23)
    at performUnitOfWork (file:///srv/dev-fast/runtime-data/fireside-phase5-20260902T1417+0800-5b51e4d/stack-official/apps/templates/.next/dev/static/chunks/node_modules_react-dom_cjs_react-dom-client_development_1nq9a-7.js:8685:28)
    at workLoopSync (file:///srv/dev-fast/runtime-data/fireside-phase5-20260902T1417+0800-5b51e4d/stack-official/apps/templates/.next/dev/static/chunks/node_modules_react-dom_cjs_react-dom-client_development_1nq9a-7.js:8577:40)
    at renderRootSync (file:///srv/dev-fast/runtime-data/fireside-phase5-20260902T1417+0800-5b51e4d/stack-official/apps/templates/.next/dev/static/chunks/node_modules_react-dom_cjs_react-dom-client_development_1nq9a-7.js:8561:13)
    at performWorkOnRoot (file:///srv/dev-fast/runtime-data/fireside-phase5-20260902T1417+0800-5b51e4d/stack-official/apps/templates/.next/dev/static/chunks/node_modules_react-dom_cjs_react-dom-client_development_1nq9a-7.js:8189:186)
    at performSyncWorkOnRoot (file:///srv/dev-fast/runtime-data/fireside-phase5-20260902T1417+0800-5b51e4d/stack-official/apps/templates/.next/dev/static/chunks/node_modules_react-dom_cjs_react-dom-client_development_1nq9a-7.js:9331:9)
    at flushSyncWorkAcrossRoots_impl (file:///srv/dev-fast/runtime-data/fireside-phase5-20260902T1417+0800-5b51e4d/stack-official/apps/templates/.next/dev/static/chunks/node_modules_react-dom_cjs_react-dom-client_development_1nq9a-7.js:9247:316)
    at processRootScheduleInMicrotask (file:///srv/dev-fast/runtime-data/fireside-phase5-20260902T1417+0800-5b51e4d/stack-official/apps/templates/.next/dev/static/chunks/node_modules_react-dom_cjs_react-dom-client_development_1nq9a-7.js:9268:106)
    at <unknown> (file:///srv/dev-fast/runtime-data/fireside-phase5-20260902T1417+0800-5b51e4d/stack-official/apps/templates/.next/dev/static/chunks/node_modules_react-dom_cjs_react-dom-client_development_1nq9a-7.js:9342:158)[39m [2m(file:///srv/dev-fast/runtime-data/fireside-phase5-20260902T1417+0800-5b51e4d/stack-official/apps/templates/.next/dev/static/chunks/node_modules_react-dom_cjs_react-dom-client_development_1nq9a-7.js:1799:60)[22m
 GET /admin/icons-library [32m200[39m in 67ms[2m (next.js: 43ms, application-code: 24ms)[22m
 GET /admin/undefined [32m200[39m in 57ms[2m (next.js: 33ms, application-code: 24ms)[22m
[36m[browser][39m [33mFailed to load some fonts[39m [2m(file:///srv/dev-fast/runtime-data/fireside-phase5-20260902T1417+0800-5b51e4d/stack-official/apps/templates/.next/dev/static/chunks/node_modules_next_dist_1g01jok._.js:2196:13)[22m
 GET /admin/icons-list [32m200[39m in 63ms[2m (next.js: 44ms, application-code: 20ms)[22m
 GET /admin/undefined [32m200[39m in 58ms[2m (next.js: 35ms, application-code: 23ms)[22m
[36m[browser][39m [33mFailed to load some fonts[39m [2m(file:///srv/dev-fast/runtime-data/fireside-phase5-20260902T1417+0800-5b51e4d/stack-official/apps/templates/.next/dev/static/chunks/node_modules_next_dist_1g01jok._.js:2196:13)[22m
[36m[browser][39m React does not recognize the `classNameContainer` prop on a DOM element. If you intentionally want it to appear in the DOM as a custom attribute, spell it as lowercase `classnamecontainer` instead. If you accidentally passed it from a parent component, remove it from the DOM element. 
[31m    at validateProperty (file:///srv/dev-fast/runtime-data/fireside-phase5-20260902T1417+0800-5b51e4d/stack-official/apps/templates/.next/dev/static/chunks/node_modules_react-dom_cjs_react-dom-client_development_1nq9a-7.js:1799:60)
    at warnUnknownProperties (file:///srv/dev-fast/runtime-data/fireside-phase5-20260902T1417+0800-5b51e4d/stack-official/apps/templates/.next/dev/static/chunks/node_modules_react-dom_cjs_react-dom-client_development_1nq9a-7.js:1908:26)
    at validatePropertiesInDevelopment (file:///srv/dev-fast/runtime-data/fireside-phase5-20260902T1417+0800-5b51e4d/stack-official/apps/templates/.next/dev/static/chunks/node_modules_react-dom_cjs_react-dom-client_development_1nq9a-7.js:9774:66)
    at setInitialProperties (file:///srv/dev-fast/runtime-data/fireside-phase5-20260902T1417+0800-5b51e4d/stack-official/apps/templates/.next/dev/static/chunks/node_modules_react-dom_cjs_react-dom-client_development_1nq9a-7.js:10044:9)
    at completeWork (file:///srv/dev-fast/runtime-data/fireside-phase5-20260902T1417+0800-5b51e4d/stack-official/apps/templates/.next/dev/static/chunks/node_modules_react-dom_cjs_react-dom-client_development_1nq9a-7.js:6562:35)
    at runWithFiberInDEV (file:///srv/dev-fast/runtime-data/fireside-phase5-20260902T1417+0800-5b51e4d/stack-official/apps/templates/.next/dev/static/chunks/node_modules_react-dom_cjs_react-dom-client_development_1nq9a-7.js:675:74)
    at completeUnitOfWork (file:///srv/dev-fast/runtime-data/fireside-phase5-20260902T1417+0800-5b51e4d/stack-official/apps/templates/.next/dev/static/chunks/node_modules_react-dom_cjs_react-dom-client_development_1nq9a-7.js:8748:23)
    at performUnitOfWork (file:///srv/dev-fast/runtime-data/fireside-phase5-20260902T1417+0800-5b51e4d/stack-official/apps/templates/.next/dev/static/chunks/node_modules_react-dom_cjs_react-dom-client_development_1nq9a-7.js:8685:28)
    at workLoopSync (file:///srv/dev-fast/runtime-data/fireside-phase5-20260902T1417+0800-5b51e4d/stack-official/apps/templates/.next/dev/static/chunks/node_modules_react-dom_cjs_react-dom-client_development_1nq9a-7.js:8577:40)
    at renderRootSync (file:///srv/dev-fast/runtime-data/fireside-phase5-20260902T1417+0800-5b51e4d/stack-official/apps/templates/.next/dev/static/chunks/node_modules_react-dom_cjs_react-dom-client_development_1nq9a-7.js:8561:13)
    at performWorkOnRoot (file:///srv/dev-fast/runtime-data/fireside-phase5-20260902T1417+0800-5b51e4d/stack-official/apps/templates/.next/dev/static/chunks/node_modules_react-dom_cjs_react-dom-client_development_1nq9a-7.js:8189:186)
    at performSyncWorkOnRoot (file:///srv/dev-fast/runtime-data/fireside-phase5-20260902T1417+0800-5b51e4d/stack-official/apps/templates/.next/dev/static/chunks/node_modules_react-dom_cjs_react-dom-client_development_1nq9a-7.js:9331:9)
    at flushSyncWorkAcrossRoots_impl (file:///srv/dev-fast/runtime-data/fireside-phase5-20260902T1417+0800-5b51e4d/stack-official/apps/templates/.next/dev/static/chunks/node_modules_react-dom_cjs_react-dom-client_development_1nq9a-7.js:9247:316)
    at processRootScheduleInMicrotask (file:///srv/dev-fast/runtime-data/fireside-phase5-20260902T1417+0800-5b51e4d/stack-official/apps/templates/.next/dev/static/chunks/node_modules_react-dom_cjs_react-dom-client_development_1nq9a-7.js:9268:106)
    at <unknown> (file:///srv/dev-fast/runtime-data/fireside-phase5-20260902T1417+0800-5b51e4d/stack-official/apps/templates/.next/dev/static/chunks/node_modules_react-dom_cjs_react-dom-client_development_1nq9a-7.js:9342:158)[39m [2m(file:///srv/dev-fast/runtime-data/fireside-phase5-20260902T1417+0800-5b51e4d/stack-official/apps/templates/.next/dev/static/chunks/node_modules_react-dom_cjs_react-dom-client_development_1nq9a-7.js:1799:60)[22m
[36m[browser][39m React does not recognize the `loadingText` prop on a DOM element. If you intentionally want it to appear in the DOM as a custom attribute, spell it as lowercase `loadingtext` instead. If you accidentally passed it from a parent component, remove it from the DOM element. 
[31m    at validateProperty (file:///srv/dev-fast/runtime-data/fireside-phase5-20260902T1417+0800-5b51e4d/stack-official/apps/templates/.next/dev/static/chunks/node_modules_react-dom_cjs_react-dom-client_development_1nq9a-7.js:1799:60)
    at warnUnknownProperties (file:///srv/dev-fast/runtime-data/fireside-phase5-20260902T1417+0800-5b51e4d/stack-official/apps/templates/.next/dev/static/chunks/node_modules_react-dom_cjs_react-dom-client_development_1nq9a-7.js:1908:26)
    at validatePropertiesInDevelopment (file:///srv/dev-fast/runtime-data/fireside-phase5-20260902T1417+0800-5b51e4d/stack-official/apps/templates/.next/dev/static/chunks/node_modules_react-dom_cjs_react-dom-client_development_1nq9a-7.js:9774:66)
    at setInitialProperties (file:///srv/dev-fast/runtime-data/fireside-phase5-20260902T1417+0800-5b51e4d/stack-official/apps/templates/.next/dev/static/chunks/node_modules_react-dom_cjs_react-dom-client_development_1nq9a-7.js:10044:9)
    at completeWork (file:///srv/dev-fast/runtime-data/fireside-phase5-20260902T1417+0800-5b51e4d/stack-official/apps/templates/.next/dev/static/chunks/node_modules_react-dom_cjs_react-dom-client_development_1nq9a-7.js:6562:35)
    at runWithFiberInDEV (file:///srv/dev-fast/runtime-data/fireside-phase5-20260902T1417+0800-5b51e4d/stack-official/apps/templates/.next/dev/static/chunks/node_modules_react-dom_cjs_react-dom-client_development_1nq9a-7.js:675:74)
    at completeUnitOfWork (file:///srv/dev-fast/runtime-data/fireside-phase5-20260902T1417+0800-5b51e4d/stack-official/apps/templates/.next/dev/static/chunks/node_modules_react-dom_cjs_react-dom-client_development_1nq9a-7.js:8748:23)
    at performUnitOfWork (file:///srv/dev-fast/runtime-data/fireside-phase5-20260902T1417+0800-5b51e4d/stack-official/apps/templates/.next/dev/static/chunks/node_modules_react-dom_cjs_react-dom-client_development_1nq9a-7.js:8685:28)
    at workLoopSync (file:///srv/dev-fast/runtime-data/fireside-phase5-20260902T1417+0800-5b51e4d/stack-official/apps/templates/.next/dev/static/chunks/node_modules_react-dom_cjs_react-dom-client_development_1nq9a-7.js:8577:40)
    at renderRootSync (file:///srv/dev-fast/runtime-data/fireside-phase5-20260902T1417+0800-5b51e4d/stack-official/apps/templates/.next/dev/static/chunks/node_modules_react-dom_cjs_react-dom-client_development_1nq9a-7.js:8561:13)
    at performWorkOnRoot (file:///srv/dev-fast/runtime-data/fireside-phase5-20260902T1417+0800-5b51e4d/stack-official/apps/templates/.next/dev/static/chunks/node_modules_react-dom_cjs_react-dom-client_development_1nq9a-7.js:8189:186)
    at performSyncWorkOnRoot (file:///srv/dev-fast/runtime-data/fireside-phase5-20260902T1417+0800-5b51e4d/stack-official/apps/templates/.next/dev/static/chunks/node_modules_react-dom_cjs_react-dom-client_development_1nq9a-7.js:9331:9)
    at flushSyncWorkAcrossRoots_impl (file:///srv/dev-fast/runtime-data/fireside-phase5-20260902T1417+0800-5b51e4d/stack-official/apps/templates/.next/dev/static/chunks/node_modules_react-dom_cjs_react-dom-client_development_1nq9a-7.js:9247:316)
    at processRootScheduleInMicrotask (file:///srv/dev-fast/runtime-data/fireside-phase5-20260902T1417+0800-5b51e4d/stack-official/apps/templates/.next/dev/static/chunks/node_modules_react-dom_cjs_react-dom-client_development_1nq9a-7.js:9268:106)
    at <unknown> (file:///srv/dev-fast/runtime-data/fireside-phase5-20260902T1417+0800-5b51e4d/stack-official/apps/templates/.next/dev/static/chunks/node_modules_react-dom_cjs_react-dom-client_development_1nq9a-7.js:9342:158)[39m [2m(file:///srv/dev-fast/runtime-data/fireside-phase5-20260902T1417+0800-5b51e4d/stack-official/apps/templates/.next/dev/static/chunks/node_modules_react-dom_cjs_react-dom-client_development_1nq9a-7.js:1799:60)[22m
 GET /admin/wp-actions [32m200[39m in 64ms[2m (next.js: 43ms, application-code: 20ms)[22m
 GET /admin/undefined [32m200[39m in 56ms[2m (next.js: 33ms, application-code: 23ms)[22m
[36m[browser][39m [33mFailed to load some fonts[39m [2m(file:///srv/dev-fast/runtime-data/fireside-phase5-20260902T1417+0800-5b51e4d/stack-official/apps/templates/.next/dev/static/chunks/node_modules_next_dist_1g01jok._.js:2196:13)[22m
 GET /admin/app-announcements [32m200[39m in 67ms[2m (next.js: 46ms, application-code: 22ms)[22m
 GET /admin/beta-users [32m200[39m in 63ms[2m (next.js: 39ms, application-code: 24ms)[22m
 GET /admin/undefined [32m200[39m in 49ms[2m (next.js: 25ms, application-code: 24ms)[22m
[36m[browser][39m [33mFailed to load some fonts[39m [2m(file:///srv/dev-fast/runtime-data/fireside-phase5-20260902T1417+0800-5b51e4d/stack-official/apps/templates/.next/dev/static/chunks/node_modules_next_dist_1g01jok._.js:2196:13)[22m
 GET /admin/templates-categories-legacy [32m200[39m in 56ms[2m (next.js: 41ms, application-code: 15ms)[22m
 GET /admin/undefined [32m200[39m in 57ms[2m (next.js: 34ms, application-code: 23ms)[22m
[36m[browser][39m [33mFailed to load some fonts[39m [2m(file:///srv/dev-fast/runtime-data/fireside-phase5-20260902T1417+0800-5b51e4d/stack-official/apps/templates/.next/dev/static/chunks/node_modules_next_dist_1g01jok._.js:2196:13)[22m
[36m[browser][39m React does not recognize the `loadingText` prop on a DOM element. If you intentionally want it to appear in the DOM as a custom attribute, spell it as lowercase `loadingtext` instead. If you accidentally passed it from a parent component, remove it from the DOM element. 
[31m    at validateProperty (file:///srv/dev-fast/runtime-data/fireside-phase5-20260902T1417+0800-5b51e4d/stack-official/apps/templates/.next/dev/static/chunks/node_modules_react-dom_cjs_react-dom-client_development_1nq9a-7.js:1799:60)
    at warnUnknownProperties (file:///srv/dev-fast/runtime-data/fireside-phase5-20260902T1417+0800-5b51e4d/stack-official/apps/templates/.next/dev/static/chunks/node_modules_react-dom_cjs_react-dom-client_development_1nq9a-7.js:1908:26)
    at validatePropertiesInDevelopment (file:///srv/dev-fast/runtime-data/fireside-phase5-20260902T1417+0800-5b51e4d/stack-official/apps/templates/.next/dev/static/chunks/node_modules_react-dom_cjs_react-dom-client_development_1nq9a-7.js:9774:66)
    at setInitialProperties (file:///srv/dev-fast/runtime-data/fireside-phase5-20260902T1417+0800-5b51e4d/stack-official/apps/templates/.next/dev/static/chunks/node_modules_react-dom_cjs_react-dom-client_development_1nq9a-7.js:10044:9)
    at completeWork (file:///srv/dev-fast/runtime-data/fireside-phase5-20260902T1417+0800-5b51e4d/stack-official/apps/templates/.next/dev/static/chunks/node_modules_react-dom_cjs_react-dom-client_development_1nq9a-7.js:6562:35)
    at runWithFiberInDEV (file:///srv/dev-fast/runtime-data/fireside-phase5-20260902T1417+0800-5b51e4d/stack-official/apps/templates/.next/dev/static/chunks/node_modules_react-dom_cjs_react-dom-client_development_1nq9a-7.js:675:74)
    at completeUnitOfWork (file:///srv/dev-fast/runtime-data/fireside-phase5-20260902T1417+0800-5b51e4d/stack-official/apps/templates/.next/dev/static/chunks/node_modules_react-dom_cjs_react-dom-client_development_1nq9a-7.js:8748:23)
    at performUnitOfWork (file:///srv/dev-fast/runtime-data/fireside-phase5-20260902T1417+0800-5b51e4d/stack-official/apps/templates/.next/dev/static/chunks/node_modules_react-dom_cjs_react-dom-client_development_1nq9a-7.js:8685:28)
    at workLoopSync (file:///srv/dev-fast/runtime-data/fireside-phase5-20260902T1417+0800-5b51e4d/stack-official/apps/templates/.next/dev/static/chunks/node_modules_react-dom_cjs_react-dom-client_development_1nq9a-7.js:8577:40)
    at renderRootSync (file:///srv/dev-fast/runtime-data/fireside-phase5-20260902T1417+0800-5b51e4d/stack-official/apps/templates/.next/dev/static/chunks/node_modules_react-dom_cjs_react-dom-client_development_1nq9a-7.js:8561:13)
    at performWorkOnRoot (file:///srv/dev-fast/runtime-data/fireside-phase5-20260902T1417+0800-5b51e4d/stack-official/apps/templates/.next/dev/static/chunks/node_modules_react-dom_cjs_react-dom-client_development_1nq9a-7.js:8189:186)
    at performSyncWorkOnRoot (file:///srv/dev-fast/runtime-data/fireside-phase5-20260902T1417+0800-5b51e4d/stack-official/apps/templates/.next/dev/static/chunks/node_modules_react-dom_cjs_react-dom-client_development_1nq9a-7.js:9331:9)
    at flushSyncWorkAcrossRoots_impl (file:///srv/dev-fast/runtime-data/fireside-phase5-20260902T1417+0800-5b51e4d/stack-official/apps/templates/.next/dev/static/chunks/node_modules_react-dom_cjs_react-dom-client_development_1nq9a-7.js:9247:316)
    at processRootScheduleInMicrotask (file:///srv/dev-fast/runtime-data/fireside-phase5-20260902T1417+0800-5b51e4d/stack-official/apps/templates/.next/dev/static/chunks/node_modules_react-dom_cjs_react-dom-client_development_1nq9a-7.js:9268:106)
    at <unknown> (file:///srv/dev-fast/runtime-data/fireside-phase5-20260902T1417+0800-5b51e4d/stack-official/apps/templates/.next/dev/static/chunks/node_modules_react-dom_cjs_react-dom-client_development_1nq9a-7.js:9342:158)[39m [2m(file:///srv/dev-fast/runtime-data/fireside-phase5-20260902T1417+0800-5b51e4d/stack-official/apps/templates/.next/dev/static/chunks/node_modules_react-dom_cjs_react-dom-client_development_1nq9a-7.js:1799:60)[22m
 GET /admin/templates-slides-legacy [32m200[39m in 71ms[2m (next.js: 52ms, application-code: 19ms)[22m
 GET /admin/undefined [32m200[39m in 50ms[2m (next.js: 30ms, application-code: 20ms)[22m
[36m[browser][39m [33mFailed to load some fonts[39m [2m(file:///srv/dev-fast/runtime-data/fireside-phase5-20260902T1417+0800-5b51e4d/stack-official/apps/templates/.next/dev/static/chunks/node_modules_next_dist_1g01jok._.js:2196:13)[22m
 GET /home/recent [32m200[39m in 34ms[2m (next.js: 20ms, application-code: 14ms)[22m
 GET /home/undefined [32m200[39m in 55ms[2m (next.js: 31ms, application-code: 24ms)[22m
[36m[browser][39m [33mFailed to load some fonts[39m [2m(file:///srv/dev-fast/runtime-data/fireside-phase5-20260902T1417+0800-5b51e4d/stack-official/apps/templates/.next/dev/static/chunks/node_modules_next_dist_1g01jok._.js:2196:13)[22m
 GET /login/overview [32m200[39m in 580ms[2m (next.js: 563ms, generate-params: 525ms, application-code: 17ms)[22m
 GET /home/recent [32m200[39m in 48ms[2m (next.js: 29ms, application-code: 20ms)[22m
 GET /login/overview?redirectTo=%2Fhome%2Frecent [32m200[39m in 50ms[2m (next.js: 27ms, generate-params: 29µs, application-code: 23ms)[22m
 GET /login/overview [32m200[39m in 52ms[2m (next.js: 30ms, generate-params: 19µs, application-code: 22ms)[22m
 GET /login/undefined [32m200[39m in 137ms[2m (next.js: 99ms, generate-params: 25µs, application-code: 38ms)[22m
[36m[browser][39m [33m[GSI_LOGGER]: Your client application uses one of the Google One Tap prompt UI status methods that may stop functioning when FedCM becomes mandatory. Refer to the migration guide to update your code accordingly and opt-in to FedCM to test your changes. Learn more: https://developers.google.com/identity/gsi/web/guides/fedcm-migration?s=dc#display_moment and https://developers.google.com/identity/gsi/web/guides/fedcm-migration?s=dc#skipped_moment[39m [2m(file:///srv/dev-fast/runtime-data/fireside-phase5-20260902T1417+0800-5b51e4d/stack-official/apps/templates/.next/dev/static/chunks/node_modules_next_dist_1g01jok._.js:2196:13)[22m
[36m[browser][39m [33mFailed to load some fonts[39m [2m(file:///srv/dev-fast/runtime-data/fireside-phase5-20260902T1417+0800-5b51e4d/stack-official/apps/templates/.next/dev/static/chunks/node_modules_next_dist_1g01jok._.js:2196:13)[22m
 POST /api/login/verificationCode [32m200[39m in 80ms[2m (next.js: 1950µs, application-code: 78ms)[22m
[36m[browser][39m [GSI_LOGGER]: FedCM get() rejects with AbortError: signal is aborted without reason 
[31m    at _.H (https://accounts.google.com/gsi/client:88:89)
    at _.$u.ma (https://accounts.google.com/gsi/client:352:353)
    at Object.ma (https://accounts.google.com/gsi/client:354:416)
    at <unknown> (https://accounts.google.com/gsi/client:312:935)[39m [2m(https://accounts.google.com/gsi/client:88:89)[22m
WARNING: You are using the Auth Emulator, which is intended for local testing only.  Do not use with production credentials.
Firebase initialized successfully
 POST /api/login/verificationCode [32m200[39m in 50ms[2m (next.js: 1864µs, application-code: 48ms)[22m
