[1m
portless
[22m
[2m-- Proxy is running[22m
[2m-- phase5-fireside.twodartnet.twodart.localhost (auto-resolves to 127.0.0.1)[22m
[2m-- Name "twodartnet.twodart" (from --name flag)[22m
[2m-- Prefix "phase5-fireside" (from git branch)[22m
-- Using port 23116 (fixed)
[1m
  -> https://phase5-fireside.twodartnet.twodart.localhost
[22m
[2mRunning: PORT=23116 HOST=127.0.0.1 PORTLESS_URL=https://phase5-fireside.twodartnet.twodart.localhost NODE_EXTRA_CA_CERTS="/home/sanjevi/.portless/ca.pem" bash -c set -a; [ -f engines/twodartnet/.env ] && . engines/twodartnet/.env; export ASPNETCORE_ENVIRONMENT=Development FONTCONFIG_PATH=/opt/homebrew/etc/fonts/; set +a; cd engines/twodartnet && exec dotnet watch --no-hot-reload --non-interactive run --project TwodartNet/TwodartNet.csproj --urls http://127.0.0.1:$PORT
[22m
[?1h=[?1h=[?1h=[?1h=[?1h=[?1h=[?1h=Using launch settings from TwodartNet/Properties/launchSettings.json...
Building...
[?25l[1F
[?25h[?25l[1F
[?25h[?25l[1F
[?25h[?25l[1F
[?25h[?25l[1F
[?25h[?25l[1F
[?25h[?25l[1F
[?25h[?25l[1F
[?25h[?25l[1F
[?25h[?25l[1F
[?25h[?25l[1F
[?25h[?25l[1F
[?25h[?25l[1F
csproj
[?25h[?25l[2F
[120G[6D(0.1s)
[?25h[?25l[2F
[120G[6D(0.1s)
[?25h[?25l[2F
[120G[6D(0.1s)
[?25h[?25l[2F
[120G[6D(0.2s)
[?25h[?25l[2F
[120G[6D(0.2s)
[?25h[?25l[2F
[120G[6D(0.2s)
[?25h[?25l[2F
[120G[6D(0.3s)
[?25h[?25l[2F
[120G[6D(0.3s)
[?25h[?25l[2F
[120G[6D(0.3s)
[?25h[?25l[2F
[120G[6D(0.4s)
[?25h[?25l[2F
[120G[6D(0.4s)
[?25h[?25l[2F
[120G[6D(0.4s)
[?25h[?25l[2F
[120G[6D(0.5s)
[?25h[?25l[2F
[120G[6D(0.5s)
[?25h[?25l[2F
[120G[6D(0.5s)
[?25h[?25l[2F
[120G[6D(0.6s)
[?25h[2F
[J[?25l[1F
  csproj [36;1mnet10.0[m [120G[7D (0.6s)
[?25h[?25l[2F
[120G[6D(0.6s)
[?25h[?25l[2F
[120G[6D(0.7s)
[?25h[?25l[2F
[120G[6D(0.7s)
[?25h[?25l[2F
[120G[6D(0.7s)
[?25h[?25l[2F
[120G[6D(0.8s)
[?25h[?25l[2F
[120G[6D(0.8s)
[?25h[?25l[2F
[120G[6D(0.8s)
[?25h[?25l[2F
[120G[6D(0.9s)
[?25h[?25l[2F
[120G[6D(0.9s)
[?25h[?25l[2F
[120G[6D(0.9s)
[?25h[?25l[2F
[120G[6D(1.0s)
[?25h[?25l[2F
[120G[6D(1.0s)
[?25h[?25l[2F
[120G[6D(1.1s)
[?25h[?25l[2F
[120G[6D(1.1s)
[?25h[?25l[2F
[120G[6D(1.2s)
[?25h[?25l[2F
[120G[6D(1.2s)
[?25h[?25l[2F
[120G[6D(1.2s)
[?25h[?25l[2F
[120G[6D(1.3s)
[?25h[?25l[2F
[120G[6D(1.3s)
[?25h[?25l[2F
[120G[6D(1.3s)
[?25h[?25l[2F
[120G[6D(1.4s)
[?25h[?25l[2F
[120G[6D(1.4s)
[?25h[?25l[2F
[120G[6D(1.4s)
[?25h[?25l[2F
[120G[6D(1.5s)
[?25h[?25l[2F
[120G[6D(1.5s)
[?25h[?25l[2F
[120G[6D(1.5s)
[?25h[?25l[2F
[120G[6D(1.6s)
[?25h[?25l[2F
[120G[6D(1.6s)
[?25h[?25l[2F
[120G[6D(1.6s)
[?25h[?25l[2F
[120G[6D(1.7s)
[?25h[?25l[2F
[120G[6D(1.7s)
[?25h[?25l[2F
[120G[6D(1.7s)
[?25h[?25l[2F
[120G[6D(1.8s)
[?25h[?25l[2F
[120G[6D(1.8s)
[?25h[?25l[2F
[120G[6D(1.8s)
[?25h[?25l[2F
[120G[6D(1.8s)
[?25h[?25l[2F
[120G[6D(1.9s)
[?25h[?25l[2F
[120G[6D(1.9s)
[?25h[?25l[2F
[120G[6D(2.0s)
[?25h[?25l[2F
[120G[6D(2.0s)
[?25h[?25l[2F
[120G[6D(2.0s)
[?25h[?25l[2F
[120G[6D(2.1s)
[?25h[?25l[2F
[120G[6D(2.1s)
[?25h[?25l[2F
[120G[6D(2.1s)
[?25h[?25l[2F
[120G[6D(2.2s)
[?25h[?25l[2F
[120G[6D(2.2s)
[?25h[?25l[2F
[120G[6D(2.2s)
[?25h[?25l[2F
[120G[6D(2.3s)
[?25h[?25l[2F
[120G[6D(2.3s)
[?25h[?25l[2F
[120G[6D(2.3s)
[?25h[?25l[2F
[120G[6D(2.4s)
[?25h[?25l[2F
[120G[6D(2.4s)
[?25h[?25l[2F
[120G[6D(2.4s)
[?25h[?25l[2F
[120G[6D(2.5s)
[?25h[?25l[2F
[120G[6D(2.5s)
[?25h[?25l[2F
[120G[6D(2.5s)
[?25h[?25l[2F
[120G[6D(2.6s)
[?25h[?25l[2F
[120G[6D(2.6s)
[?25h[?25l[2F
[120G[6D(2.6s)
[?25h[?25l[2F
[120G[6D(2.7s)
[?25h[?25l[2F
[120G[6D(2.7s)
[?25h[?25l[2F
[120G[6D(2.7s)
[?25h[?25l[2F
[120G[6D(2.8s)
[?25h[?25l[2F
[120G[6D(2.8s)
[?25h[?25l[2F
[120G[6D(2.8s)
[?25h[?25l[2F
[120G[6D(2.9s)
[?25h[?25l[2F
[120G[6D(2.9s)
[?25h[?25l[2F
[120G[6D(2.9s)
[?25h[?25l[2F
[120G[6D(3.0s)
[?25h[?25l[2F
[120G[6D(3.0s)
[?25h[?25l[2F
[120G[6D(3.0s)
[?25h[?25l[2F
[120G[6D(3.1s)
[?25h[?25l[2F
[120G[6D(3.1s)
[?25h[?25l[2F
[120G[6D(3.1s)
[?25h[?25l[2F
[120G[6D(3.2s)
[?25h[?25l[2F
[120G[6D(3.2s)
[?25h[?25l[2F
[120G[6D(3.2s)
[?25h[?25l[2F
[120G[6D(3.3s)
[?25h[?25l[2F
[120G[6D(3.3s)
[?25h[?25l[2F
[120G[6D(3.3s)
[?25h[?25l[2F
[120G[6D(3.4s)
[?25h[?25l[2F
[120G[6D(3.4s)
[?25h[?25l[2F
[120G[6D(3.4s)
[?25h[?25l[2F
[120G[6D(3.5s)
[?25h[?25l[2F
[120G[6D(3.5s)
[?25h[?25l[2F
[120G[6D(3.5s)
[?25h[?25l[2F
[120G[6D(3.6s)
[?25h[?25l[2F
[120G[6D(3.6s)
[?25h[?25l[2F
[120G[6D(3.6s)
[?25h[?25l[2F
[120G[6D(3.7s)
[?25h[?25l[2F
[120G[6D(3.7s)
[?25h[?25l[2F
[120G[6D(3.7s)
[?25h[?25l[2F
[120G[6D(3.8s)
[?25h[?25l[2F
[120G[6D(3.8s)
[?25h[?25l[2F
[120G[6D(3.8s)
[?25h[?25l[2F
[120G[6D(3.9s)
[?25h[?25l[2F
[120G[6D(3.9s)
[?25h[?25l[2F
[120G[6D(3.9s)
[?25h[?25l[2F
[120G[6D(4.0s)
[?25h[?25l[2F
[120G[6D(4.0s)
[?25h[?25l[2F
[120G[6D(4.0s)
[?25h[?25l[2F
[120G[6D(4.1s)
[?25h[?25l[2F
[120G[6D(4.1s)
[?25h[?25l[2F
[120G[6D(4.1s)
[?25h[?25l[2F
[120G[6D(4.2s)
[?25h[?25l[2F
[120G[6D(4.2s)
[?25h[?25l[2F
[120G[6D(4.3s)
[?25h[?25l[2F
[120G[6D(4.3s)
[?25h[?25l[2F
[120G[6D(4.3s)
[?25h[?25l[2F
[120G[6D(4.4s)
[?25h[?25l[2F
[120G[6D(4.4s)
[?25h[?25l[2F
[120G[6D(4.4s)
[?25h[?25l[2F
[120G[6D(4.5s)
[?25h[?25l[2F
[120G[6D(4.5s)
[?25h[?25l[2F
[120G[6D(4.5s)
[?25h[?25l[2F
[120G[6D(4.6s)
[?25h[?25l[2F
[120G[6D(4.6s)
[?25h[?25l[2F
[120G[6D(4.6s)
[?25h[?25l[2F
[120G[6D(4.7s)
[?25h[?25l[2F
[120G[6D(4.7s)
[?25h[?25l[2F
[120G[6D(4.7s)
[?25h[?25l[2F
[120G[6D(4.8s)
[?25h[?25l[2F
[120G[6D(4.8s)
[?25h[?25l[2F
[120G[6D(4.9s)
[?25h[?25l[2F
[120G[6D(4.9s)
[?25h[?25l[2F
[120G[6D(4.9s)
[?25h[?25l[2F
[120G[6D(5.0s)
[?25h[?25l[2F
[120G[6D(5.0s)
[?25h[?25l[2F
[120G[6D(5.0s)
[?25h[?25l[2F
[120G[6D(5.1s)
[?25h[?25l[2F
[120G[6D(5.1s)
[?25h[?25l[2F
[120G[6D(5.1s)
[?25h[?25l[2F
[120G[6D(5.2s)
[?25h[?25l[2F
[120G[6D(5.2s)
[?25h[?25l[2F
[120G[6D(5.2s)
[?25h[?25l[2F
[120G[6D(5.3s)
[?25h[?25l[2F
[120G[6D(5.3s)
[?25h[?25l[2F
[120G[6D(5.3s)
[?25h[?25l[2F
[120G[6D(5.4s)
[?25h[?25l[2F
[120G[6D(5.4s)
[?25h[?25l[2F
[120G[6D(5.4s)
[?25h[?25l[2F
[120G[6D(5.5s)
[?25h[2F
[J[?1h=builder.Environment.EnvironmentName: Development
app.Environment.EnvironmentName: Development
=== FIREBASE EMULATOR CONFIGURATION ===
Using Firebase emulators for local development
FIRESTORE_EMULATOR_HOST: 127.0.0.1:23100
FIREBASE_AUTH_EMULATOR_HOST: 127.0.0.1:23101
FIREBASE_STORAGE_EMULATOR_HOST: 127.0.0.1:23102
STORAGE_EMULATOR_HOST: 127.0.0.1:23102
FIREBASE_PUBLIC_STORAGE_BUCKET: assets-local.twodart.com
==========================================
Firebase initialized successfully for project: demo-twodart-local
Loaded external fonts from: /srv/dev-fast/runtime-data/fireside-phase5-20260902T1417+0800-5b51e4d/stack-fireside/engines/twodartnet/TwodartNet/Assets/globalFonts
[40m[1m[33mwarn[39m[22m[49m: Microsoft.AspNetCore.Server.Kestrel[0]
      Overriding address(es) 'http://127.0.0.1:23116'. Binding to endpoints defined via IConfiguration and/or UseKestrel() instead.
[40m[32minfo[39m[22m[49m: Microsoft.Hosting.Lifetime[14]
      Now listening on: http://localhost:23116
[40m[32minfo[39m[22m[49m: Microsoft.Hosting.Lifetime[0]
      Application started. Press Ctrl+C to shut down.
[40m[32minfo[39m[22m[49m: Microsoft.Hosting.Lifetime[0]
      Hosting environment: Development
[40m[32minfo[39m[22m[49m: Microsoft.Hosting.Lifetime[0]
      Content root path: /srv/dev-fast/runtime-data/fireside-phase5-20260902T1417+0800-5b51e4d/stack-fireside/engines/twodartnet/TwodartNet
[40m[1m[33mwarn[39m[22m[49m: Microsoft.AspNetCore.HttpsPolicy.HttpsRedirectionMiddleware[3]
      Failed to determine the https port for redirect.
[40m[32minfo[39m[22m[49m: TwodartNet.Middlewares.UserAuthMiddleware[0]
      User authenticated: uzdk1acFfosK0bwwjuuNpIqjnQvy
[40m[32minfo[39m[22m[49m: TwodartNet.Services.ExportPresentationJobService[0]
      🚀 [ExportPresentationJobService] Instance 1ff90825 initialized at 09/05/2026 02:06:58 with cleanup interval: 00:01:00
UserHelper: Using Firestore emulator at http://127.0.0.1:23100
UserHelper: Using Firestore emulator at http://127.0.0.1:23100
[40m[32minfo[39m[22m[49m: TwodartNet.Services.ExportPresentationJobService[0]
      [ExportPresentationJobService] ✅ Created job 0d30848e867a for user uzdk1acFfosK0bwwjuuNpIqjnQvy with 7 steps (Instance: 1ff90825, Uptime: 00:00:00.6561366)
[40m[32minfo[39m[22m[49m: TwodartNet.Controllers.User.Editor.ExportEditorPresentationJobController[0]
      Starting export job 0d30848e867a for user uzdk1acFfosK0bwwjuuNpIqjnQvy with 7 slides
[40m[32minfo[39m[22m[49m: TwodartNet.Middlewares.UserAuthMiddleware[0]
      User authenticated: uzdk1acFfosK0bwwjuuNpIqjnQvy
[40m[32minfo[39m[22m[49m: TwodartNet.Middlewares.UserAuthMiddleware[0]
      User authenticated: uzdk1acFfosK0bwwjuuNpIqjnQvy
[40m[32minfo[39m[22m[49m: TwodartNet.Services.ExportPresentation.ExportPresentationService[0]
      Created image cache for export: export-uzdk1acF-f73808e5b85740b88f243985ddeb4c93
[40m[32minfo[39m[22m[49m: TwodartNet.Services.ExportPresentation.ExportPresentationService[0]
      Created font manager for export: export-uzdk1acF-f73808e5b85740b88f243985ddeb4c93
[40m[32minfo[39m[22m[49m: TwodartNet.Middlewares.UserAuthMiddleware[0]
      User authenticated: uzdk1acFfosK0bwwjuuNpIqjnQvy
[40m[32minfo[39m[22m[49m: TwodartNet.Services.ExportPresentation.ExportPresentationService[0]
      Export export-uzdk1acF-f73808e5b85740b88f243985ddeb4c93: Cached font 1TSRrCej8RsbnEoaCdrH (Total fonts: 1)
[40m[32minfo[39m[22m[49m: TwodartNet.Services.ExportPresentation.ExportPresentationService[0]
      Export export-uzdk1acF-f73808e5b85740b88f243985ddeb4c93: Cached font GRyD7KrOMi1Q0IAoNGQi (Total fonts: 2)
[40m[32minfo[39m[22m[49m: TwodartNet.Services.ExportPresentation.ExportPresentationService[0]
      Export export-uzdk1acF-f73808e5b85740b88f243985ddeb4c93: Loaded font into Aspose (342,868 bytes)
[40m[32minfo[39m[22m[49m: TwodartNet.Services.ExportPresentation.ExportPresentationService[0]
      Export export-uzdk1acF-f73808e5b85740b88f243985ddeb4c93: Loaded font into Aspose (343,300 bytes)
[40m[32minfo[39m[22m[49m: TwodartNet.Middlewares.UserAuthMiddleware[0]
      User authenticated: uzdk1acFfosK0bwwjuuNpIqjnQvy
[40m[32minfo[39m[22m[49m: TwodartNet.Middlewares.UserAuthMiddleware[0]
      User authenticated: uzdk1acFfosK0bwwjuuNpIqjnQvy
[40m[32minfo[39m[22m[49m: TwodartNet.Middlewares.UserAuthMiddleware[0]
      User authenticated: uzdk1acFfosK0bwwjuuNpIqjnQvy
[40m[32minfo[39m[22m[49m: System.Net.Http.HttpClient.Default.LogicalHandler[100]
      Start processing HTTP request GET http://127.0.0.1:23102/v0/b/assets-local.twodart.com/o/users%2Fuzdk1acFfosK0bwwjuuNpIqjnQvy%2Fimages%2FZWzWxZPPVOcDTaGdsI2F%2Fhigh.png?*
[40m[32minfo[39m[22m[49m: System.Net.Http.HttpClient.Default.ClientHandler[100]
      Sending HTTP request GET http://127.0.0.1:23102/v0/b/assets-local.twodart.com/o/users%2Fuzdk1acFfosK0bwwjuuNpIqjnQvy%2Fimages%2FZWzWxZPPVOcDTaGdsI2F%2Fhigh.png?*
[40m[32minfo[39m[22m[49m: System.Net.Http.HttpClient.Default.ClientHandler[101]
      Received HTTP response headers after 4.6098ms - 404
[40m[32minfo[39m[22m[49m: System.Net.Http.HttpClient.Default.LogicalHandler[101]
      End processing HTTP request after 21.8208ms - 404
[41m[30mfail[39m[22m[49m: TwodartNet.Services.ExportPresentation.ExportPresentationService[0]
      Error applying background image
      System.Net.Http.HttpRequestException: Response status code does not indicate success: 404 (Not Found).
         at System.Net.Http.HttpResponseMessage.EnsureSuccessStatusCode()
         at System.Net.Http.HttpClient.GetByteArrayAsyncCore(HttpRequestMessage request, CancellationToken cancellationToken)
         at TwodartNet.Helpers.ImageByteCache.GetOrAddAsync(String url, HttpClient httpClient, CancellationToken ct) in /srv/dev-fast/runtime-data/fireside-phase5-20260902T1417+0800-5b51e4d/stack-fireside/engines/twodartnet/TwodartNet/Helpers/PresentationAsposeHelper/ImageByteCache.cs:line 30
         at TwodartNet.Helpers.PresentationAsposeHelper.ApplyBackgroundImage(ISlide slide, BackgroundImage backgroundImage, HttpClient httpClient, ILogger logger, ExportImageCache cache, String slideBackgroundColor) in /srv/dev-fast/runtime-data/fireside-phase5-20260902T1417+0800-5b51e4d/stack-fireside/engines/twodartnet/TwodartNet/Helpers/PresentationAsposeHelper/PresentationAsposeHelper.cs:line 1705
[40m[32minfo[39m[22m[49m: TwodartNet.Services.ExportPresentation.ExportPresentationService[0]
      Export export-uzdk1acF-f73808e5b85740b88f243985ddeb4c93: Clearing cache with 0 images
[40m[32minfo[39m[22m[49m: TwodartNet.Services.ExportPresentation.ExportPresentationService[0]
      Export export-uzdk1acF-f73808e5b85740b88f243985ddeb4c93: Cache cleared and disposed
[40m[32minfo[39m[22m[49m: TwodartNet.Services.ExportPresentationJobService[0]
      [ExportPresentationJobService] Job 0d30848e867a progress: 25% - tagging_slides
[40m[32minfo[39m[22m[49m: TwodartNet.Services.ExportPresentation.ExportPresentationService[0]
      Set placeholder text: 'Enter your title here' for Title
[40m[32minfo[39m[22m[49m: TwodartNet.Services.ExportPresentation.ExportPresentationService[0]
      Applying detailed paragraph and portion styling to placeholder
[40m[32minfo[39m[22m[49m: TwodartNet.Services.ExportPresentation.ExportPresentationService[0]
      Completed detailed styling application to placeholder
[40m[32minfo[39m[22m[49m: TwodartNet.Services.ExportPresentation.ExportPresentationService[0]
      Successfully relinked slide placeholder to layout placeholder for Title
[40m[32minfo[39m[22m[49m: TwodartNet.Services.ExportPresentation.ExportPresentationService[0]
      Created new Title placeholder on layout slide
[40m[32minfo[39m[22m[49m: TwodartNet.Services.ExportPresentation.ExportPresentationService[0]
      Set placeholder text: 'Enter your subtitle here' for Subtitle
[40m[32minfo[39m[22m[49m: TwodartNet.Services.ExportPresentation.ExportPresentationService[0]
      Applying detailed paragraph and portion styling to placeholder
[40m[32minfo[39m[22m[49m: TwodartNet.Services.ExportPresentation.ExportPresentationService[0]
      Aggressively removed bullet formatting from subtitle placeholder.
[40m[32minfo[39m[22m[49m: TwodartNet.Services.ExportPresentation.ExportPresentationService[0]
      Completed detailed styling application to placeholder
[40m[32minfo[39m[22m[49m: TwodartNet.Services.ExportPresentation.ExportPresentationService[0]
      Successfully relinked slide placeholder to layout placeholder for Subtitle
[40m[32minfo[39m[22m[49m: TwodartNet.Services.ExportPresentation.ExportPresentationService[0]
      Created new Subtitle placeholder on layout slide
[40m[32minfo[39m[22m[49m: TwodartNet.Services.ExportPresentation.ExportPresentationService[0]
      Successfully relinked slide placeholder to layout placeholder for Title
[40m[32minfo[39m[22m[49m: TwodartNet.Services.ExportPresentation.ExportPresentationService[0]
      Successfully relinked slide placeholder to layout placeholder for Subtitle
[40m[32minfo[39m[22m[49m: TwodartNet.Services.ExportPresentation.ExportPresentationService[0]
      Successfully relinked slide placeholder to layout placeholder for Title
[40m[32minfo[39m[22m[49m: TwodartNet.Services.ExportPresentation.ExportPresentationService[0]
      Successfully relinked slide placeholder to layout placeholder for Subtitle
[40m[32minfo[39m[22m[49m: TwodartNet.Services.ExportPresentation.ExportPresentationService[0]
      Successfully relinked slide placeholder to layout placeholder for Title
[40m[32minfo[39m[22m[49m: TwodartNet.Services.ExportPresentation.ExportPresentationService[0]
      Successfully relinked slide placeholder to layout placeholder for Subtitle
[40m[32minfo[39m[22m[49m: TwodartNet.Services.ExportPresentation.ExportPresentationService[0]
      [SetColorWithAlpha] Input: '#F6F8FA'
[40m[32minfo[39m[22m[49m: TwodartNet.Services.ExportPresentation.ExportPresentationService[0]
      [SetColorWithAlpha] Processing hex color: '#F6F8FA'
[40m[32minfo[39m[22m[49m: TwodartNet.Services.ExportPresentation.ExportPresentationService[0]
      [SetColorWithAlpha] Set Color: ARGB(255, 246, 248, 250)
[40m[32minfo[39m[22m[49m: TwodartNet.Services.ExportPresentation.ExportPresentationService[0]
      [SetColorWithAlpha] Input: '#F6F8FA'
[40m[32minfo[39m[22m[49m: TwodartNet.Services.ExportPresentation.ExportPresentationService[0]
      [SetColorWithAlpha] Processing hex color: '#F6F8FA'
[40m[32minfo[39m[22m[49m: TwodartNet.Services.ExportPresentation.ExportPresentationService[0]
      [SetColorWithAlpha] Set Color: ARGB(255, 246, 248, 250)
[40m[32minfo[39m[22m[49m: TwodartNet.Services.ExportPresentation.ExportPresentationService[0]
      [SetColorWithAlpha] Input: '#F6F8FA'
[40m[32minfo[39m[22m[49m: TwodartNet.Services.ExportPresentation.ExportPresentationService[0]
      [SetColorWithAlpha] Processing hex color: '#F6F8FA'
[40m[32minfo[39m[22m[49m: TwodartNet.Services.ExportPresentation.ExportPresentationService[0]
      [SetColorWithAlpha] Set Color: ARGB(255, 246, 248, 250)
[40m[32minfo[39m[22m[49m: TwodartNet.Services.ExportPresentation.ExportPresentationService[0]
      [SetColorWithAlpha] Input: '#F6F8FA'
[40m[32minfo[39m[22m[49m: TwodartNet.Services.ExportPresentation.ExportPresentationService[0]
      [SetColorWithAlpha] Processing hex color: '#F6F8FA'
[40m[32minfo[39m[22m[49m: TwodartNet.Services.ExportPresentation.ExportPresentationService[0]
      [SetColorWithAlpha] Set Color: ARGB(255, 246, 248, 250)
[40m[32minfo[39m[22m[49m: TwodartNet.Services.ExportPresentation.ExportPresentationService[0]
      [SetColorWithAlpha] Input: '#F6F8FA'
[40m[32minfo[39m[22m[49m: TwodartNet.Services.ExportPresentation.ExportPresentationService[0]
      [SetColorWithAlpha] Processing hex color: '#F6F8FA'
[40m[32minfo[39m[22m[49m: TwodartNet.Services.ExportPresentation.ExportPresentationService[0]
      [SetColorWithAlpha] Set Color: ARGB(255, 246, 248, 250)
[40m[32minfo[39m[22m[49m: TwodartNet.Services.ExportPresentation.ExportPresentationService[0]
      [SetColorWithAlpha] Input: '#F6F8FA'
[40m[32minfo[39m[22m[49m: TwodartNet.Services.ExportPresentation.ExportPresentationService[0]
      [SetColorWithAlpha] Processing hex color: '#F6F8FA'
[40m[32minfo[39m[22m[49m: TwodartNet.Services.ExportPresentation.ExportPresentationService[0]
      [SetColorWithAlpha] Set Color: ARGB(255, 246, 248, 250)
[40m[32minfo[39m[22m[49m: TwodartNet.Services.ExportPresentation.ExportPresentationService[0]
      [SetColorWithAlpha] Input: '#F6F8FA'
[40m[32minfo[39m[22m[49m: TwodartNet.Services.ExportPresentation.ExportPresentationService[0]
      [SetColorWithAlpha] Processing hex color: '#F6F8FA'
[40m[32minfo[39m[22m[49m: TwodartNet.Services.ExportPresentation.ExportPresentationService[0]
      [SetColorWithAlpha] Set Color: ARGB(255, 246, 248, 250)
[40m[32minfo[39m[22m[49m: TwodartNet.Services.ExportPresentation.ExportPresentationService[0]
      [SetColorWithAlpha] Input: '#F6F8FA'
[40m[32minfo[39m[22m[49m: TwodartNet.Services.ExportPresentation.ExportPresentationService[0]
      [SetColorWithAlpha] Processing hex color: '#F6F8FA'
[40m[32minfo[39m[22m[49m: TwodartNet.Services.ExportPresentation.ExportPresentationService[0]
      [SetColorWithAlpha] Set Color: ARGB(255, 246, 248, 250)
[40m[32minfo[39m[22m[49m: TwodartNet.Services.ExportPresentation.ExportPresentationService[0]
      [SetColorWithAlpha] Input: '#F6F8FA'
[40m[32minfo[39m[22m[49m: TwodartNet.Services.ExportPresentation.ExportPresentationService[0]
      [SetColorWithAlpha] Processing hex color: '#F6F8FA'
[40m[32minfo[39m[22m[49m: TwodartNet.Services.ExportPresentation.ExportPresentationService[0]
      [SetColorWithAlpha] Set Color: ARGB(255, 246, 248, 250)
[40m[32minfo[39m[22m[49m: TwodartNet.Services.ExportPresentation.ExportPresentationService[0]
      [SetColorWithAlpha] Input: '#F6F8FA'
[40m[32minfo[39m[22m[49m: TwodartNet.Services.ExportPresentation.ExportPresentationService[0]
      [SetColorWithAlpha] Processing hex color: '#F6F8FA'
[40m[32minfo[39m[22m[49m: TwodartNet.Services.ExportPresentation.ExportPresentationService[0]
      [SetColorWithAlpha] Set Color: ARGB(255, 246, 248, 250)
[40m[32minfo[39m[22m[49m: TwodartNet.Services.ExportPresentation.ExportPresentationService[0]
      [SetColorWithAlpha] Input: '#F6F8FA'
[40m[32minfo[39m[22m[49m: TwodartNet.Services.ExportPresentation.ExportPresentationService[0]
      [SetColorWithAlpha] Processing hex color: '#F6F8FA'
[40m[32minfo[39m[22m[49m: TwodartNet.Services.ExportPresentation.ExportPresentationService[0]
      [SetColorWithAlpha] Set Color: ARGB(255, 246, 248, 250)
[40m[32minfo[39m[22m[49m: TwodartNet.Services.ExportPresentation.ExportPresentationService[0]
      [SetColorWithAlpha] Input: '#F6F8FA'
[40m[32minfo[39m[22m[49m: TwodartNet.Services.ExportPresentation.ExportPresentationService[0]
      [SetColorWithAlpha] Processing hex color: '#F6F8FA'
[40m[32minfo[39m[22m[49m: TwodartNet.Services.ExportPresentation.ExportPresentationService[0]
      [SetColorWithAlpha] Set Color: ARGB(255, 246, 248, 250)
[40m[32minfo[39m[22m[49m: TwodartNet.Services.ExportPresentation.ExportPresentationService[0]
      [SetColorWithAlpha] Input: '#F6F8FA'
[40m[32minfo[39m[22m[49m: TwodartNet.Services.ExportPresentation.ExportPresentationService[0]
      [SetColorWithAlpha] Processing hex color: '#F6F8FA'
[40m[32minfo[39m[22m[49m: TwodartNet.Services.ExportPresentation.ExportPresentationService[0]
      [SetColorWithAlpha] Set Color: ARGB(255, 246, 248, 250)
[40m[32minfo[39m[22m[49m: TwodartNet.Services.ExportPresentation.ExportPresentationService[0]
      [SetColorWithAlpha] Input: '#F6F8FA'
[40m[32minfo[39m[22m[49m: TwodartNet.Services.ExportPresentation.ExportPresentationService[0]
      [SetColorWithAlpha] Processing hex color: '#F6F8FA'
[40m[32minfo[39m[22m[49m: TwodartNet.Services.ExportPresentation.ExportPresentationService[0]
      [SetColorWithAlpha] Set Color: ARGB(255, 246, 248, 250)
[40m[32minfo[39m[22m[49m: TwodartNet.Services.ExportPresentation.ExportPresentationService[0]
      [SetColorWithAlpha] Input: '#F6F8FA'
[40m[32minfo[39m[22m[49m: TwodartNet.Services.ExportPresentation.ExportPresentationService[0]
      [SetColorWithAlpha] Processing hex color: '#F6F8FA'
[40m[32minfo[39m[22m[49m: TwodartNet.Services.ExportPresentation.ExportPresentationService[0]
      [SetColorWithAlpha] Set Color: ARGB(255, 246, 248, 250)
[40m[32minfo[39m[22m[49m: TwodartNet.Services.ExportPresentation.ExportPresentationService[0]
      [SetColorWithAlpha] Input: '#F6F8FA'
[40m[32minfo[39m[22m[49m: TwodartNet.Services.ExportPresentation.ExportPresentationService[0]
      [SetColorWithAlpha] Processing hex color: '#F6F8FA'
[40m[32minfo[39m[22m[49m: TwodartNet.Services.ExportPresentation.ExportPresentationService[0]
      [SetColorWithAlpha] Set Color: ARGB(255, 246, 248, 250)
[40m[32minfo[39m[22m[49m: TwodartNet.Services.ExportPresentation.ExportPresentationService[0]
      [SetColorWithAlpha] Input: '#F6F8FA'
[40m[32minfo[39m[22m[49m: TwodartNet.Services.ExportPresentation.ExportPresentationService[0]
      [SetColorWithAlpha] Processing hex color: '#F6F8FA'
[40m[32minfo[39m[22m[49m: TwodartNet.Services.ExportPresentation.ExportPresentationService[0]
      [SetColorWithAlpha] Set Color: ARGB(255, 246, 248, 250)
[40m[32minfo[39m[22m[49m: TwodartNet.Services.ExportPresentation.ExportPresentationService[0]
      [SetColorWithAlpha] Input: '#F6F8FA'
[40m[32minfo[39m[22m[49m: TwodartNet.Services.ExportPresentation.ExportPresentationService[0]
      [SetColorWithAlpha] Processing hex color: '#F6F8FA'
[40m[32minfo[39m[22m[49m: TwodartNet.Services.ExportPresentation.ExportPresentationService[0]
      [SetColorWithAlpha] Set Color: ARGB(255, 246, 248, 250)
[40m[32minfo[39m[22m[49m: TwodartNet.Services.ExportPresentation.ExportPresentationService[0]
      [SetColorWithAlpha] Input: '#F6F8FA'
[40m[32minfo[39m[22m[49m: TwodartNet.Services.ExportPresentation.ExportPresentationService[0]
      [SetColorWithAlpha] Processing hex color: '#F6F8FA'
[40m[32minfo[39m[22m[49m: TwodartNet.Services.ExportPresentation.ExportPresentationService[0]
      [SetColorWithAlpha] Set Color: ARGB(255, 246, 248, 250)
[40m[32minfo[39m[22m[49m: TwodartNet.Services.ExportPresentation.ExportPresentationService[0]
      [SetColorWithAlpha] Input: '#F6F8FA'
[40m[32minfo[39m[22m[49m: TwodartNet.Services.ExportPresentation.ExportPresentationService[0]
      [SetColorWithAlpha] Processing hex color: '#F6F8FA'
[40m[32minfo[39m[22m[49m: TwodartNet.Services.ExportPresentation.ExportPresentationService[0]
      [SetColorWithAlpha] Set Color: ARGB(255, 246, 248, 250)
[40m[32minfo[39m[22m[49m: TwodartNet.Services.ExportPresentation.ExportPresentationService[0]
      [SetColorWithAlpha] Input: '#F6F8FA'
[40m[32minfo[39m[22m[49m: TwodartNet.Services.ExportPresentation.ExportPresentationService[0]
      [SetColorWithAlpha] Processing hex color: '#F6F8FA'
[40m[32minfo[39m[22m[49m: TwodartNet.Services.ExportPresentation.ExportPresentationService[0]
      [SetColorWithAlpha] Set Color: ARGB(255, 246, 248, 250)
[40m[32minfo[39m[22m[49m: TwodartNet.Services.ExportPresentation.ExportPresentationService[0]
      [SetColorWithAlpha] Input: '#F6F8FA'
[40m[32minfo[39m[22m[49m: TwodartNet.Services.ExportPresentation.ExportPresentationService[0]
      [SetColorWithAlpha] Processing hex color: '#F6F8FA'
[40m[32minfo[39m[22m[49m: TwodartNet.Services.ExportPresentation.ExportPresentationService[0]
      [SetColorWithAlpha] Set Color: ARGB(255, 246, 248, 250)
[40m[32minfo[39m[22m[49m: TwodartNet.Services.ExportPresentation.ExportPresentationService[0]
      [SetColorWithAlpha] Input: '#F6F8FA'
[40m[32minfo[39m[22m[49m: TwodartNet.Services.ExportPresentation.ExportPresentationService[0]
      [SetColorWithAlpha] Processing hex color: '#F6F8FA'
[40m[32minfo[39m[22m[49m: TwodartNet.Services.ExportPresentation.ExportPresentationService[0]
      [SetColorWithAlpha] Set Color: ARGB(255, 246, 248, 250)
[40m[32minfo[39m[22m[49m: TwodartNet.Services.ExportPresentation.ExportPresentationService[0]
      [SetColorWithAlpha] Input: '#F6F8FA'
[40m[32minfo[39m[22m[49m: TwodartNet.Services.ExportPresentation.ExportPresentationService[0]
      [SetColorWithAlpha] Processing hex color: '#F6F8FA'
[40m[32minfo[39m[22m[49m: TwodartNet.Services.ExportPresentation.ExportPresentationService[0]
      [SetColorWithAlpha] Set Color: ARGB(255, 246, 248, 250)
[40m[32minfo[39m[22m[49m: TwodartNet.Services.ExportPresentation.ExportPresentationService[0]
      [SetColorWithAlpha] Input: '#F6F8FA'
[40m[32minfo[39m[22m[49m: TwodartNet.Services.ExportPresentation.ExportPresentationService[0]
      [SetColorWithAlpha] Processing hex color: '#F6F8FA'
[40m[32minfo[39m[22m[49m: TwodartNet.Services.ExportPresentation.ExportPresentationService[0]
      [SetColorWithAlpha] Set Color: ARGB(255, 246, 248, 250)
[40m[32minfo[39m[22m[49m: TwodartNet.Services.ExportPresentation.ExportPresentationService[0]
      [SetColorWithAlpha] Input: '#F6F8FA'
[40m[32minfo[39m[22m[49m: TwodartNet.Services.ExportPresentation.ExportPresentationService[0]
      [SetColorWithAlpha] Processing hex color: '#F6F8FA'
[40m[32minfo[39m[22m[49m: TwodartNet.Services.ExportPresentation.ExportPresentationService[0]
      [SetColorWithAlpha] Set Color: ARGB(255, 246, 248, 250)
[40m[32minfo[39m[22m[49m: TwodartNet.Services.ExportPresentation.ExportPresentationService[0]
      [SetColorWithAlpha] Input: '#F6F8FA'
[40m[32minfo[39m[22m[49m: TwodartNet.Services.ExportPresentation.ExportPresentationService[0]
      [SetColorWithAlpha] Processing hex color: '#F6F8FA'
[40m[32minfo[39m[22m[49m: TwodartNet.Services.ExportPresentation.ExportPresentationService[0]
      [SetColorWithAlpha] Set Color: ARGB(255, 246, 248, 250)
[40m[32minfo[39m[22m[49m: TwodartNet.Services.ExportPresentation.ExportPresentationService[0]
      [SetColorWithAlpha] Input: '#F6F8FA'
[40m[32minfo[39m[22m[49m: TwodartNet.Services.ExportPresentation.ExportPresentationService[0]
      [SetColorWithAlpha] Processing hex color: '#F6F8FA'
[40m[32minfo[39m[22m[49m: TwodartNet.Services.ExportPresentation.ExportPresentationService[0]
      [SetColorWithAlpha] Set Color: ARGB(255, 246, 248, 250)
[40m[32minfo[39m[22m[49m: TwodartNet.Services.ExportPresentation.ExportPresentationService[0]
      [SetColorWithAlpha] Input: '#F6F8FA'
[40m[32minfo[39m[22m[49m: TwodartNet.Services.ExportPresentation.ExportPresentationService[0]
      [SetColorWithAlpha] Processing hex color: '#F6F8FA'
[40m[32minfo[39m[22m[49m: TwodartNet.Services.ExportPresentation.ExportPresentationService[0]
      [SetColorWithAlpha] Set Color: ARGB(255, 246, 248, 250)
[40m[32minfo[39m[22m[49m: TwodartNet.Services.ExportPresentation.ExportPresentationService[0]
      [SetColorWithAlpha] Input: '#F6F8FA'
[40m[32minfo[39m[22m[49m: TwodartNet.Services.ExportPresentation.ExportPresentationService[0]
      [SetColorWithAlpha] Processing hex color: '#F6F8FA'
[40m[32minfo[39m[22m[49m: TwodartNet.Services.ExportPresentation.ExportPresentationService[0]
      [SetColorWithAlpha] Set Color: ARGB(255, 246, 248, 250)
[40m[32minfo[39m[22m[49m: TwodartNet.Services.ExportPresentation.ExportPresentationService[0]
      [SetColorWithAlpha] Input: '#F6F8FA'
[40m[32minfo[39m[22m[49m: TwodartNet.Services.ExportPresentation.ExportPresentationService[0]
      [SetColorWithAlpha] Processing hex color: '#F6F8FA'
[40m[32minfo[39m[22m[49m: TwodartNet.Services.ExportPresentation.ExportPresentationService[0]
      [SetColorWithAlpha] Set Color: ARGB(255, 246, 248, 250)
[40m[32minfo[39m[22m[49m: TwodartNet.Services.ExportPresentation.ExportPresentationService[0]
      [SetColorWithAlpha] Input: '#F6F8FA'
[40m[32minfo[39m[22m[49m: TwodartNet.Services.ExportPresentation.ExportPresentationService[0]
      [SetColorWithAlpha] Processing hex color: '#F6F8FA'
[40m[32minfo[39m[22m[49m: TwodartNet.Services.ExportPresentation.ExportPresentationService[0]
      [SetColorWithAlpha] Set Color: ARGB(255, 246, 248, 250)
[40m[32minfo[39m[22m[49m: TwodartNet.Services.ExportPresentation.ExportPresentationService[0]
      [SetColorWithAlpha] Input: '#F6F8FA'
[40m[32minfo[39m[22m[49m: TwodartNet.Services.ExportPresentation.ExportPresentationService[0]
      [SetColorWithAlpha] Processing hex color: '#F6F8FA'
[40m[32minfo[39m[22m[49m: TwodartNet.Services.ExportPresentation.ExportPresentationService[0]
      [SetColorWithAlpha] Set Color: ARGB(255, 246, 248, 250)
[40m[32minfo[39m[22m[49m: TwodartNet.Services.ExportPresentation.ExportPresentationService[0]
      [SetColorWithAlpha] Input: '#F6F8FA'
[40m[32minfo[39m[22m[49m: TwodartNet.Services.ExportPresentation.ExportPresentationService[0]
      [SetColorWithAlpha] Processing hex color: '#F6F8FA'
[40m[32minfo[39m[22m[49m: TwodartNet.Services.ExportPresentation.ExportPresentationService[0]
      [SetColorWithAlpha] Set Color: ARGB(255, 246, 248, 250)
[40m[32minfo[39m[22m[49m: TwodartNet.Services.ExportPresentation.ExportPresentationService[0]
      [SetColorWithAlpha] Input: '#F6F8FA'
[40m[32minfo[39m[22m[49m: TwodartNet.Services.ExportPresentation.ExportPresentationService[0]
      [SetColorWithAlpha] Processing hex color: '#F6F8FA'
[40m[32minfo[39m[22m[49m: TwodartNet.Services.ExportPresentation.ExportPresentationService[0]
      [SetColorWithAlpha] Set Color: ARGB(255, 246, 248, 250)
[40m[32minfo[39m[22m[49m: TwodartNet.Services.ExportPresentation.ExportPresentationService[0]
      [SetColorWithAlpha] Input: '#F6F8FA'
[40m[32minfo[39m[22m[49m: TwodartNet.Services.ExportPresentation.ExportPresentationService[0]
      [SetColorWithAlpha] Processing hex color: '#F6F8FA'
[40m[32minfo[39m[22m[49m: TwodartNet.Services.ExportPresentation.ExportPresentationService[0]
      [SetColorWithAlpha] Set Color: ARGB(255, 246, 248, 250)
[40m[32minfo[39m[22m[49m: TwodartNet.Services.ExportPresentation.ExportPresentationService[0]
      [SetColorWithAlpha] Input: '#F6F8FA'
[40m[32minfo[39m[22m[49m: TwodartNet.Services.ExportPresentation.ExportPresentationService[0]
      [SetColorWithAlpha] Processing hex color: '#F6F8FA'
[40m[32minfo[39m[22m[49m: TwodartNet.Services.ExportPresentation.ExportPresentationService[0]
      [SetColorWithAlpha] Set Color: ARGB(255, 246, 248, 250)
[40m[32minfo[39m[22m[49m: TwodartNet.Services.ExportPresentation.ExportPresentationService[0]
      [SetColorWithAlpha] Input: '#F6F8FA'
[40m[32minfo[39m[22m[49m: TwodartNet.Services.ExportPresentation.ExportPresentationService[0]
      [SetColorWithAlpha] Processing hex color: '#F6F8FA'
[40m[32minfo[39m[22m[49m: TwodartNet.Services.ExportPresentation.ExportPresentationService[0]
      [SetColorWithAlpha] Set Color: ARGB(255, 246, 248, 250)
[40m[32minfo[39m[22m[49m: TwodartNet.Services.ExportPresentation.ExportPresentationService[0]
      [SetColorWithAlpha] Input: '#F6F8FA'
[40m[32minfo[39m[22m[49m: TwodartNet.Services.ExportPresentation.ExportPresentationService[0]
      [SetColorWithAlpha] Processing hex color: '#F6F8FA'
[40m[32minfo[39m[22m[49m: TwodartNet.Services.ExportPresentation.ExportPresentationService[0]
      [SetColorWithAlpha] Set Color: ARGB(255, 246, 248, 250)
[40m[32minfo[39m[22m[49m: TwodartNet.Services.ExportPresentation.ExportPresentationService[0]
      [SetColorWithAlpha] Input: '#F6F8FA'
[40m[32minfo[39m[22m[49m: TwodartNet.Services.ExportPresentation.ExportPresentationService[0]
      [SetColorWithAlpha] Processing hex color: '#F6F8FA'
[40m[32minfo[39m[22m[49m: TwodartNet.Services.ExportPresentation.ExportPresentationService[0]
      [SetColorWithAlpha] Set Color: ARGB(255, 246, 248, 250)
[40m[32minfo[39m[22m[49m: TwodartNet.Services.ExportPresentation.ExportPresentationService[0]
      [SetColorWithAlpha] Input: '#F6F8FA'
[40m[32minfo[39m[22m[49m: TwodartNet.Services.ExportPresentation.ExportPresentationService[0]
      [SetColorWithAlpha] Processing hex color: '#F6F8FA'
[40m[32minfo[39m[22m[49m: TwodartNet.Services.ExportPresentation.ExportPresentationService[0]
      [SetColorWithAlpha] Set Color: ARGB(255, 246, 248, 250)
[40m[32minfo[39m[22m[49m: TwodartNet.Services.ExportPresentation.ExportPresentationService[0]
      [SetColorWithAlpha] Input: '#F6F8FA'
[40m[32minfo[39m[22m[49m: TwodartNet.Services.ExportPresentation.ExportPresentationService[0]
      [SetColorWithAlpha] Processing hex color: '#F6F8FA'
[40m[32minfo[39m[22m[49m: TwodartNet.Services.ExportPresentation.ExportPresentationService[0]
      [SetColorWithAlpha] Set Color: ARGB(255, 246, 248, 250)
[40m[32minfo[39m[22m[49m: TwodartNet.Services.ExportPresentation.ExportPresentationService[0]
      [SetColorWithAlpha] Input: '#F6F8FA'
[40m[32minfo[39m[22m[49m: TwodartNet.Services.ExportPresentation.ExportPresentationService[0]
      [SetColorWithAlpha] Processing hex color: '#F6F8FA'
[40m[32minfo[39m[22m[49m: TwodartNet.Services.ExportPresentation.ExportPresentationService[0]
      [SetColorWithAlpha] Set Color: ARGB(255, 246, 248, 250)
[40m[32minfo[39m[22m[49m: TwodartNet.Services.ExportPresentation.ExportPresentationService[0]
      [SetColorWithAlpha] Input: '#F6F8FA'
[40m[32minfo[39m[22m[49m: TwodartNet.Services.ExportPresentation.ExportPresentationService[0]
      [SetColorWithAlpha] Processing hex color: '#F6F8FA'
[40m[32minfo[39m[22m[49m: TwodartNet.Services.ExportPresentation.ExportPresentationService[0]
      [SetColorWithAlpha] Set Color: ARGB(255, 246, 248, 250)
[40m[32minfo[39m[22m[49m: TwodartNet.Services.ExportPresentation.ExportPresentationService[0]
      [SetColorWithAlpha] Input: '#F6F8FA'
[40m[32minfo[39m[22m[49m: TwodartNet.Services.ExportPresentation.ExportPresentationService[0]
      [SetColorWithAlpha] Processing hex color: '#F6F8FA'
[40m[32minfo[39m[22m[49m: TwodartNet.Services.ExportPresentation.ExportPresentationService[0]
      [SetColorWithAlpha] Set Color: ARGB(255, 246, 248, 250)
[40m[32minfo[39m[22m[49m: TwodartNet.Services.ExportPresentation.ExportPresentationService[0]
      [SetColorWithAlpha] Input: '#F6F8FA'
[40m[32minfo[39m[22m[49m: TwodartNet.Services.ExportPresentation.ExportPresentationService[0]
      [SetColorWithAlpha] Processing hex color: '#F6F8FA'
[40m[32minfo[39m[22m[49m: TwodartNet.Services.ExportPresentation.ExportPresentationService[0]
      [SetColorWithAlpha] Set Color: ARGB(255, 246, 248, 250)
[40m[32minfo[39m[22m[49m: TwodartNet.Services.ExportPresentation.ExportPresentationService[0]
      [SetColorWithAlpha] Input: '#F6F8FA'
[40m[32minfo[39m[22m[49m: TwodartNet.Services.ExportPresentation.ExportPresentationService[0]
      [SetColorWithAlpha] Processing hex color: '#F6F8FA'
[40m[32minfo[39m[22m[49m: TwodartNet.Services.ExportPresentation.ExportPresentationService[0]
      [SetColorWithAlpha] Set Color: ARGB(255, 246, 248, 250)
[40m[32minfo[39m[22m[49m: TwodartNet.Services.ExportPresentation.ExportPresentationService[0]
      [SetColorWithAlpha] Input: '#F6F8FA'
[40m[32minfo[39m[22m[49m: TwodartNet.Services.ExportPresentation.ExportPresentationService[0]
      [SetColorWithAlpha] Processing hex color: '#F6F8FA'
[40m[32minfo[39m[22m[49m: TwodartNet.Services.ExportPresentation.ExportPresentationService[0]
      [SetColorWithAlpha] Set Color: ARGB(255, 246, 248, 250)
[40m[32minfo[39m[22m[49m: TwodartNet.Services.ExportPresentation.ExportPresentationService[0]
      [SetColorWithAlpha] Input: '#F6F8FA'
[40m[32minfo[39m[22m[49m: TwodartNet.Services.ExportPresentation.ExportPresentationService[0]
      [SetColorWithAlpha] Processing hex color: '#F6F8FA'
[40m[32minfo[39m[22m[49m: TwodartNet.Services.ExportPresentation.ExportPresentationService[0]
      [SetColorWithAlpha] Set Color: ARGB(255, 246, 248, 250)
[40m[32minfo[39m[22m[49m: TwodartNet.Services.ExportPresentation.ExportPresentationService[0]
      [SetColorWithAlpha] Input: '#F6F8FA'
[40m[32minfo[39m[22m[49m: TwodartNet.Services.ExportPresentation.ExportPresentationService[0]
      [SetColorWithAlpha] Processing hex color: '#F6F8FA'
[40m[32minfo[39m[22m[49m: TwodartNet.Services.ExportPresentation.ExportPresentationService[0]
      [SetColorWithAlpha] Set Color: ARGB(255, 246, 248, 250)
[40m[32minfo[39m[22m[49m: TwodartNet.Services.ExportPresentation.ExportPresentationService[0]
      Successfully relinked slide placeholder to layout placeholder for Title
[40m[32minfo[39m[22m[49m: TwodartNet.Services.ExportPresentation.ExportPresentationService[0]
      Successfully relinked slide placeholder to layout placeholder for Subtitle
[40m[32minfo[39m[22m[49m: TwodartNet.Services.ExportPresentation.ExportPresentationService[0]
      Successfully relinked slide placeholder to layout placeholder for Title
[40m[32minfo[39m[22m[49m: TwodartNet.Services.ExportPresentation.ExportPresentationService[0]
      Successfully relinked slide placeholder to layout placeholder for Subtitle
[40m[32minfo[39m[22m[49m: System.Net.Http.HttpClient.Default.LogicalHandler[100]
      Start processing HTTP request GET http://127.0.0.1:23102/v0/b/assets-local.twodart.com/o/general%2Fbranding%2F77TalmNkRBWAICsxc5KE%2Fvbz3IyVzLb0jxEvrwP4f.png?*
[40m[32minfo[39m[22m[49m: System.Net.Http.HttpClient.Default.ClientHandler[100]
      Sending HTTP request GET http://127.0.0.1:23102/v0/b/assets-local.twodart.com/o/general%2Fbranding%2F77TalmNkRBWAICsxc5KE%2Fvbz3IyVzLb0jxEvrwP4f.png?*
[40m[32minfo[39m[22m[49m: System.Net.Http.HttpClient.Default.ClientHandler[101]
      Received HTTP response headers after 2.2553ms - 200
[40m[32minfo[39m[22m[49m: System.Net.Http.HttpClient.Default.LogicalHandler[101]
      End processing HTTP request after 2.358ms - 200
UserHelper: Using Firestore emulator at http://127.0.0.1:23100
templatesSubscriptions not found.
[40m[32minfo[39m[22m[49m: TwodartNet.Middlewares.UserAuthMiddleware[0]
      User authenticated: uzdk1acFfosK0bwwjuuNpIqjnQvy
[40m[32minfo[39m[22m[49m: TwodartNet.Middlewares.UserAuthMiddleware[0]
      User authenticated: uzdk1acFfosK0bwwjuuNpIqjnQvy
[40m[32minfo[39m[22m[49m: TwodartNet.Services.ExportPresentation.ExportPresentationService[0]
      ✅ Export completed successfully!
[40m[32minfo[39m[22m[49m: TwodartNet.Services.ExportPresentationJobService[0]
      [ExportPresentationJobService] Job 0d30848e867a progress: 99% - ready
[40m[32minfo[39m[22m[49m: TwodartNet.Services.ExportPresentation.ExportPresentationService[0]
      Export export-uzdk1acF-f73808e5b85740b88f243985ddeb4c93: Clearing font manager with 2 fonts
[40m[32minfo[39m[22m[49m: TwodartNet.Services.ExportPresentation.ExportPresentationService[0]
      Export export-uzdk1acF-f73808e5b85740b88f243985ddeb4c93: Font manager disposed
[40m[32minfo[39m[22m[49m: TwodartNet.Services.ExportPresentationJobService[0]
      [ExportPresentationJobService] Job 0d30848e867a completed with blob. File size: 499052 bytes
[40m[32minfo[39m[22m[49m: TwodartNet.Controllers.User.Editor.ExportEditorPresentationJobController[0]
      ✅ Export job 0d30848e867a completed successfully!
[40m[32minfo[39m[22m[49m: TwodartNet.Middlewares.UserAuthMiddleware[0]
      User authenticated: uzdk1acFfosK0bwwjuuNpIqjnQvy
[40m[32minfo[39m[22m[49m: TwodartNet.Middlewares.UserAuthMiddleware[0]
      User authenticated: uzdk1acFfosK0bwwjuuNpIqjnQvy
[40m[32minfo[39m[22m[49m: TwodartNet.Services.ExportPresentationJobService[0]
      [ExportPresentationJobService] Job 0d30848e867a downloaded and removed immediately. Memory freed.
[40m[32minfo[39m[22m[49m: TwodartNet.Controllers.User.Editor.ExportEditorPresentationJobController[0]
      Downloading result for job 0d30848e867a, size: 499052 bytes
