🔧 Loading environment from: /srv/dev-fast/runtime-data/fireside-phase5-20260902T1417+0800-5b51e4d/stack-fireside/apps/templates/.env.local
📱 Mobile mode: DISABLED
✅ Environment variables loaded successfully
🔑 ENV: local
🔑 Firebase Project: demo-twodart-local
✅ Port environment variables loaded successfully
🚀 Starting SMART Firestore cache watcher for local development...
👀 Watching collections: colors, fonts, fontPairs, slidesCore, categoriesCore, themes, editorStyle, tags, icons-library, premade-templates, general
⏱️  Debounce delay: 5000ms
⚡ Smart rebuild: Only fetches changed collections!
📡 WebSocket server started on 127.0.0.1:23112 for cache updates
🔧 Creating initial cache (full build)...
🔄 Smart rebuilding Firestore cache...
📥 Initial build - fetching all collections sequentially...
📥 Initial build - fetching colors...
📥 Initial build - fetching fonts...
📥 Initial build - fetching font pairs...
📥 Initial build - fetching theme metadata...
📊 WebSocket server status: 0 connected client(s)
📊 WebSocket server status: 0 connected client(s)
📊 WebSocket server status: 0 connected client(s)
📊 WebSocket server status: 0 connected client(s)
📥 Initial build - fetching editor styles...
📥 Initial build - fetching Unsplash topics...
📥 Initial build - fetching premade tags...
📥 Initial build - fetching core free slide IDs...
📥 Initial build - fetching legacy templates metadata...
📝 Cache uploaded to: /cache/main-cache-local.json
🌐 Cache URL: http://127.0.0.1:23102/v0/b/assets-local.twodart.com/o/cache%2Fmain-cache-local.json?alt=media
📏 Size: 6.18 MB (728.67 KB gzipped)
⏱️  Rebuild completed in 281269ms
📡 Notified 0 client(s) of cache update
✅ Cache rebuilt successfully at 10:03:29 AM
📊 Data summary:
   - Colors: 86
   - Fonts: 45
   - Font Pairs: 15
   - Editor Styles: 6
   - Theme Metadata: Yes
   - Icon Libraries: 1
   - Background Images Metadata: Yes (JSON URL available)
   - Unsplash Topics: 21
   - Tags: 51
   - Core Free Slide IDs: 79
   - Legacy Templates Metadata: No
✅ Smart watcher started successfully!
📁 Cache will be stored in Firebase Storage at: /cache/main-cache-local.json
🔄 Cache will smart-rebuild automatically when Firestore data changes
⚡ Only changed collections will be fetched - much faster!
🔔 Change detected in colors collection
🔔 Change detected in fontPairs collection
🔔 Change detected in general collection
🔔 Change detected in editorStyle collection
🔔 Change detected in fonts collection
🔔 Change detected in tags collection
🔔 Change detected in icons-library collection
🔔 Change detected in themes collection
🔔 Change detected in premade-templates collection
🔔 Change detected in categoriesCore collection
🔄 Smart rebuilding Firestore cache...
⚡ Smart rebuild - only fetching: colors, fontPairs, general, editorStyle, fonts, tags, icons-library, themes, premade-templates, categoriesCore
📋 Fetch options: includeColors, includeFontPairs, includeLegacyTemplatesMetadata, includeCoreFreeSlideIds, includeEditorStyles, includeFonts, includePremadeTags, includeThemeMetadata
📊 WebSocket server status: 0 connected client(s)
🔌 Client connected to cache update WebSocket from 127.0.0.1
👥 Total connected clients: 1
🔌 Client disconnected from cache update WebSocket { code: [33m1001[39m, reason: [32m''[39m, clientIP: [32m'127.0.0.1'[39m }
👥 Remaining connected clients: 0
🔌 Client connected to cache update WebSocket from 127.0.0.1
👥 Total connected clients: 1
🔌 Client connected to cache update WebSocket from 127.0.0.1
👥 Total connected clients: 2
🔌 Client disconnected from cache update WebSocket { code: [33m1001[39m, reason: [32m''[39m, clientIP: [32m'127.0.0.1'[39m }
👥 Remaining connected clients: 1
🔌 Client connected to cache update WebSocket from 127.0.0.1
👥 Total connected clients: 2
🔌 Client disconnected from cache update WebSocket { code: [33m1001[39m, reason: [32m''[39m, clientIP: [32m'127.0.0.1'[39m }
👥 Remaining connected clients: 1
🔌 Client connected to cache update WebSocket from 127.0.0.1
👥 Total connected clients: 2
🔌 Client disconnected from cache update WebSocket { code: [33m1001[39m, reason: [32m''[39m, clientIP: [32m'127.0.0.1'[39m }
👥 Remaining connected clients: 1
📊 WebSocket server status: 1 connected client(s)
📊 WebSocket server status: 1 connected client(s)
🔌 Client disconnected from cache update WebSocket { code: [33m1001[39m, reason: [32m''[39m, clientIP: [32m'127.0.0.1'[39m }
👥 Remaining connected clients: 0
🔌 Client connected to cache update WebSocket from 127.0.0.1
👥 Total connected clients: 1
📊 WebSocket server status: 1 connected client(s)
🔌 Client disconnected from cache update WebSocket { code: [33m1001[39m, reason: [32m''[39m, clientIP: [32m'127.0.0.1'[39m }
👥 Remaining connected clients: 0
🔌 Client connected to cache update WebSocket from 127.0.0.1
👥 Total connected clients: 1
🔌 Client disconnected from cache update WebSocket { code: [33m1001[39m, reason: [32m''[39m, clientIP: [32m'127.0.0.1'[39m }
👥 Remaining connected clients: 0
🔌 Client connected to cache update WebSocket from 127.0.0.1
👥 Total connected clients: 1
🔌 Client disconnected from cache update WebSocket { code: [33m1001[39m, reason: [32m''[39m, clientIP: [32m'127.0.0.1'[39m }
👥 Remaining connected clients: 0
🔌 Client connected to cache update WebSocket from 127.0.0.1
👥 Total connected clients: 1
🔌 Client disconnected from cache update WebSocket { code: [33m1001[39m, reason: [32m''[39m, clientIP: [32m'127.0.0.1'[39m }
👥 Remaining connected clients: 0
🔌 Client connected to cache update WebSocket from 127.0.0.1
👥 Total connected clients: 1
🔌 Client disconnected from cache update WebSocket { code: [33m1001[39m, reason: [32m''[39m, clientIP: [32m'127.0.0.1'[39m }
👥 Remaining connected clients: 0
📊 WebSocket server status: 0 connected client(s)
📊 WebSocket server status: 0 connected client(s)
📊 WebSocket server status: 0 connected client(s)
🔔 Change detected in slidesCore collection
🔄 Smart rebuilding Firestore cache...
⚡ Smart rebuild - only fetching: colors, fontPairs, general, editorStyle, fonts, tags, icons-library, themes, premade-templates, categoriesCore, slidesCore
📋 Fetch options: includeColors, includeFontPairs, includeLegacyTemplatesMetadata, includeCoreFreeSlideIds, includeEditorStyles, includeFonts, includePremadeTags, includeThemeMetadata
📝 Cache uploaded to: /cache/main-cache-local.json
🌐 Cache URL: http://127.0.0.1:23102/v0/b/assets-local.twodart.com/o/cache%2Fmain-cache-local.json?alt=media
📏 Size: 6.18 MB (728.67 KB gzipped)
⏱️  Rebuild completed in 416304ms
📡 Notified 0 client(s) of cache update
✅ Cache rebuilt successfully at 10:10:35 AM
📊 Data summary:
   - Colors: 86
   - Fonts: 45
   - Font Pairs: 15
   - Editor Styles: 6
   - Theme Metadata: Yes
   - Icon Libraries: 1
   - Background Images Metadata: Yes (JSON URL available)
   - Unsplash Topics: 21
   - Tags: 51
   - Core Free Slide IDs: 79
   - Legacy Templates Metadata: No
📊 WebSocket server status: 0 connected client(s)
📊 WebSocket server status: 0 connected client(s)
📊 WebSocket server status: 0 connected client(s)
📊 WebSocket server status: 0 connected client(s)
📊 WebSocket server status: 0 connected client(s)
📝 Cache uploaded to: /cache/main-cache-local.json
🌐 Cache URL: http://127.0.0.1:23102/v0/b/assets-local.twodart.com/o/cache%2Fmain-cache-local.json?alt=media
📏 Size: 6.18 MB (728.67 KB gzipped)
⏱️  Rebuild completed in 289988ms
📡 Notified 0 client(s) of cache update
✅ Cache rebuilt successfully at 10:14:57 AM
📊 Data summary:
   - Colors: 86
   - Fonts: 45
   - Font Pairs: 15
   - Editor Styles: 6
   - Theme Metadata: Yes
   - Icon Libraries: 1
   - Background Images Metadata: Yes (JSON URL available)
   - Unsplash Topics: 21
   - Tags: 51
   - Core Free Slide IDs: 79
   - Legacy Templates Metadata: No
📊 WebSocket server status: 0 connected client(s)
📊 WebSocket server status: 0 connected client(s)
📊 WebSocket server status: 0 connected client(s)
📊 WebSocket server status: 0 connected client(s)
📊 WebSocket server status: 0 connected client(s)
📊 WebSocket server status: 0 connected client(s)
📊 WebSocket server status: 0 connected client(s)
📊 WebSocket server status: 0 connected client(s)
📊 WebSocket server status: 0 connected client(s)
📊 WebSocket server status: 0 connected client(s)
📊 WebSocket server status: 0 connected client(s)
📊 WebSocket server status: 0 connected client(s)
📊 WebSocket server status: 0 connected client(s)
📊 WebSocket server status: 0 connected client(s)
📊 WebSocket server status: 0 connected client(s)
📊 WebSocket server status: 0 connected client(s)
📊 WebSocket server status: 0 connected client(s)
📊 WebSocket server status: 0 connected client(s)
📊 WebSocket server status: 0 connected client(s)
📊 WebSocket server status: 0 connected client(s)
📊 WebSocket server status: 0 connected client(s)
📊 WebSocket server status: 0 connected client(s)
📊 WebSocket server status: 0 connected client(s)
📊 WebSocket server status: 0 connected client(s)
📊 WebSocket server status: 0 connected client(s)
📊 WebSocket server status: 0 connected client(s)
📊 WebSocket server status: 0 connected client(s)
📊 WebSocket server status: 0 connected client(s)
📊 WebSocket server status: 0 connected client(s)
📊 WebSocket server status: 0 connected client(s)
📊 WebSocket server status: 0 connected client(s)
📊 WebSocket server status: 0 connected client(s)
📊 WebSocket server status: 0 connected client(s)
📊 WebSocket server status: 0 connected client(s)
📊 WebSocket server status: 0 connected client(s)
📊 WebSocket server status: 0 connected client(s)
📊 WebSocket server status: 0 connected client(s)
📊 WebSocket server status: 0 connected client(s)
📊 WebSocket server status: 0 connected client(s)
📊 WebSocket server status: 0 connected client(s)
📊 WebSocket server status: 0 connected client(s)
📊 WebSocket server status: 0 connected client(s)
📊 WebSocket server status: 0 connected client(s)
📊 WebSocket server status: 0 connected client(s)
📊 WebSocket server status: 0 connected client(s)
📊 WebSocket server status: 0 connected client(s)
📊 WebSocket server status: 0 connected client(s)
📊 WebSocket server status: 0 connected client(s)
📊 WebSocket server status: 0 connected client(s)
📊 WebSocket server status: 0 connected client(s)
📊 WebSocket server status: 0 connected client(s)
📊 WebSocket server status: 0 connected client(s)
📊 WebSocket server status: 0 connected client(s)
📊 WebSocket server status: 0 connected client(s)
📊 WebSocket server status: 0 connected client(s)
📊 WebSocket server status: 0 connected client(s)
📊 WebSocket server status: 0 connected client(s)
📊 WebSocket server status: 0 connected client(s)
📊 WebSocket server status: 0 connected client(s)
📊 WebSocket server status: 0 connected client(s)
📊 WebSocket server status: 0 connected client(s)
📊 WebSocket server status: 0 connected client(s)
📊 WebSocket server status: 0 connected client(s)
📊 WebSocket server status: 0 connected client(s)
📊 WebSocket server status: 0 connected client(s)
📊 WebSocket server status: 0 connected client(s)
📊 WebSocket server status: 0 connected client(s)
📊 WebSocket server status: 0 connected client(s)
📊 WebSocket server status: 0 connected client(s)
📊 WebSocket server status: 0 connected client(s)
📊 WebSocket server status: 0 connected client(s)
📊 WebSocket server status: 0 connected client(s)
📊 WebSocket server status: 0 connected client(s)
📊 WebSocket server status: 0 connected client(s)
📊 WebSocket server status: 0 connected client(s)
📊 WebSocket server status: 0 connected client(s)
📊 WebSocket server status: 0 connected client(s)
📊 WebSocket server status: 0 connected client(s)
📊 WebSocket server status: 0 connected client(s)
📊 WebSocket server status: 0 connected client(s)
📊 WebSocket server status: 0 connected client(s)
📊 WebSocket server status: 0 connected client(s)
📊 WebSocket server status: 0 connected client(s)
📊 WebSocket server status: 0 connected client(s)
📊 WebSocket server status: 0 connected client(s)
📊 WebSocket server status: 0 connected client(s)
📊 WebSocket server status: 0 connected client(s)
📊 WebSocket server status: 0 connected client(s)
📊 WebSocket server status: 0 connected client(s)
📊 WebSocket server status: 0 connected client(s)
📊 WebSocket server status: 0 connected client(s)
📊 WebSocket server status: 0 connected client(s)
📊 WebSocket server status: 0 connected client(s)
📊 WebSocket server status: 0 connected client(s)
📊 WebSocket server status: 0 connected client(s)
📊 WebSocket server status: 0 connected client(s)
📊 WebSocket server status: 0 connected client(s)
📊 WebSocket server status: 0 connected client(s)
📊 WebSocket server status: 0 connected client(s)
📊 WebSocket server status: 0 connected client(s)
📊 WebSocket server status: 0 connected client(s)
📊 WebSocket server status: 0 connected client(s)
📊 WebSocket server status: 0 connected client(s)
📊 WebSocket server status: 0 connected client(s)
📊 WebSocket server status: 0 connected client(s)
📊 WebSocket server status: 0 connected client(s)
📊 WebSocket server status: 0 connected client(s)
📊 WebSocket server status: 0 connected client(s)
📊 WebSocket server status: 0 connected client(s)
📊 WebSocket server status: 0 connected client(s)
📊 WebSocket server status: 0 connected client(s)
📊 WebSocket server status: 0 connected client(s)
📊 WebSocket server status: 0 connected client(s)
📊 WebSocket server status: 0 connected client(s)
📊 WebSocket server status: 0 connected client(s)
📊 WebSocket server status: 0 connected client(s)
