[1m
portless
[22m
[2m-- Proxy is running[22m
[2m-- phase5-fireside.templates.twodart.localhost (auto-resolves to 127.0.0.1)[22m
[2m-- Name "templates.twodart" (from --name flag)[22m
[2m-- Prefix "phase5-fireside" (from git branch)[22m
-- Using port 23113 (fixed)
[1m
  -> https://phase5-fireside.templates.twodart.localhost
[22m
[2mRunning: PORT=23113 HOST=127.0.0.1 PORTLESS_URL=https://phase5-fireside.templates.twodart.localhost NODE_EXTRA_CA_CERTS="/home/sanjevi/.portless/ca.pem" bash -c cd apps/templates && exec bun run dev -- --port=$PORT
[22m
[0m[2m[35m$[0m [2m[1mbun next dev "--port=23113"[0m
[1m[38;2;173;127;168m▲ Next.js 16.2.9[39m[22m (Turbopack)
- Local:         http://localhost:23113
- Network:       http://192.168.100.205:23113
- Environments: .env.local
[32m[1m✓[22m[39m Ready in 552ms
[37m[1m○[22m[39m Compiling instrumentation Node.js ...
- Experiments (use with caution):
  · clientTraceMetadata

[37m[1m○[22m[39m Compiling /login/[loginType] ...
WARNING: You are using the Auth Emulator, which is intended for local testing only.  Do not use with production credentials.
Firebase initialized successfully
 GET /login/overview [32m200[39m in 10.0s
WARNING: You are using the Auth Emulator, which is intended for local testing only.  Do not use with production credentials.
Firebase initialized successfully
 GET /login/overview [32m200[39m in 4.6s[2m (next.js: 4.5s, generate-params: 4.4s, application-code: 159ms)[22m
 GET /login/overview [32m200[39m in 552ms[2m (next.js: 531ms, generate-params: 504ms, application-code: 21ms)[22m
 GET /login/overview [32m200[39m in 95ms[2m (next.js: 75ms, generate-params: 21µs, application-code: 19ms)[22m
 GET /login/overview [32m200[39m in 58ms[2m (next.js: 39ms, generate-params: 51µs, application-code: 19ms)[22m
WARNING: You are using the Auth Emulator, which is intended for local testing only.  Do not use with production credentials.
Firebase initialized successfully
 GET /login/overview [32m200[39m in 533ms[2m (next.js: 519ms, generate-params: 472ms, application-code: 14ms)[22m
 GET /login/overview [32m200[39m in 57ms[2m (next.js: 27ms, generate-params: 26µs, application-code: 29ms)[22m
 GET /login/overview [32m200[39m in 41ms[2m (next.js: 25ms, generate-params: 18µs, application-code: 15ms)[22m
WARNING: You are using the Auth Emulator, which is intended for local testing only.  Do not use with production credentials.
Firebase initialized successfully
 GET /login/overview [32m200[39m in 513ms[2m (next.js: 498ms, generate-params: 466ms, application-code: 15ms)[22m
 GET /login/overview [32m200[39m in 50ms[2m (next.js: 27ms, generate-params: 30µs, application-code: 23ms)[22m
 GET /login/overview [32m200[39m in 51ms[2m (next.js: 32ms, generate-params: 15µs, application-code: 19ms)[22m
WARNING: You are using the Auth Emulator, which is intended for local testing only.  Do not use with production credentials.
Firebase initialized successfully
 GET /login/overview [32m200[39m in 521ms[2m (next.js: 505ms, generate-params: 482ms, application-code: 16ms)[22m
 GET /login/overview [32m200[39m in 49ms[2m (next.js: 26ms, generate-params: 20µs, application-code: 23ms)[22m
 GET /login/overview [32m200[39m in 40ms[2m (next.js: 23ms, generate-params: 11µs, application-code: 18ms)[22m
WARNING: You are using the Auth Emulator, which is intended for local testing only.  Do not use with production credentials.
Firebase initialized successfully
 GET /login/overview [32m200[39m in 564ms[2m (next.js: 548ms, generate-params: 486ms, application-code: 16ms)[22m
 GET /login/overview [32m200[39m in 47ms[2m (next.js: 30ms, generate-params: 13µs, application-code: 17ms)[22m
 GET /login/overview [32m200[39m in 45ms[2m (next.js: 25ms, generate-params: 17µs, application-code: 20ms)[22m
WARNING: You are using the Auth Emulator, which is intended for local testing only.  Do not use with production credentials.
Firebase initialized successfully
 GET /login/overview [32m200[39m in 501ms[2m (next.js: 487ms, generate-params: 465ms, application-code: 14ms)[22m
 GET /login/overview [32m200[39m in 75ms[2m (next.js: 58ms, generate-params: 20µs, application-code: 17ms)[22m
 GET /login/overview [32m200[39m in 51ms[2m (next.js: 24ms, generate-params: 16µs, application-code: 28ms)[22m
WARNING: You are using the Auth Emulator, which is intended for local testing only.  Do not use with production credentials.
Firebase initialized successfully
 GET /login/overview [32m200[39m in 525ms[2m (next.js: 506ms, generate-params: 451ms, application-code: 18ms)[22m
 GET /login/overview [32m200[39m in 56ms[2m (next.js: 40ms, generate-params: 16µs, application-code: 16ms)[22m
 GET /login/overview [32m200[39m in 58ms[2m (next.js: 30ms, generate-params: 11µs, application-code: 29ms)[22m
WARNING: You are using the Auth Emulator, which is intended for local testing only.  Do not use with production credentials.
Firebase initialized successfully
 GET /login/overview [32m200[39m in 531ms[2m (next.js: 517ms, generate-params: 486ms, application-code: 14ms)[22m
 GET /login/overview [32m200[39m in 68ms[2m (next.js: 51ms, generate-params: 18µs, application-code: 18ms)[22m
 GET /login/overview [32m200[39m in 53ms[2m (next.js: 37ms, generate-params: 12µs, application-code: 15ms)[22m
WARNING: You are using the Auth Emulator, which is intended for local testing only.  Do not use with production credentials.
Firebase initialized successfully
 GET /login/overview [32m200[39m in 515ms[2m (next.js: 501ms, generate-params: 471ms, application-code: 13ms)[22m
 GET /login/overview [32m200[39m in 60ms[2m (next.js: 32ms, generate-params: 18µs, application-code: 28ms)[22m
 GET /login/overview [32m200[39m in 64ms[2m (next.js: 43ms, generate-params: 42µs, application-code: 21ms)[22m
WARNING: You are using the Auth Emulator, which is intended for local testing only.  Do not use with production credentials.
Firebase initialized successfully
 GET /login/overview [32m200[39m in 522ms[2m (next.js: 507ms, generate-params: 466ms, application-code: 15ms)[22m
 GET /login/overview [32m200[39m in 53ms[2m (next.js: 37ms, generate-params: 16µs, application-code: 16ms)[22m
 GET /login/overview [32m200[39m in 47ms[2m (next.js: 30ms, generate-params: 12µs, application-code: 17ms)[22m
WARNING: You are using the Auth Emulator, which is intended for local testing only.  Do not use with production credentials.
Firebase initialized successfully
 GET /login/overview [32m200[39m in 494ms[2m (next.js: 475ms, generate-params: 454ms, application-code: 19ms)[22m
 GET /login/overview [32m200[39m in 55ms[2m (next.js: 42ms, generate-params: 14µs, application-code: 14ms)[22m
 GET /login/overview [32m200[39m in 61ms[2m (next.js: 39ms, generate-params: 18µs, application-code: 23ms)[22m
WARNING: You are using the Auth Emulator, which is intended for local testing only.  Do not use with production credentials.
Firebase initialized successfully
 GET /login/overview [32m200[39m in 510ms[2m (next.js: 494ms, generate-params: 464ms, application-code: 16ms)[22m
 GET /login/overview [32m200[39m in 67ms[2m (next.js: 47ms, generate-params: 23µs, application-code: 20ms)[22m
 GET /login/overview [32m200[39m in 90ms[2m (next.js: 65ms, generate-params: 11µs, application-code: 25ms)[22m
WARNING: You are using the Auth Emulator, which is intended for local testing only.  Do not use with production credentials.
Firebase initialized successfully
 GET /login/overview [32m200[39m in 525ms[2m (next.js: 511ms, generate-params: 474ms, application-code: 14ms)[22m
 GET /login/overview [32m200[39m in 56ms[2m (next.js: 39ms, generate-params: 14µs, application-code: 17ms)[22m
 GET /login/overview [32m200[39m in 57ms[2m (next.js: 34ms, generate-params: 13µs, application-code: 23ms)[22m
WARNING: You are using the Auth Emulator, which is intended for local testing only.  Do not use with production credentials.
Firebase initialized successfully
 GET /login/overview [32m200[39m in 524ms[2m (next.js: 509ms, generate-params: 464ms, application-code: 15ms)[22m
 GET /login/overview [32m200[39m in 46ms[2m (next.js: 28ms, generate-params: 12µs, application-code: 18ms)[22m
 GET /login/overview [32m200[39m in 56ms[2m (next.js: 35ms, generate-params: 16µs, application-code: 21ms)[22m
WARNING: You are using the Auth Emulator, which is intended for local testing only.  Do not use with production credentials.
Firebase initialized successfully
 GET /login/overview [32m200[39m in 42ms[2m (next.js: 23ms, generate-params: 11µs, application-code: 18ms)[22m
 GET /login/overview [32m200[39m in 523ms[2m (next.js: 507ms, generate-params: 484ms, application-code: 16ms)[22m
 GET /login/overview [32m200[39m in 61ms[2m (next.js: 40ms, generate-params: 18µs, application-code: 21ms)[22m
 GET /login/overview [32m200[39m in 45ms[2m (next.js: 25ms, generate-params: 13µs, application-code: 20ms)[22m
WARNING: You are using the Auth Emulator, which is intended for local testing only.  Do not use with production credentials.
Firebase initialized successfully
 GET /login/overview [32m200[39m in 540ms[2m (next.js: 524ms, generate-params: 497ms, application-code: 16ms)[22m
 GET /login/overview [32m200[39m in 41ms[2m (next.js: 24ms, generate-params: 11µs, application-code: 16ms)[22m
 GET /login/overview [32m200[39m in 55ms[2m (next.js: 39ms, generate-params: 11µs, application-code: 16ms)[22m
WARNING: You are using the Auth Emulator, which is intended for local testing only.  Do not use with production credentials.
Firebase initialized successfully
 GET /login/overview [32m200[39m in 528ms[2m (next.js: 512ms, generate-params: 469ms, application-code: 16ms)[22m
 GET /login/overview [32m200[39m in 48ms[2m (next.js: 25ms, generate-params: 17µs, application-code: 23ms)[22m
 GET /login/overview [32m200[39m in 40ms[2m (next.js: 22ms, generate-params: 14µs, application-code: 17ms)[22m
WARNING: You are using the Auth Emulator, which is intended for local testing only.  Do not use with production credentials.
Firebase initialized successfully
 GET /login/overview [32m200[39m in 573ms[2m (next.js: 558ms, generate-params: 479ms, application-code: 15ms)[22m
 GET /login/overview [32m200[39m in 51ms[2m (next.js: 26ms, generate-params: 14µs, application-code: 26ms)[22m
 GET /login/overview [32m200[39m in 45ms[2m (next.js: 29ms, generate-params: 11µs, application-code: 16ms)[22m
WARNING: You are using the Auth Emulator, which is intended for local testing only.  Do not use with production credentials.
Firebase initialized successfully
 GET /login/overview [32m200[39m in 536ms[2m (next.js: 522ms, generate-params: 478ms, application-code: 14ms)[22m
 GET /login/overview [32m200[39m in 53ms[2m (next.js: 26ms, generate-params: 19µs, application-code: 27ms)[22m
 GET /login/overview [32m200[39m in 43ms[2m (next.js: 24ms, generate-params: 11µs, application-code: 19ms)[22m
WARNING: You are using the Auth Emulator, which is intended for local testing only.  Do not use with production credentials.
Firebase initialized successfully
 GET /login/overview [32m200[39m in 529ms[2m (next.js: 515ms, generate-params: 467ms, application-code: 15ms)[22m
 GET /login/overview [32m200[39m in 50ms[2m (next.js: 33ms, generate-params: 19µs, application-code: 17ms)[22m
 GET /login/overview [32m200[39m in 60ms[2m (next.js: 42ms, generate-params: 18µs, application-code: 19ms)[22m
WARNING: You are using the Auth Emulator, which is intended for local testing only.  Do not use with production credentials.
Firebase initialized successfully
 GET /login/overview [32m200[39m in 569ms[2m (next.js: 555ms, generate-params: 516ms, application-code: 14ms)[22m
 GET /login/overview [32m200[39m in 42ms[2m (next.js: 28ms, generate-params: 16µs, application-code: 14ms)[22m
 GET /login/overview [32m200[39m in 47ms[2m (next.js: 28ms, generate-params: 18µs, application-code: 18ms)[22m
WARNING: You are using the Auth Emulator, which is intended for local testing only.  Do not use with production credentials.
Firebase initialized successfully
 GET /login/overview [32m200[39m in 530ms[2m (next.js: 517ms, generate-params: 492ms, application-code: 13ms)[22m
 GET /login/overview [32m200[39m in 52ms[2m (next.js: 38ms, generate-params: 11µs, application-code: 14ms)[22m
 GET /login/overview [32m200[39m in 62ms[2m (next.js: 41ms, generate-params: 22µs, application-code: 21ms)[22m
WARNING: You are using the Auth Emulator, which is intended for local testing only.  Do not use with production credentials.
Firebase initialized successfully
 GET /login/overview [32m200[39m in 522ms[2m (next.js: 508ms, generate-params: 486ms, application-code: 14ms)[22m
 GET /login/overview [32m200[39m in 50ms[2m (next.js: 33ms, generate-params: 14µs, application-code: 17ms)[22m
 GET /login/overview [32m200[39m in 87ms[2m (next.js: 61ms, generate-params: 11µs, application-code: 26ms)[22m
WARNING: You are using the Auth Emulator, which is intended for local testing only.  Do not use with production credentials.
Firebase initialized successfully
 GET /login/overview [32m200[39m in 571ms[2m (next.js: 534ms, generate-params: 503ms, application-code: 37ms)[22m
 GET /login/overview [32m200[39m in 69ms[2m (next.js: 46ms, generate-params: 39µs, application-code: 23ms)[22m
 GET /login/overview [32m200[39m in 41ms[2m (next.js: 22ms, generate-params: 12µs, application-code: 19ms)[22m
WARNING: You are using the Auth Emulator, which is intended for local testing only.  Do not use with production credentials.
Firebase initialized successfully
 GET /login/overview [32m200[39m in 534ms[2m (next.js: 521ms, generate-params: 478ms, application-code: 14ms)[22m
 GET /login/overview [32m200[39m in 59ms[2m (next.js: 34ms, generate-params: 21µs, application-code: 25ms)[22m
 GET /login/overview [32m200[39m in 43ms[2m (next.js: 28ms, generate-params: 13µs, application-code: 15ms)[22m
WARNING: You are using the Auth Emulator, which is intended for local testing only.  Do not use with production credentials.
Firebase initialized successfully
 GET /login/overview [32m200[39m in 552ms[2m (next.js: 539ms, generate-params: 514ms, application-code: 13ms)[22m
 GET /login/overview [32m200[39m in 37ms[2m (next.js: 22ms, generate-params: 17µs, application-code: 16ms)[22m
 GET /login/overview [32m200[39m in 42ms[2m (next.js: 23ms, generate-params: 12µs, application-code: 19ms)[22m
WARNING: You are using the Auth Emulator, which is intended for local testing only.  Do not use with production credentials.
Firebase initialized successfully
 GET /login/overview [32m200[39m in 524ms[2m (next.js: 510ms, generate-params: 487ms, application-code: 15ms)[22m
 GET /login/overview [32m200[39m in 42ms[2m (next.js: 22ms, generate-params: 13µs, application-code: 20ms)[22m
 GET /login/overview [32m200[39m in 65ms[2m (next.js: 45ms, generate-params: 17µs, application-code: 20ms)[22m
WARNING: You are using the Auth Emulator, which is intended for local testing only.  Do not use with production credentials.
Firebase initialized successfully
 GET /login/overview [32m200[39m in 530ms[2m (next.js: 518ms, generate-params: 478ms, application-code: 13ms)[22m
 GET /login/overview [32m200[39m in 60ms[2m (next.js: 42ms, generate-params: 17µs, application-code: 18ms)[22m
 GET /login/overview [32m200[39m in 60ms[2m (next.js: 42ms, generate-params: 13µs, application-code: 18ms)[22m
WARNING: You are using the Auth Emulator, which is intended for local testing only.  Do not use with production credentials.
Firebase initialized successfully
 GET /login/overview [32m200[39m in 548ms[2m (next.js: 534ms, generate-params: 470ms, application-code: 14ms)[22m
 GET /login/overview [32m200[39m in 93ms[2m (next.js: 72ms, generate-params: 21µs, application-code: 20ms)[22m
 GET /login/overview [32m200[39m in 41ms[2m (next.js: 23ms, generate-params: 12µs, application-code: 18ms)[22m
WARNING: You are using the Auth Emulator, which is intended for local testing only.  Do not use with production credentials.
Firebase initialized successfully
 GET /login/overview [32m200[39m in 530ms[2m (next.js: 517ms, generate-params: 465ms, application-code: 13ms)[22m
 GET /login/overview [32m200[39m in 47ms[2m (next.js: 30ms, generate-params: 14µs, application-code: 17ms)[22m
 GET /login/overview [32m200[39m in 48ms[2m (next.js: 27ms, generate-params: 14µs, application-code: 20ms)[22m
WARNING: You are using the Auth Emulator, which is intended for local testing only.  Do not use with production credentials.
Firebase initialized successfully
 GET /login/overview [32m200[39m in 526ms[2m (next.js: 511ms, generate-params: 489ms, application-code: 15ms)[22m
 GET /login/overview [32m200[39m in 71ms[2m (next.js: 46ms, generate-params: 20µs, application-code: 25ms)[22m
 GET /login/overview [32m200[39m in 53ms[2m (next.js: 38ms, generate-params: 12µs, application-code: 15ms)[22m
WARNING: You are using the Auth Emulator, which is intended for local testing only.  Do not use with production credentials.
Firebase initialized successfully
 GET /login/overview [32m200[39m in 576ms[2m (next.js: 562ms, generate-params: 535ms, application-code: 14ms)[22m
 GET /login/overview [32m200[39m in 44ms[2m (next.js: 24ms, generate-params: 13µs, application-code: 20ms)[22m
 GET /login/overview [32m200[39m in 54ms[2m (next.js: 31ms, generate-params: 23µs, application-code: 23ms)[22m
WARNING: You are using the Auth Emulator, which is intended for local testing only.  Do not use with production credentials.
Firebase initialized successfully
 GET /login/overview [32m200[39m in 515ms[2m (next.js: 501ms, generate-params: 460ms, application-code: 14ms)[22m
 GET /login/overview [32m200[39m in 40ms[2m (next.js: 24ms, generate-params: 14µs, application-code: 16ms)[22m
 GET /login/overview [32m200[39m in 63ms[2m (next.js: 49ms, generate-params: 12µs, application-code: 13ms)[22m
WARNING: You are using the Auth Emulator, which is intended for local testing only.  Do not use with production credentials.
Firebase initialized successfully
 GET /login/overview [32m200[39m in 550ms[2m (next.js: 534ms, generate-params: 505ms, application-code: 17ms)[22m
 GET /login/overview [32m200[39m in 47ms[2m (next.js: 26ms, generate-params: 15µs, application-code: 21ms)[22m
 GET /login/overview [32m200[39m in 51ms[2m (next.js: 31ms, generate-params: 14µs, application-code: 20ms)[22m
WARNING: You are using the Auth Emulator, which is intended for local testing only.  Do not use with production credentials.
Firebase initialized successfully
 GET /login/overview [32m200[39m in 59ms[2m (next.js: 40ms, generate-params: 17µs, application-code: 18ms)[22m
 GET /login/overview [32m200[39m in 525ms[2m (next.js: 512ms, generate-params: 468ms, application-code: 13ms)[22m
 GET /login/overview [32m200[39m in 62ms[2m (next.js: 41ms, generate-params: 17µs, application-code: 21ms)[22m
 GET /login/overview [32m200[39m in 38ms[2m (next.js: 25ms, generate-params: 10µs, application-code: 13ms)[22m
WARNING: You are using the Auth Emulator, which is intended for local testing only.  Do not use with production credentials.
Firebase initialized successfully
 GET /login/overview [32m200[39m in 512ms[2m (next.js: 499ms, generate-params: 467ms, application-code: 13ms)[22m
 GET /login/overview [32m200[39m in 42ms[2m (next.js: 24ms, generate-params: 14µs, application-code: 17ms)[22m
 GET /login/overview [32m200[39m in 70ms[2m (next.js: 52ms, generate-params: 22µs, application-code: 18ms)[22m
WARNING: You are using the Auth Emulator, which is intended for local testing only.  Do not use with production credentials.
Firebase initialized successfully
 GET /login/overview [32m200[39m in 561ms[2m (next.js: 547ms, generate-params: 523ms, application-code: 14ms)[22m
 GET /login/overview [32m200[39m in 66ms[2m (next.js: 46ms, generate-params: 25µs, application-code: 20ms)[22m
 GET /login/overview [32m200[39m in 69ms[2m (next.js: 51ms, generate-params: 19µs, application-code: 18ms)[22m
WARNING: You are using the Auth Emulator, which is intended for local testing only.  Do not use with production credentials.
Firebase initialized successfully
 GET /login/overview [32m200[39m in 544ms[2m (next.js: 530ms, generate-params: 484ms, application-code: 13ms)[22m
 GET /login/overview [32m200[39m in 41ms[2m (next.js: 25ms, generate-params: 12µs, application-code: 16ms)[22m
 GET /login/overview [32m200[39m in 55ms[2m (next.js: 35ms, generate-params: 15µs, application-code: 20ms)[22m
WARNING: You are using the Auth Emulator, which is intended for local testing only.  Do not use with production credentials.
Firebase initialized successfully
 GET /login/overview [32m200[39m in 524ms[2m (next.js: 510ms, generate-params: 474ms, application-code: 14ms)[22m
 GET /login/overview [32m200[39m in 51ms[2m (next.js: 32ms, generate-params: 12µs, application-code: 19ms)[22m
 GET /login/overview [32m200[39m in 42ms[2m (next.js: 24ms, generate-params: 12µs, application-code: 18ms)[22m
WARNING: You are using the Auth Emulator, which is intended for local testing only.  Do not use with production credentials.
Firebase initialized successfully
 GET /login/overview [32m200[39m in 565ms[2m (next.js: 547ms, generate-params: 504ms, application-code: 18ms)[22m
 GET /login/overview [32m200[39m in 51ms[2m (next.js: 24ms, generate-params: 12µs, application-code: 26ms)[22m
 GET /login/overview [32m200[39m in 42ms[2m (next.js: 27ms, generate-params: 11µs, application-code: 15ms)[22m
WARNING: You are using the Auth Emulator, which is intended for local testing only.  Do not use with production credentials.
Firebase initialized successfully
 GET /login/overview [32m200[39m in 518ms[2m (next.js: 504ms, generate-params: 481ms, application-code: 14ms)[22m
 GET /login/overview [32m200[39m in 55ms[2m (next.js: 35ms, generate-params: 16µs, application-code: 20ms)[22m
 GET /login/overview [32m200[39m in 63ms[2m (next.js: 45ms, generate-params: 18µs, application-code: 18ms)[22m
WARNING: You are using the Auth Emulator, which is intended for local testing only.  Do not use with production credentials.
Firebase initialized successfully
 GET /login/overview [32m200[39m in 544ms[2m (next.js: 523ms, generate-params: 472ms, application-code: 20ms)[22m
 GET /login/overview [32m200[39m in 72ms[2m (next.js: 49ms, generate-params: 29µs, application-code: 23ms)[22m
 GET /login/overview [32m200[39m in 74ms[2m (next.js: 59ms, generate-params: 17µs, application-code: 15ms)[22m
WARNING: You are using the Auth Emulator, which is intended for local testing only.  Do not use with production credentials.
Firebase initialized successfully
 GET /login/overview [32m200[39m in 554ms[2m (next.js: 541ms, generate-params: 494ms, application-code: 13ms)[22m
 GET /login/overview [32m200[39m in 65ms[2m (next.js: 36ms, generate-params: 18µs, application-code: 29ms)[22m
 GET /login/overview [32m200[39m in 65ms[2m (next.js: 49ms, generate-params: 26µs, application-code: 16ms)[22m
WARNING: You are using the Auth Emulator, which is intended for local testing only.  Do not use with production credentials.
Firebase initialized successfully
 GET /login/overview [32m200[39m in 542ms[2m (next.js: 526ms, generate-params: 494ms, application-code: 15ms)[22m
 GET /login/overview [32m200[39m in 67ms[2m (next.js: 36ms, generate-params: 22µs, application-code: 31ms)[22m
 GET /login/overview [32m200[39m in 47ms[2m (next.js: 27ms, generate-params: 14µs, application-code: 20ms)[22m
WARNING: You are using the Auth Emulator, which is intended for local testing only.  Do not use with production credentials.
Firebase initialized successfully
 GET /login/overview [32m200[39m in 535ms[2m (next.js: 517ms, generate-params: 490ms, application-code: 18ms)[22m
 GET /login/overview [32m200[39m in 52ms[2m (next.js: 31ms, generate-params: 13µs, application-code: 21ms)[22m
 GET /login/overview [32m200[39m in 44ms[2m (next.js: 26ms, generate-params: 13µs, application-code: 18ms)[22m
WARNING: You are using the Auth Emulator, which is intended for local testing only.  Do not use with production credentials.
Firebase initialized successfully
 GET /login/overview [32m200[39m in 532ms[2m (next.js: 514ms, generate-params: 492ms, application-code: 18ms)[22m
 GET /login/overview [32m200[39m in 52ms[2m (next.js: 29ms, generate-params: 23µs, application-code: 23ms)[22m
 GET /login/overview [32m200[39m in 52ms[2m (next.js: 35ms, generate-params: 12µs, application-code: 17ms)[22m
WARNING: You are using the Auth Emulator, which is intended for local testing only.  Do not use with production credentials.
Firebase initialized successfully
 GET /login/overview [32m200[39m in 563ms[2m (next.js: 544ms, generate-params: 480ms, application-code: 19ms)[22m
 GET /login/overview [32m200[39m in 56ms[2m (next.js: 40ms, generate-params: 16µs, application-code: 16ms)[22m
 GET /login/overview [32m200[39m in 46ms[2m (next.js: 28ms, generate-params: 12µs, application-code: 18ms)[22m
WARNING: You are using the Auth Emulator, which is intended for local testing only.  Do not use with production credentials.
Firebase initialized successfully
 GET /login/overview [32m200[39m in 551ms[2m (next.js: 533ms, generate-params: 504ms, application-code: 18ms)[22m
 GET /login/overview [32m200[39m in 55ms[2m (next.js: 32ms, generate-params: 18µs, application-code: 23ms)[22m
 GET /login/overview [32m200[39m in 45ms[2m (next.js: 31ms, generate-params: 10µs, application-code: 14ms)[22m
WARNING: You are using the Auth Emulator, which is intended for local testing only.  Do not use with production credentials.
Firebase initialized successfully
 GET /login/overview [32m200[39m in 516ms[2m (next.js: 503ms, generate-params: 479ms, application-code: 13ms)[22m
 GET /login/overview [32m200[39m in 46ms[2m (next.js: 26ms, generate-params: 12µs, application-code: 20ms)[22m
 GET /login/overview [32m200[39m in 68ms[2m (next.js: 50ms, generate-params: 20µs, application-code: 18ms)[22m
WARNING: You are using the Auth Emulator, which is intended for local testing only.  Do not use with production credentials.
Firebase initialized successfully
 GET /login/overview [32m200[39m in 548ms[2m (next.js: 534ms, generate-params: 491ms, application-code: 14ms)[22m
 GET /login/overview [32m200[39m in 40ms[2m (next.js: 25ms, generate-params: 12µs, application-code: 15ms)[22m
 GET /login/overview [32m200[39m in 45ms[2m (next.js: 30ms, generate-params: 14µs, application-code: 15ms)[22m
WARNING: You are using the Auth Emulator, which is intended for local testing only.  Do not use with production credentials.
Firebase initialized successfully
 GET /login/overview [32m200[39m in 592ms[2m (next.js: 573ms, generate-params: 522ms, application-code: 19ms)[22m
 GET /login/overview [32m200[39m in 44ms[2m (next.js: 30ms, generate-params: 11µs, application-code: 15ms)[22m
 GET /login/overview [32m200[39m in 66ms[2m (next.js: 50ms, generate-params: 18µs, application-code: 16ms)[22m
WARNING: You are using the Auth Emulator, which is intended for local testing only.  Do not use with production credentials.
Firebase initialized successfully
 GET /login/overview [32m200[39m in 526ms[2m (next.js: 513ms, generate-params: 473ms, application-code: 13ms)[22m
 GET /login/overview [32m200[39m in 74ms[2m (next.js: 48ms, generate-params: 22µs, application-code: 27ms)[22m
 GET /login/overview [32m200[39m in 53ms[2m (next.js: 29ms, generate-params: 16µs, application-code: 23ms)[22m
WARNING: You are using the Auth Emulator, which is intended for local testing only.  Do not use with production credentials.
Firebase initialized successfully
 GET /login/overview [32m200[39m in 526ms[2m (next.js: 512ms, generate-params: 468ms, application-code: 14ms)[22m
 GET /login/overview [32m200[39m in 57ms[2m (next.js: 31ms, generate-params: 11µs, application-code: 26ms)[22m
 GET /login/overview [32m200[39m in 43ms[2m (next.js: 26ms, generate-params: 11µs, application-code: 17ms)[22m
WARNING: You are using the Auth Emulator, which is intended for local testing only.  Do not use with production credentials.
Firebase initialized successfully
 GET /login/overview [32m200[39m in 536ms[2m (next.js: 521ms, generate-params: 475ms, application-code: 15ms)[22m
 GET /login/overview [32m200[39m in 55ms[2m (next.js: 36ms, generate-params: 15µs, application-code: 18ms)[22m
 GET /login/overview [32m200[39m in 63ms[2m (next.js: 44ms, generate-params: 17µs, application-code: 19ms)[22m
WARNING: You are using the Auth Emulator, which is intended for local testing only.  Do not use with production credentials.
Firebase initialized successfully
 GET /login/overview [32m200[39m in 515ms[2m (next.js: 502ms, generate-params: 476ms, application-code: 13ms)[22m
 GET /login/overview [32m200[39m in 55ms[2m (next.js: 33ms, generate-params: 16µs, application-code: 21ms)[22m
 GET /login/overview [32m200[39m in 37ms[2m (next.js: 23ms, generate-params: 13µs, application-code: 15ms)[22m
WARNING: You are using the Auth Emulator, which is intended for local testing only.  Do not use with production credentials.
Firebase initialized successfully
 GET /login/overview [32m200[39m in 553ms[2m (next.js: 540ms, generate-params: 494ms, application-code: 13ms)[22m
 GET /login/overview [32m200[39m in 43ms[2m (next.js: 28ms, generate-params: 13µs, application-code: 16ms)[22m
 GET /login/overview [32m200[39m in 45ms[2m (next.js: 22ms, generate-params: 19µs, application-code: 23ms)[22m
WARNING: You are using the Auth Emulator, which is intended for local testing only.  Do not use with production credentials.
Firebase initialized successfully
 GET /login/overview [32m200[39m in 572ms[2m (next.js: 560ms, generate-params: 532ms, application-code: 13ms)[22m
 GET /login/overview [32m200[39m in 53ms[2m (next.js: 34ms, generate-params: 12µs, application-code: 19ms)[22m
 GET /login/overview [32m200[39m in 68ms[2m (next.js: 46ms, generate-params: 17µs, application-code: 21ms)[22m
WARNING: You are using the Auth Emulator, which is intended for local testing only.  Do not use with production credentials.
Firebase initialized successfully
 GET /login/overview [32m200[39m in 515ms[2m (next.js: 502ms, generate-params: 467ms, application-code: 13ms)[22m
 GET /login/overview [32m200[39m in 69ms[2m (next.js: 52ms, generate-params: 18µs, application-code: 17ms)[22m
 GET /login/overview [32m200[39m in 53ms[2m (next.js: 22ms, generate-params: 12µs, application-code: 30ms)[22m
WARNING: You are using the Auth Emulator, which is intended for local testing only.  Do not use with production credentials.
Firebase initialized successfully
 GET /login/overview [32m200[39m in 506ms[2m (next.js: 493ms, generate-params: 474ms, application-code: 13ms)[22m
 GET /login/overview [32m200[39m in 41ms[2m (next.js: 26ms, generate-params: 10µs, application-code: 15ms)[22m
 GET /login/overview [32m200[39m in 48ms[2m (next.js: 32ms, generate-params: 16µs, application-code: 16ms)[22m
WARNING: You are using the Auth Emulator, which is intended for local testing only.  Do not use with production credentials.
Firebase initialized successfully
 GET /login/overview [32m200[39m in 552ms[2m (next.js: 539ms, generate-params: 503ms, application-code: 14ms)[22m
 GET /login/overview [32m200[39m in 74ms[2m (next.js: 49ms, generate-params: 27µs, application-code: 24ms)[22m
 GET /login/overview [32m200[39m in 61ms[2m (next.js: 34ms, generate-params: 21µs, application-code: 27ms)[22m
WARNING: You are using the Auth Emulator, which is intended for local testing only.  Do not use with production credentials.
Firebase initialized successfully
 GET /login/overview [32m200[39m in 550ms[2m (next.js: 535ms, generate-params: 503ms, application-code: 15ms)[22m
 GET /login/overview [32m200[39m in 49ms[2m (next.js: 30ms, generate-params: 12µs, application-code: 19ms)[22m
 GET /login/overview [32m200[39m in 59ms[2m (next.js: 25ms, generate-params: 11µs, application-code: 34ms)[22m
WARNING: You are using the Auth Emulator, which is intended for local testing only.  Do not use with production credentials.
Firebase initialized successfully
 GET /login/overview [32m200[39m in 622ms[2m (next.js: 607ms, generate-params: 475ms, application-code: 15ms)[22m
 GET /login/overview [32m200[39m in 60ms[2m (next.js: 29ms, generate-params: 19µs, application-code: 31ms)[22m
 GET /login/overview [32m200[39m in 36ms[2m (next.js: 21ms, generate-params: 10µs, application-code: 15ms)[22m
WARNING: You are using the Auth Emulator, which is intended for local testing only.  Do not use with production credentials.
Firebase initialized successfully
 GET /login/overview [32m200[39m in 516ms[2m (next.js: 503ms, generate-params: 482ms, application-code: 13ms)[22m
 GET /login/overview [32m200[39m in 65ms[2m (next.js: 48ms, generate-params: 22µs, application-code: 17ms)[22m
 GET /login/overview [32m200[39m in 57ms[2m (next.js: 27ms, generate-params: 9µs, application-code: 30ms)[22m
WARNING: You are using the Auth Emulator, which is intended for local testing only.  Do not use with production credentials.
Firebase initialized successfully
 GET /login/overview [32m200[39m in 499ms[2m (next.js: 486ms, generate-params: 458ms, application-code: 13ms)[22m
 GET /login/overview [32m200[39m in 61ms[2m (next.js: 33ms, generate-params: 20µs, application-code: 28ms)[22m
 GET /login/overview [32m200[39m in 47ms[2m (next.js: 28ms, generate-params: 12µs, application-code: 18ms)[22m
WARNING: You are using the Auth Emulator, which is intended for local testing only.  Do not use with production credentials.
Firebase initialized successfully
 GET /login/overview [32m200[39m in 537ms[2m (next.js: 524ms, generate-params: 475ms, application-code: 13ms)[22m
 GET /login/overview [32m200[39m in 52ms[2m (next.js: 26ms, generate-params: 13µs, application-code: 25ms)[22m
 GET /login/overview [32m200[39m in 43ms[2m (next.js: 27ms, generate-params: 9µs, application-code: 17ms)[22m
WARNING: You are using the Auth Emulator, which is intended for local testing only.  Do not use with production credentials.
Firebase initialized successfully
 GET /login/overview [32m200[39m in 558ms[2m (next.js: 543ms, generate-params: 493ms, application-code: 15ms)[22m
 GET /login/overview [32m200[39m in 54ms[2m (next.js: 31ms, generate-params: 15µs, application-code: 23ms)[22m
 GET /login/overview [32m200[39m in 47ms[2m (next.js: 26ms, generate-params: 13µs, application-code: 21ms)[22m
WARNING: You are using the Auth Emulator, which is intended for local testing only.  Do not use with production credentials.
Firebase initialized successfully
 GET /login/overview [32m200[39m in 545ms[2m (next.js: 530ms, generate-params: 495ms, application-code: 15ms)[22m
 GET /login/overview [32m200[39m in 41ms[2m (next.js: 24ms, generate-params: 12µs, application-code: 16ms)[22m
 GET /login/overview [32m200[39m in 67ms[2m (next.js: 41ms, generate-params: 20µs, application-code: 26ms)[22m
WARNING: You are using the Auth Emulator, which is intended for local testing only.  Do not use with production credentials.
Firebase initialized successfully
 GET /login/overview [32m200[39m in 527ms[2m (next.js: 513ms, generate-params: 487ms, application-code: 13ms)[22m
 GET /login/overview [32m200[39m in 36ms[2m (next.js: 21ms, generate-params: 11µs, application-code: 14ms)[22m
 GET /login/overview [32m200[39m in 66ms[2m (next.js: 43ms, generate-params: 19µs, application-code: 22ms)[22m
WARNING: You are using the Auth Emulator, which is intended for local testing only.  Do not use with production credentials.
Firebase initialized successfully
 GET /login/overview [32m200[39m in 524ms[2m (next.js: 511ms, generate-params: 466ms, application-code: 12ms)[22m
 GET /login/overview [32m200[39m in 59ms[2m (next.js: 42ms, generate-params: 12µs, application-code: 17ms)[22m
 GET /login/overview [32m200[39m in 61ms[2m (next.js: 40ms, generate-params: 16µs, application-code: 21ms)[22m
WARNING: You are using the Auth Emulator, which is intended for local testing only.  Do not use with production credentials.
Firebase initialized successfully
 GET /login/overview [32m200[39m in 533ms[2m (next.js: 519ms, generate-params: 481ms, application-code: 14ms)[22m
 GET /login/overview [32m200[39m in 47ms[2m (next.js: 27ms, generate-params: 12µs, application-code: 20ms)[22m
 GET /login/overview [32m200[39m in 66ms[2m (next.js: 53ms, generate-params: 11µs, application-code: 13ms)[22m
WARNING: You are using the Auth Emulator, which is intended for local testing only.  Do not use with production credentials.
Firebase initialized successfully
 GET /login/overview [32m200[39m in 517ms[2m (next.js: 504ms, generate-params: 463ms, application-code: 13ms)[22m
 GET /login/overview [32m200[39m in 57ms[2m (next.js: 40ms, generate-params: 10µs, application-code: 18ms)[22m
 GET /login/overview [32m200[39m in 44ms[2m (next.js: 25ms, generate-params: 14µs, application-code: 19ms)[22m
WARNING: You are using the Auth Emulator, which is intended for local testing only.  Do not use with production credentials.
Firebase initialized successfully
 GET /login/overview [32m200[39m in 561ms[2m (next.js: 545ms, generate-params: 500ms, application-code: 16ms)[22m
 GET /login/overview [32m200[39m in 50ms[2m (next.js: 27ms, generate-params: 14µs, application-code: 23ms)[22m
 GET /login/overview [32m200[39m in 59ms[2m (next.js: 29ms, generate-params: 17µs, application-code: 30ms)[22m
WARNING: You are using the Auth Emulator, which is intended for local testing only.  Do not use with production credentials.
Firebase initialized successfully
 GET /login/overview [32m200[39m in 534ms[2m (next.js: 521ms, generate-params: 479ms, application-code: 13ms)[22m
 GET /login/overview [32m200[39m in 58ms[2m (next.js: 42ms, generate-params: 15µs, application-code: 16ms)[22m
 GET /login/overview [32m200[39m in 41ms[2m (next.js: 26ms, generate-params: 10µs, application-code: 15ms)[22m
WARNING: You are using the Auth Emulator, which is intended for local testing only.  Do not use with production credentials.
Firebase initialized successfully
 GET /login/overview [32m200[39m in 521ms[2m (next.js: 507ms, generate-params: 483ms, application-code: 14ms)[22m
 GET /login/overview [32m200[39m in 61ms[2m (next.js: 42ms, generate-params: 11µs, application-code: 19ms)[22m
 GET /login/overview [32m200[39m in 55ms[2m (next.js: 37ms, generate-params: 11µs, application-code: 18ms)[22m
WARNING: You are using the Auth Emulator, which is intended for local testing only.  Do not use with production credentials.
Firebase initialized successfully
 GET /login/overview [32m200[39m in 522ms[2m (next.js: 508ms, generate-params: 468ms, application-code: 13ms)[22m
 GET /login/overview [32m200[39m in 69ms[2m (next.js: 49ms, generate-params: 11µs, application-code: 21ms)[22m
 GET /login/overview [32m200[39m in 43ms[2m (next.js: 26ms, generate-params: 11µs, application-code: 17ms)[22m
WARNING: You are using the Auth Emulator, which is intended for local testing only.  Do not use with production credentials.
Firebase initialized successfully
 GET /login/overview [32m200[39m in 522ms[2m (next.js: 508ms, generate-params: 462ms, application-code: 14ms)[22m
 GET /login/overview [32m200[39m in 64ms[2m (next.js: 45ms, generate-params: 29µs, application-code: 19ms)[22m
 GET /login/overview [32m200[39m in 56ms[2m (next.js: 28ms, generate-params: 34µs, application-code: 28ms)[22m
WARNING: You are using the Auth Emulator, which is intended for local testing only.  Do not use with production credentials.
Firebase initialized successfully
 GET /login/overview [32m200[39m in 541ms[2m (next.js: 528ms, generate-params: 483ms, application-code: 13ms)[22m
 GET /login/overview [32m200[39m in 60ms[2m (next.js: 37ms, generate-params: 14µs, application-code: 22ms)[22m
 GET /login/overview [32m200[39m in 39ms[2m (next.js: 24ms, generate-params: 11µs, application-code: 15ms)[22m
WARNING: You are using the Auth Emulator, which is intended for local testing only.  Do not use with production credentials.
Firebase initialized successfully
 GET /login/overview [32m200[39m in 524ms[2m (next.js: 508ms, generate-params: 488ms, application-code: 16ms)[22m
 GET /login/overview [32m200[39m in 47ms[2m (next.js: 29ms, generate-params: 12µs, application-code: 18ms)[22m
 GET /login/overview [32m200[39m in 62ms[2m (next.js: 43ms, generate-params: 21µs, application-code: 19ms)[22m
WARNING: You are using the Auth Emulator, which is intended for local testing only.  Do not use with production credentials.
Firebase initialized successfully
 GET /login/overview [32m200[39m in 511ms[2m (next.js: 498ms, generate-params: 458ms, application-code: 13ms)[22m
 GET /login/overview [32m200[39m in 67ms[2m (next.js: 46ms, generate-params: 17µs, application-code: 21ms)[22m
 GET /login/overview [32m200[39m in 57ms[2m (next.js: 38ms, generate-params: 11µs, application-code: 20ms)[22m
WARNING: You are using the Auth Emulator, which is intended for local testing only.  Do not use with production credentials.
Firebase initialized successfully
 GET /login/overview [32m200[39m in 556ms[2m (next.js: 542ms, generate-params: 503ms, application-code: 14ms)[22m
 GET /login/overview [32m200[39m in 50ms[2m (next.js: 30ms, generate-params: 14µs, application-code: 21ms)[22m
 GET /login/overview [32m200[39m in 41ms[2m (next.js: 24ms, generate-params: 11µs, application-code: 17ms)[22m
WARNING: You are using the Auth Emulator, which is intended for local testing only.  Do not use with production credentials.
Firebase initialized successfully
 GET /login/overview [32m200[39m in 515ms[2m (next.js: 501ms, generate-params: 460ms, application-code: 13ms)[22m
 GET /login/overview [32m200[39m in 84ms[2m (next.js: 61ms, generate-params: 15µs, application-code: 23ms)[22m
 GET /login/overview [32m200[39m in 38ms[2m (next.js: 21ms, generate-params: 10µs, application-code: 17ms)[22m
WARNING: You are using the Auth Emulator, which is intended for local testing only.  Do not use with production credentials.
Firebase initialized successfully
 GET /login/overview [32m200[39m in 552ms[2m (next.js: 539ms, generate-params: 497ms, application-code: 13ms)[22m
 GET /login/overview [32m200[39m in 69ms[2m (next.js: 46ms, generate-params: 21µs, application-code: 24ms)[22m
 GET /login/overview [32m200[39m in 63ms[2m (next.js: 38ms, generate-params: 18µs, application-code: 25ms)[22m
WARNING: You are using the Auth Emulator, which is intended for local testing only.  Do not use with production credentials.
Firebase initialized successfully
 GET /login/overview [32m200[39m in 541ms[2m (next.js: 527ms, generate-params: 480ms, application-code: 13ms)[22m
 GET /login/overview [32m200[39m in 51ms[2m (next.js: 27ms, generate-params: 10µs, application-code: 24ms)[22m
 GET /login/overview [32m200[39m in 46ms[2m (next.js: 26ms, generate-params: 11µs, application-code: 20ms)[22m
WARNING: You are using the Auth Emulator, which is intended for local testing only.  Do not use with production credentials.
Firebase initialized successfully
 GET /login/overview [32m200[39m in 521ms[2m (next.js: 505ms, generate-params: 480ms, application-code: 16ms)[22m
 GET /login/overview [32m200[39m in 58ms[2m (next.js: 38ms, generate-params: 14µs, application-code: 20ms)[22m
 GET /login/overview [32m200[39m in 62ms[2m (next.js: 33ms, generate-params: 16µs, application-code: 29ms)[22m
WARNING: You are using the Auth Emulator, which is intended for local testing only.  Do not use with production credentials.
Firebase initialized successfully
 GET /login/overview [32m200[39m in 502ms[2m (next.js: 489ms, generate-params: 467ms, application-code: 13ms)[22m
 GET /login/overview [32m200[39m in 67ms[2m (next.js: 47ms, generate-params: 17µs, application-code: 20ms)[22m
 GET /login/overview [32m200[39m in 52ms[2m (next.js: 35ms, generate-params: 15µs, application-code: 17ms)[22m
WARNING: You are using the Auth Emulator, which is intended for local testing only.  Do not use with production credentials.
Firebase initialized successfully
 GET /login/overview [32m200[39m in 533ms[2m (next.js: 518ms, generate-params: 471ms, application-code: 15ms)[22m
 GET /login/overview [32m200[39m in 69ms[2m (next.js: 50ms, generate-params: 16µs, application-code: 19ms)[22m
 GET /login/overview [32m200[39m in 63ms[2m (next.js: 46ms, generate-params: 22µs, application-code: 17ms)[22m
WARNING: You are using the Auth Emulator, which is intended for local testing only.  Do not use with production credentials.
Firebase initialized successfully
 GET /login/overview [32m200[39m in 593ms[2m (next.js: 577ms, generate-params: 552ms, application-code: 17ms)[22m
 GET /login/overview [32m200[39m in 68ms[2m (next.js: 49ms, generate-params: 21µs, application-code: 19ms)[22m
 GET /login/overview [32m200[39m in 44ms[2m (next.js: 23ms, generate-params: 12µs, application-code: 21ms)[22m
WARNING: You are using the Auth Emulator, which is intended for local testing only.  Do not use with production credentials.
Firebase initialized successfully
 GET /login/overview [32m200[39m in 514ms[2m (next.js: 501ms, generate-params: 472ms, application-code: 13ms)[22m
 GET /login/overview [32m200[39m in 67ms[2m (next.js: 42ms, generate-params: 18µs, application-code: 25ms)[22m
 GET /login/overview [32m200[39m in 61ms[2m (next.js: 32ms, generate-params: 16µs, application-code: 29ms)[22m
WARNING: You are using the Auth Emulator, which is intended for local testing only.  Do not use with production credentials.
Firebase initialized successfully
 GET /login/overview [32m200[39m in 544ms[2m (next.js: 531ms, generate-params: 506ms, application-code: 13ms)[22m
 GET /login/overview [32m200[39m in 60ms[2m (next.js: 39ms, generate-params: 15µs, application-code: 21ms)[22m
 GET /login/overview [32m200[39m in 61ms[2m (next.js: 42ms, generate-params: 13µs, application-code: 19ms)[22m
WARNING: You are using the Auth Emulator, which is intended for local testing only.  Do not use with production credentials.
Firebase initialized successfully
 GET /login/overview [32m200[39m in 503ms[2m (next.js: 487ms, generate-params: 468ms, application-code: 15ms)[22m
 GET /login/overview [32m200[39m in 46ms[2m (next.js: 30ms, generate-params: 12µs, application-code: 16ms)[22m
 GET /login/overview [32m200[39m in 66ms[2m (next.js: 45ms, generate-params: 23µs, application-code: 21ms)[22m
WARNING: You are using the Auth Emulator, which is intended for local testing only.  Do not use with production credentials.
Firebase initialized successfully
 GET /login/overview [32m200[39m in 549ms[2m (next.js: 534ms, generate-params: 502ms, application-code: 15ms)[22m
 GET /login/overview [32m200[39m in 43ms[2m (next.js: 26ms, generate-params: 14µs, application-code: 18ms)[22m
 GET /login/overview [32m200[39m in 68ms[2m (next.js: 47ms, generate-params: 20µs, application-code: 21ms)[22m
WARNING: You are using the Auth Emulator, which is intended for local testing only.  Do not use with production credentials.
Firebase initialized successfully
 GET /login/overview [32m200[39m in 538ms[2m (next.js: 525ms, generate-params: 490ms, application-code: 14ms)[22m
 GET /login/overview [32m200[39m in 50ms[2m (next.js: 25ms, generate-params: 11µs, application-code: 25ms)[22m
 GET /login/overview [32m200[39m in 48ms[2m (next.js: 28ms, generate-params: 13µs, application-code: 20ms)[22m
WARNING: You are using the Auth Emulator, which is intended for local testing only.  Do not use with production credentials.
Firebase initialized successfully
 GET /login/overview [32m200[39m in 513ms[2m (next.js: 498ms, generate-params: 472ms, application-code: 15ms)[22m
 GET /login/overview [32m200[39m in 64ms[2m (next.js: 45ms, generate-params: 16µs, application-code: 19ms)[22m
 GET /login/overview [32m200[39m in 59ms[2m (next.js: 40ms, generate-params: 10µs, application-code: 19ms)[22m
WARNING: You are using the Auth Emulator, which is intended for local testing only.  Do not use with production credentials.
Firebase initialized successfully
 GET /login/overview [32m200[39m in 510ms[2m (next.js: 497ms, generate-params: 475ms, application-code: 13ms)[22m
 GET /login/overview [32m200[39m in 45ms[2m (next.js: 25ms, generate-params: 12µs, application-code: 20ms)[22m
 GET /login/overview [32m200[39m in 40ms[2m (next.js: 27ms, generate-params: 22µs, application-code: 13ms)[22m
WARNING: You are using the Auth Emulator, which is intended for local testing only.  Do not use with production credentials.
Firebase initialized successfully
 GET /login/overview [32m200[39m in 538ms[2m (next.js: 525ms, generate-params: 483ms, application-code: 14ms)[22m
 GET /login/overview [32m200[39m in 64ms[2m (next.js: 32ms, generate-params: 15µs, application-code: 32ms)[22m
 GET /login/overview [32m200[39m in 39ms[2m (next.js: 24ms, generate-params: 12µs, application-code: 15ms)[22m
WARNING: You are using the Auth Emulator, which is intended for local testing only.  Do not use with production credentials.
Firebase initialized successfully
 GET /login/overview [32m200[39m in 515ms[2m (next.js: 501ms, generate-params: 465ms, application-code: 14ms)[22m
 GET /login/overview [32m200[39m in 74ms[2m (next.js: 52ms, generate-params: 14µs, application-code: 22ms)[22m
 GET /login/overview [32m200[39m in 35ms[2m (next.js: 22ms, generate-params: 10µs, application-code: 13ms)[22m
WARNING: You are using the Auth Emulator, which is intended for local testing only.  Do not use with production credentials.
Firebase initialized successfully
 GET /login/overview [32m200[39m in 532ms[2m (next.js: 517ms, generate-params: 473ms, application-code: 14ms)[22m
 GET /login/overview [32m200[39m in 42ms[2m (next.js: 26ms, generate-params: 11µs, application-code: 16ms)[22m
 GET /login/overview [32m200[39m in 63ms[2m (next.js: 48ms, generate-params: 20µs, application-code: 16ms)[22m
WARNING: You are using the Auth Emulator, which is intended for local testing only.  Do not use with production credentials.
Firebase initialized successfully
 GET /login/overview [32m200[39m in 541ms[2m (next.js: 527ms, generate-params: 506ms, application-code: 14ms)[22m
 GET /login/overview [32m200[39m in 69ms[2m (next.js: 50ms, generate-params: 18µs, application-code: 19ms)[22m
 GET /login/overview [32m200[39m in 49ms[2m (next.js: 29ms, generate-params: 13µs, application-code: 20ms)[22m
WARNING: You are using the Auth Emulator, which is intended for local testing only.  Do not use with production credentials.
Firebase initialized successfully
 GET /login/overview [32m200[39m in 543ms[2m (next.js: 529ms, generate-params: 475ms, application-code: 14ms)[22m
 GET /login/overview [32m200[39m in 66ms[2m (next.js: 51ms, generate-params: 15µs, application-code: 16ms)[22m
 GET /login/overview [32m200[39m in 44ms[2m (next.js: 29ms, generate-params: 11µs, application-code: 15ms)[22m
WARNING: You are using the Auth Emulator, which is intended for local testing only.  Do not use with production credentials.
Firebase initialized successfully
 GET /login/overview [32m200[39m in 516ms[2m (next.js: 503ms, generate-params: 461ms, application-code: 13ms)[22m
 GET /login/overview [32m200[39m in 46ms[2m (next.js: 27ms, generate-params: 19µs, application-code: 19ms)[22m
 GET /login/overview [32m200[39m in 64ms[2m (next.js: 45ms, generate-params: 23µs, application-code: 20ms)[22m
WARNING: You are using the Auth Emulator, which is intended for local testing only.  Do not use with production credentials.
Firebase initialized successfully
 GET /login/overview [32m200[39m in 538ms[2m (next.js: 525ms, generate-params: 502ms, application-code: 13ms)[22m
 GET /login/overview [32m200[39m in 43ms[2m (next.js: 24ms, generate-params: 11µs, application-code: 19ms)[22m
 GET /login/overview [32m200[39m in 42ms[2m (next.js: 22ms, generate-params: 10µs, application-code: 20ms)[22m
WARNING: You are using the Auth Emulator, which is intended for local testing only.  Do not use with production credentials.
Firebase initialized successfully
 GET /login/overview [32m200[39m in 543ms[2m (next.js: 528ms, generate-params: 491ms, application-code: 15ms)[22m
 GET /login/overview [32m200[39m in 64ms[2m (next.js: 46ms, generate-params: 14µs, application-code: 18ms)[22m
 GET /login/overview [32m200[39m in 61ms[2m (next.js: 31ms, generate-params: 16µs, application-code: 30ms)[22m
WARNING: You are using the Auth Emulator, which is intended for local testing only.  Do not use with production credentials.
Firebase initialized successfully
 GET /login/overview [32m200[39m in 520ms[2m (next.js: 506ms, generate-params: 471ms, application-code: 14ms)[22m
 GET /login/overview [32m200[39m in 67ms[2m (next.js: 50ms, generate-params: 13µs, application-code: 17ms)[22m
 GET /login/overview [32m200[39m in 54ms[2m (next.js: 29ms, generate-params: 14µs, application-code: 25ms)[22m
WARNING: You are using the Auth Emulator, which is intended for local testing only.  Do not use with production credentials.
Firebase initialized successfully
 GET /login/overview [32m200[39m in 535ms[2m (next.js: 521ms, generate-params: 484ms, application-code: 13ms)[22m
 GET /login/overview [32m200[39m in 49ms[2m (next.js: 37ms, generate-params: 9µs, application-code: 12ms)[22m
 GET /login/overview [32m200[39m in 56ms[2m (next.js: 38ms, generate-params: 14µs, application-code: 18ms)[22m
WARNING: You are using the Auth Emulator, which is intended for local testing only.  Do not use with production credentials.
Firebase initialized successfully
 GET /login/overview [32m200[39m in 550ms[2m (next.js: 538ms, generate-params: 488ms, application-code: 12ms)[22m
 GET /login/overview [32m200[39m in 53ms[2m (next.js: 34ms, generate-params: 12µs, application-code: 20ms)[22m
 GET /login/overview [32m200[39m in 45ms[2m (next.js: 27ms, generate-params: 11µs, application-code: 18ms)[22m
WARNING: You are using the Auth Emulator, which is intended for local testing only.  Do not use with production credentials.
Firebase initialized successfully
 GET /login/overview [32m200[39m in 546ms[2m (next.js: 532ms, generate-params: 511ms, application-code: 14ms)[22m
 GET /login/overview [32m200[39m in 61ms[2m (next.js: 32ms, generate-params: 17µs, application-code: 29ms)[22m
 GET /login/overview [32m200[39m in 49ms[2m (next.js: 34ms, generate-params: 12µs, application-code: 15ms)[22m
WARNING: You are using the Auth Emulator, which is intended for local testing only.  Do not use with production credentials.
Firebase initialized successfully
 GET /login/overview [32m200[39m in 558ms[2m (next.js: 545ms, generate-params: 504ms, application-code: 13ms)[22m
 GET /login/overview [32m200[39m in 47ms[2m (next.js: 29ms, generate-params: 15µs, application-code: 18ms)[22m
 GET /login/overview [32m200[39m in 47ms[2m (next.js: 30ms, generate-params: 12µs, application-code: 17ms)[22m
WARNING: You are using the Auth Emulator, which is intended for local testing only.  Do not use with production credentials.
Firebase initialized successfully
 GET /login/overview [32m200[39m in 585ms[2m (next.js: 568ms, generate-params: 533ms, application-code: 16ms)[22m
WARNING: You are using the Auth Emulator, which is intended for local testing only.  Do not use with production credentials.
Firebase initialized successfully
 GET /login/overview [32m200[39m in 732ms[2m (next.js: 659ms, generate-params: 515ms, application-code: 73ms)[22m
 GET /login/overview [32m200[39m in 93ms[2m (next.js: 49ms, generate-params: 42µs, application-code: 45ms)[22m
WARNING: You are using the Auth Emulator, which is intended for local testing only.  Do not use with production credentials.
Firebase initialized successfully
[36m[browser][39m [33m[GSI_LOGGER]: Your client application uses one of the Google One Tap prompt UI status methods that may stop functioning when FedCM becomes mandatory. Refer to the migration guide to update your code accordingly and opt-in to FedCM to test your changes. Learn more: https://developers.google.com/identity/gsi/web/guides/fedcm-migration?s=dc#display_moment and https://developers.google.com/identity/gsi/web/guides/fedcm-migration?s=dc#skipped_moment[39m [2m(file:///srv/dev-fast/runtime-data/fireside-phase5-20260902T1417+0800-5b51e4d/stack-fireside/apps/templates/.next/dev/static/chunks/node_modules_next_dist_1g01jok._.js:2196:13)[22m
[36m[browser][39m [GSI_LOGGER]: FedCM get() rejects with NetworkError: Error retrieving a token. 
[31m    at _.H (https://accounts.google.com/gsi/client:88:89)
    at _.$u.ma (https://accounts.google.com/gsi/client:352:353)
    at Object.ma (https://accounts.google.com/gsi/client:354:416)
    at <unknown> (https://accounts.google.com/gsi/client:312:935)[39m [2m(https://accounts.google.com/gsi/client:88:89)[22m
 POST /api/login/verificationCode [32m200[39m in 1109ms[2m (next.js: 556ms, application-code: 553ms)[22m
 POST /api/login/verificationCode [32m200[39m in 49ms[2m (next.js: 4ms, application-code: 45ms)[22m
 GET /home/recent [32m200[39m in 221ms[2m (next.js: 179ms, application-code: 42ms)[22m
 GET /home/recent [32m200[39m in 156ms[2m (next.js: 69ms, application-code: 87ms)[22m
 GET /presentation/JObNFJJupSmxA3mU5c9s [32m200[39m in 473ms[2m (next.js: 453ms, application-code: 20ms)[22m
 GET /presentation/JObNFJJupSmxA3mU5c9s [32m200[39m in 109ms[2m (next.js: 88ms, application-code: 21ms)[22m
 POST /api/collaboration/cleanupUser [32m200[39m in 86ms[2m (next.js: 22ms, application-code: 64ms)[22m
 POST /api/collaboration/cleanupUser [32m200[39m in 173ms[2m (next.js: 10ms, application-code: 164ms)[22m
 GET /presentation/JObNFJJupSmxA3mU5c9s [32m200[39m in 136ms[2m (next.js: 95ms, application-code: 41ms)[22m
 POST /api/collaboration/cleanupUser [32m200[39m in 106ms[2m (next.js: 2ms, application-code: 104ms)[22m
[36m[browser][39m A props object containing a "key" prop is being spread into JSX:
  let props = {key: someKey, disabled: ..., showLabel: ..., dropZoneOptions: ..., placeholderText: ..., placeholderDropText: ..., placeholderTextClass: ..., dropContainerClass: ...};
  <Memo {...props} />
React keys must be passed directly to JSX without using spread:
  let props = {disabled: ..., showLabel: ..., dropZoneOptions: ..., placeholderText: ..., placeholderDropText: ..., placeholderTextClass: ..., dropContainerClass: ...};
  <Memo key={someKey} {...props} /> 
[31m    at jsxDEVImpl (file:///srv/dev-fast/runtime-data/fireside-phase5-20260902T1417+0800-5b51e4d/stack-fireside/apps/templates/.next/dev/static/chunks/node_modules_09yci_9._.js:1253:147)
    at exports.jsxDEV (file:///srv/dev-fast/runtime-data/fireside-phase5-20260902T1417+0800-5b51e4d/stack-fireside/apps/templates/.next/dev/static/chunks/node_modules_09yci_9._.js:1287:16)
    at <unknown> (file:///srv/dev-fast/runtime-data/fireside-phase5-20260902T1417+0800-5b51e4d/stack-fireside/apps/templates/.next/dev/static/chunks/apps_templates_components_Products_components_Shared_ImageLibrary_0re_4-e._.js:1439:222)
    at observer.observerComponent.useObserver (file:///srv/dev-fast/runtime-data/fireside-phase5-20260902T1417+0800-5b51e4d/stack-fireside/apps/templates/.next/dev/static/chunks/node_modules_09yci_9._.js:18011:24)
    at <unknown> (file:///srv/dev-fast/runtime-data/fireside-phase5-20260902T1417+0800-5b51e4d/stack-fireside/apps/templates/.next/dev/static/chunks/node_modules_09yci_9._.js:17945:28)
    at trackDerivedFunction (file:///srv/dev-fast/runtime-data/fireside-phase5-20260902T1417+0800-5b51e4d/stack-fireside/apps/templates/.next/dev/static/chunks/node_modules_mobx_dist_mobx_esm_0o174ti.js:2071:24)
    at Reaction.track (file:///srv/dev-fast/runtime-data/fireside-phase5-20260902T1417+0800-5b51e4d/stack-fireside/apps/templates/.next/dev/static/chunks/node_modules_mobx_dist_mobx_esm_0o174ti.js:2637:22)
    at useObserver (file:///srv/dev-fast/runtime-data/fireside-phase5-20260902T1417+0800-5b51e4d/stack-fireside/apps/templates/.next/dev/static/chunks/node_modules_09yci_9._.js:17943:18)
    at <unknown> (file:///srv/dev-fast/runtime-data/fireside-phase5-20260902T1417+0800-5b51e4d/stack-fireside/apps/templates/.next/dev/static/chunks/node_modules_09yci_9._.js:18009:186)
    at Object.react_stack_bottom_frame (file:///srv/dev-fast/runtime-data/fireside-phase5-20260902T1417+0800-5b51e4d/stack-fireside/apps/templates/.next/dev/static/chunks/node_modules_react-dom_cjs_react-dom-client_development_1nq9a-7.js:13589:24)
    at renderWithHooks (file:///srv/dev-fast/runtime-data/fireside-phase5-20260902T1417+0800-5b51e4d/stack-fireside/apps/templates/.next/dev/static/chunks/node_modules_react-dom_cjs_react-dom-client_development_1nq9a-7.js:4253:24)
    at updateFunctionComponent (file:///srv/dev-fast/runtime-data/fireside-phase5-20260902T1417+0800-5b51e4d/stack-fireside/apps/templates/.next/dev/static/chunks/node_modules_react-dom_cjs_react-dom-client_development_1nq9a-7.js:5706:21)
    at updateSimpleMemoComponent (file:///srv/dev-fast/runtime-data/fireside-phase5-20260902T1417+0800-5b51e4d/stack-fireside/apps/templates/.next/dev/static/chunks/node_modules_react-dom_cjs_react-dom-client_development_1nq9a-7.js:5569:16)
    at updateMemoComponent (file:///srv/dev-fast/runtime-data/fireside-phase5-20260902T1417+0800-5b51e4d/stack-fireside/apps/templates/.next/dev/static/chunks/node_modules_react-dom_cjs_react-dom-client_development_1nq9a-7.js:5544:302)
    at beginWork (file:///srv/dev-fast/runtime-data/fireside-phase5-20260902T1417+0800-5b51e4d/stack-fireside/apps/templates/.next/dev/static/chunks/node_modules_react-dom_cjs_react-dom-client_development_1nq9a-7.js:6374:24)
    at runWithFiberInDEV (file:///srv/dev-fast/runtime-data/fireside-phase5-20260902T1417+0800-5b51e4d/stack-fireside/apps/templates/.next/dev/static/chunks/node_modules_react-dom_cjs_react-dom-client_development_1nq9a-7.js:675:74)
    at performUnitOfWork (file:///srv/dev-fast/runtime-data/fireside-phase5-20260902T1417+0800-5b51e4d/stack-fireside/apps/templates/.next/dev/static/chunks/node_modules_react-dom_cjs_react-dom-client_development_1nq9a-7.js:8683:97)
    at workLoopSync (file:///srv/dev-fast/runtime-data/fireside-phase5-20260902T1417+0800-5b51e4d/stack-fireside/apps/templates/.next/dev/static/chunks/node_modules_react-dom_cjs_react-dom-client_development_1nq9a-7.js:8577:40)
    at renderRootSync (file:///srv/dev-fast/runtime-data/fireside-phase5-20260902T1417+0800-5b51e4d/stack-fireside/apps/templates/.next/dev/static/chunks/node_modules_react-dom_cjs_react-dom-client_development_1nq9a-7.js:8561:13)
    at performWorkOnRoot (file:///srv/dev-fast/runtime-data/fireside-phase5-20260902T1417+0800-5b51e4d/stack-fireside/apps/templates/.next/dev/static/chunks/node_modules_react-dom_cjs_react-dom-client_development_1nq9a-7.js:8189:186)
    at performSyncWorkOnRoot (file:///srv/dev-fast/runtime-data/fireside-phase5-20260902T1417+0800-5b51e4d/stack-fireside/apps/templates/.next/dev/static/chunks/node_modules_react-dom_cjs_react-dom-client_development_1nq9a-7.js:9331:9)
    at flushSyncWorkAcrossRoots_impl (file:///srv/dev-fast/runtime-data/fireside-phase5-20260902T1417+0800-5b51e4d/stack-fireside/apps/templates/.next/dev/static/chunks/node_modules_react-dom_cjs_react-dom-client_development_1nq9a-7.js:9247:316)
    at processRootScheduleInMicrotask (file:///srv/dev-fast/runtime-data/fireside-phase5-20260902T1417+0800-5b51e4d/stack-fireside/apps/templates/.next/dev/static/chunks/node_modules_react-dom_cjs_react-dom-client_development_1nq9a-7.js:9268:106)
    at <unknown> (file:///srv/dev-fast/runtime-data/fireside-phase5-20260902T1417+0800-5b51e4d/stack-fireside/apps/templates/.next/dev/static/chunks/node_modules_react-dom_cjs_react-dom-client_development_1nq9a-7.js:9342:158)[39m [2m(file:///srv/dev-fast/runtime-data/fireside-phase5-20260902T1417+0800-5b51e4d/stack-fireside/apps/templates/.next/dev/static/chunks/node_modules_09yci_9._.js:1253:147)[22m
[API Upload Order] ✅ License verification passed: uzdk1acFfosK0bwwjuuNpIqjnQvy
[API Upload Order] 📥 Received upload for: fireside-phase5-82fc5fdf-f0bb-4363-a819-833754a85083.png
[API Upload Order] 🆔 Using image ID from client: fiX2tvdTRNrHbVnPnjvP
[API Upload Order] ⏰ uploadOrderTime from client: 1788573979871 (2026-09-05T02:06:19.871Z)
[API Upload Order] 📋 Current server time: 1788573980413 (2026-09-05T02:06:20.413Z)
[UserImage] Processing uploaded file: fireside-phase5-82fc5fdf-f0bb-4363-a819-833754a85083.png, size: 76 bytes
[UserImage] 🔍 Calculated MD5 hash: c8e09e7a7d0d936969abf0f5cdbcdda8
Starting image processing (Original + High + Regular)...
Input: 2×2, png, 0KB
✓ Original PNG format → Using PNG

✓ Processing complete, applying smart fallback...
  Original: Processed (0KB) > Input (0KB) → Using resized input
  High png: Processed (0KB) > Input (0KB) → Using resized input
  High WebP: 2×2, 0KB ✓ (32% smaller than png)
  Regular png: Processed (0KB) > Input (0KB) → Using resized input
  Regular WebP: 2×2, 0KB ✓ (32% smaller than png)

✓ Final total size: 0.00MB (474% vs input)
💾 Generated: Original (2px) + High (2px) + Regular (2px)
[UserImage] Uploading image with ID: fiX2tvdTRNrHbVnPnjvP
[UserImage] High WebP beneficial: true, Regular WebP beneficial: true
[UserImage] Variants uploaded successfully (Original + High + Regular)
[API Upload Order] 💾 Saving to Firestore - Image ID: fiX2tvdTRNrHbVnPnjvP
[API Upload Order] 📊 uploadOrderTime being saved as NUMBER: 1788573979871 (2026-09-05T02:06:19.871Z)
[API Upload Order] 📊 This preserves millisecond precision for proper ordering
[API Upload Order] ✅ Document created in Firestore: fiX2tvdTRNrHbVnPnjvP
[CDN Warming] 🔥 Starting parallel cache warming for 5 URLs...
 POST /api/user/uploadUserImage [32m200[39m in 2.8s[2m (next.js: 367ms, application-code: 2.5s)[22m
  ✓ Warmed: users%2Fuzdk1acFfosK0bwwjuuNpIqjnQvy%2Fimages%2FZWzWxZPPVOcDTaGdsI2F%2Foriginal.png?alt=media
  ✓ Warmed: users%2Fuzdk1acFfosK0bwwjuuNpIqjnQvy%2Fimages%2FZWzWxZPPVOcDTaGdsI2F%2Fhigh.png?alt=media
  ✓ Warmed: users%2Fuzdk1acFfosK0bwwjuuNpIqjnQvy%2Fimages%2FZWzWxZPPVOcDTaGdsI2F%2Fregular.png?alt=media
  ✓ Warmed: users%2Fuzdk1acFfosK0bwwjuuNpIqjnQvy%2Fimages%2FZWzWxZPPVOcDTaGdsI2F%2Fhigh.webp?alt=media
  ✓ Warmed: users%2Fuzdk1acFfosK0bwwjuuNpIqjnQvy%2Fimages%2FZWzWxZPPVOcDTaGdsI2F%2Fregular.webp?alt=media
[CDN Warming] ✅ Completed in 55ms
 GET /home/recent [32m200[39m in 64ms[2m (next.js: 32ms, application-code: 32ms)[22m
 POST /api/collaboration/cleanupUser [32m200[39m in 86ms[2m (next.js: 1896µs, application-code: 84ms)[22m
 POST /api/v/retire [32m200[39m in 116ms[2m (next.js: 37ms, application-code: 79ms)[22m
 GET /presentation/JObNFJJupSmxA3mU5c9s [32m200[39m in 74ms[2m (next.js: 47ms, application-code: 27ms)[22m
 POST /api/collaboration/cleanupUser [32m200[39m in 83ms[2m (next.js: 1893µs, application-code: 81ms)[22m
 GET /admin/templates-master-slides [32m200[39m in 676ms[2m (next.js: 646ms, application-code: 30ms)[22m
 GET /admin/templates-theme-upload [32m200[39m in 71ms[2m (next.js: 45ms, application-code: 26ms)[22m
 GET /admin/templates-categories-core [32m200[39m in 56ms[2m (next.js: 26ms, application-code: 29ms)[22m
 GET /admin/templates-slides-core [32m200[39m in 55ms[2m (next.js: 29ms, application-code: 26ms)[22m
 GET /admin/templates-colors [32m200[39m in 65ms[2m (next.js: 30ms, application-code: 34ms)[22m
 GET /admin/templates-headers [32m200[39m in 42ms[2m (next.js: 24ms, application-code: 18ms)[22m
 GET /admin/templates-background-images [32m200[39m in 51ms[2m (next.js: 32ms, application-code: 19ms)[22m
 GET /admin/templates-fonts [32m200[39m in 82ms[2m (next.js: 48ms, application-code: 34ms)[22m
 GET /admin/global-branding [32m200[39m in 47ms[2m (next.js: 26ms, application-code: 21ms)[22m
 GET /admin/premade-templates [32m200[39m in 41ms[2m (next.js: 23ms, application-code: 18ms)[22m
 GET /admin/tag [32m200[39m in 63ms[2m (next.js: 25ms, application-code: 39ms)[22m
 GET /admin/icons-library [32m200[39m in 63ms[2m (next.js: 41ms, application-code: 22ms)[22m
 GET /admin/icons-list [32m200[39m in 43ms[2m (next.js: 25ms, application-code: 18ms)[22m
 GET /admin/wp-actions [32m200[39m in 67ms[2m (next.js: 37ms, application-code: 30ms)[22m
 GET /admin/app-announcements [32m200[39m in 44ms[2m (next.js: 25ms, application-code: 18ms)[22m
 GET /admin/beta-users [32m200[39m in 60ms[2m (next.js: 30ms, application-code: 31ms)[22m
 GET /admin/templates-categories-legacy [32m200[39m in 69ms[2m (next.js: 35ms, application-code: 33ms)[22m
 GET /admin/templates-slides-legacy [32m200[39m in 61ms[2m (next.js: 43ms, application-code: 18ms)[22m
 GET /home/recent [32m200[39m in 76ms[2m (next.js: 54ms, application-code: 22ms)[22m
 GET /login/overview [32m200[39m in 671ms[2m (next.js: 637ms, generate-params: 615ms, application-code: 34ms)[22m
 GET /home/recent [32m200[39m in 55ms[2m (next.js: 32ms, application-code: 24ms)[22m
 GET /login/overview?redirectTo=%2Fhome%2Frecent [32m200[39m in 51ms[2m (next.js: 31ms, generate-params: 19µs, application-code: 20ms)[22m
 GET /login/overview [32m200[39m in 54ms[2m (next.js: 26ms, generate-params: 12µs, application-code: 28ms)[22m
[36m[browser][39m [33m[GSI_LOGGER]: Your client application uses one of the Google One Tap prompt UI status methods that may stop functioning when FedCM becomes mandatory. Refer to the migration guide to update your code accordingly and opt-in to FedCM to test your changes. Learn more: https://developers.google.com/identity/gsi/web/guides/fedcm-migration?s=dc#display_moment and https://developers.google.com/identity/gsi/web/guides/fedcm-migration?s=dc#skipped_moment[39m [2m(file:///srv/dev-fast/runtime-data/fireside-phase5-20260902T1417+0800-5b51e4d/stack-fireside/apps/templates/.next/dev/static/chunks/node_modules_next_dist_1g01jok._.js:2196:13)[22m
WARNING: You are using the Auth Emulator, which is intended for local testing only.  Do not use with production credentials.
Firebase initialized successfully
 POST /api/login/verificationCode [32m200[39m in 23ms[2m (next.js: 3ms, application-code: 20ms)[22m
[36m[browser][39m [GSI_LOGGER]: FedCM get() rejects with AbortError: signal is aborted without reason 
[31m    at _.H (https://accounts.google.com/gsi/client:88:89)
    at _.$u.ma (https://accounts.google.com/gsi/client:352:353)
    at Object.ma (https://accounts.google.com/gsi/client:354:416)
    at <unknown> (https://accounts.google.com/gsi/client:312:935)[39m [2m(https://accounts.google.com/gsi/client:88:89)[22m
 POST /api/login/verificationCode [32m200[39m in 33ms[2m (next.js: 1853µs, application-code: 31ms)[22m
