Pre-build replacement-host hardware, inputs, and quiescent preflight.
{
  "startedAt": "2026-09-05T14:32:55.538Z",
  "candidate": "473d883fcb502612b89dcc304206bf1a83aa3f31",
  "inputReceiptCandidate": "b5fe1d51ea1fd0b5912cab0ae2d4f1d4d1f0987d",
  "root": "/srv/dev-fast/runtime-data/fireside-templates-hetzner-20260905",
  "passed": true,
  "failures": [],
  "finishedAt": "2026-09-05T14:33:00.355Z"
}
/srv/dev-fast/runtime-data/fireside-templates-hetzner-20260905/attempts/r47/target/release/fireside: OK
/srv/dev-fast/runtime-data/fireside-templates-hetzner-20260905/attempts/r47/ci.json: OK
/srv/dev-fast/runtime-data/fireside-templates-hetzner-20260905/attempts/r47/hetzner-preflight.mjs: OK
/srv/dev-fast/runtime-data/fireside-templates-hetzner-20260905/attempts/r47/fireside-hetzner-smart-read: OK
/srv/dev-fast/runtime-data/fireside-templates-hetzner-20260905/attempts/r47/launcher.sh: OK
{
  "startedAt": "2026-09-05T14:34:28.774Z",
  "candidate": "473d883fcb502612b89dcc304206bf1a83aa3f31",
  "inputReceiptCandidate": "b5fe1d51ea1fd0b5912cab0ae2d4f1d4d1f0987d",
  "root": "/srv/dev-fast/runtime-data/fireside-templates-hetzner-20260905",
  "passed": true,
  "failures": [],
  "finishedAt": "2026-09-05T14:34:33.607Z"
}
Starting unchanged cheap smoke: official first, then Fireside.
browser-fireside-initial.json: OK
browser-fireside-initial.json.diagnostics.jsonl: OK
browser-official-initial.json: OK
browser-official-initial.json.diagnostics.jsonl: OK
dataset-final.json: OK
environment.json: OK
fireside-initial-frontend-recheck.json: OK
fireside-initial-frontend-recheck.jsonl: OK
fireside-initial-process-memory.json: OK
fireside-initial-process-memory.jsonl: OK
fireside-initial-readiness.json: OK
fireside-initial-readiness.jsonl: OK
fireside-initial-tmux.log: OK
fireside-initial.exit: OK
lifecycle.json: OK
logs/browser-fireside-initial.log: OK
logs/browser-official-initial.log: OK
logs/soak-smoke-fireside.log: OK
logs/soak-smoke-official.log: OK
manifest.json: OK
official-initial-frontend-recheck.json: OK
official-initial-frontend-recheck.jsonl: OK
official-initial-process-memory.json: OK
official-initial-process-memory.jsonl: OK
official-initial-readiness.json: OK
official-initial-readiness.jsonl: OK
official-initial-tmux.log: OK
official-initial.exit: OK
preflight-fireside-soak.json: OK
preflight-official-soak.json: OK
soak-comparison.json: OK
soak-comparison.md: OK
soak-smoke-fireside.json: OK
soak-smoke-official.json: OK
/srv/dev-fast/runtime-data/fireside-templates-hetzner-20260905/attempts/r47/target/release/fireside: OK
/srv/dev-fast/runtime-data/fireside-templates-hetzner-20260905/attempts/r47/ci.json: OK
/srv/dev-fast/runtime-data/fireside-templates-hetzner-20260905/attempts/r47/hetzner-preflight.mjs: OK
/srv/dev-fast/runtime-data/fireside-templates-hetzner-20260905/attempts/r47/fireside-hetzner-smart-read: OK
/srv/dev-fast/runtime-data/fireside-templates-hetzner-20260905/attempts/r47/launcher.sh: OK
{
  "startedAt": "2026-09-05T14:42:38.193Z",
  "candidate": "473d883fcb502612b89dcc304206bf1a83aa3f31",
  "inputReceiptCandidate": "b5fe1d51ea1fd0b5912cab0ae2d4f1d4d1f0987d",
  "root": "/srv/dev-fast/runtime-data/fireside-templates-hetzner-20260905",
  "passed": false,
  "failures": [
    "raid: RAID not fully healthy and idle: {\"name\":\"md2\",\"members\":[\"nvme0n1p3\",\"nvme1n1p3\"],\"level\":\"raid1\",\"raidDisks\":\"2\",\"degraded\":\"0\",\"syncAction\":\"idle\",\"state\":\"write-pending\",\"memberStates\":[\"in_sync\",\"in_sync\"]}"
  ],
  "finishedAt": "2026-09-05T14:42:39.188Z"
}
