npm notice run fireside-conformance@0.0.1 test:webchannel:browser:disk
npm notice run node --import tsx src/webchannel/run-browser-demo.ts --disk --output /home/sanjevi/fireside-phase3-full-gate-20260901T200051+0800-91e3c62/conformance/reports/phase-3-metrics/full-gate-20260901T200051+0800-91e3c62/phase2-regression/evidence/.browser-disk-wal.json
    Finished `dev` profile [unoptimized + debuginfo] target(s) in 0.15s
{
  "browserVersion": "150.0.7871.124",
  "completedAt": "2026-09-01T12:35:22.414Z",
  "mode": "disk-wal",
  "mockUserTokenConfigured": false,
  "passed": true,
  "projectId": "demo-fireside-phase2-browser",
  "repetitions": 1,
  "resources": {
    "peakRssBytes": 31735808,
    "peakVmHwmBytes": 31735808,
    "sampleCount": 73,
    "supported": true
  },
  "results": [
    {
      "benchmark": {
        "maximumMilliseconds": 25.299999982118607,
        "p99Milliseconds": 24.80000001192093,
        "sampleCount": 100,
        "thresholdMilliseconds": 1500
      },
      "network": {
        "droppedBackchannels": 1,
        "delayedBackchannels": 0,
        "listenTargetIds": [
          1002,
          1004
        ],
        "listenTraffic": 111,
        "reconnectMilliseconds": 5.155383999999913,
        "terminateRequests": 2,
        "variants": [
          "1"
        ],
        "writeTraffic": 214
      },
      "repetition": 1,
      "result": {
        "initialDocuments": [
          "first",
          "second"
        ],
        "listenerDeliveryMilliseconds": [
          21.700000017881393,
          18.599999994039536,
          20.400000005960464,
          23.299999982118607,
          16.400000005960464,
          20.900000005960464,
          17.5,
          20.599999994039536,
          19.099999994039536,
          21.700000017881393,
          22.19999998807907,
          18.5,
          22.30000001192093,
          19.69999998807907,
          19.400000005960464,
          21.099999994039536,
          22.80000001192093,
          19.900000005960464,
          25.299999982118607,
          19.5,
          16.80000001192093,
          14.900000005960464,
          16.399999976158142,
          22.5,
          21,
          15.300000011920929,
          11.800000011920929,
          18.69999998807907,
          13.099999994039536,
          20.30000001192093,
          17.69999998807907,
          23.700000017881393,
          17.69999998807907,
          24.80000001192093,
          18.299999982118607,
          18.5,
          19.599999994039536,
          16,
          22.400000005960464,
          22.599999994039536,
          17.100000023841858,
          19,
          20.19999998807907,
          20.599999994039536,
          20.900000005960464,
          22.80000001192093,
          16.5,
          17.5,
          11.5,
          20.19999998807907,
          20.099999994039536,
          23.200000017881393,
          22.69999998807907,
          18,
          15.400000005960464,
          20.5,
          19.5,
          23.900000005960464,
          16.099999994039536,
          20.80000001192093,
          19.69999998807907,
          19.30000001192093,
          20.899999976158142,
          23.700000017881393,
          20.19999998807907,
          17.80000001192093,
          18,
          21.5,
          19.099999994039536,
          19.900000005960464,
          20.099999994039536,
          19.69999998807907,
          19.5,
          22.200000017881393,
          21,
          22.900000005960464,
          18.19999998807907,
          15.900000005960464,
          18.599999994039536,
          21.900000005960464,
          18.19999998807907,
          18.400000005960464,
          19.599999994039536,
          16.200000017881393,
          16,
          20.5,
          16.899999976158142,
          15.200000017881393,
          20.69999998807907,
          19.099999994039536,
          18.700000017881393,
          19.400000005960464,
          20.299999982118607,
          20.80000001192093,
          20.19999998807907,
          20.80000001192093,
          20,
          19.69999998807907,
          21.700000017881393,
          21.19999998807907
        ],
        "liveDocuments": [
          "first",
          "second"
        ],
        "observedUnicode": "東京/emoji-😀/é/second/2",
        "projectId": "demo-fireside-phase2-browser",
        "runId": "long-polling-fireside-disk-measured-1-mtinh1kt",
        "variant": "long-polling"
      }
    },
    {
      "benchmark": {
        "maximumMilliseconds": 20.799999982118607,
        "p99Milliseconds": 20.69999998807907,
        "sampleCount": 100,
        "thresholdMilliseconds": 1000
      },
      "network": {
        "droppedBackchannels": 1,
        "delayedBackchannels": 0,
        "listenTargetIds": [
          1002,
          1004
        ],
        "listenTraffic": 6,
        "reconnectMilliseconds": 3.827646000000186,
        "terminateRequests": 2,
        "variants": [
          "0"
        ],
        "writeTraffic": 108
      },
      "repetition": 1,
      "result": {
        "initialDocuments": [
          "first",
          "second"
        ],
        "listenerDeliveryMilliseconds": [
          17.30000001192093,
          20.69999998807907,
          20.30000001192093,
          19.5,
          19.400000005960464,
          20.799999982118607,
          20,
          19.600000023841858,
          19.799999982118607,
          13.599999994039536,
          18.200000017881393,
          18.69999998807907,
          19.80000001192093,
          19.599999994039536,
          13.300000011920929,
          16.5,
          12.599999994039536,
          17.69999998807907,
          13.200000017881393,
          16.19999998807907,
          13.5,
          17.599999994039536,
          18.900000005960464,
          13.300000011920929,
          17.19999998807907,
          19.400000005960464,
          12.699999988079071,
          17.100000023841858,
          13.799999982118607,
          16.200000017881393,
          13.199999988079071,
          17.099999994039536,
          11.700000017881393,
          11.299999982118607,
          16.80000001192093,
          12.400000005960464,
          18.5,
          12.099999994039536,
          16.299999982118607,
          11.300000011920929,
          11,
          17.80000001192093,
          12.599999994039536,
          18,
          12.900000005960464,
          17.899999976158142,
          20.200000017881393,
          12.799999982118607,
          16,
          11.300000011920929,
          20,
          19.30000001192093,
          13.899999976158142,
          16,
          12.800000011920929,
          17.400000005960464,
          13.5,
          14.699999988079071,
          12.599999994039536,
          18.700000017881393,
          13.699999988079071,
          16.200000017881393,
          11.5,
          18.299999982118607,
          10.400000005960464,
          9.599999994039536,
          10.099999994039536,
          11.600000023841858,
          18.599999994039536,
          10.599999994039536,
          9.199999988079071,
          13.200000017881393,
          6.699999988079071,
          9.300000011920929,
          9.599999994039536,
          11.699999988079071,
          13.400000005960464,
          15.200000017881393,
          12.5,
          19,
          14,
          16,
          20,
          20,
          14.099999994039536,
          16.299999982118607,
          10.300000011920929,
          19.19999998807907,
          12.399999976158142,
          16.600000023841858,
          12.599999994039536,
          19,
          12.299999982118607,
          16.80000001192093,
          13.099999994039536,
          16.700000017881393,
          12.899999976158142,
          18.100000023841858,
          19,
          14.799999982118607
        ],
        "liveDocuments": [
          "first",
          "second"
        ],
        "observedUnicode": "東京/emoji-😀/é/second/2",
        "projectId": "demo-fireside-phase2-browser",
        "runId": "streaming-fireside-disk-measured-1-mtinh3jx",
        "variant": "streaming"
      }
    },
    {
      "benchmark": {
        "maximumMilliseconds": 23,
        "p99Milliseconds": 22.900000005960464,
        "sampleCount": 100,
        "thresholdMilliseconds": 2000
      },
      "network": {
        "droppedBackchannels": 1,
        "delayedBackchannels": 1,
        "listenTargetIds": [
          1002,
          1004
        ],
        "listenTraffic": 113,
        "reconnectMilliseconds": 3.346056000000317,
        "terminateRequests": 2,
        "variants": [
          "0",
          "1"
        ],
        "writeTraffic": 108
      },
      "repetition": 1,
      "result": {
        "initialDocuments": [
          "first",
          "second"
        ],
        "listenerDeliveryMilliseconds": [
          11.699999988079071,
          10.200000017881393,
          10.299999982118607,
          20.599999994039536,
          18,
          14.800000011920929,
          17.80000001192093,
          19,
          21,
          17.899999976158142,
          22.900000005960464,
          21.400000005960464,
          19.599999994039536,
          15.800000011920929,
          12.900000005960464,
          17,
          9.5,
          11,
          10.299999982118607,
          10.300000011920929,
          10.599999994039536,
          21,
          19.30000001192093,
          19.799999982118607,
          20.30000001192093,
          20.5,
          19.299999982118607,
          19.200000017881393,
          20.69999998807907,
          21.5,
          18.80000001192093,
          20.19999998807907,
          20.400000005960464,
          20.5,
          20.400000005960464,
          18.19999998807907,
          20.099999994039536,
          21.5,
          18.900000005960464,
          20.900000005960464,
          19.900000005960464,
          19.5,
          19.599999994039536,
          21,
          20.400000005960464,
          18.5,
          21.599999994039536,
          19,
          21.19999998807907,
          19.900000005960464,
          17.80000001192093,
          21.299999982118607,
          20.80000001192093,
          19,
          19.19999998807907,
          20.700000017881393,
          19.799999982118607,
          19.30000001192093,
          20.599999994039536,
          20.80000001192093,
          19,
          22.599999994039536,
          19.400000005960464,
          20.69999998807907,
          19.400000005960464,
          19.19999998807907,
          20,
          19.600000023841858,
          20.19999998807907,
          20.80000001192093,
          20.5,
          20,
          19.69999998807907,
          20.80000001192093,
          19.299999982118607,
          20.099999994039536,
          23,
          18.100000023841858,
          18.799999982118607,
          20.700000017881393,
          19.899999976158142,
          18.600000023841858,
          21,
          19.5,
          20.19999998807907,
          20.5,
          19,
          20.69999998807907,
          18.80000001192093,
          21,
          18.900000005960464,
          21.799999982118607,
          19.100000023841858,
          19.5,
          21.599999994039536,
          18.69999998807907,
          20.599999994039536,
          19.200000017881393,
          19.299999982118607,
          16.600000023841858
        ],
        "liveDocuments": [
          "first",
          "second"
        ],
        "observedUnicode": "東京/emoji-😀/é/second/2",
        "projectId": "demo-fireside-phase2-browser",
        "runId": "buffering-proxy-auto-detection-fireside-disk-measured-1-mtinh55y",
        "variant": "buffering-proxy-auto-detection"
      }
    }
  ],
  "schemaVersion": 1,
  "target": "fireside",
  "targetVersion": "repository-revision",
  "warmupRepetitions": 0
}
