npm notice run fireside-conformance@0.0.1 test:webchannel:browser
npm notice run node --import tsx src/webchannel/run-browser-demo.ts --output /home/sanjevi/fireside-phase3-full-gate-20260901T200051+0800-91e3c62/conformance/reports/phase-3-metrics/full-gate-20260901T200051+0800-91e3c62/phase2-regression/evidence/.browser-memory.json
    Finished `dev` profile [unoptimized + debuginfo] target(s) in 0.22s
{
  "browserVersion": "150.0.7871.124",
  "completedAt": "2026-09-01T12:35:08.725Z",
  "mode": "memory",
  "mockUserTokenConfigured": false,
  "passed": true,
  "projectId": "demo-fireside-phase2-browser",
  "repetitions": 1,
  "resources": {
    "peakRssBytes": 30314496,
    "peakVmHwmBytes": 30314496,
    "sampleCount": 73,
    "supported": true
  },
  "results": [
    {
      "benchmark": {
        "maximumMilliseconds": 26.80000001192093,
        "p99Milliseconds": 25.100000023841858,
        "sampleCount": 100,
        "thresholdMilliseconds": 1500
      },
      "network": {
        "droppedBackchannels": 1,
        "delayedBackchannels": 0,
        "listenTargetIds": [
          1002,
          1004
        ],
        "listenTraffic": 111,
        "reconnectMilliseconds": 4.248305000000073,
        "terminateRequests": 2,
        "variants": [
          "1"
        ],
        "writeTraffic": 214
      },
      "repetition": 1,
      "result": {
        "initialDocuments": [
          "first",
          "second"
        ],
        "listenerDeliveryMilliseconds": [
          21.700000017881393,
          18.299999982118607,
          19.700000017881393,
          19.799999982118607,
          20,
          21.599999994039536,
          18,
          19.200000017881393,
          22.400000005960464,
          19.5,
          18,
          18.19999998807907,
          18.69999998807907,
          13.200000017881393,
          19.19999998807907,
          19.400000005960464,
          11.900000005960464,
          20.69999998807907,
          20.400000005960464,
          21.80000001192093,
          17.900000005960464,
          18.19999998807907,
          22.900000005960464,
          19.599999994039536,
          21.599999994039536,
          20.900000005960464,
          19.19999998807907,
          19.200000017881393,
          18.099999994039536,
          19.900000005960464,
          21.599999994039536,
          19.30000001192093,
          17.599999994039536,
          19.299999982118607,
          13.400000005960464,
          17.599999994039536,
          20.700000017881393,
          18.799999982118607,
          19.80000001192093,
          24.30000001192093,
          17.69999998807907,
          19.69999998807907,
          25.100000023841858,
          19,
          22.299999982118607,
          26.80000001192093,
          17.799999982118607,
          18.600000023841858,
          22.399999976158142,
          18.400000005960464,
          20.700000017881393,
          19,
          21.399999976158142,
          17.900000005960464,
          21,
          22.80000001192093,
          14.799999982118607,
          14.700000017881393,
          16.900000005960464,
          19,
          20.19999998807907,
          20.099999994039536,
          19.30000001192093,
          11,
          18.599999994039536,
          10.900000005960464,
          19.5,
          22.099999994039536,
          18.099999994039536,
          22,
          21.30000001192093,
          18.599999994039536,
          21.200000017881393,
          19.099999994039536,
          19.099999994039536,
          22.30000001192093,
          21.599999994039536,
          19.69999998807907,
          17,
          19.400000005960464,
          19,
          20.19999998807907,
          21.400000005960464,
          18.400000005960464,
          16.80000001192093,
          18,
          18.799999982118607,
          20.099999994039536,
          20.599999994039536,
          16.099999994039536,
          18.599999994039536,
          11.400000005960464,
          20.400000005960464,
          20.400000005960464,
          19.5,
          21,
          18.5,
          21.099999994039536,
          17.30000001192093,
          11.800000011920929
        ],
        "liveDocuments": [
          "first",
          "second"
        ],
        "observedUnicode": "東京/emoji-😀/é/second/2",
        "projectId": "demo-fireside-phase2-browser",
        "runId": "long-polling-fireside-memory-measured-1-mtingr0h",
        "variant": "long-polling"
      }
    },
    {
      "benchmark": {
        "maximumMilliseconds": 20.599999994039536,
        "p99Milliseconds": 20.100000023841858,
        "sampleCount": 100,
        "thresholdMilliseconds": 1000
      },
      "network": {
        "droppedBackchannels": 1,
        "delayedBackchannels": 0,
        "listenTargetIds": [
          1002,
          1004
        ],
        "listenTraffic": 6,
        "reconnectMilliseconds": 3.878665999999612,
        "terminateRequests": 2,
        "variants": [
          "0"
        ],
        "writeTraffic": 108
      },
      "repetition": 1,
      "result": {
        "initialDocuments": [
          "first",
          "second"
        ],
        "listenerDeliveryMilliseconds": [
          11.599999994039536,
          16.30000001192093,
          10.699999988079071,
          11.200000017881393,
          19,
          12.299999982118607,
          17.400000005960464,
          11.300000011920929,
          11.099999994039536,
          18.099999994039536,
          20.599999994039536,
          19.900000005960464,
          20.099999994039536,
          12.200000017881393,
          18,
          11.900000005960464,
          17.299999982118607,
          12.5,
          18.099999994039536,
          12,
          17.30000001192093,
          12.199999988079071,
          18.200000017881393,
          12.400000005960464,
          16.899999976158142,
          12.600000023841858,
          18.799999982118607,
          19.200000017881393,
          12.799999982118607,
          17.200000017881393,
          12.099999994039536,
          18.099999994039536,
          12,
          17.599999994039536,
          12.300000011920929,
          17.900000005960464,
          12.399999976158142,
          17.100000023841858,
          12.199999988079071,
          17.700000017881393,
          10.599999994039536,
          11.299999982118607,
          19,
          20.100000023841858,
          12.199999988079071,
          16.900000005960464,
          12.299999982118607,
          18,
          12.400000005960464,
          18.30000001192093,
          18.799999982118607,
          12.600000023841858,
          17.69999998807907,
          12,
          17.599999994039536,
          12.599999994039536,
          17.900000005960464,
          12,
          18.400000005960464,
          12.099999994039536,
          18,
          19.80000001192093,
          12.299999982118607,
          17.80000001192093,
          12.599999994039536,
          18.599999994039536,
          18.600000023841858,
          12.5,
          18.19999998807907,
          18.80000001192093,
          12.599999994039536,
          17,
          12.300000011920929,
          18.099999994039536,
          12,
          17.69999998807907,
          12.200000017881393,
          17.899999976158142,
          12.5,
          17.900000005960464,
          12.200000017881393,
          17.69999998807907,
          11.699999988079071,
          17.700000017881393,
          12,
          18.400000005960464,
          11.599999994039536,
          18.900000005960464,
          10.299999982118607,
          8.800000011920929,
          9.5,
          10.5,
          9,
          10.900000005960464,
          11,
          11.099999994039536,
          18.599999994039536,
          12,
          18.19999998807907,
          11.600000023841858
        ],
        "liveDocuments": [
          "first",
          "second"
        ],
        "observedUnicode": "東京/emoji-😀/é/second/2",
        "projectId": "demo-fireside-phase2-browser",
        "runId": "streaming-fireside-memory-measured-1-mtingsxy",
        "variant": "streaming"
      }
    },
    {
      "benchmark": {
        "maximumMilliseconds": 23.19999998807907,
        "p99Milliseconds": 22.400000005960464,
        "sampleCount": 100,
        "thresholdMilliseconds": 2000
      },
      "network": {
        "droppedBackchannels": 1,
        "delayedBackchannels": 1,
        "listenTargetIds": [
          1002,
          1004
        ],
        "listenTraffic": 112,
        "reconnectMilliseconds": 3.590986000000157,
        "terminateRequests": 2,
        "variants": [
          "0",
          "1"
        ],
        "writeTraffic": 108
      },
      "repetition": 1,
      "result": {
        "initialDocuments": [
          "first",
          "second"
        ],
        "listenerDeliveryMilliseconds": [
          20.099999994039536,
          17.599999994039536,
          19.599999994039536,
          20.100000023841858,
          20.299999982118607,
          19.5,
          19.30000001192093,
          20.099999994039536,
          20.30000001192093,
          20.599999994039536,
          19.5,
          22,
          20.19999998807907,
          20.30000001192093,
          18.900000005960464,
          19.69999998807907,
          20.30000001192093,
          19.899999976158142,
          18.5,
          22.30000001192093,
          20,
          19.80000001192093,
          20.5,
          19.899999976158142,
          20.30000001192093,
          19.30000001192093,
          19.19999998807907,
          20.099999994039536,
          21.200000017881393,
          18.799999982118607,
          21.200000017881393,
          19.299999982118607,
          16.900000005960464,
          20.700000017881393,
          20.799999982118607,
          20.5,
          19.599999994039536,
          20.200000017881393,
          19.299999982118607,
          20.200000017881393,
          20.299999982118607,
          19.900000005960464,
          19.5,
          18.900000005960464,
          19.69999998807907,
          20.600000023841858,
          21.19999998807907,
          21.69999998807907,
          17.700000017881393,
          23.19999998807907,
          17.200000017881393,
          20.5,
          19.399999976158142,
          20.200000017881393,
          20.400000005960464,
          20,
          20,
          20,
          19.899999976158142,
          19.600000023841858,
          20,
          20.299999982118607,
          21,
          20.80000001192093,
          19.900000005960464,
          19.899999976158142,
          17.900000005960464,
          20.80000001192093,
          19.900000005960464,
          18.799999982118607,
          21.599999994039536,
          20.80000001192093,
          19.5,
          17.80000001192093,
          20.69999998807907,
          20.099999994039536,
          19.80000001192093,
          22.400000005960464,
          20,
          18.799999982118607,
          19.30000001192093,
          19.599999994039536,
          20.80000001192093,
          18,
          19.799999982118607,
          10.700000017881393,
          18.599999994039536,
          10.599999994039536,
          9.599999994039536,
          11.200000017881393,
          20.69999998807907,
          18.69999998807907,
          9.700000017881393,
          12,
          18.599999994039536,
          20.099999994039536,
          21.599999994039536,
          20.5,
          18.400000005960464,
          19.900000005960464
        ],
        "liveDocuments": [
          "first",
          "second"
        ],
        "observedUnicode": "東京/emoji-😀/é/second/2",
        "projectId": "demo-fireside-phase2-browser",
        "runId": "buffering-proxy-auto-detection-fireside-memory-measured-1-mtinguiw",
        "variant": "buffering-proxy-auto-detection"
      }
    }
  ],
  "schemaVersion": 1,
  "target": "fireside",
  "targetVersion": "repository-revision",
  "warmupRepetitions": 0
}
