npm notice run fireside-conformance@0.0.1 test
npm notice run node --import tsx --test test/target.test.ts test/endurance-tooling.test.ts test/rest-oracle-fixtures.test.ts test/webchannel-capture.test.ts test/webchannel-fixtures.test.ts test/firebase-js-sdk-karma-evidence.test.ts test/phase2-gate-plan.test.ts test/phase2-java-webchannel-comparison.test.ts test/phase3-oracle-plan.test.ts test/phase3-oracle-fixture.test.ts test/phase3-boundary-fixtures.test.ts test/phase3-language-fixture.test.ts test/phase3-java-fixtures.test.ts test/phase3-complex-rules-fixture.test.ts test/phase3-manifest.test.ts test/phase3-gate-plan.test.ts
✔ frozen endurance schedule preserves the approved operation mix (12.329397ms)
✔ sustained slope observation waits for one full post-warm-up hour (0.615409ms)
✔ frozen working-set payload sizing is internally exact (2.992047ms)
✔ endurance statistics use nearest-rank percentiles and Theil-Sen slope (0.623189ms)
✔ oscillation analysis recovers a shared period and exposes phase sensitivity (1037.946466ms)
✔ Linux process telemetry separates resident-page categories (1.256989ms)
✔ a failed endurance criterion raises a durable gate failure (0.607169ms)
✔ controlled host health accepts a quiet current boot (0.503449ms)
✔ controlled host health rejects OOMs and runaway SSH login churn (0.783ms)
✔ accepts and preserves the pinned native-skip-only partition (2.992826ms)
✔ accepts a normal successful Karma partition (0.72702ms)
✔ rejects failures, empty selections, and infrastructure errors (0.42849ms)
✔ Phase 2 conformance plan matches the unchanged frozen manifest (13.811885ms)
✔ Phase 2 conformance commands execute directly without a shell (3.338666ms)
✔ Phase 2 gate accepts the exact frozen toolchain (2.547517ms)
✔ Phase 2 gate rejects a login-shell Java downgrade (0.845459ms)
✔ Phase 2 gate reports every frozen toolchain mismatch (0.3771ms)
✔ Java WebChannel comparison plan is frozen, balanced, and non-gating (14.694234ms)
✔ browser runner exposes pinned Java and repeatable measurement controls (2.288707ms)
✔ comparison report links the frozen repository evidence location (4.259925ms)
✔ production parser and source-envelope boundaries remain frozen (34.271352ms)
✔ production call-depth and expression budgets remain frozen (117.20189ms)
✔ the complex 1,193-line rules fixture passes its authoritative cases (15.677143ms)
✔ Phase 3 gate accepts the complete transitive frozen toolchain (16.405112ms)
✔ Phase 3 gate rejects Java 21 before starting measured work (4.018995ms)
✔ Phase 3 gate rejects a modified Phase 2 baseline manifest (2.439618ms)
✔ Java access accounting freezes 10/20 limits and repeated-call caching (18.010141ms)
✔ Java getAfter sees the atomic pending write set (2.283617ms)
✔ Java runtime errors deny without escaping as transport failures (1.918678ms)
✔ captured production language contract covers the Phase 3 value surface (78.140364ms)
✔ the immutable Phase 3 manifest and complete oracle set are checksum-locked (181.87153ms)
✔ captured Phase 3 production expression corpus is complete and credential-free (285.078526ms)
✔ phase 3 production expression plan is frozen at 1,024 deterministic cases (7.549441ms)
✔ java-v1.22.0 aggregation-count fixture is safe and exact (13.749285ms)
✔ java-v1.22.0 aggregation-limit-error fixture pins the exact limit (2.967746ms)
✔ java-v1.22.0 aggregation-composite-filter fixture pins the request shape (3.986076ms)
✔ java-v1.22.0 transaction fixture pins commit validation and masks (6.299583ms)
✔ java-v1.22.0 transaction no-op fixture preserves update time (3.777335ms)
✔ production-cloud-firestore aggregation-count fixture is safe and exact (7.387972ms)
✔ production-cloud-firestore aggregation-limit-error fixture pins the exact limit (1.919018ms)
✔ production-cloud-firestore aggregation-composite-filter fixture pins the request shape (1.412948ms)
✔ production-cloud-firestore transaction fixture pins commit validation and masks (2.303277ms)
✔ production-cloud-firestore transaction no-op fixture preserves update time (2.320168ms)
✔ resolves an emulator target only with an explicit host (1.830758ms)
✔ refuses a cloud project without an exact independent allowlist (0.26419ms)
✔ refuses a different cloud project even when duplicate inputs match (0.184609ms)
✔ only allows the dedicated Enterprise cloud database (0.21441ms)
✔ rejects unknown targets (0.18979ms)
✔ WebChannel frame lengths count decoded UTF-16 code units (2.031418ms)
✔ capture decoder preserves form order and exposes framed responses (11.424137ms)
✔ pinned Firebase JS SDK gate mirrors Google's minified integration workflow (20.535698ms)
✔ Java WebChannel fixture is safe and internally exact: listen-long-poll (2.452017ms)
✔ Java WebChannel fixture is safe and internally exact: listen-streaming (4.079506ms)
✔ Java WebChannel fixture is safe and internally exact: bundle-nanosecond-read-time (2.622957ms)
✔ Java WebChannel fixture is safe and internally exact: write-long-poll (1.486998ms)
✔ Java WebChannel fixture is safe and internally exact: write-streaming (1.422508ms)
✔ Java WebChannel fixture is safe and internally exact: write-cross-client-update (4.103896ms)
✔ Java WebChannel fixture is safe and internally exact: write-missing-update-error (2.195498ms)
✔ Java WebChannel fixture is safe and internally exact: write-overlap (2.001978ms)
✔ Java WebChannel fixture is safe and internally exact: multiple-inequality-query (2.832166ms)
✔ Java WebChannel fixture is safe and internally exact: numeric-resource-id-ordering (4.228736ms)
✔ Java WebChannel fixture is safe and internally exact: reserved-resource-id-error (2.844996ms)
✔ Java WebChannel fixture is safe and internally exact: backchannel-reconnect-replay (1.298449ms)
✔ Java WebChannel fixture is safe and internally exact: unicode-framing (2.331547ms)
✔ Java WebChannel fixture is safe and internally exact: unknown-sid (1.342419ms)
✔ production cloud WebChannel fixture is safe and internally exact: listen-long-poll (1.418298ms)
✔ production cloud WebChannel fixture is safe and internally exact: listen-streaming (1.393788ms)
✔ production cloud WebChannel fixture is safe and internally exact: bundle-nanosecond-read-time (2.138528ms)
✔ production cloud WebChannel fixture is safe and internally exact: write-long-poll (1.529378ms)
✔ production cloud WebChannel fixture is safe and internally exact: write-streaming (1.537489ms)
✔ production cloud WebChannel fixture is safe and internally exact: write-cross-client-update (3.839716ms)
✔ production cloud WebChannel fixture is safe and internally exact: write-missing-update-error (1.884658ms)
✔ production cloud WebChannel fixture is safe and internally exact: write-overlap (1.703498ms)
✔ production cloud WebChannel fixture is safe and internally exact: multiple-inequality-query (3.444696ms)
✔ production cloud WebChannel fixture is safe and internally exact: numeric-resource-id-ordering (3.731846ms)
✔ production cloud WebChannel fixture is safe and internally exact: reserved-resource-id-error (1.487058ms)
✔ production cloud WebChannel fixture is safe and internally exact: backchannel-reconnect-replay (1.163409ms)
✔ production cloud WebChannel fixture is safe and internally exact: unicode-framing (2.308037ms)
✔ production cloud WebChannel fixture is safe and internally exact: unknown-sid (1.437289ms)
✔ Java numeric resource ID fixture pins the reserved-namespace exception (2.515647ms)
✔ Java reserved resource ID fixture pins the exact browser-visible error (0.985979ms)
✔ Java fixtures distinguish long polling, streaming, retry, and UTF-16 framing (3.355446ms)
✔ production cloud numeric resource ID fixture pins the reserved-namespace exception (3.447126ms)
✔ production cloud reserved resource ID fixture pins the exact browser-visible error (1.978388ms)
✔ production cloud fixtures distinguish long polling, streaming, retry, and UTF-16 framing (1.909788ms)
✔ Java and cloud fixtures pin their handshake and unknown-SID deviations (2.975596ms)
✔ Java and cloud fixtures pin inequality type ranges and key-order validation (3.377866ms)
✔ cloud folded authorization is redacted and termination keeps its empty-body length (0.932019ms)
✔ Java and cloud forward acknowledgements pin open and active backchannels (1.320939ms)
✔ Java and cloud accept overlapping writes that reuse the last acknowledged stream token (1.325618ms)
✔ Java and cloud accept bundle Listen targets with nanosecond read times (2.391568ms)
ℹ tests 91
ℹ suites 0
ℹ pass 91
ℹ fail 0
ℹ cancelled 0
ℹ skipped 0
ℹ todo 0
ℹ duration_ms 1301.733186
