npm notice run fireside-conformance@0.0.1 test:fireside-export-java-import
npm notice run node --import tsx src/verify-fireside-export-java-import.ts
WARNING: fireside Security Rules are not configured; client access is open
fireside Firestore listening on 127.0.0.1:36103 with 4 runtime worker thread(s); mimalloc purge delay 0 ms, decommit true
(node:513911) MetadataLookupWarning: received unexpected error = All promises were rejected code = UNKNOWN
(Use `node --trace-warnings ...` to show where the warning was created)
i  emulators: Starting emulators: firestore
i  emulators: Detected demo project ID "demo-fireside-export-oracle", emulated services will use a demo configuration and attempts to access non-emulated services for this project will fail.
i  firestore: Importing data from /tmp/fireside-public-export-jyrBbG/firestore_export/firestore_export.overall_export_metadata
⚠  firestore: Cloud Firestore Emulator does not support multiple databases yet.
⚠  firestore: Did not find a Cloud Firestore rules file specified in a firebase.json config file.
⚠  firestore: The emulator will default to allowing all reads and writes. Learn more about this option: https://firebase.google.com/docs/emulator-suite/install_and_configure#security_rules_configuration.
i  firestore: Firestore Emulator logging to firestore-debug.log
✔  firestore: Firestore Emulator was started in standard edition.
✔  firestore: Firestore Emulator UI websocket is running on 9150.
i  Running script: node --import tsx src/assert-export-import.ts
(node:514005) MetadataLookupWarning: received unexpected error = All promises were rejected code = UNKNOWN
(Use `node --trace-warnings ...` to show where the warning was created)
✔  Script exited successfully (code 0)
i  emulators: Shutting down emulators.
i  firestore: Stopping Firestore Emulator
i  hub: Stopping emulator hub
i  logging: Stopping Logging Emulator
