npm notice run fireside-conformance@0.0.1 test:fireside
npm notice run node --import tsx src/run-fireside.ts
WARNING: fireside Security Rules are not configured; client access is open
fireside Firestore listening on 127.0.0.1:45861 with 4 runtime worker thread(s); mimalloc purge delay 0 ms, decommit true
(node:511524) MetadataLookupWarning: received unexpected error = All promises were rejected code = UNKNOWN
(Use `node --trace-warnings ...` to show where the warning was created)
✔ collection-group queries honor an ancestor document (3292.907601ms)
(node:511525) MetadataLookupWarning: received unexpected error = All promises were rejected code = UNKNOWN
(Use `node --trace-warnings ...` to show where the warning was created)
✔ CreateDocument assigns an ID, preserves masked fields, and rejects conflicts (3457.582949ms)
✔ BulkWriter commits independent writes and surfaces per-write errors (78.349653ms)
✔ BulkWriter accepts a near-5-MiB batch of individually valid documents (95.497185ms)
✔ list RPCs paginate direct children and preserve masks (43.226592ms)
✔ ListDocuments orders fields and requires a collection selector (44.661781ms)
✔ ListDocuments showMissing returns name-only ancestor placeholders (33.446123ms)
✔ BatchWrite reports per-write conflicts and commits independent writes (36.42249ms)
(node:511526) MetadataLookupWarning: received unexpected error = All promises were rejected code = UNKNOWN
(Use `node --trace-warnings ...` to show where the warning was created)
✔ write conflicts return the production gRPC status codes (3550.059417ms)
✔ Admin SDK retries an aborted read-write transaction (754.454638ms)
(node:511532) MetadataLookupWarning: received unexpected error = All promises were rejected code = UNKNOWN
(Use `node --trace-warnings ...` to show where the warning was created)
✔ target accepts an SDK write/read/delete round trip (3424.517545ms)
(node:511538) MetadataLookupWarning: received unexpected error = All promises were rejected code = UNKNOWN
(Use `node --trace-warnings ...` to show where the warning was created)
✔ read_time reconstructs committed versions after a later delete (3504.946807ms)
(node:511539) MetadataLookupWarning: received unexpected error = All promises were rejected code = UNKNOWN
(Use `node --trace-warnings ...` to show where the warning was created)
✔ raw Listen removes a malformed-token target without closing the stream (3236.828572ms)
✔ query listeners deliver an initial snapshot and ordered changes (153.93685ms)
✔ raw Listen resumes after a CURRENT checkpoint without replaying prior documents (56.299288ms)
✔ raw Listen read_time delivers only changes after the historical snapshot (27.9037ms)
✔ raw Listen falls back to the full target when read_time has expired (24.916882ms)
(node:511540) MetadataLookupWarning: received unexpected error = All promises were rejected code = UNKNOWN
(Use `node --trace-warnings ...` to show where the warning was created)
✔ named databases preserve isolation in the v1 resource path (3331.761048ms)
(node:511551) MetadataLookupWarning: received unexpected error = All promises were rejected code = UNKNOWN
(Use `node --trace-warnings ...` to show where the warning was created)
✔ partitionQuery returns ordered document-name split cursors (3742.612085ms)
(node:511559) MetadataLookupWarning: received unexpected error = All promises were rejected code = UNKNOWN
(Use `node --trace-warnings ...` to show where the warning was created)
✔ ExecutePipeline preserves the production database-edition gate (9912.434284ms)
(node:511568) MetadataLookupWarning: received unexpected error = All promises were rejected code = UNKNOWN
(Use `node --trace-warnings ...` to show where the warning was created)
✔ RunQuery explain separates planning from analyzed execution (3356.298651ms)
✔ RunAggregationQuery explain reports the aggregate result count (121.568406ms)
(node:511569) MetadataLookupWarning: received unexpected error = All promises were rejected code = UNKNOWN
(Use `node --trace-warnings ...` to show where the warning was created)
✔ queries match the production operator and shaping contract (3655.088482ms)
(node:511739) MetadataLookupWarning: received unexpected error = All promises were rejected code = UNKNOWN
(Use `node --trace-warnings ...` to show where the warning was created)
✔ orderBy follows the production mixed-value order (3277.203758ms)
✔ integer and double ordering does not lose int64 precision (34.275882ms)
✔ REST v1 patches, reads, deletes, and reports missing documents (59.243285ms)
✔ REST v1 commit, batchGet, and runQuery share document semantics (19.024299ms)
✔ REST v1 commit applies update and document transforms (16.174772ms)
✔ REST v1 preserves the production missing-index status (10.973537ms)
(node:511767) MetadataLookupWarning: received unexpected error = All promises were rejected code = UNKNOWN
(Use `node --trace-warnings ...` to show where the warning was created)
✔ streaming Write performs a tokened handshake and atomic write (3257.45419ms)
(node:511769) MetadataLookupWarning: received unexpected error = All promises were rejected code = UNKNOWN
(Use `node --trace-warnings ...` to show where the warning was created)
✔ nearest-vector queries match production distance semantics (3292.9178ms)
(node:511770) MetadataLookupWarning: received unexpected error = All promises were rejected code = UNKNOWN
(Use `node --trace-warnings ...` to show where the warning was created)
✔ field transforms use the production commit semantics (3256.45189ms)
✔ array transforms use production numeric equality (44.94514ms)
✔ minimum and maximum transforms preserve production numeric types (31.056086ms)
ℹ tests 34
ℹ suites 0
ℹ pass 34
ℹ fail 0
ℹ cancelled 0
ℹ skipped 0
ℹ todo 0
ℹ duration_ms 11433.872207
✔ emulator control APIs register triggers and clear data (47.976287ms)
✔ emulator export writes the named official-format directory (16.743442ms)
ℹ tests 2
ℹ suites 0
ℹ pass 2
ℹ fail 0
ℹ cancelled 0
ℹ skipped 0
ℹ todo 0
ℹ duration_ms 729.377477
