   Compiling tokio v1.53.1
   Compiling sync_wrapper v1.0.2
   Compiling axum-core v0.5.6
   Compiling tokio-util v0.7.19
   Compiling tokio-stream v0.1.19
   Compiling h2 v0.4.19
   Compiling tower v0.5.3
   Compiling hyper v1.11.0
   Compiling hyper-util v0.1.20
   Compiling hyper-timeout v0.5.2
   Compiling axum v0.8.9
   Compiling tonic v0.14.6
   Compiling tonic-prost v0.14.6
   Compiling fireside-grpc-front v0.0.1 (/home/sanjevi/fireside-phase3-full-gate-20260901T200051+0800-91e3c62/crates/grpc-front)
   Compiling fireside-webchannel-front v0.0.1 (/home/sanjevi/fireside-phase3-full-gate-20260901T200051+0800-91e3c62/crates/webchannel-front)
    Finished `test` profile [unoptimized + debuginfo] target(s) in 20.06s
     Running tests/oracle_replay.rs (target/debug/deps/oracle_replay-090b67a59774c378)

running 3 tests
test captured_wire_advertisement_tracks_negotiated_protocol ... ok
test captured_java_streaming_session_terminates_the_live_backchannel ... ok
test captured_java_and_cloud_requests_replay_through_the_transport ... ok

test result: ok. 3 passed; 0 failed; 0 ignored; 0 measured; 0 filtered out; finished in 0.05s

