✔ WebChannel frame lengths count decoded UTF-16 code units (1.792278ms)
✔ capture decoder preserves form order and exposes framed responses (9.45272ms)
✔ pinned Firebase JS SDK gate mirrors Google's minified integration workflow (12.017237ms)
✔ Java WebChannel fixture is safe and internally exact: listen-long-poll (1.797048ms)
✔ Java WebChannel fixture is safe and internally exact: listen-streaming (2.961987ms)
✔ Java WebChannel fixture is safe and internally exact: bundle-nanosecond-read-time (1.934798ms)
✔ Java WebChannel fixture is safe and internally exact: write-long-poll (1.062368ms)
✔ Java WebChannel fixture is safe and internally exact: write-streaming (1.031599ms)
✔ Java WebChannel fixture is safe and internally exact: write-cross-client-update (2.843977ms)
✔ Java WebChannel fixture is safe and internally exact: write-missing-update-error (1.468248ms)
✔ Java WebChannel fixture is safe and internally exact: write-overlap (1.606418ms)
✔ Java WebChannel fixture is safe and internally exact: multiple-inequality-query (2.473308ms)
✔ Java WebChannel fixture is safe and internally exact: numeric-resource-id-ordering (3.864475ms)
✔ Java WebChannel fixture is safe and internally exact: reserved-resource-id-error (2.854767ms)
✔ Java WebChannel fixture is safe and internally exact: backchannel-reconnect-replay (1.088449ms)
✔ Java WebChannel fixture is safe and internally exact: unicode-framing (1.934217ms)
✔ Java WebChannel fixture is safe and internally exact: unknown-sid (0.982249ms)
✔ production cloud WebChannel fixture is safe and internally exact: listen-long-poll (0.997679ms)
✔ production cloud WebChannel fixture is safe and internally exact: listen-streaming (0.944219ms)
✔ production cloud WebChannel fixture is safe and internally exact: bundle-nanosecond-read-time (1.561468ms)
✔ production cloud WebChannel fixture is safe and internally exact: write-long-poll (1.154389ms)
✔ production cloud WebChannel fixture is safe and internally exact: write-streaming (1.442028ms)
✔ production cloud WebChannel fixture is safe and internally exact: write-cross-client-update (3.024237ms)
✔ production cloud WebChannel fixture is safe and internally exact: write-missing-update-error (1.458638ms)
✔ production cloud WebChannel fixture is safe and internally exact: write-overlap (1.500409ms)
✔ production cloud WebChannel fixture is safe and internally exact: multiple-inequality-query (3.343556ms)
✔ production cloud WebChannel fixture is safe and internally exact: numeric-resource-id-ordering (3.342756ms)
✔ production cloud WebChannel fixture is safe and internally exact: reserved-resource-id-error (1.082669ms)
✔ production cloud WebChannel fixture is safe and internally exact: backchannel-reconnect-replay (1.066639ms)
✔ production cloud WebChannel fixture is safe and internally exact: unicode-framing (1.971197ms)
✔ production cloud WebChannel fixture is safe and internally exact: unknown-sid (1.301339ms)
✔ Java numeric resource ID fixture pins the reserved-namespace exception (2.313507ms)
✔ Java reserved resource ID fixture pins the exact browser-visible error (0.771569ms)
✔ Java fixtures distinguish long polling, streaming, retry, and UTF-16 framing (2.029288ms)
✔ production cloud numeric resource ID fixture pins the reserved-namespace exception (4.233486ms)
✔ production cloud reserved resource ID fixture pins the exact browser-visible error (2.926617ms)
✔ production cloud fixtures distinguish long polling, streaming, retry, and UTF-16 framing (2.118468ms)
✔ Java and cloud fixtures pin their handshake and unknown-SID deviations (2.136857ms)
✔ Java and cloud fixtures pin inequality type ranges and key-order validation (2.650557ms)
✔ cloud folded authorization is redacted and termination keeps its empty-body length (0.986269ms)
✔ Java and cloud forward acknowledgements pin open and active backchannels (1.572348ms)
✔ Java and cloud accept overlapping writes that reuse the last acknowledged stream token (1.758609ms)
✔ Java and cloud accept bundle Listen targets with nanosecond read times (2.702617ms)
ℹ tests 43
ℹ suites 0
ℹ pass 43
ℹ fail 0
ℹ cancelled 0
ℹ skipped 0
ℹ todo 0
ℹ duration_ms 241.768954
