Firebase JS SDK browser integration (disk-wal, client persistence)	Run Google's Firestore browser integration bootstrap	﻿2026-09-05T14:37:17.0125673Z ##[group]Run npm run test:webchannel:firebase-js-sdk --prefix conformance -- --sdk-dir "/home/runner/work/fireside/fireside/.phase2/firebase-js-sdk" --client-persistence "persistence" --disk
Firebase JS SDK browser integration (disk-wal, client persistence)	Run Google's Firestore browser integration bootstrap	2026-09-05T14:37:17.0127273Z [36;1mnpm run test:webchannel:firebase-js-sdk --prefix conformance -- --sdk-dir "/home/runner/work/fireside/fireside/.phase2/firebase-js-sdk" --client-persistence "persistence" --disk[0m
Firebase JS SDK browser integration (disk-wal, client persistence)	Run Google's Firestore browser integration bootstrap	2026-09-05T14:37:17.0178791Z shell: /usr/bin/bash -e {0}
Firebase JS SDK browser integration (disk-wal, client persistence)	Run Google's Firestore browser integration bootstrap	2026-09-05T14:37:17.0179093Z ##[endgroup]
Firebase JS SDK browser integration (disk-wal, client persistence)	Run Google's Firestore browser integration bootstrap	2026-09-05T14:37:17.1192724Z npm notice run fireside-conformance@0.0.1 test:webchannel:firebase-js-sdk
Firebase JS SDK browser integration (disk-wal, client persistence)	Run Google's Firestore browser integration bootstrap	2026-09-05T14:37:17.1195861Z npm notice run node --import tsx src/webchannel/run-firebase-js-sdk.ts --sdk-dir /home/runner/work/fireside/fireside/.phase2/firebase-js-sdk --client-persistence persistence --disk
Firebase JS SDK browser integration (disk-wal, client persistence)	Run Google's Firestore browser integration bootstrap	2026-09-05T14:37:17.9283401Z yarn run v1.22.22
Firebase JS SDK browser integration (disk-wal, client persistence)	Run Google's Firestore browser integration bootstrap	2026-09-05T14:37:17.9428438Z error SyntaxError: /home/runner/work/fireside/fireside/.phase2/firebase-js-sdk/packages/firestore/package.json: Unexpected end of JSON input
Firebase JS SDK browser integration (disk-wal, client persistence)	Run Google's Firestore browser integration bootstrap	2026-09-05T14:37:17.9429366Z     at JSON.parse (<anonymous>)
Firebase JS SDK browser integration (disk-wal, client persistence)	Run Google's Firestore browser integration bootstrap	2026-09-05T14:37:17.9429863Z     at /opt/hostedtoolcache/node/24.20.0/x64/lib/node_modules/yarn/lib/cli.js:1629:59
Firebase JS SDK browser integration (disk-wal, client persistence)	Run Google's Firestore browser integration bootstrap	2026-09-05T14:37:17.9430350Z     at Generator.next (<anonymous>)
Firebase JS SDK browser integration (disk-wal, client persistence)	Run Google's Firestore browser integration bootstrap	2026-09-05T14:37:17.9431205Z     at step (/opt/hostedtoolcache/node/24.20.0/x64/lib/node_modules/yarn/lib/cli.js:310:30)
Firebase JS SDK browser integration (disk-wal, client persistence)	Run Google's Firestore browser integration bootstrap	2026-09-05T14:37:17.9432009Z     at /opt/hostedtoolcache/node/24.20.0/x64/lib/node_modules/yarn/lib/cli.js:321:13
Firebase JS SDK browser integration (disk-wal, client persistence)	Run Google's Firestore browser integration bootstrap	2026-09-05T14:37:17.9432993Z info Visit https://yarnpkg.com/en/docs/cli/run for documentation about this command.
Firebase JS SDK browser integration (disk-wal, client persistence)	Run Google's Firestore browser integration bootstrap	2026-09-05T14:37:17.9517492Z firebase-js-sdk generated package metadata was observed mid-write; restoring the pinned revision and retrying the pre-workload dependency build once.
Firebase JS SDK browser integration (disk-wal, client persistence)	Run Google's Firestore browser integration bootstrap	2026-09-05T14:37:18.0871128Z yarn run v1.22.22
Firebase JS SDK browser integration (disk-wal, client persistence)	Run Google's Firestore browser integration bootstrap	2026-09-05T14:37:18.1016760Z error SyntaxError: /home/runner/work/fireside/fireside/.phase2/firebase-js-sdk/packages/firestore/package.json: Unexpected end of JSON input
Firebase JS SDK browser integration (disk-wal, client persistence)	Run Google's Firestore browser integration bootstrap	2026-09-05T14:37:18.1017970Z     at JSON.parse (<anonymous>)
Firebase JS SDK browser integration (disk-wal, client persistence)	Run Google's Firestore browser integration bootstrap	2026-09-05T14:37:18.1018704Z     at /opt/hostedtoolcache/node/24.20.0/x64/lib/node_modules/yarn/lib/cli.js:1629:59
Firebase JS SDK browser integration (disk-wal, client persistence)	Run Google's Firestore browser integration bootstrap	2026-09-05T14:37:18.1019437Z     at Generator.next (<anonymous>)
Firebase JS SDK browser integration (disk-wal, client persistence)	Run Google's Firestore browser integration bootstrap	2026-09-05T14:37:18.1020097Z     at step (/opt/hostedtoolcache/node/24.20.0/x64/lib/node_modules/yarn/lib/cli.js:310:30)
Firebase JS SDK browser integration (disk-wal, client persistence)	Run Google's Firestore browser integration bootstrap	2026-09-05T14:37:18.1020763Z     at /opt/hostedtoolcache/node/24.20.0/x64/lib/node_modules/yarn/lib/cli.js:321:13
Firebase JS SDK browser integration (disk-wal, client persistence)	Run Google's Firestore browser integration bootstrap	2026-09-05T14:37:18.1021986Z info Visit https://yarnpkg.com/en/docs/cli/run for documentation about this command.
Firebase JS SDK browser integration (disk-wal, client persistence)	Run Google's Firestore browser integration bootstrap	2026-09-05T14:37:18.1144793Z /home/runner/work/fireside/fireside/conformance/src/webchannel/run-firebase-js-sdk.ts:463
Firebase JS SDK browser integration (disk-wal, client persistence)	Run Google's Firestore browser integration bootstrap	2026-09-05T14:37:18.1145385Z   return new Error(
Firebase JS SDK browser integration (disk-wal, client persistence)	Run Google's Firestore browser integration bootstrap	2026-09-05T14:37:18.1145628Z          ^
Firebase JS SDK browser integration (disk-wal, client persistence)	Run Google's Firestore browser integration bootstrap	2026-09-05T14:37:18.1145749Z 
Firebase JS SDK browser integration (disk-wal, client persistence)	Run Google's Firestore browser integration bootstrap	2026-09-05T14:37:18.1146022Z Error: yarn build:deps retry exited with code 1 and signal null
Firebase JS SDK browser integration (disk-wal, client persistence)	Run Google's Firestore browser integration bootstrap	2026-09-05T14:37:18.1146775Z     at observedCommandError (/home/runner/work/fireside/fireside/conformance/src/webchannel/run-firebase-js-sdk.ts:463:10)
Firebase JS SDK browser integration (disk-wal, client persistence)	Run Google's Firestore browser integration bootstrap	2026-09-05T14:37:18.1147670Z     at main (/home/runner/work/fireside/fireside/conformance/src/webchannel/run-firebase-js-sdk.ts:160:15)
Firebase JS SDK browser integration (disk-wal, client persistence)	Run Google's Firestore browser integration bootstrap	2026-09-05T14:37:18.1148424Z     at process.processTicksAndRejections (node:internal/process/task_queues:104:5)
Firebase JS SDK browser integration (disk-wal, client persistence)	Run Google's Firestore browser integration bootstrap	2026-09-05T14:37:18.1149232Z     at async <anonymous> (/home/runner/work/fireside/fireside/conformance/src/webchannel/run-firebase-js-sdk.ts:506:1)
Firebase JS SDK browser integration (disk-wal, client persistence)	Run Google's Firestore browser integration bootstrap	2026-09-05T14:37:18.1149705Z 
Firebase JS SDK browser integration (disk-wal, client persistence)	Run Google's Firestore browser integration bootstrap	2026-09-05T14:37:18.1149833Z Node.js v24.20.0
Firebase JS SDK browser integration (disk-wal, client persistence)	Run Google's Firestore browser integration bootstrap	2026-09-05T14:37:18.1297844Z ##[error]Process completed with exit code 1.
