[0m[2m[35m$[0m [2m[1mbash scripts/dev/start-firebase-emulator.sh[0m
Firebase emulator runtime: Node 24.20.0 (/home/sanjevi/.local/share/mise/installs/node/24.20.0/bin/node)
Local Functions use an isolated demo credential; firebase-tools may report ADC detected.
🫙 Emulator JVM: HotSpot (/home/sanjevi/.local/share/mise/installs/java/26.0.2.1/bin/java); flags: -Xmx8g
🔒 External-isolation mode: Extensions disabled; custom Functions and Pub/Sub enabled.
[36m[1mi  emulators:[22m[39m Starting emulators: auth, functions, firestore, pubsub, storage
[36m[1mi  emulators:[22m[39m Detected demo project ID "demo-twodart-local", emulated services will use a demo configuration and attempts to access non-emulated services for this project will fail.
[33m[1m⚠  functions:[22m[39m Application Default Credentials detected. Non-emulated services will access production using these credentials. Be careful!
[36m[1mi  firestore:[22m[39m Importing data from /srv/dev-fast/runtime-data/fireside-phase5-20260902T1417+0800-5b51e4d/stack-official/apps/templates-firebase/loadData/datasets/full-data/firestore_export/firestore_export.overall_export_metadata
[36m[1mi  firestore:[22m[39m Firestore Emulator logging to [1mfirestore-debug.log[22m
[32m[1m✔  firestore:[22m[39m Firestore Emulator was started in standard edition.
[32m[1m✔  firestore:[22m[39m Firestore Emulator UI websocket is running on 23007.
[36m[1mi  auth:[22m[39m Importing config from /srv/dev-fast/runtime-data/fireside-phase5-20260902T1417+0800-5b51e4d/stack-official/apps/templates-firebase/loadData/datasets/full-data/auth_export/config.json
[36m[1mi  auth:[22m[39m Importing accounts from /srv/dev-fast/runtime-data/fireside-phase5-20260902T1417+0800-5b51e4d/stack-official/apps/templates-firebase/loadData/datasets/full-data/auth_export/accounts.json
[36m[1mi  pubsub:[22m[39m Pub/Sub Emulator logging to [1mpubsub-debug.log[22m
[33m[1m⚠ [22m[39m Unexpected rules runtime error: Picked up JAVA_TOOL_OPTIONS:  -Xmx8g

[33m[1m⚠ [22m[39m Unexpected rules runtime error: WARNING: A terminally deprecated method in sun.misc.Unsafe has been called
WARNING: sun.misc.Unsafe::arrayBaseOffset has been called by com.google.protobuf.UnsafeUtil$MemoryAccessor (file:/home/sanjevi/.cache/firebase/emulators/cloud-storage-rules-runtime-v1.1.3.jar)
WARNING: Please consider reporting this to the maintainers of class com.google.protobuf.UnsafeUtil$MemoryAccessor
WARNING: sun.misc.Unsafe::arrayBaseOffset will be removed in a future release

[36m[1mi  emulators:[22m[39m Shutting down emulators.
[36m[1mi  functions:[22m[39m Stopping Functions Emulator
[36m[1mi  firestore:[22m[39m Stopping Firestore Emulator
[36m[1mi  pubsub:[22m[39m Stopping Pub/Sub Emulator
[36m[1mi  auth:[22m[39m Stopping Authentication Emulator
[36m[1mi  storage:[22m[39m Stopping Storage Emulator
[36m[1mi  eventarc:[22m[39m Stopping Eventarc Emulator
[36m[1mi  tasks:[22m[39m Stopping Cloud Tasks Emulator
[36m[1mi  hub:[22m[39m Stopping emulator hub

[1m[31mError:[39m[22m An unexpected error has occurred.
