[1m
portless
[22m
[2m-- Proxy is running[22m
[2m-- templates.twodart.localhost (auto-resolves to 127.0.0.1)[22m
[2m-- Name "templates.twodart" (from --name flag)[22m
-- Using port 4431
[1m
  -> https://templates.twodart.localhost
[22m
[2mRunning: PORT=4431 HOST=127.0.0.1 PORTLESS_URL=https://templates.twodart.localhost NODE_EXTRA_CA_CERTS="/home/sanjevi/.portless/ca.pem" bash -c cd apps/templates && exec bun run dev -- --port=$PORT
[22m
[0m[2m[35m$[0m [2m[1mbun next dev "--port=4431"[0m
[1m[38;2;173;127;168m▲ Next.js 16.2.9[39m[22m (Turbopack)
- Local:         http://localhost:4431
- Network:       http://192.168.100.205:4431
- Environments: .env.local
[32m[1m✓[22m[39m Ready in 468ms
[37m[1m○[22m[39m Compiling instrumentation Node.js ...
- Experiments (use with caution):
  · clientTraceMetadata

[37m[1m○[22m[39m Compiling /login/[loginType] ...
WARNING: You are using the Auth Emulator, which is intended for local testing only.  Do not use with production credentials.
Firebase initialized successfully
WARNING: You are using the Auth Emulator, which is intended for local testing only.  Do not use with production credentials.
Firebase initialized successfully
 GET /login/overview [32m200[39m in 17.2s[2m (next.js: 16.9s, generate-params: 6.8s, application-code: 304ms)[22m
 GET /login/overview [32m200[39m in 573ms[2m (next.js: 550ms, generate-params: 500ms, application-code: 23ms)[22m
 GET /login/overview [32m200[39m in 116ms[2m (next.js: 92ms, generate-params: 34µs, application-code: 23ms)[22m
 GET /login/overview [32m200[39m in 53ms[2m (next.js: 32ms, generate-params: 17µs, application-code: 21ms)[22m
 GET /login/overview [32m200[39m in 114ms[2m (next.js: 90ms, generate-params: 20µs, application-code: 23ms)[22m
 GET /login/overview [32m200[39m in 49ms[2m (next.js: 29ms, generate-params: 22µs, application-code: 20ms)[22m
 GET /login/overview [32m200[39m in 103ms[2m (next.js: 85ms, generate-params: 30µs, application-code: 18ms)[22m
WARNING: You are using the Auth Emulator, which is intended for local testing only.  Do not use with production credentials.
Firebase initialized successfully
 GET /login/overview [32m200[39m in 534ms[2m (next.js: 496ms, generate-params: 443ms, application-code: 38ms)[22m
 GET /login/overview [32m200[39m in 62ms[2m (next.js: 40ms, generate-params: 31µs, application-code: 22ms)[22m
 GET /login/overview [32m200[39m in 108ms[2m (next.js: 63ms, generate-params: 35µs, application-code: 45ms)[22m
 GET /login/overview [32m200[39m in 194ms[2m (next.js: 124ms, generate-params: 36µs, application-code: 70ms)[22m
 GET /login/overview [32m200[39m in 263ms[2m (next.js: 216ms, generate-params: 34µs, application-code: 48ms)[22m
WARNING: You are using the Auth Emulator, which is intended for local testing only.  Do not use with production credentials.
Firebase initialized successfully
 GET /login/overview [32m200[39m in 579ms[2m (next.js: 545ms, generate-params: 466ms, application-code: 35ms)[22m
 GET /login/overview [32m200[39m in 125ms[2m (next.js: 95ms, generate-params: 17µs, application-code: 30ms)[22m
 GET /login/overview [32m200[39m in 97ms[2m (next.js: 73ms, generate-params: 12µs, application-code: 24ms)[22m
 GET /login/overview [32m200[39m in 95ms[2m (next.js: 64ms, generate-params: 27µs, application-code: 32ms)[22m
 GET /login/overview [32m200[39m in 99ms[2m (next.js: 62ms, generate-params: 14µs, application-code: 37ms)[22m
WARNING: You are using the Auth Emulator, which is intended for local testing only.  Do not use with production credentials.
Firebase initialized successfully
 GET /login/overview [32m200[39m in 310ms[2m (next.js: 219ms, generate-params: 13µs, application-code: 91ms)[22m
 GET /login/overview [32m200[39m in 539ms[2m (next.js: 524ms, generate-params: 482ms, application-code: 15ms)[22m
 GET /login/overview [32m200[39m in 46ms[2m (next.js: 29ms, generate-params: 9µs, application-code: 17ms)[22m
 GET /login/overview [32m200[39m in 636ms[2m (next.js: 304ms, generate-params: 15µs, application-code: 331ms)[22m
 GET /login/overview [32m200[39m in 44ms[2m (next.js: 31ms, generate-params: 11µs, application-code: 14ms)[22m
 GET /login/overview [32m200[39m in 45ms[2m (next.js: 31ms, generate-params: 10µs, application-code: 14ms)[22m
 GET /login/overview [32m200[39m in 54ms[2m (next.js: 31ms, generate-params: 11µs, application-code: 23ms)[22m
WARNING: You are using the Auth Emulator, which is intended for local testing only.  Do not use with production credentials.
Firebase initialized successfully
 GET /login/overview [32m200[39m in 547ms[2m (next.js: 532ms, generate-params: 500ms, application-code: 15ms)[22m
 GET /login/overview [32m200[39m in 73ms[2m (next.js: 46ms, generate-params: 24µs, application-code: 27ms)[22m
 GET /login/overview [32m200[39m in 62ms[2m (next.js: 45ms, generate-params: 13µs, application-code: 18ms)[22m
 GET /login/overview [32m200[39m in 67ms[2m (next.js: 35ms, generate-params: 20µs, application-code: 32ms)[22m
 GET /login/overview [32m200[39m in 67ms[2m (next.js: 42ms, generate-params: 12µs, application-code: 25ms)[22m
WARNING: You are using the Auth Emulator, which is intended for local testing only.  Do not use with production credentials.
Firebase initialized successfully
 GET /login/overview [32m200[39m in 585ms[2m (next.js: 568ms, generate-params: 491ms, application-code: 16ms)[22m
 GET /login/overview [32m200[39m in 42ms[2m (next.js: 26ms, generate-params: 15µs, application-code: 17ms)[22m
 GET /login/overview [32m200[39m in 48ms[2m (next.js: 28ms, generate-params: 17µs, application-code: 20ms)[22m
