/srv/dev-fast/runtime-data/fireside-phase5-20260902T1417+0800-5b51e4d/target-72a5c49/release/fireside: OK
2026-09-04T10:38:01+08:00
Starting r33 cheap smoke: official then Fireside
2026-09-04T10:48:07+08:00
browser-fireside-initial.json: OK
browser-fireside-initial.json.diagnostics.jsonl: OK
browser-official-initial.json: OK
browser-official-initial.json.diagnostics.jsonl: OK
dataset-final.json: OK
environment.json: OK
fireside-initial-frontend-recheck.json: OK
fireside-initial-frontend-recheck.jsonl: OK
fireside-initial-readiness.json: OK
fireside-initial-readiness.jsonl: OK
fireside-initial-tmux.log: OK
fireside-initial.exit: OK
lifecycle.json: OK
logs/browser-fireside-initial.log: OK
logs/browser-official-initial.log: OK
logs/soak-smoke-fireside.log: OK
logs/soak-smoke-official.log: OK
manifest.json: OK
official-initial-frontend-recheck.json: OK
official-initial-frontend-recheck.jsonl: OK
official-initial-readiness.json: OK
official-initial-readiness.jsonl: OK
official-initial-tmux.log: OK
official-initial.exit: OK
preflight-fireside-soak.json: OK
preflight-official-soak.json: OK
soak-comparison.json: OK
soak-comparison.md: OK
soak-smoke-fireside.json: OK
soak-smoke-official.json: OK
Smoke passed; starting immutable full-data gate immediately.
2026-09-04T10:48:08+08:00
2026-09-04T10:51:02+08:00
