$ /Users/sanjevirau/.nvm/versions/node/v24.20.0/bin/node --import tsx /Users/sanjevirau/Desktop/fireside/conformance/src/webchannel/run-browser-demo.ts --release --skip-build --repetitions 1 --output /Users/sanjevirau/Desktop/fireside/reports/phase-4-metrics/full-gate-20260902T0502+0800-b53f3796/evidence/phase3-regression/evidence/browser-memory.json --rules /Users/sanjevirau/Desktop/fireside/conformance/fixtures/phase3-browser.rules --mock-user-token '{"iat":1788297706,"phase":3,"role":"editor","sub":"phase3-browser"}'
{
  "browserVersion": "152.0.7977.65",
  "completedAt": "2026-09-01T21:22:23.035Z",
  "mode": "memory",
  "mockUserTokenConfigured": true,
  "passed": true,
  "projectId": "demo-fireside-phase2-browser",
  "repetitions": 1,
  "resources": {
    "sampleCount": 0,
    "supported": false
  },
  "results": [
    {
      "benchmark": {
        "maximumMilliseconds": 12.400000095367432,
        "p99Milliseconds": 11.600000023841858,
        "sampleCount": 100,
        "thresholdMilliseconds": 1500
      },
      "network": {
        "droppedBackchannels": 1,
        "delayedBackchannels": 0,
        "listenTargetIds": [
          1002,
          1004
        ],
        "listenTraffic": 110,
        "reconnectMilliseconds": 1.429791000000023,
        "terminateRequests": 2,
        "variants": [
          "1"
        ],
        "writeTraffic": 214
      },
      "repetition": 1,
      "result": {
        "initialDocuments": [
          "first",
          "second"
        ],
        "listenerDeliveryMilliseconds": [
          9.400000095367432,
          11.199999928474426,
          9.600000023841858,
          9.799999952316284,
          10,
          9,
          12.400000095367432,
          8.599999904632568,
          11.100000023841858,
          8.800000071525574,
          10,
          11,
          10.099999904632568,
          9,
          10.300000071525574,
          9.699999928474426,
          11,
          9.800000071525574,
          9.299999952316284,
          10.100000023841858,
          10.100000023841858,
          10.199999928474426,
          10.100000023841858,
          10.399999976158142,
          9,
          10.600000023841858,
          9.800000071525574,
          10.199999928474426,
          10.300000071525574,
          8.899999976158142,
          10.899999976158142,
          9.200000047683716,
          10.299999952316284,
          10.600000023841858,
          8.199999928474426,
          11.300000071525574,
          10.299999952316284,
          9.300000071525574,
          11.099999904632568,
          9.200000047683716,
          10.399999976158142,
          10.399999976158142,
          9.700000047683716,
          9.299999952316284,
          10.400000095367432,
          10.5,
          9.199999928474426,
          10.700000047683716,
          9.299999952316284,
          10.200000047683716,
          9.100000023841858,
          11.599999904632568,
          9.200000047683716,
          10.100000023841858,
          10.5,
          9,
          10.199999928474426,
          9.900000095367432,
          9.099999904632568,
          11.600000023841858,
          9.399999976158142,
          10,
          10.700000047683716,
          9.5,
          10,
          10.700000047683716,
          9.899999976158142,
          9.399999976158142,
          11.399999976158142,
          8.100000023841858,
          10.299999952316284,
          10.600000023841858,
          10.600000023841858,
          9.200000047683716,
          10,
          9.599999904632568,
          10.900000095367432,
          9.299999952316284,
          10.100000023841858,
          10.600000023841858,
          8.599999904632568,
          11,
          10.100000023841858,
          9.899999976158142,
          10,
          10.100000023841858,
          9.700000047683716,
          10.399999976158142,
          10.299999952316284,
          8.900000095367432,
          10.099999904632568,
          10,
          11.400000095367432,
          9.099999904632568,
          10,
          10,
          9.300000071525574,
          10.299999952316284,
          10.200000047683716,
          10.199999928474426
        ],
        "liveDocuments": [
          "first",
          "second"
        ],
        "observedUnicode": "東京/emoji-😀/é/second/2",
        "projectId": "demo-fireside-phase2-browser",
        "runId": "long-polling-fireside-memory-measured-1-mtj6au9d",
        "variant": "long-polling"
      }
    },
    {
      "benchmark": {
        "maximumMilliseconds": 18.90000009536743,
        "p99Milliseconds": 12.5,
        "sampleCount": 100,
        "thresholdMilliseconds": 1000
      },
      "network": {
        "droppedBackchannels": 1,
        "delayedBackchannels": 0,
        "listenTargetIds": [
          1002,
          1004
        ],
        "listenTraffic": 6,
        "reconnectMilliseconds": 2.8799589999998716,
        "terminateRequests": 2,
        "variants": [
          "0"
        ],
        "writeTraffic": 108
      },
      "repetition": 1,
      "result": {
        "initialDocuments": [
          "first",
          "second"
        ],
        "listenerDeliveryMilliseconds": [
          18.90000009536743,
          8.5,
          11,
          10,
          9.699999928474426,
          10.899999976158142,
          9.400000095367432,
          10.599999904632568,
          8.100000023841858,
          11.200000047683716,
          10.699999928474426,
          8.600000023841858,
          10.200000047683716,
          10.5,
          9.199999928474426,
          10.100000023841858,
          11.200000047683716,
          9.5,
          10.399999976158142,
          9.100000023841858,
          10.299999952316284,
          9.200000047683716,
          11.799999952316284,
          8.399999976158142,
          10.5,
          10.900000095367432,
          9.199999928474426,
          10.600000023841858,
          9.399999976158142,
          10.899999976158142,
          9.600000023841858,
          8.700000047683716,
          11.100000023841858,
          9.899999976158142,
          9.799999952316284,
          9.800000071525574,
          10.799999952316284,
          9.299999952316284,
          10.600000023841858,
          9.200000047683716,
          9,
          11.699999928474426,
          9.300000071525574,
          10.699999928474426,
          8.800000071525574,
          11.799999952316284,
          8.5,
          10.800000071525574,
          9.799999952316284,
          9.899999976158142,
          9.899999976158142,
          9.800000071525574,
          10.100000023841858,
          10.099999904632568,
          10.300000071525574,
          10.600000023841858,
          8.799999952316284,
          10,
          11.299999952316284,
          8.900000095367432,
          10,
          10.099999904632568,
          10.5,
          8.700000047683716,
          11,
          9.899999976158142,
          9.800000071525574,
          10.599999904632568,
          9.5,
          10.700000047683716,
          9.399999976158142,
          10.700000047683716,
          9.299999952316284,
          10.399999976158142,
          9.600000023841858,
          10.100000023841858,
          9.799999952316284,
          10.300000071525574,
          9.799999952316284,
          10.300000071525574,
          10,
          9.899999976158142,
          9.699999928474426,
          8.400000095367432,
          12.5,
          9.799999952316284,
          10.100000023841858,
          8.899999976158142,
          10.200000047683716,
          9.799999952316284,
          12.100000023841858,
          8.699999928474426,
          9.700000047683716,
          9.600000023841858,
          10.899999976158142,
          8.5,
          9.899999976158142,
          10.800000071525574,
          10,
          11
        ],
        "liveDocuments": [
          "first",
          "second"
        ],
        "observedUnicode": "東京/emoji-😀/é/second/2",
        "projectId": "demo-fireside-phase2-browser",
        "runId": "streaming-fireside-memory-measured-1-mtj6avfg",
        "variant": "streaming"
      }
    },
    {
      "benchmark": {
        "maximumMilliseconds": 12.200000047683716,
        "p99Milliseconds": 12.199999928474426,
        "sampleCount": 100,
        "thresholdMilliseconds": 2000
      },
      "network": {
        "droppedBackchannels": 1,
        "delayedBackchannels": 1,
        "listenTargetIds": [
          1002,
          1004
        ],
        "listenTraffic": 111,
        "reconnectMilliseconds": 1.1107500000007349,
        "terminateRequests": 2,
        "variants": [
          "0",
          "1"
        ],
        "writeTraffic": 108
      },
      "repetition": 1,
      "result": {
        "initialDocuments": [
          "first",
          "second"
        ],
        "listenerDeliveryMilliseconds": [
          5,
          12.200000047683716,
          8.299999952316284,
          10.700000047683716,
          9.600000023841858,
          11,
          9.399999976158142,
          10,
          9.799999952316284,
          9.800000071525574,
          10.100000023841858,
          11,
          9.699999928474426,
          9.800000071525574,
          9.799999952316284,
          8.600000023841858,
          12.199999928474426,
          10.100000023841858,
          8.899999976158142,
          10.100000023841858,
          9.800000071525574,
          11.5,
          9.099999904632568,
          10,
          10,
          10.100000023841858,
          9,
          11.200000047683716,
          9.199999928474426,
          10.200000047683716,
          10.299999952316284,
          9.900000095367432,
          10.099999904632568,
          10.200000047683716,
          10.100000023841858,
          10.299999952316284,
          9.200000047683716,
          10.100000023841858,
          10.099999904632568,
          10,
          9.5,
          10,
          10.800000071525574,
          9.699999928474426,
          9.400000095367432,
          10.699999928474426,
          9.399999976158142,
          9.5,
          11.5,
          9.200000047683716,
          10.799999952316284,
          9.700000047683716,
          9.899999976158142,
          9.100000023841858,
          10.399999976158142,
          10.100000023841858,
          10.100000023841858,
          10.299999952316284,
          10.100000023841858,
          10.200000047683716,
          8.799999952316284,
          11.299999952316284,
          8.800000071525574,
          11.399999976158142,
          8.799999952316284,
          10.100000023841858,
          10.200000047683716,
          9.899999976158142,
          10.200000047683716,
          10.199999928474426,
          10,
          9.399999976158142,
          11,
          9.100000023841858,
          10.300000071525574,
          10.199999928474426,
          10.200000047683716,
          8.899999976158142,
          11.200000047683716,
          8.199999928474426,
          11.200000047683716,
          10,
          9.899999976158142,
          10.299999952316284,
          9.600000023841858,
          10.200000047683716,
          10.100000023841858,
          10.5,
          9.099999904632568,
          10.5,
          10.5,
          8.800000071525574,
          10,
          11.5,
          9.100000023841858,
          10.299999952316284,
          9.700000047683716,
          10.299999952316284,
          10.200000047683716,
          8.799999952316284
        ],
        "liveDocuments": [
          "first",
          "second"
        ],
        "observedUnicode": "東京/emoji-😀/é/second/2",
        "projectId": "demo-fireside-phase2-browser",
        "runId": "buffering-proxy-auto-detection-fireside-memory-measured-1-mtj6awlx",
        "variant": "buffering-proxy-auto-detection"
      }
    }
  ],
  "schemaVersion": 1,
  "target": "fireside",
  "targetVersion": "repository-revision",
  "warmupRepetitions": 0
}
