$ /Users/sanjevirau/.nvm/versions/node/v24.20.0/bin/node --import tsx /Users/sanjevirau/Desktop/fireside/conformance/src/webchannel/run-browser-demo.ts --release --skip-build --repetitions 1 --output /Users/sanjevirau/Desktop/fireside/reports/phase-4-metrics/full-gate-20260902T0502+0800-b53f3796/evidence/phase3-regression/evidence/browser-disk-wal.json --rules /Users/sanjevirau/Desktop/fireside/conformance/fixtures/phase3-browser.rules --mock-user-token '{"iat":1788297718,"phase":3,"role":"editor","sub":"phase3-browser"}' --disk
{
  "browserVersion": "152.0.7977.65",
  "completedAt": "2026-09-01T21:22:35.497Z",
  "mode": "disk-wal",
  "mockUserTokenConfigured": true,
  "passed": true,
  "projectId": "demo-fireside-phase2-browser",
  "repetitions": 1,
  "resources": {
    "sampleCount": 0,
    "supported": false
  },
  "results": [
    {
      "benchmark": {
        "maximumMilliseconds": 21.200000047683716,
        "p99Milliseconds": 18.100000023841858,
        "sampleCount": 100,
        "thresholdMilliseconds": 1500
      },
      "network": {
        "droppedBackchannels": 1,
        "delayedBackchannels": 0,
        "listenTargetIds": [
          1002,
          1004
        ],
        "listenTraffic": 111,
        "reconnectMilliseconds": 1.366624999999999,
        "terminateRequests": 2,
        "variants": [
          "1"
        ],
        "writeTraffic": 212
      },
      "repetition": 1,
      "result": {
        "initialDocuments": [
          "first",
          "second"
        ],
        "listenerDeliveryMilliseconds": [
          15.399999976158142,
          13.899999976158142,
          14.200000047683716,
          14.799999952316284,
          15.200000047683716,
          17,
          15.700000047683716,
          14.699999928474426,
          15.700000047683716,
          15.199999928474426,
          16.600000023841858,
          15.100000023841858,
          15.299999952316284,
          16.100000023841858,
          16.399999976158142,
          14.100000023841858,
          16.100000023841858,
          14.899999976158142,
          15.200000047683716,
          15,
          15,
          15,
          15.199999928474426,
          16.5,
          15.600000023841858,
          15.700000047683716,
          15.5,
          16,
          15.799999952316284,
          16.200000047683716,
          16,
          15.799999952316284,
          16,
          15.899999976158142,
          15.900000095367432,
          15.599999904632568,
          15.600000023841858,
          16.100000023841858,
          16.100000023841858,
          16.199999928474426,
          17.600000023841858,
          15.5,
          15.300000071525574,
          14.899999976158142,
          15.600000023841858,
          15.699999928474426,
          16.100000023841858,
          18.100000023841858,
          15.799999952316284,
          15.899999976158142,
          16.200000047683716,
          16,
          16.100000023841858,
          15.699999928474426,
          16.100000023841858,
          15.700000047683716,
          15.699999928474426,
          15.600000023841858,
          16.100000023841858,
          16.399999976158142,
          21.200000047683716,
          16.699999928474426,
          16.700000047683716,
          16.200000047683716,
          15.699999928474426,
          14.700000047683716,
          15.100000023841858,
          14.899999976158142,
          17.399999976158142,
          16.299999952316284,
          15.800000071525574,
          16.100000023841858,
          16.699999928474426,
          14.5,
          14.899999976158142,
          14.200000047683716,
          16.799999952316284,
          15.300000071525574,
          15.100000023841858,
          15.200000047683716,
          16.399999976158142,
          17.700000047683716,
          16.100000023841858,
          15.699999928474426,
          16.399999976158142,
          16,
          15.5,
          14.900000095367432,
          16.09999990463257,
          16.200000047683716,
          16.200000047683716,
          15.799999952316284,
          16,
          16.100000023841858,
          16,
          17.100000023841858,
          16.09999990463257,
          15.800000071525574,
          15.600000023841858,
          16
        ],
        "liveDocuments": [
          "first",
          "second"
        ],
        "observedUnicode": "東京/emoji-😀/é/second/2",
        "projectId": "demo-fireside-phase2-browser",
        "runId": "long-polling-fireside-disk-measured-1-mtj6b2e0",
        "variant": "long-polling"
      }
    },
    {
      "benchmark": {
        "maximumMilliseconds": 20.40000009536743,
        "p99Milliseconds": 20.100000023841858,
        "sampleCount": 100,
        "thresholdMilliseconds": 1000
      },
      "network": {
        "droppedBackchannels": 1,
        "delayedBackchannels": 0,
        "listenTargetIds": [
          1002,
          1004
        ],
        "listenTraffic": 6,
        "reconnectMilliseconds": 4.616958999999952,
        "terminateRequests": 2,
        "variants": [
          "0"
        ],
        "writeTraffic": 108
      },
      "repetition": 1,
      "result": {
        "initialDocuments": [
          "first",
          "second"
        ],
        "listenerDeliveryMilliseconds": [
          14.799999952316284,
          13.800000071525574,
          14,
          13.899999976158142,
          14.100000023841858,
          14.199999928474426,
          13.700000047683716,
          14.100000023841858,
          13.899999976158142,
          14.299999952316284,
          13.899999976158142,
          13.900000095367432,
          14,
          14.099999904632568,
          15.200000047683716,
          13.799999952316284,
          13.900000095367432,
          14.5,
          14.599999904632568,
          14.100000023841858,
          14,
          14.899999976158142,
          15.5,
          19.5,
          17.90000009536743,
          15.5,
          14.599999904632568,
          15.100000023841858,
          17.200000047683716,
          15.899999976158142,
          17.100000023841858,
          15.799999952316284,
          16.300000071525574,
          17,
          16.699999928474426,
          17.300000071525574,
          16.899999976158142,
          18.100000023841858,
          17.799999952316284,
          20.100000023841858,
          18.899999976158142,
          16.100000023841858,
          16.100000023841858,
          17,
          17.799999952316284,
          19.100000023841858,
          17.799999952316284,
          16.300000071525574,
          14.399999976158142,
          14,
          15.199999928474426,
          15.800000071525574,
          15,
          15.899999976158142,
          16.100000023841858,
          17.199999928474426,
          16.800000071525574,
          17.100000023841858,
          17,
          16.399999976158142,
          16.199999928474426,
          16.800000071525574,
          17.799999952316284,
          16.100000023841858,
          14.899999976158142,
          16.300000071525574,
          17.799999952316284,
          16.299999952316284,
          17.800000071525574,
          15.799999952316284,
          15.899999976158142,
          17,
          16.200000047683716,
          16.899999976158142,
          16,
          17.300000071525574,
          16.59999990463257,
          14.900000095367432,
          14.399999976158142,
          15.699999928474426,
          15.100000023841858,
          15,
          15,
          15.100000023841858,
          17.899999976158142,
          15.200000047683716,
          14.799999952316284,
          16,
          15,
          15.100000023841858,
          16.399999976158142,
          15.600000023841858,
          17,
          16,
          16,
          17.399999976158142,
          17.800000071525574,
          19.09999990463257,
          20.40000009536743,
          17.299999952316284
        ],
        "liveDocuments": [
          "first",
          "second"
        ],
        "observedUnicode": "東京/emoji-😀/é/second/2",
        "projectId": "demo-fireside-phase2-browser",
        "runId": "streaming-fireside-disk-measured-1-mtj6b41m",
        "variant": "streaming"
      }
    },
    {
      "benchmark": {
        "maximumMilliseconds": 26.200000047683716,
        "p99Milliseconds": 24.399999976158142,
        "sampleCount": 100,
        "thresholdMilliseconds": 2000
      },
      "network": {
        "droppedBackchannels": 1,
        "delayedBackchannels": 1,
        "listenTargetIds": [
          1002,
          1004
        ],
        "listenTraffic": 112,
        "reconnectMilliseconds": 1.0542500000001382,
        "terminateRequests": 2,
        "variants": [
          "0",
          "1"
        ],
        "writeTraffic": 108
      },
      "repetition": 1,
      "result": {
        "initialDocuments": [
          "first",
          "second"
        ],
        "listenerDeliveryMilliseconds": [
          15.399999976158142,
          14.700000047683716,
          17.299999952316284,
          15,
          15.200000047683716,
          14.299999952316284,
          13.800000071525574,
          14,
          15.600000023841858,
          14.699999928474426,
          14.800000071525574,
          16.5,
          14.399999976158142,
          14,
          14.399999976158142,
          15.100000023841858,
          15.199999928474426,
          15.800000071525574,
          15,
          15.600000023841858,
          16.399999976158142,
          16.299999952316284,
          15.800000071525574,
          15.899999976158142,
          17.399999976158142,
          15.5,
          15.200000047683716,
          16,
          16.09999990463257,
          16,
          15.900000095367432,
          16.09999990463257,
          17,
          16,
          15.800000071525574,
          15.199999928474426,
          15.800000071525574,
          16.299999952316284,
          15.899999976158142,
          14.800000071525574,
          14.899999976158142,
          15,
          15.100000023841858,
          15.5,
          15.600000023841858,
          14.5,
          13.899999976158142,
          15.600000023841858,
          16.09999990463257,
          15.800000071525574,
          15.399999976158142,
          17,
          15.700000047683716,
          14.599999904632568,
          15.5,
          14.700000047683716,
          14,
          14.899999976158142,
          17.700000047683716,
          17.899999976158142,
          18.100000023841858,
          15.199999928474426,
          15.400000095367432,
          14.599999904632568,
          13.900000095367432,
          14.399999976158142,
          15.600000023841858,
          14.099999904632568,
          15.400000095367432,
          14.799999952316284,
          15.399999976158142,
          15.700000047683716,
          16.600000023841858,
          15.899999976158142,
          15.5,
          17.199999928474426,
          15.800000071525574,
          17.299999952316284,
          17.800000071525574,
          18.299999952316284,
          16.600000023841858,
          17.600000023841858,
          17.899999976158142,
          17.899999976158142,
          16.399999976158142,
          20.5,
          17.5,
          17.399999976158142,
          24.399999976158142,
          17.600000023841858,
          26.200000047683716,
          20.699999928474426,
          18.300000071525574,
          17.899999976158142,
          20,
          17.799999952316284,
          18,
          17.300000071525574,
          17.799999952316284,
          17.700000047683716
        ],
        "liveDocuments": [
          "first",
          "second"
        ],
        "observedUnicode": "東京/emoji-😀/é/second/2",
        "projectId": "demo-fireside-phase2-browser",
        "runId": "buffering-proxy-auto-detection-fireside-disk-measured-1-mtj6b5p3",
        "variant": "buffering-proxy-auto-detection"
      }
    }
  ],
  "schemaVersion": 1,
  "target": "fireside",
  "targetVersion": "repository-revision",
  "warmupRepetitions": 0
}
