[1m
portless
[22m
[2m-- Proxy is running[22m
[2m-- images.twodart.localhost (auto-resolves to 127.0.0.1)[22m
[2m-- Name "images.twodart" (from --name flag)[22m
-- Using port 23015 (fixed)
[1m
  -> https://images.twodart.localhost
[22m
[2mRunning: PORT=23015 HOST=127.0.0.1 PORTLESS_URL=https://images.twodart.localhost NODE_EXTRA_CA_CERTS="/home/sanjevi/.portless/ca.pem" bash -c HOST=127.0.0.1 PORT=$PORT bun --filter @twodart/images-express dev
[22m
[?2026h[1m@twodart/images-express[0m dev $ [2mconcurrently -k "esbuild src/main.ts --bundle --platform=node --outfile=../../dist/apps/images-express/main.js --sourcemap --format=cjs --watch" "sleep 2 && node --watch ../../dist/apps/images-express/main.js"[0m
[36m│[0m [0] 
[36m└─[0m [36mRunning...[0m
[?2026l[?2026h[0G[K[1A[K[1A[K[1A[K[1m@twodart/images-express[0m dev $ [2mconcurrently -k "esbuild src/main.ts --bundle --platform=node --outfile=../../dist/apps/images-express/main.js --sourcemap --format=cjs --watch" "sleep 2 && node --watch ../../dist/apps/images-express/main.js"[0m
[36m│[0m [0] [watch] build finished, watching for changes...
[36m└─[0m [36mRunning...[0m
[?2026l[?2026h[0G[K[1A[K[1A[K[1A[K[1m@twodart/images-express[0m dev $ [2mconcurrently -k "esbuild src/main.ts --bundle --platform=node --outfile=../../dist/apps/images-express/main.js --sourcemap --format=cjs --watch" "sleep 2 && node --watch ../../dist/apps/images-express/main.js"[0m
[36m│[0m [0] [watch] build finished, watching for changes...
[36m│[0m [1] Starting server initialization...
[36m│[0m [1] Environment check:
[36m│[0m [1] PORT: 23015
[36m│[0m [1] HOST: 127.0.0.1
[36m│[0m [1] REACT_APP_ENDPOINT: undefined
[36m│[0m [1] UNSPLASH_ACCESS_KEY: Ekf9rGM61r4n1zaVPlCfWchBY3vwFW4U-feqrm_bxxc
[36m│[0m [1] production: false
[36m└─[0m [36mRunning...[0m
[?2026l[?2026h[0G[K[1A[K[1A[K[1A[K[1A[K[1A[K[1A[K[1A[K[1A[K[1A[K[1A[K[1m@twodart/images-express[0m dev $ [2mconcurrently -k "esbuild src/main.ts --bundle --platform=node --outfile=../../dist/apps/images-express/main.js --sourcemap --format=cjs --watch" "sleep 2 && node --watch ../../dist/apps/images-express/main.js"[0m
[36m│[0m [0] [watch] build finished, watching for changes...
[36m│[0m [1] Starting server initialization...
[36m│[0m [1] Environment check:
[36m│[0m [1] PORT: 23015
[36m│[0m [1] HOST: 127.0.0.1
[36m│[0m [1] REACT_APP_ENDPOINT: undefined
[36m│[0m [1] UNSPLASH_ACCESS_KEY: Ekf9rGM61r4n1zaVPlCfWchBY3vwFW4U-feqrm_bxxc
[36m│[0m [1] production: false
[36m│[0m [1] 
[36m└─[0m [36mRunning...[0m
[?2026l[?2026h[0G[K[1A[K[1A[K[1A[K[1A[K[1A[K[1A[K[1A[K[1A[K[1A[K[1A[K[1A[K[1m@twodart/images-express[0m dev $ [2mconcurrently -k "esbuild src/main.ts --bundle --platform=node --outfile=../../dist/apps/images-express/main.js --sourcemap --format=cjs --watch" "sleep 2 && node --watch ../../dist/apps/images-express/main.js"[0m
[36m│[0m [0] [watch] build finished, watching for changes...
[36m│[0m [1] Starting server initialization...
[36m│[0m [1] Environment check:
[36m│[0m [1] PORT: 23015
[36m│[0m [1] HOST: 127.0.0.1
[36m│[0m [1] REACT_APP_ENDPOINT: undefined
[36m│[0m [1] UNSPLASH_ACCESS_KEY: Ekf9rGM61r4n1zaVPlCfWchBY3vwFW4U-feqrm_bxxc
[36m│[0m [1] production: false
[36m│[0m [1] Server initialization completed.
[36m└─[0m [36mRunning...[0m
[?2026l[?2026h[0G[K[1A[K[1A[K[1A[K[1A[K[1A[K[1A[K[1A[K[1A[K[1A[K[1A[K[1A[K[1m@twodart/images-express[0m dev $ [2mconcurrently -k "esbuild src/main.ts --bundle --platform=node --outfile=../../dist/apps/images-express/main.js --sourcemap --format=cjs --watch" "sleep 2 && node --watch ../../dist/apps/images-express/main.js"[0m
[36m│[0m [0] [watch] build finished, watching for changes...
[36m│[0m [1] Starting server initialization...
[36m│[0m [1] Environment check:
[36m│[0m [1] PORT: 23015
[36m│[0m [1] HOST: 127.0.0.1
[36m│[0m [1] REACT_APP_ENDPOINT: undefined
[36m│[0m [1] UNSPLASH_ACCESS_KEY: Ekf9rGM61r4n1zaVPlCfWchBY3vwFW4U-feqrm_bxxc
[36m│[0m [1] production: false
[36m│[0m [1] Server initialization completed.
[36m│[0m [1] Server successfully started. Listening at http://127.0.0.1:23015/
[36m└─[0m [36mRunning...[0m
[?2026l