[1m
portless
[22m
[2m-- Proxy is running[22m
[2m-- phase5-fireside.templates.twodart.localhost (auto-resolves to 127.0.0.1)[22m
[2m-- Name "templates.twodart" (from --name flag)[22m
[2m-- Prefix "phase5-fireside" (from git branch)[22m
-- Using port 23113 (fixed)
[1m
  -> https://phase5-fireside.templates.twodart.localhost
[22m
[2mRunning: PORT=23113 HOST=127.0.0.1 PORTLESS_URL=https://phase5-fireside.templates.twodart.localhost NODE_EXTRA_CA_CERTS="/home/sanjevi/.portless/ca.pem" bash -c cd apps/templates && exec bun run dev -- --port=$PORT
[22m
[0m[2m[35m$[0m [2m[1mbun next dev "--port=23113"[0m
[1m[38;2;173;127;168m▲ Next.js 16.2.9[39m[22m (Turbopack)
- Local:         http://localhost:23113
- Network:       http://65.109.60.184:23113
- Environments: .env.local
[32m[1m✓[22m[39m Ready in 269ms
- Experiments (use with caution):
  · clientTraceMetadata

WARNING: You are using the Auth Emulator, which is intended for local testing only.  Do not use with production credentials.
Firebase initialized successfully
WARNING: You are using the Auth Emulator, which is intended for local testing only.  Do not use with production credentials.
Firebase initialized successfully
 GET /login/overview [32m200[39m in 7.6s[2m (next.js: 7.6s, generate-params: 3.3s, application-code: 52ms)[22m
 GET /login/overview [32m200[39m in 43ms[2m (next.js: 23ms, generate-params: 18µs, application-code: 20ms)[22m
WARNING: You are using the Auth Emulator, which is intended for local testing only.  Do not use with production credentials.
Firebase initialized successfully
 GET /login/overview [32m200[39m in 339ms[2m (next.js: 322ms, generate-params: 273ms, application-code: 17ms)[22m
 GET /login/undefined [32m200[39m in 42ms[2m (next.js: 24ms, generate-params: 19µs, application-code: 18ms)[22m
[36m[browser][39m [33m[GSI_LOGGER]: Your client application uses one of the Google One Tap prompt UI status methods that may stop functioning when FedCM becomes mandatory. Refer to the migration guide to update your code accordingly and opt-in to FedCM to test your changes. Learn more: https://developers.google.com/identity/gsi/web/guides/fedcm-migration?s=dc#display_moment and https://developers.google.com/identity/gsi/web/guides/fedcm-migration?s=dc#skipped_moment[39m [2m(https://accounts.google.com/gsi/client:87:460)[22m
[36m[browser][39m [33mFailed to load some fonts[39m [2m(utils/app-helpers.ts:154:15)[22m
WARNING: You are using the Auth Emulator, which is intended for local testing only.  Do not use with production credentials.
Firebase initialized successfully
 POST /api/login/verificationCode [32m200[39m in 508ms[2m (next.js: 251ms, application-code: 257ms)[22m
[36m[browser][39m [GSI_LOGGER]: FedCM get() rejects with AbortError: signal is aborted without reason 
[31m    at _.H (https://accounts.google.com/gsi/client:88:89)
    at _.$u.ma (https://accounts.google.com/gsi/client:353:353)
    at Object.ma (https://accounts.google.com/gsi/client:355:416)
    at <unknown> (https://accounts.google.com/gsi/client:313:999)[39m [2m(https://accounts.google.com/gsi/client:88:89)[22m
 POST /api/login/verificationCode [32m200[39m in 48ms[2m (next.js: 2ms, application-code: 46ms)[22m
 GET /home/recent [32m200[39m in 93ms[2m (next.js: 75ms, application-code: 17ms)[22m
 GET /home/recent [32m200[39m in 117ms[2m (next.js: 94ms, application-code: 23ms)[22m
 GET /home/undefined [32m200[39m in 55ms[2m (next.js: 30ms, application-code: 25ms)[22m
[36m[browser][39m [33mFailed to load some fonts[39m [2m(utils/app-helpers.ts:154:15)[22m
 GET /presentation/phase5-smoke-deck [32m200[39m in 267ms[2m (next.js: 243ms, application-code: 24ms)[22m
 GET /presentation/undefined [32m200[39m in 63ms[2m (next.js: 41ms, application-code: 22ms)[22m
[36m[browser][39m [33mFailed to load some fonts[39m [2m(utils/app-helpers.ts:154:15)[22m
 GET /presentation/phase5-smoke-deck [32m200[39m in 73ms[2m (next.js: 54ms, application-code: 19ms)[22m
 POST /api/collaboration/cleanupUser [32m200[39m in 191ms[2m (next.js: 20ms, application-code: 172ms)[22m
 GET /presentation/undefined [32m200[39m in 48ms[2m (next.js: 32ms, application-code: 16ms)[22m
[36m[browser][39m [33mFailed to load some fonts[39m [2m(utils/app-helpers.ts:154:15)[22m
 GET /presentation/phase5-smoke-deck [32m200[39m in 62ms[2m (next.js: 36ms, application-code: 26ms)[22m
 POST /api/collaboration/cleanupUser [32m200[39m in 151ms[2m (next.js: 1948µs, application-code: 149ms)[22m
 GET /presentation/undefined [32m200[39m in 50ms[2m (next.js: 35ms, application-code: 15ms)[22m
[36m[browser][39m [33mFailed to load some fonts[39m [2m(utils/app-helpers.ts:154:15)[22m
 POST /api/collaboration/cleanupUser [32m200[39m in 116ms[2m (next.js: 2ms, application-code: 113ms)[22m
[36m[browser][39m A props object containing a "key" prop is being spread into JSX:
  let props = {key: someKey, disabled: ..., showLabel: ..., dropZoneOptions: ..., placeholderText: ..., placeholderDropText: ..., placeholderTextClass: ..., dropContainerClass: ...};
  <Memo {...props} />
React keys must be passed directly to JSX without using spread:
  let props = {disabled: ..., showLabel: ..., dropZoneOptions: ..., placeholderText: ..., placeholderDropText: ..., placeholderTextClass: ..., dropContainerClass: ...};
  <Memo key={someKey} {...props} /> 
[31m    at <unknown> (components/Products/components/Shared/ImageLibrary/ImageLibrary.tsx:1191:15)[39m
  [90m1189 |[0m ...          {[90m/* Desktop Dia...[0m
  [90m1190 |[0m ...          {!isMobile && !...
[31m[1m>[0m [90m1191 |[0m ...            <[33mDropFile[0m
  [90m     |[0m                [31m[1m^[0m
  [90m1192 |[0m ...              {...dropFil...
  [90m1193 |[0m ...              placeholder...
  [90m1194 |[0m ...              placeholder... [2m(components/Products/components/Shared/ImageLibrary/ImageLibrary.tsx:1191:15)[22m
[API Upload Order] ✅ License verification passed: phase5-smoke-user
[API Upload Order] 📥 Received upload for: fireside-phase5-0a84c7db-f5bf-46bd-80bd-d6b5c6e0ecb2.png
[API Upload Order] 🆔 Using image ID from client: kwXaFDRkF6AsxXa1q8xm
[API Upload Order] ⏰ uploadOrderTime from client: 1788619125419 (2026-09-05T14:38:45.419Z)
[API Upload Order] 📋 Current server time: 1788619125700 (2026-09-05T14:38:45.700Z)
[UserImage] Processing uploaded file: fireside-phase5-0a84c7db-f5bf-46bd-80bd-d6b5c6e0ecb2.png, size: 76 bytes
[UserImage] 🔍 Calculated MD5 hash: c8e09e7a7d0d936969abf0f5cdbcdda8
Starting image processing (Original + High + Regular)...
Input: 2×2, png, 0KB
✓ Original PNG format → Using PNG

✓ Processing complete, applying smart fallback...
  Original: Processed (0KB) > Input (0KB) → Using resized input
  High png: Processed (0KB) > Input (0KB) → Using resized input
  High WebP: 2×2, 0KB ✓ (32% smaller than png)
  Regular png: Processed (0KB) > Input (0KB) → Using resized input
  Regular WebP: 2×2, 0KB ✓ (32% smaller than png)

✓ Final total size: 0.00MB (474% vs input)
💾 Generated: Original (2px) + High (2px) + Regular (2px)
[UserImage] Uploading image with ID: kwXaFDRkF6AsxXa1q8xm
[UserImage] High WebP beneficial: true, Regular WebP beneficial: true
[UserImage] Variants uploaded successfully (Original + High + Regular)
[API Upload Order] 💾 Saving to Firestore - Image ID: kwXaFDRkF6AsxXa1q8xm
[API Upload Order] 📊 uploadOrderTime being saved as NUMBER: 1788619125419 (2026-09-05T14:38:45.419Z)
[API Upload Order] 📊 This preserves millisecond precision for proper ordering
[API Upload Order] ✅ Document created in Firestore: kwXaFDRkF6AsxXa1q8xm
[CDN Warming] 🔥 Starting parallel cache warming for 5 URLs...
 POST /api/user/uploadUserImage [32m200[39m in 333ms[2m (next.js: 212ms, application-code: 121ms)[22m
  ✓ Warmed: users%2Fphase5-smoke-user%2Fimages%2FZ0OwagzWXdYnpr8Ie5JG%2Foriginal.png?alt=media
  ✓ Warmed: users%2Fphase5-smoke-user%2Fimages%2FZ0OwagzWXdYnpr8Ie5JG%2Fhigh.png?alt=media
  ✓ Warmed: users%2Fphase5-smoke-user%2Fimages%2FZ0OwagzWXdYnpr8Ie5JG%2Fhigh.webp?alt=media
  ✓ Warmed: users%2Fphase5-smoke-user%2Fimages%2FZ0OwagzWXdYnpr8Ie5JG%2Fregular.png?alt=media
  ✓ Warmed: users%2Fphase5-smoke-user%2Fimages%2FZ0OwagzWXdYnpr8Ie5JG%2Fregular.webp?alt=media
[CDN Warming] ✅ Completed in 85ms
 GET /home/recent [32m200[39m in 50ms[2m (next.js: 28ms, application-code: 22ms)[22m
 POST /api/collaboration/cleanupUser [32m200[39m in 120ms[2m (next.js: 1565µs, application-code: 119ms)[22m
 GET /home/undefined [32m200[39m in 41ms[2m (next.js: 23ms, application-code: 18ms)[22m
[36m[browser][39m [33mFailed to load some fonts[39m [2m(utils/app-helpers.ts:154:15)[22m
 POST /api/v/retire [32m200[39m in 105ms[2m (next.js: 14ms, application-code: 91ms)[22m
 GET /presentation/phase5-smoke-deck [32m200[39m in 54ms[2m (next.js: 33ms, application-code: 21ms)[22m
 GET /presentation/undefined [32m200[39m in 49ms[2m (next.js: 32ms, application-code: 17ms)[22m
[36m[browser][39m [33mFailed to load some fonts[39m [2m(utils/app-helpers.ts:154:15)[22m
 GET /admin/templates-master-slides [32m200[39m in 288ms[2m (next.js: 274ms, application-code: 15ms)[22m
 POST /api/collaboration/cleanupUser [32m200[39m in 316ms[2m (next.js: 2ms, application-code: 314ms)[22m
 GET /admin/undefined [32m200[39m in 34ms[2m (next.js: 19ms, application-code: 16ms)[22m
[36m[browser][39m [33mFailed to load some fonts[39m [2m(utils/app-helpers.ts:154:15)[22m
 GET /admin/templates-theme-upload [32m200[39m in 54ms[2m (next.js: 26ms, application-code: 28ms)[22m
 GET /admin/undefined [32m200[39m in 38ms[2m (next.js: 22ms, application-code: 16ms)[22m
[36m[browser][39m [33mFailed to load some fonts[39m [2m(utils/app-helpers.ts:154:15)[22m
 GET /admin/templates-categories-core [32m200[39m in 48ms[2m (next.js: 26ms, application-code: 21ms)[22m
 GET /admin/undefined [32m200[39m in 62ms[2m (next.js: 37ms, application-code: 24ms)[22m
[36m[browser][39m [33mFailed to load some fonts[39m [2m(utils/app-helpers.ts:154:15)[22m
 GET /admin/templates-slides-core [32m200[39m in 58ms[2m (next.js: 36ms, application-code: 21ms)[22m
 GET /admin/undefined [32m200[39m in 39ms[2m (next.js: 20ms, application-code: 19ms)[22m
[36m[browser][39m [33mFailed to load some fonts[39m [2m(utils/app-helpers.ts:154:15)[22m
 GET /admin/templates-colors [32m200[39m in 49ms[2m (next.js: 26ms, application-code: 23ms)[22m
 GET /admin/undefined [32m200[39m in 49ms[2m (next.js: 30ms, application-code: 19ms)[22m
[36m[browser][39m React does not recognize the `loadingText` prop on a DOM element. If you intentionally want it to appear in the DOM as a custom attribute, spell it as lowercase `loadingtext` instead. If you accidentally passed it from a parent component, remove it from the DOM element. 
[36m[browser][39m [33mFailed to load some fonts[39m [2m(utils/app-helpers.ts:154:15)[22m
 GET /admin/templates-headers [32m200[39m in 45ms[2m (next.js: 23ms, application-code: 22ms)[22m
 GET /admin/templates-background-images [32m200[39m in 68ms[2m (next.js: 29ms, application-code: 39ms)[22m
 GET /admin/undefined [32m200[39m in 70ms[2m (next.js: 56ms, application-code: 14ms)[22m
 GET /admin/undefined [32m200[39m in 30ms[2m (next.js: 17ms, application-code: 13ms)[22m
[36m[browser][39m [33mFailed to load some fonts[39m [2m(utils/app-helpers.ts:154:15)[22m
 GET /admin/templates-fonts [32m200[39m in 48ms[2m (next.js: 26ms, application-code: 22ms)[22m
 GET /admin/undefined [32m200[39m in 42ms[2m (next.js: 24ms, application-code: 18ms)[22m
[36m[browser][39m [33mFailed to load some fonts[39m [2m(utils/app-helpers.ts:154:15)[22m
 GET /admin/global-branding [32m200[39m in 49ms[2m (next.js: 26ms, application-code: 23ms)[22m
 GET /admin/undefined [32m200[39m in 43ms[2m (next.js: 24ms, application-code: 19ms)[22m
[36m[browser][39m [33mFailed to load some fonts[39m [2m(utils/app-helpers.ts:154:15)[22m
 GET /admin/premade-templates [32m200[39m in 48ms[2m (next.js: 26ms, application-code: 22ms)[22m
 GET /admin/undefined [32m200[39m in 31ms[2m (next.js: 18ms, application-code: 13ms)[22m
[36m[browser][39m In HTML, <button> cannot be a descendant of <button>.
This will cause a hydration error.

  ...
    <Collapsible data-orientation="vertical" data-state="closed" __scopeCollapsible={{...}} className="border-0 mb-3" ...>
      <CollapsibleProvider scope={{...}} disabled={undefined} contentId="radix-_r_1b_" open={false} ...>
        <Primitive.div data-state="closed" data-disabled={undefined} data-orientation="vertical" ...>
          <div data-state="closed" data-disabled={undefined} data-orientation="vertical" className="border-0 mb-3" ...>
            <_c2 className="py-2">
              <AccordionHeader className="flex">
                <Primitive.h3 data-orientation="vertical" data-state="closed" data-disabled={undefined} className="flex" ...>
                  <h3 data-orientation="vertical" data-state="closed" data-disabled={undefined} className="flex" ...>
                    <AccordionTrigger ref={null} className={"flex hov..."}>
                      <AccordionCollectionItemSlot scope={undefined}>
                        <AccordionCollectionItemSlot.Slot data-radix-collection-item="" ref={function}>
                          <CollapsibleTrigger aria-disabled={undefined} data-orientation="vertical" id="radix-_r_1a_" ...>
                            <Primitive.button type="button" aria-controls={undefined} aria-expanded={false} ...>
>                             <button
>                               type="button"
>                               aria-controls={undefined}
>                               aria-expanded={false}
>                               data-state="closed"
>                               data-disabled={undefined}
>                               disabled={undefined}
>                               aria-disabled={undefined}
>                               data-orientation="vertical"
>                               id="radix-_r_1a_"
>                               className={"flex hover:bg-gray-50 text-left transition-all border rounded-md px-3 fle..."}
>                               data-radix-collection-item=""
>                               onClick={function handleEvent}
>                               ref={function}
>                             >
                                <div className="flex items...">
                                  <div>
                                  <div className="flex items...">
                                    <Button loading={false} onClick={function onClick} disabled={true} variant="outline" ...>
                                      <ButtonBase ref={undefined} loading={false} onClick={function onClick} ...>
>                                       <button
>                                         className="inline-flex items-center justify-center whitespace-nowrap rounded..."
>                                         ref={undefined}
>                                         onClick={function onClick}
>                                         disabled={true}
>                                       >
                                ...
            ...
 
[36m[browser][39m <button> cannot contain a nested <button>.
See this log for the ancestor stack trace. 
[36m[browser][39m [33mFailed to load some fonts[39m [2m(utils/app-helpers.ts:154:15)[22m
 GET /admin/tag [32m200[39m in 49ms[2m (next.js: 26ms, application-code: 23ms)[22m
 GET /admin/undefined [32m200[39m in 35ms[2m (next.js: 20ms, application-code: 15ms)[22m
[36m[browser][39m React does not recognize the `loadingText` prop on a DOM element. If you intentionally want it to appear in the DOM as a custom attribute, spell it as lowercase `loadingtext` instead. If you accidentally passed it from a parent component, remove it from the DOM element. 
[36m[browser][39m [33mFailed to load some fonts[39m [2m(utils/app-helpers.ts:154:15)[22m
 GET /admin/icons-library [32m200[39m in 49ms[2m (next.js: 26ms, application-code: 23ms)[22m
 GET /admin/undefined [32m200[39m in 51ms[2m (next.js: 30ms, application-code: 22ms)[22m
[36m[browser][39m [33mFailed to load some fonts[39m [2m(utils/app-helpers.ts:154:15)[22m
 GET /admin/icons-list [32m200[39m in 50ms[2m (next.js: 26ms, application-code: 24ms)[22m
 GET /admin/undefined [32m200[39m in 32ms[2m (next.js: 19ms, application-code: 13ms)[22m
[36m[browser][39m React does not recognize the `classNameContainer` prop on a DOM element. If you intentionally want it to appear in the DOM as a custom attribute, spell it as lowercase `classnamecontainer` instead. If you accidentally passed it from a parent component, remove it from the DOM element. 
[36m[browser][39m React does not recognize the `loadingText` prop on a DOM element. If you intentionally want it to appear in the DOM as a custom attribute, spell it as lowercase `loadingtext` instead. If you accidentally passed it from a parent component, remove it from the DOM element. 
[36m[browser][39m [33mFailed to load some fonts[39m [2m(utils/app-helpers.ts:154:15)[22m
 GET /admin/wp-actions [32m200[39m in 50ms[2m (next.js: 28ms, application-code: 22ms)[22m
 GET /admin/undefined [32m200[39m in 44ms[2m (next.js: 25ms, application-code: 19ms)[22m
[36m[browser][39m [33mFailed to load some fonts[39m [2m(utils/app-helpers.ts:154:15)[22m
 GET /admin/app-announcements [32m200[39m in 54ms[2m (next.js: 26ms, application-code: 28ms)[22m
 GET /admin/beta-users [32m200[39m in 46ms[2m (next.js: 23ms, application-code: 23ms)[22m
 GET /admin/undefined [32m200[39m in 49ms[2m (next.js: 36ms, application-code: 13ms)[22m
 GET /admin/undefined [32m200[39m in 47ms[2m (next.js: 29ms, application-code: 18ms)[22m
[36m[browser][39m [33mFailed to load some fonts[39m [2m(utils/app-helpers.ts:154:15)[22m
 GET /admin/templates-categories-legacy [32m200[39m in 52ms[2m (next.js: 29ms, application-code: 22ms)[22m
 GET /admin/undefined [32m200[39m in 41ms[2m (next.js: 23ms, application-code: 19ms)[22m
[36m[browser][39m React does not recognize the `loadingText` prop on a DOM element. If you intentionally want it to appear in the DOM as a custom attribute, spell it as lowercase `loadingtext` instead. If you accidentally passed it from a parent component, remove it from the DOM element. 
[36m[browser][39m [33mFailed to load some fonts[39m [2m(utils/app-helpers.ts:154:15)[22m
 GET /admin/templates-slides-legacy [32m200[39m in 47ms[2m (next.js: 25ms, application-code: 22ms)[22m
 GET /admin/undefined [32m200[39m in 39ms[2m (next.js: 24ms, application-code: 15ms)[22m
 GET /home/recent [32m200[39m in 29ms[2m (next.js: 17ms, application-code: 12ms)[22m
 GET /home/undefined [32m200[39m in 37ms[2m (next.js: 20ms, application-code: 16ms)[22m
[36m[browser][39m [33mFailed to load some fonts[39m [2m(utils/app-helpers.ts:154:15)[22m
 GET /login/overview [32m200[39m in 28ms[2m (next.js: 16ms, generate-params: 20µs, application-code: 12ms)[22m
 GET /home/recent [32m200[39m in 36ms[2m (next.js: 21ms, application-code: 16ms)[22m
 GET /login/overview?redirectTo=%2Fhome%2Frecent [32m200[39m in 46ms[2m (next.js: 30ms, generate-params: 15µs, application-code: 15ms)[22m
 GET /login/overview [32m200[39m in 45ms[2m (next.js: 26ms, generate-params: 27µs, application-code: 19ms)[22m
 GET /login/undefined [32m200[39m in 45ms[2m (next.js: 27ms, generate-params: 31µs, application-code: 19ms)[22m
[36m[browser][39m [33m[GSI_LOGGER]: Your client application uses one of the Google One Tap prompt UI status methods that may stop functioning when FedCM becomes mandatory. Refer to the migration guide to update your code accordingly and opt-in to FedCM to test your changes. Learn more: https://developers.google.com/identity/gsi/web/guides/fedcm-migration?s=dc#display_moment and https://developers.google.com/identity/gsi/web/guides/fedcm-migration?s=dc#skipped_moment[39m [2m(https://accounts.google.com/gsi/client:87:460)[22m
[36m[browser][39m [33mFailed to load some fonts[39m [2m(utils/app-helpers.ts:154:15)[22m
 POST /api/login/verificationCode [32m200[39m in 27ms[2m (next.js: 1596µs, application-code: 26ms)[22m
[36m[browser][39m [GSI_LOGGER]: FedCM get() rejects with AbortError: signal is aborted without reason 
[31m    at _.H (https://accounts.google.com/gsi/client:88:89)
    at _.$u.ma (https://accounts.google.com/gsi/client:353:353)
    at Object.ma (https://accounts.google.com/gsi/client:355:416)
    at <unknown> (https://accounts.google.com/gsi/client:313:999)[39m [2m(https://accounts.google.com/gsi/client:88:89)[22m
WARNING: You are using the Auth Emulator, which is intended for local testing only.  Do not use with production credentials.
Firebase initialized successfully
 POST /api/login/verificationCode [32m200[39m in 32ms[2m (next.js: 1536µs, application-code: 31ms)[22m
