npm notice run fireside-conformance@0.0.1 test:webchannel:browser
npm notice run node --import tsx src/webchannel/run-browser-demo.ts --output /home/sanjevi/fireside-phase2-full-gate-20260901T0248+0800-09f5a2b/conformance/reports/phase-2-metrics/full-gate-20260901T0248+0800-09f5a2b/.browser-memory.json
    Finished `dev` profile [unoptimized + debuginfo] target(s) in 0.16s
{
  "browserVersion": "150.0.7871.124",
  "completedAt": "2026-08-31T19:20:04.927Z",
  "mode": "memory",
  "passed": true,
  "projectId": "demo-fireside-phase2-browser",
  "results": [
    {
      "benchmark": {
        "maximumMilliseconds": 27.5,
        "p99Milliseconds": 24.80000001192093,
        "sampleCount": 100,
        "thresholdMilliseconds": 1500
      },
      "network": {
        "droppedBackchannels": 1,
        "delayedBackchannels": 0,
        "listenTargetIds": [
          1002,
          1004
        ],
        "listenTraffic": 111,
        "reconnectMilliseconds": 5.380615000000034,
        "terminateRequests": 2,
        "variants": [
          "1"
        ],
        "writeTraffic": 214
      },
      "result": {
        "initialDocuments": [
          "first",
          "second"
        ],
        "listenerDeliveryMilliseconds": [
          23.19999998807907,
          15.400000005960464,
          18.900000005960464,
          22.799999982118607,
          22.200000017881393,
          17.19999998807907,
          17.80000001192093,
          15.299999982118607,
          14.400000005960464,
          12.599999994039536,
          18,
          11.800000011920929,
          20.599999994039536,
          18.5,
          19,
          17.5,
          13.5,
          19.099999994039536,
          12.5,
          18,
          12.400000005960464,
          17.599999994039536,
          22.299999982118607,
          20.30000001192093,
          19.30000001192093,
          19.799999982118607,
          20,
          21.100000023841858,
          21,
          17.69999998807907,
          19.900000005960464,
          19.5,
          19.599999994039536,
          20.80000001192093,
          19.099999994039536,
          20.299999982118607,
          20.30000001192093,
          17.599999994039536,
          20.5,
          20.599999994039536,
          19,
          18.5,
          24.80000001192093,
          21.69999998807907,
          19.400000005960464,
          19.30000001192093,
          23.799999982118607,
          14.5,
          18.400000005960464,
          20.099999994039536,
          20.30000001192093,
          19.900000005960464,
          19.400000005960464,
          16.799999982118607,
          20.400000005960464,
          13.599999994039536,
          23.599999994039536,
          20.100000023841858,
          20.299999982118607,
          17.400000005960464,
          21.700000017881393,
          18.099999994039536,
          21.599999994039536,
          19.599999994039536,
          20.30000001192093,
          20.900000005960464,
          20.799999982118607,
          20.30000001192093,
          19.299999982118607,
          18.700000017881393,
          20.5,
          18.099999994039536,
          21.099999994039536,
          19.5,
          21.099999994039536,
          20.400000005960464,
          19.700000017881393,
          20.799999982118607,
          19.80000001192093,
          20.30000001192093,
          27.5,
          19.799999982118607,
          20.5,
          17.900000005960464,
          19.30000001192093,
          20.799999982118607,
          19.200000017881393,
          13.5,
          17.5,
          19.599999994039536,
          18.599999994039536,
          10.700000017881393,
          13.099999994039536,
          18.69999998807907,
          18.200000017881393,
          20,
          11.699999988079071,
          18,
          12.900000005960464,
          17.400000005960464
        ],
        "liveDocuments": [
          "first",
          "second"
        ],
        "observedUnicode": "東京/emoji-😀/é/second/2",
        "projectId": "demo-fireside-phase2-browser",
        "runId": "long-polling-memory-mthmhnen",
        "variant": "long-polling"
      }
    },
    {
      "benchmark": {
        "maximumMilliseconds": 19.900000005960464,
        "p99Milliseconds": 19.80000001192093,
        "sampleCount": 100,
        "thresholdMilliseconds": 1000
      },
      "network": {
        "droppedBackchannels": 1,
        "delayedBackchannels": 0,
        "listenTargetIds": [
          1002,
          1004
        ],
        "listenTraffic": 6,
        "reconnectMilliseconds": 4.00631599999997,
        "terminateRequests": 2,
        "variants": [
          "0"
        ],
        "writeTraffic": 108
      },
      "result": {
        "initialDocuments": [
          "first",
          "second"
        ],
        "listenerDeliveryMilliseconds": [
          16.600000023841858,
          11.5,
          11.699999988079071,
          17.5,
          19.80000001192093,
          13.799999982118607,
          16.700000017881393,
          12.5,
          17.099999994039536,
          13.299999982118607,
          17.200000017881393,
          12.699999988079071,
          17.200000017881393,
          19.599999994039536,
          13.299999982118607,
          17,
          12.200000017881393,
          17,
          12.799999982118607,
          18.200000017881393,
          12.400000005960464,
          17.099999994039536,
          12.099999994039536,
          18.400000005960464,
          19.5,
          12.599999994039536,
          17.80000001192093,
          12.199999988079071,
          18.19999998807907,
          19.400000005960464,
          12.200000017881393,
          17.5,
          12.299999982118607,
          17.80000001192093,
          12.400000005960464,
          17.799999982118607,
          12.400000005960464,
          17.599999994039536,
          11.700000017881393,
          18,
          12.299999982118607,
          18.400000005960464,
          19.900000005960464,
          12.199999988079071,
          17.599999994039536,
          12.300000011920929,
          17.69999998807907,
          11.600000023841858,
          18.099999994039536,
          11.900000005960464,
          18.399999976158142,
          11.800000011920929,
          17.900000005960464,
          12.299999982118607,
          17.5,
          12.400000005960464,
          17.5,
          12.200000017881393,
          17.899999976158142,
          12.700000017881393,
          17.900000005960464,
          11.599999994039536,
          17.19999998807907,
          19.700000017881393,
          11.900000005960464,
          12,
          16.5,
          12.5,
          18.399999976158142,
          12.300000011920929,
          17.80000001192093,
          12,
          17.19999998807907,
          11.800000011920929,
          17.899999976158142,
          12.800000011920929,
          17.69999998807907,
          12.200000017881393,
          17.69999998807907,
          12.099999994039536,
          18.600000023841858,
          12.399999976158142,
          17.100000023841858,
          12,
          18.099999994039536,
          12.199999988079071,
          17.5,
          12.099999994039536,
          17.5,
          12.300000011920929,
          18.099999994039536,
          12.099999994039536,
          17.900000005960464,
          12.300000011920929,
          18.099999994039536,
          12.599999994039536,
          17.200000017881393,
          12.299999982118607,
          17.80000001192093,
          12.099999994039536
        ],
        "liveDocuments": [
          "first",
          "second"
        ],
        "observedUnicode": "東京/emoji-😀/é/second/2",
        "projectId": "demo-fireside-phase2-browser",
        "runId": "streaming-memory-mthmhpco",
        "variant": "streaming"
      }
    },
    {
      "benchmark": {
        "maximumMilliseconds": 24.200000017881393,
        "p99Milliseconds": 22.900000005960464,
        "sampleCount": 100,
        "thresholdMilliseconds": 2000
      },
      "network": {
        "droppedBackchannels": 1,
        "delayedBackchannels": 1,
        "listenTargetIds": [
          1002,
          1004
        ],
        "listenTraffic": 112,
        "reconnectMilliseconds": 3.367696000000251,
        "terminateRequests": 2,
        "variants": [
          "0",
          "1"
        ],
        "writeTraffic": 108
      },
      "result": {
        "initialDocuments": [
          "first",
          "second"
        ],
        "listenerDeliveryMilliseconds": [
          20.799999982118607,
          19.900000005960464,
          18.80000001192093,
          17.69999998807907,
          24.200000017881393,
          19.19999998807907,
          20.400000005960464,
          20,
          20,
          19.799999982118607,
          20.5,
          19.80000001192093,
          19.900000005960464,
          19.799999982118607,
          19.5,
          20.600000023841858,
          20.5,
          16.799999982118607,
          22.900000005960464,
          19.700000017881393,
          20.5,
          17.5,
          20.099999994039536,
          18,
          22.599999994039536,
          20.69999998807907,
          20.600000023841858,
          19.799999982118607,
          18,
          20.900000005960464,
          19.69999998807907,
          19.80000001192093,
          20,
          21.19999998807907,
          18.600000023841858,
          21.299999982118607,
          20.200000017881393,
          19.799999982118607,
          21.099999994039536,
          18.700000017881393,
          21.69999998807907,
          18.400000005960464,
          16.69999998807907,
          20.400000005960464,
          19,
          10.200000017881393,
          13.199999988079071,
          20.80000001192093,
          17.69999998807907,
          21.80000001192093,
          20.599999994039536,
          20.099999994039536,
          20,
          20.599999994039536,
          19.30000001192093,
          20.400000005960464,
          21.299999982118607,
          17.200000017881393,
          19.599999994039536,
          22.099999994039536,
          19.30000001192093,
          20.19999998807907,
          20.099999994039536,
          20,
          17.099999994039536,
          19.400000005960464,
          21.099999994039536,
          22.600000023841858,
          19.799999982118607,
          20.30000001192093,
          20.19999998807907,
          17.700000017881393,
          21.899999976158142,
          20,
          19.900000005960464,
          19.900000005960464,
          20.099999994039536,
          19.900000005960464,
          20.30000001192093,
          19.899999976158142,
          21.200000017881393,
          17.900000005960464,
          21.399999976158142,
          16.80000001192093,
          20.5,
          21.5,
          20.19999998807907,
          20.799999982118607,
          20,
          19.900000005960464,
          18.80000001192093,
          17.899999976158142,
          20.700000017881393,
          22.099999994039536,
          19,
          18.099999994039536,
          19.80000001192093,
          21.5,
          21.5,
          20.299999982118607
        ],
        "liveDocuments": [
          "first",
          "second"
        ],
        "observedUnicode": "東京/emoji-😀/é/second/2",
        "projectId": "demo-fireside-phase2-browser",
        "runId": "buffering-proxy-auto-detection-memory-mthmhqyr",
        "variant": "buffering-proxy-auto-detection"
      }
    }
  ],
  "schemaVersion": 1
}
