npm notice run fireside-conformance@0.0.1 test:webchannel:browser:disk
npm notice run node --import tsx src/webchannel/run-browser-demo.ts --disk --output /home/sanjevi/fireside-phase2-full-gate-20260901T0248+0800-09f5a2b/conformance/reports/phase-2-metrics/full-gate-20260901T0248+0800-09f5a2b/.browser-disk-wal.json
    Finished `dev` profile [unoptimized + debuginfo] target(s) in 0.14s
{
  "browserVersion": "150.0.7871.124",
  "completedAt": "2026-08-31T19:20:18.714Z",
  "mode": "disk-wal",
  "passed": true,
  "projectId": "demo-fireside-phase2-browser",
  "results": [
    {
      "benchmark": {
        "maximumMilliseconds": 31.099999994039536,
        "p99Milliseconds": 25,
        "sampleCount": 100,
        "thresholdMilliseconds": 1500
      },
      "network": {
        "droppedBackchannels": 1,
        "delayedBackchannels": 0,
        "listenTargetIds": [
          1002,
          1004
        ],
        "listenTraffic": 112,
        "reconnectMilliseconds": 5.495754000000034,
        "terminateRequests": 2,
        "variants": [
          "1"
        ],
        "writeTraffic": 214
      },
      "result": {
        "initialDocuments": [
          "first",
          "second"
        ],
        "listenerDeliveryMilliseconds": [
          24.100000023841858,
          22.19999998807907,
          16.900000005960464,
          23.599999994039536,
          17.80000001192093,
          19.599999994039536,
          18.099999994039536,
          12.400000005960464,
          18.599999994039536,
          15,
          14.900000005960464,
          20,
          15.299999982118607,
          16.200000017881393,
          18.900000005960464,
          23.399999976158142,
          16,
          21.400000005960464,
          20.30000001192093,
          21.19999998807907,
          18.200000017881393,
          18.899999976158142,
          15,
          20.900000005960464,
          21.599999994039536,
          18.200000017881393,
          17.400000005960464,
          19.099999994039536,
          21.099999994039536,
          18.69999998807907,
          19.80000001192093,
          20,
          23.5,
          20.80000001192093,
          14.799999982118607,
          20.099999994039536,
          20.30000001192093,
          19.30000001192093,
          16.19999998807907,
          18.599999994039536,
          22.900000005960464,
          22.900000005960464,
          19.799999982118607,
          19.600000023841858,
          23.5,
          19.5,
          31.099999994039536,
          25,
          21.599999994039536,
          19.80000001192093,
          19.599999994039536,
          21.69999998807907,
          18.200000017881393,
          14.099999994039536,
          18.900000005960464,
          18.599999994039536,
          19.599999994039536,
          17.900000005960464,
          12.199999988079071,
          19,
          22.30000001192093,
          20.099999994039536,
          19.099999994039536,
          22.099999994039536,
          18.900000005960464,
          18.900000005960464,
          21.599999994039536,
          18.400000005960464,
          17.400000005960464,
          14.799999982118607,
          17.600000023841858,
          19.799999982118607,
          19.599999994039536,
          23.700000017881393,
          15.599999994039536,
          22.30000001192093,
          18.299999982118607,
          21.700000017881393,
          21.399999976158142,
          18.900000005960464,
          19.599999994039536,
          19.700000017881393,
          21.69999998807907,
          18.80000001192093,
          19.900000005960464,
          19.299999982118607,
          19.400000005960464,
          20.599999994039536,
          19.400000005960464,
          19.69999998807907,
          20.400000005960464,
          19.200000017881393,
          20.399999976158142,
          20,
          20.600000023841858,
          20.299999982118607,
          19.200000017881393,
          22.5,
          17.599999994039536,
          19.900000005960464
        ],
        "liveDocuments": [
          "first",
          "second"
        ],
        "observedUnicode": "東京/emoji-😀/é/second/2",
        "projectId": "demo-fireside-phase2-browser",
        "runId": "long-polling-disk-mthmhy01",
        "variant": "long-polling"
      }
    },
    {
      "benchmark": {
        "maximumMilliseconds": 20.099999994039536,
        "p99Milliseconds": 19.80000001192093,
        "sampleCount": 100,
        "thresholdMilliseconds": 1000
      },
      "network": {
        "droppedBackchannels": 1,
        "delayedBackchannels": 0,
        "listenTargetIds": [
          1002,
          1004
        ],
        "listenTraffic": 6,
        "reconnectMilliseconds": 4.744754999999714,
        "terminateRequests": 2,
        "variants": [
          "0"
        ],
        "writeTraffic": 108
      },
      "result": {
        "initialDocuments": [
          "first",
          "second"
        ],
        "listenerDeliveryMilliseconds": [
          12.799999982118607,
          18.30000001192093,
          20.099999994039536,
          19.80000001192093,
          14.699999988079071,
          13.900000005960464,
          11.300000011920929,
          11.599999994039536,
          18.900000005960464,
          10.599999994039536,
          11.099999994039536,
          16.5,
          11.099999994039536,
          12.100000023841858,
          17.69999998807907,
          10.900000005960464,
          11.199999988079071,
          17.900000005960464,
          12.400000005960464,
          17.69999998807907,
          13.300000011920929,
          16.400000005960464,
          12.699999988079071,
          17.599999994039536,
          13,
          17.099999994039536,
          12.800000011920929,
          17,
          13.199999988079071,
          17.100000023841858,
          13.699999988079071,
          15.599999994039536,
          12.099999994039536,
          18.5,
          12.400000005960464,
          17.599999994039536,
          12.700000017881393,
          16.599999994039536,
          12.800000011920929,
          17.5,
          13.299999982118607,
          16.80000001192093,
          13.300000011920929,
          16.899999976158142,
          12.100000023841858,
          18.099999994039536,
          13.699999988079071,
          15.400000005960464,
          13.199999988079071,
          17.900000005960464,
          13.599999994039536,
          16.80000001192093,
          12.300000011920929,
          16.5,
          12.199999988079071,
          18,
          13.199999988079071,
          17.600000023841858,
          13.399999976158142,
          15.600000023841858,
          13.799999982118607,
          16.400000005960464,
          14.199999988079071,
          15.300000011920929,
          12.599999994039536,
          18,
          11.099999994039536,
          10.5,
          11.5,
          16.100000023841858,
          10.299999982118607,
          12,
          18.600000023841858,
          13.399999976158142,
          16.600000023841858,
          12.199999988079071,
          18.5,
          19.099999994039536,
          13.099999994039536,
          17.100000023841858,
          12.299999982118607,
          17.599999994039536,
          13.800000011920929,
          16.099999994039536,
          12.800000011920929,
          17.19999998807907,
          12.099999994039536,
          17.80000001192093,
          12.699999988079071,
          17.600000023841858,
          13.599999994039536,
          15.900000005960464,
          12.299999982118607,
          18.099999994039536,
          13.100000023841858,
          17,
          13,
          17.19999998807907,
          12.300000011920929,
          17.599999994039536
        ],
        "liveDocuments": [
          "first",
          "second"
        ],
        "observedUnicode": "東京/emoji-😀/é/second/2",
        "projectId": "demo-fireside-phase2-browser",
        "runId": "streaming-disk-mthmi00u",
        "variant": "streaming"
      }
    },
    {
      "benchmark": {
        "maximumMilliseconds": 27.30000001192093,
        "p99Milliseconds": 24.700000017881393,
        "sampleCount": 100,
        "thresholdMilliseconds": 2000
      },
      "network": {
        "droppedBackchannels": 1,
        "delayedBackchannels": 1,
        "listenTargetIds": [
          1002,
          1004
        ],
        "listenTraffic": 112,
        "reconnectMilliseconds": 3.781735000000481,
        "terminateRequests": 2,
        "variants": [
          "0",
          "1"
        ],
        "writeTraffic": 108
      },
      "result": {
        "initialDocuments": [
          "first",
          "second"
        ],
        "listenerDeliveryMilliseconds": [
          19,
          19.399999976158142,
          21.400000005960464,
          19.200000017881393,
          20.299999982118607,
          19.80000001192093,
          20.099999994039536,
          19.599999994039536,
          22.400000005960464,
          20.400000005960464,
          16.69999998807907,
          21.30000001192093,
          22.19999998807907,
          17.80000001192093,
          20.099999994039536,
          18.099999994039536,
          14.099999994039536,
          17.30000001192093,
          19.599999994039536,
          19.900000005960464,
          21.599999994039536,
          19.200000017881393,
          21.299999982118607,
          19,
          23.099999994039536,
          20.900000005960464,
          24.700000017881393,
          22.19999998807907,
          18.69999998807907,
          19.30000001192093,
          22.5,
          19.099999994039536,
          19.400000005960464,
          20,
          18.69999998807907,
          12.400000005960464,
          19.5,
          18.5,
          23.099999994039536,
          16.700000017881393,
          19.69999998807907,
          23.5,
          17.80000001192093,
          20.099999994039536,
          18.700000017881393,
          19.899999976158142,
          20.400000005960464,
          19.599999994039536,
          21.5,
          17.700000017881393,
          12.900000005960464,
          21.19999998807907,
          17.19999998807907,
          22.700000017881393,
          18.69999998807907,
          18.200000017881393,
          11.799999982118607,
          19.200000017881393,
          19.899999976158142,
          21,
          21.400000005960464,
          17.599999994039536,
          21,
          21.200000017881393,
          19.099999994039536,
          18.69999998807907,
          20.5,
          19.600000023841858,
          20.399999976158142,
          22.200000017881393,
          17.5,
          20.099999994039536,
          21,
          18,
          20.80000001192093,
          19,
          19.799999982118607,
          23.30000001192093,
          19.799999982118607,
          27.30000001192093,
          20.5,
          19.69999998807907,
          22.30000001192093,
          18.400000005960464,
          20.19999998807907,
          21.80000001192093,
          20.599999994039536,
          19.30000001192093,
          20,
          20.299999982118607,
          19.30000001192093,
          18.799999982118607,
          17.80000001192093,
          13.099999994039536,
          17.400000005960464,
          12.400000005960464,
          20.19999998807907,
          21,
          20,
          19.900000005960464
        ],
        "liveDocuments": [
          "first",
          "second"
        ],
        "observedUnicode": "東京/emoji-😀/é/second/2",
        "projectId": "demo-fireside-phase2-browser",
        "runId": "buffering-proxy-auto-detection-disk-mthmi1lz",
        "variant": "buffering-proxy-auto-detection"
      }
    }
  ],
  "schemaVersion": 1
}
