✔ WebChannel frame lengths count decoded UTF-16 code units (2.081528ms)
✔ capture decoder preserves form order and exposes framed responses (11.327558ms)
✔ pinned Firebase JS SDK gate mirrors Google's minified integration workflow (12.634507ms)
✔ Java WebChannel fixture is safe and internally exact: listen-long-poll (2.025088ms)
✔ Java WebChannel fixture is safe and internally exact: listen-streaming (1.291508ms)
✔ Java WebChannel fixture is safe and internally exact: bundle-nanosecond-read-time (2.080628ms)
✔ Java WebChannel fixture is safe and internally exact: write-long-poll (1.157239ms)
✔ Java WebChannel fixture is safe and internally exact: write-streaming (1.423929ms)
✔ Java WebChannel fixture is safe and internally exact: write-cross-client-update (3.701056ms)
✔ Java WebChannel fixture is safe and internally exact: write-missing-update-error (1.903998ms)
✔ Java WebChannel fixture is safe and internally exact: write-overlap (1.805448ms)
✔ Java WebChannel fixture is safe and internally exact: multiple-inequality-query (2.358297ms)
✔ Java WebChannel fixture is safe and internally exact: numeric-resource-id-ordering (5.290144ms)
✔ Java WebChannel fixture is safe and internally exact: reserved-resource-id-error (1.517098ms)
✔ Java WebChannel fixture is safe and internally exact: backchannel-reconnect-replay (1.288739ms)
✔ Java WebChannel fixture is safe and internally exact: unicode-framing (2.218247ms)
✔ Java WebChannel fixture is safe and internally exact: unknown-sid (0.911169ms)
✔ production cloud WebChannel fixture is safe and internally exact: listen-long-poll (1.168749ms)
✔ production cloud WebChannel fixture is safe and internally exact: listen-streaming (1.208939ms)
✔ production cloud WebChannel fixture is safe and internally exact: bundle-nanosecond-read-time (2.076698ms)
✔ production cloud WebChannel fixture is safe and internally exact: write-long-poll (1.391299ms)
✔ production cloud WebChannel fixture is safe and internally exact: write-streaming (1.495158ms)
✔ production cloud WebChannel fixture is safe and internally exact: write-cross-client-update (3.726726ms)
✔ production cloud WebChannel fixture is safe and internally exact: write-missing-update-error (3.875176ms)
✔ production cloud WebChannel fixture is safe and internally exact: write-overlap (1.452548ms)
✔ production cloud WebChannel fixture is safe and internally exact: multiple-inequality-query (1.912018ms)
✔ production cloud WebChannel fixture is safe and internally exact: numeric-resource-id-ordering (4.419655ms)
✔ production cloud WebChannel fixture is safe and internally exact: reserved-resource-id-error (1.638328ms)
✔ production cloud WebChannel fixture is safe and internally exact: backchannel-reconnect-replay (1.293499ms)
✔ production cloud WebChannel fixture is safe and internally exact: unicode-framing (2.423317ms)
✔ production cloud WebChannel fixture is safe and internally exact: unknown-sid (1.527599ms)
✔ Java numeric resource ID fixture pins the reserved-namespace exception (2.497217ms)
✔ Java reserved resource ID fixture pins the exact browser-visible error (0.819829ms)
✔ Java fixtures distinguish long polling, streaming, retry, and UTF-16 framing (3.859406ms)
✔ production cloud numeric resource ID fixture pins the reserved-namespace exception (2.232987ms)
✔ production cloud reserved resource ID fixture pins the exact browser-visible error (0.68605ms)
✔ production cloud fixtures distinguish long polling, streaming, retry, and UTF-16 framing (1.769029ms)
✔ Java and cloud fixtures pin their handshake and unknown-SID deviations (2.090677ms)
✔ Java and cloud fixtures pin inequality type ranges and key-order validation (3.099227ms)
✔ cloud folded authorization is redacted and termination keeps its empty-body length (1.070019ms)
✔ Java and cloud forward acknowledgements pin open and active backchannels (1.851828ms)
✔ Java and cloud accept overlapping writes that reuse the last acknowledged stream token (1.546078ms)
✔ Java and cloud accept bundle Listen targets with nanosecond read times (4.417465ms)
ℹ tests 43
ℹ suites 0
ℹ pass 43
ℹ fail 0
ℹ cancelled 0
ℹ skipped 0
ℹ todo 0
ℹ duration_ms 327.843886
