🔧 Loading environment from: /srv/dev-fast/runtime-data/fireside-phase5-20260902T1417+0800-5b51e4d/stack-fireside/apps/templates/.env.local
📱 Mobile mode: DISABLED
✅ Environment variables loaded successfully
🔑 ENV: local
🔑 Firebase Project: demo-twodart-local
✅ Port environment variables loaded successfully
🚀 Starting SMART Firestore cache watcher for local development...
👀 Watching collections: colors, fonts, fontPairs, slidesCore, categoriesCore, themes, editorStyle, tags, icons-library, premade-templates, general
⏱️  Debounce delay: 5000ms
⚡ Smart rebuild: Only fetches changed collections!
📡 WebSocket server started on 127.0.0.1:23112 for cache updates
🔧 Creating initial cache (full build)...
🔄 Smart rebuilding Firestore cache...
📥 Initial build - fetching all collections sequentially...
📥 Initial build - fetching colors...
📥 Initial build - fetching fonts...
📥 Initial build - fetching font pairs...
📥 Initial build - fetching theme metadata...
📥 Initial build - fetching editor styles...
📥 Initial build - fetching Unsplash topics...
📥 Initial build - fetching premade tags...
⚠️ No tags found in premade templates
📥 Initial build - fetching core free slide IDs...
📥 Initial build - fetching legacy templates metadata...
📝 Cache uploaded to: /cache/main-cache-local.json
🌐 Cache URL: http://127.0.0.1:23102/v0/b/assets-local.twodart.com/o/cache%2Fmain-cache-local.json?alt=media
📏 Size: 102.82 KB (11.61 KB gzipped)
⏱️  Rebuild completed in 778ms
📡 Notified 0 client(s) of cache update
✅ Cache rebuilt successfully at 4:15:24 PM
📊 Data summary:
   - Colors: 0
   - Fonts: 0
   - Font Pairs: 0
   - Editor Styles: 0
   - Theme Metadata: No
   - Icon Libraries: 0
   - Background Images Metadata: No
   - Unsplash Topics: 21
   - Tags: 0
   - Core Free Slide IDs: 0
   - Legacy Templates Metadata: No
✅ Smart watcher started successfully!
📁 Cache will be stored in Firebase Storage at: /cache/main-cache-local.json
🔄 Cache will smart-rebuild automatically when Firestore data changes
⚡ Only changed collections will be fetched - much faster!
🔔 Change detected in fontPairs collection
🔔 Change detected in editorStyle collection
🔔 Change detected in slidesCore collection
🔔 Change detected in colors collection
🔔 Change detected in categoriesCore collection
🔔 Change detected in fonts collection
🔔 Change detected in themes collection
🔔 Change detected in general collection
🔔 Change detected in tags collection
🔔 Change detected in icons-library collection
🔔 Change detected in premade-templates collection
🔄 Smart rebuilding Firestore cache...
⚡ Smart rebuild - only fetching: fontPairs, editorStyle, slidesCore, colors, categoriesCore, fonts, themes, general, tags, icons-library, premade-templates
📋 Fetch options: includeFontPairs, includeEditorStyles, includeThemeMetadata, includeColors, includeFonts, includeLegacyTemplatesMetadata, includeCoreFreeSlideIds, includePremadeTags
⚠️ No tags found in premade templates
📝 Cache uploaded to: /cache/main-cache-local.json
🌐 Cache URL: http://127.0.0.1:23102/v0/b/assets-local.twodart.com/o/cache%2Fmain-cache-local.json?alt=media
📏 Size: 102.82 KB (11.61 KB gzipped)
⏱️  Rebuild completed in 65ms
📡 Notified 0 client(s) of cache update
✅ Cache rebuilt successfully at 4:15:29 PM
📊 Data summary:
   - Colors: 0
   - Fonts: 0
   - Font Pairs: 0
   - Editor Styles: 0
   - Theme Metadata: No
   - Icon Libraries: 0
   - Background Images Metadata: No
   - Unsplash Topics: 21
   - Tags: 0
   - Core Free Slide IDs: 0
   - Legacy Templates Metadata: No
🔔 Change detected in categoriesCore collection
🔔 Change detected in fonts collection
🔔 Change detected in general collection
🔔 Change detected in themes collection
🔔 Change detected in editorStyle collection
🔔 Change detected in slidesCore collection
🔔 Change detected in fontPairs collection
🔔 Change detected in colors collection
🔄 Smart rebuilding Firestore cache...
⚡ Smart rebuild - only fetching: categoriesCore, fonts, general, themes, editorStyle, slidesCore, fontPairs, colors
📋 Fetch options: includeThemeMetadata, includeFonts, includeLegacyTemplatesMetadata, includeCoreFreeSlideIds, includeEditorStyles, includeFontPairs, includeColors
📝 Cache uploaded to: /cache/main-cache-local.json
🌐 Cache URL: http://127.0.0.1:23102/v0/b/assets-local.twodart.com/o/cache%2Fmain-cache-local.json?alt=media
📏 Size: 104.95 KB (12.15 KB gzipped)
⏱️  Rebuild completed in 141ms
📡 Notified 0 client(s) of cache update
✅ Cache rebuilt successfully at 4:15:42 PM
📊 Data summary:
   - Colors: 1
   - Fonts: 1
   - Font Pairs: 1
   - Editor Styles: 2
   - Theme Metadata: Yes
   - Icon Libraries: 0
   - Background Images Metadata: No
   - Unsplash Topics: 21
   - Tags: 0
   - Core Free Slide IDs: 1
   - Legacy Templates Metadata: No
🔌 Client connected to cache update WebSocket from 127.0.0.1
👥 Total connected clients: 1
📊 WebSocket server status: 1 connected client(s)
📊 WebSocket server status: 1 connected client(s)
📊 WebSocket server status: 1 connected client(s)
🔌 Client disconnected from cache update WebSocket { code: [33m1001[39m, reason: [32m''[39m, clientIP: [32m'127.0.0.1'[39m }
👥 Remaining connected clients: 0
📊 WebSocket server status: 0 connected client(s)
