[1m
portless
[22m
[2m-- Proxy is running[22m
[2m-- phase5-fireside.twodartnet.twodart.localhost (auto-resolves to 127.0.0.1)[22m
[2m-- Name "twodartnet.twodart" (from --name flag)[22m
[2m-- Prefix "phase5-fireside" (from git branch)[22m
-- Using port 4600
[1m
  -> https://phase5-fireside.twodartnet.twodart.localhost
[22m
[2mRunning: PORT=4600 HOST=127.0.0.1 PORTLESS_URL=https://phase5-fireside.twodartnet.twodart.localhost NODE_EXTRA_CA_CERTS="/home/sanjevi/.portless/ca.pem" bash -c set -a; [ -f engines/twodartnet/.env ] && . engines/twodartnet/.env; export ASPNETCORE_ENVIRONMENT=Development FONTCONFIG_PATH=/opt/homebrew/etc/fonts/; set +a; cd engines/twodartnet && exec dotnet watch --no-hot-reload --non-interactive run --project TwodartNet/TwodartNet.csproj --urls http://127.0.0.1:$PORT
[22m
[?1h=[?1h=[?1h=[?1h=[?1h=[?1h=[?1h=Using launch settings from TwodartNet/Properties/launchSettings.json...
Building...
[?25l[1F
[?25h[?25l[1F
[?25h[?25l[1F
[?25h[?25l[1F
[?25h[?25l[1F
[?25h[?25l[1F
[?25h[?25l[1F
[?25h[?25l[1F
[?25h[?25l[1F
[?25h[?25l[1F
[?25h[?25l[1F
[?25h[?25l[1F
[?25h[?25l[1F
[?25h[?25l[1F
csproj
[?25h[?25l[2F
[120G[6D(0.1s)
[?25h[?25l[2F
[120G[6D(0.1s)
[?25h[?25l[2F
[120G[6D(0.1s)
[?25h[?25l[2F
[120G[6D(0.2s)
[?25h[?25l[2F
[120G[6D(0.2s)
[?25h[?25l[2F
[120G[6D(0.2s)
[?25h[?25l[2F
[120G[6D(0.3s)
[?25h[?25l[2F
[120G[6D(0.3s)
[?25h[?25l[2F
[120G[6D(0.3s)
[?25h[?25l[2F
[120G[6D(0.4s)
[?25h[?25l[2F
[120G[6D(0.4s)
[?25h[?25l[2F
[120G[6D(0.4s)
[?25h[?25l[2F
[120G[6D(0.5s)
[?25h[?25l[2F
[120G[6D(0.5s)
[?25h[?25l[2F
[120G[6D(0.5s)
[?25h[2F
[J[?25l[1F
  csproj [36;1mnet10.0[m [120G[7D (0.6s)
[?25h[?25l[2F
[120G[6D(0.6s)
[?25h[?25l[2F
[120G[6D(0.6s)
[?25h[?25l[2F
[120G[6D(0.7s)
[?25h[?25l[2F
[120G[6D(0.7s)
[?25h[?25l[2F
[120G[6D(0.7s)
[?25h[?25l[2F
[120G[6D(0.8s)
[?25h[?25l[2F
[120G[6D(0.8s)
[?25h[?25l[2F
[120G[6D(0.8s)
[?25h[?25l[2F
[120G[6D(0.9s)
[?25h[?25l[2F
[120G[6D(0.9s)
[?25h[?25l[2F
[120G[6D(0.9s)
[?25h[?25l[2F
[120G[6D(1.0s)
[?25h[?25l[2F
[120G[6D(1.0s)
[?25h[?25l[2F
[120G[6D(1.0s)
[?25h[?25l[2F
[120G[6D(1.1s)
[?25h[?25l[2F
[120G[6D(1.1s)
[?25h[?25l[2F
[120G[6D(1.1s)
[?25h[?25l[2F
[120G[6D(1.2s)
[?25h[?25l[2F
[120G[6D(1.2s)
[?25h[?25l[2F
[120G[6D(1.2s)
[?25h[?25l[2F
[120G[6D(1.3s)
[?25h[?25l[2F
[120G[6D(1.3s)
[?25h[?25l[2F
[120G[6D(1.3s)
[?25h[?25l[2F
[120G[6D(1.4s)
[?25h[?25l[2F
[120G[6D(1.4s)
[?25h[?25l[2F
[120G[6D(1.4s)
[?25h[?25l[2F
[120G[6D(1.5s)
[?25h[?25l[2F
[120G[6D(1.5s)
[?25h[?25l[2F
[120G[6D(1.5s)
[?25h[?25l[2F
[120G[6D(1.6s)
[?25h[?25l[2F
[120G[6D(1.6s)
[?25h[?25l[2F
[120G[6D(1.6s)
[?25h[?25l[2F
[120G[6D(1.7s)
[?25h[?25l[2F
[120G[6D(1.7s)
[?25h[?25l[2F
[120G[6D(1.7s)
[?25h[?25l[2F
[120G[6D(1.8s)
[?25h[?25l[2F
[120G[6D(1.8s)
[?25h[?25l[2F
[120G[6D(1.8s)
[?25h[?25l[2F
[120G[6D(1.9s)
[?25h[?25l[2F
[120G[6D(1.9s)
[?25h[?25l[2F
[120G[6D(1.9s)
[?25h[?25l[2F
[120G[6D(2.0s)
[?25h[?25l[2F
[120G[6D(2.0s)
[?25h[?25l[2F
[120G[6D(2.0s)
[?25h[?25l[2F
[120G[6D(2.1s)
[?25h[?25l[2F
[120G[6D(2.1s)
[?25h[?25l[2F
[120G[6D(2.2s)
[?25h[?25l[2F
[120G[6D(2.2s)
[?25h[?25l[2F
[120G[6D(2.2s)
[?25h[?25l[2F
[120G[6D(2.3s)
[?25h[?25l[2F
[120G[6D(2.3s)
[?25h[?25l[2F
[120G[6D(2.3s)
[?25h[?25l[2F
[120G[6D(2.4s)
[?25h[?25l[2F
[120G[6D(2.4s)
[?25h[?25l[2F
[120G[6D(2.4s)
[?25h[?25l[2F
[120G[6D(2.5s)
[?25h[?25l[2F
[120G[6D(2.5s)
[?25h[?25l[2F
[120G[6D(2.5s)
[?25h[?25l[2F
[120G[6D(2.6s)
[?25h[?25l[2F
[120G[6D(2.6s)
[?25h[?25l[2F
[120G[6D(2.6s)
[?25h[?25l[2F
[120G[6D(2.7s)
[?25h[?25l[2F
[120G[6D(2.7s)
[?25h[?25l[2F
[120G[6D(2.7s)
[?25h[?25l[2F
[120G[6D(2.8s)
[?25h[?25l[2F
[120G[6D(2.8s)
[?25h[?25l[2F
[120G[6D(2.8s)
[?25h[?25l[2F
[120G[6D(2.9s)
[?25h[?25l[2F
[120G[6D(2.9s)
[?25h[?25l[2F
[120G[6D(2.9s)
[?25h[?25l[2F
[120G[6D(3.0s)
[?25h[?25l[2F
[120G[6D(3.0s)
[?25h[?25l[2F
[120G[6D(3.0s)
[?25h[?25l[2F
[120G[6D(3.1s)
[?25h[?25l[2F
[120G[6D(3.1s)
[?25h[?25l[2F
[120G[6D(3.1s)
[?25h[?25l[2F
[120G[6D(3.2s)
[?25h[?25l[2F
[120G[6D(3.2s)
[?25h[?25l[2F
[120G[6D(3.2s)
[?25h[?25l[2F
[120G[6D(3.3s)
[?25h[?25l[2F
[120G[6D(3.3s)
[?25h[?25l[2F
[120G[6D(3.3s)
[?25h[?25l[2F
[120G[6D(3.4s)
[?25h[?25l[2F
[120G[6D(3.4s)
[?25h[?25l[2F
[120G[6D(3.4s)
[?25h[?25l[2F
[120G[6D(3.5s)
[?25h[?25l[2F
[120G[6D(3.5s)
[?25h[?25l[2F
[120G[6D(3.5s)
[?25h[?25l[2F
[120G[6D(3.6s)
[?25h[?25l[2F
[120G[6D(3.6s)
[?25h[?25l[2F
[120G[6D(3.6s)
[?25h[?25l[2F
[120G[6D(3.7s)
[?25h[?25l[2F
[120G[6D(3.7s)
[?25h[?25l[2F
[120G[6D(3.7s)
[?25h[?25l[2F
[120G[6D(3.8s)
[?25h[?25l[2F
[120G[6D(3.8s)
[?25h[?25l[2F
[120G[6D(3.8s)
[?25h[?25l[2F
[120G[6D(3.9s)
[?25h[?25l[2F
[120G[6D(3.9s)
[?25h[?25l[2F
[120G[6D(3.9s)
[?25h[?25l[2F
[120G[6D(4.0s)
[?25h[?25l[2F
[120G[6D(4.0s)
[?25h[?25l[2F
[120G[6D(4.0s)
[?25h[?25l[2F
[120G[6D(4.1s)
[?25h[?25l[2F
[120G[6D(4.1s)
[?25h[?25l[2F
[120G[6D(4.1s)
[?25h[?25l[2F
[120G[6D(4.2s)
[?25h[?25l[2F
[120G[6D(4.2s)
[?25h[?25l[2F
[120G[6D(4.2s)
[?25h[?25l[2F
[120G[6D(4.3s)
[?25h[?25l[2F
[120G[6D(4.3s)
[?25h[?25l[2F
[120G[6D(4.3s)
[?25h[?25l[2F
[120G[6D(4.4s)
[?25h[?25l[2F
[120G[6D(4.4s)
[?25h[?25l[2F
[120G[6D(4.5s)
[?25h[?25l[2F
[120G[6D(4.5s)
[?25h[?25l[2F
[120G[6D(4.5s)
[?25h[?25l[2F
[120G[6D(4.6s)
[?25h[?25l[2F
[120G[6D(4.6s)
[?25h[?25l[2F
[120G[6D(4.6s)
[?25h[?25l[2F
[120G[6D(4.7s)
[?25h[?25l[2F
[120G[6D(4.7s)
[?25h[?25l[2F
[120G[6D(4.7s)
[?25h[?25l[2F
[120G[6D(4.8s)
[?25h[?25l[2F
[120G[6D(4.8s)
[?25h[?25l[2F
[120G[6D(4.8s)
[?25h[?25l[2F
[120G[6D(4.9s)
[?25h[?25l[2F
[120G[6D(4.9s)
[?25h[?25l[2F
[120G[6D(5.0s)
[?25h[?25l[2F
[120G[6D(5.0s)
[?25h[?25l[2F
[120G[6D(5.0s)
[?25h[?25l[2F
[120G[6D(5.1s)
[?25h[?25l[2F
[120G[6D(5.1s)
[?25h[?25l[2F
[120G[6D(5.1s)
[?25h[?25l[2F
[120G[6D(5.2s)
[?25h[?25l[2F
[120G[6D(5.2s)
[?25h[?25l[2F
[120G[6D(5.2s)
[?25h[?25l[2F
[120G[6D(5.3s)
[?25h[?25l[2F
[120G[6D(5.3s)
[?25h[?25l[2F
[120G[6D(5.4s)
[?25h[?25l[2F
[120G[6D(5.4s)
[?25h[?25l[2F
[120G[6D(5.4s)
[?25h[?25l[2F
[120G[6D(5.5s)
[?25h[?25l[2F
[120G[6D(5.5s)
[?25h[?25l[2F
[120G[6D(5.6s)
[?25h[?25l[2F
[120G[6D(5.6s)
[?25h[?25l[2F
[120G[6D(5.6s)
[?25h[?25l[2F
[120G[6D(5.7s)
[?25h[?25l[2F
[120G[6D(5.7s)
[?25h[?25l[2F
[120G[6D(5.7s)
[?25h[?25l[2F
[120G[6D(5.8s)
[?25h[?25l[2F
[120G[6D(5.8s)
[?25h[?25l[2F
[120G[6D(5.9s)
[?25h[?25l[2F
[120G[6D(5.9s)
[?25h[?25l[2F
[120G[6D(5.9s)
[?25h[?25l[2F
[120G[6D(6.0s)
[?25h[?25l[2F
[120G[6D(6.0s)
[?25h[?25l[2F
[120G[6D(6.0s)
[?25h[?25l[2F
[120G[6D(6.1s)
[?25h[?25l[2F
[120G[6D(6.1s)
[?25h[?25l[2F
[120G[6D(6.2s)
[?25h[?25l[2F
[120G[6D(6.2s)
[?25h[?25l[2F
[120G[6D(6.2s)
[?25h[2F
[J[?1h=builder.Environment.EnvironmentName: Development
app.Environment.EnvironmentName: Development
=== FIREBASE EMULATOR CONFIGURATION ===
Using Firebase emulators for local development
FIRESTORE_EMULATOR_HOST: 127.0.0.1:23100
FIREBASE_AUTH_EMULATOR_HOST: 127.0.0.1:23101
FIREBASE_STORAGE_EMULATOR_HOST: 127.0.0.1:23102
STORAGE_EMULATOR_HOST: 127.0.0.1:23102
FIREBASE_PUBLIC_STORAGE_BUCKET: assets-local.twodart.com
==========================================
Firebase initialized successfully for project: demo-twodart-local
Loaded external fonts from: /srv/dev-fast/runtime-data/fireside-phase5-20260902T1417+0800-5b51e4d/stack-fireside/engines/twodartnet/TwodartNet/Assets/globalFonts
[40m[1m[33mwarn[39m[22m[49m: Microsoft.AspNetCore.Server.Kestrel[0]
      Overriding address(es) 'http://127.0.0.1:4600'. Binding to endpoints defined via IConfiguration and/or UseKestrel() instead.
[40m[32minfo[39m[22m[49m: Microsoft.Hosting.Lifetime[14]
      Now listening on: http://localhost:4600
[40m[32minfo[39m[22m[49m: Microsoft.Hosting.Lifetime[0]
      Application started. Press Ctrl+C to shut down.
[40m[32minfo[39m[22m[49m: Microsoft.Hosting.Lifetime[0]
      Hosting environment: Development
[40m[32minfo[39m[22m[49m: Microsoft.Hosting.Lifetime[0]
      Content root path: /srv/dev-fast/runtime-data/fireside-phase5-20260902T1417+0800-5b51e4d/stack-fireside/engines/twodartnet/TwodartNet
[40m[1m[33mwarn[39m[22m[49m: Microsoft.AspNetCore.HttpsPolicy.HttpsRedirectionMiddleware[3]
      Failed to determine the https port for redirect.
