$ /home/sanjevi/.local/share/mise/installs/node/24.20.0/bin/node --import tsx /home/sanjevi/fireside-phase3-full-gate-20260901T200051+0800-91e3c62/conformance/src/webchannel/run-browser-demo.ts --release --skip-build --repetitions 1 --output /home/sanjevi/fireside-phase3-full-gate-20260901T200051+0800-91e3c62/conformance/reports/phase-3-metrics/full-gate-20260901T200051+0800-91e3c62/browser-disk-wal.json --rules /home/sanjevi/fireside-phase3-full-gate-20260901T200051+0800-91e3c62/conformance/fixtures/phase3-browser.rules --mock-user-token '{"iat":1788264151,"phase":3,"role":"editor","sub":"phase3-browser"}' --disk
{
  "browserVersion": "150.0.7871.124",
  "completedAt": "2026-09-01T12:03:08.366Z",
  "mode": "disk-wal",
  "mockUserTokenConfigured": true,
  "passed": true,
  "projectId": "demo-fireside-phase2-browser",
  "repetitions": 1,
  "resources": {
    "peakRssBytes": 15159296,
    "peakVmHwmBytes": 15159296,
    "sampleCount": 60,
    "supported": true
  },
  "results": [
    {
      "benchmark": {
        "maximumMilliseconds": 20.899999976158142,
        "p99Milliseconds": 20.69999998807907,
        "sampleCount": 100,
        "thresholdMilliseconds": 1500
      },
      "network": {
        "droppedBackchannels": 1,
        "delayedBackchannels": 0,
        "listenTargetIds": [
          1002,
          1004
        ],
        "listenTraffic": 111,
        "reconnectMilliseconds": 3.4074060000000372,
        "terminateRequests": 2,
        "variants": [
          "1"
        ],
        "writeTraffic": 214
      },
      "repetition": 1,
      "result": {
        "initialDocuments": [
          "first",
          "second"
        ],
        "listenerDeliveryMilliseconds": [
          19,
          20.69999998807907,
          17,
          14.5,
          15.800000011920929,
          9.900000005960464,
          11.399999976158142,
          10.300000011920929,
          18.30000001192093,
          10.699999988079071,
          9.699999988079071,
          15.200000017881393,
          13.799999982118607,
          11.700000017881393,
          13.400000005960464,
          20.899999976158142,
          15.100000023841858,
          11.899999976158142,
          19.400000005960464,
          14.099999994039536,
          17.5,
          20.400000005960464,
          18.200000017881393,
          12.799999982118607,
          17.599999994039536,
          19.900000005960464,
          19.900000005960464,
          17.599999994039536,
          10.200000017881393,
          10.099999994039536,
          9.799999982118607,
          10.800000011920929,
          9.5,
          9.599999994039536,
          11.5,
          9.700000017881393,
          9.099999994039536,
          9.900000005960464,
          10.399999976158142,
          9,
          11.100000023841858,
          10,
          9.699999988079071,
          19.19999998807907,
          13.400000005960464,
          17.099999994039536,
          10.300000011920929,
          10.300000011920929,
          9.5,
          10.5,
          9.599999994039536,
          11.299999982118607,
          11.200000017881393,
          10.299999982118607,
          10.600000023841858,
          17.19999998807907,
          13.599999994039536,
          16.400000005960464,
          11.599999994039536,
          18,
          10.700000017881393,
          9.399999976158142,
          9.800000011920929,
          10,
          10,
          9.900000005960464,
          10.799999982118607,
          9.300000011920929,
          10.099999994039536,
          9.900000005960464,
          10.900000005960464,
          9.199999988079071,
          10,
          10,
          10.5,
          9.600000023841858,
          10.599999994039536,
          10.299999982118607,
          13.100000023841858,
          15.599999994039536,
          10.5,
          10,
          9.5,
          10.299999982118607,
          9.300000011920929,
          11.300000011920929,
          9.299999982118607,
          9.400000005960464,
          11.900000005960464,
          10.799999982118607,
          11.200000017881393,
          9.900000005960464,
          16.5,
          9.5,
          10,
          9.900000005960464,
          10.399999976158142,
          13.600000023841858,
          16,
          11.5
        ],
        "liveDocuments": [
          "first",
          "second"
        ],
        "observedUnicode": "東京/emoji-😀/é/second/2",
        "projectId": "demo-fireside-phase2-browser",
        "runId": "long-polling-fireside-disk-measured-1-mtimbm9e",
        "variant": "long-polling"
      }
    },
    {
      "benchmark": {
        "maximumMilliseconds": 17.200000017881393,
        "p99Milliseconds": 16.400000005960464,
        "sampleCount": 100,
        "thresholdMilliseconds": 1000
      },
      "network": {
        "droppedBackchannels": 1,
        "delayedBackchannels": 0,
        "listenTargetIds": [
          1002,
          1004
        ],
        "listenTraffic": 6,
        "reconnectMilliseconds": 4.804693999999927,
        "terminateRequests": 2,
        "variants": [
          "0"
        ],
        "writeTraffic": 108
      },
      "repetition": 1,
      "result": {
        "initialDocuments": [
          "first",
          "second"
        ],
        "listenerDeliveryMilliseconds": [
          10.199999988079071,
          9.700000017881393,
          11.099999994039536,
          9.300000011920929,
          10.399999976158142,
          9.200000017881393,
          9.699999988079071,
          10.800000011920929,
          9.5,
          12.900000005960464,
          8.199999988079071,
          9.599999994039536,
          10,
          10,
          10.600000023841858,
          11.099999994039536,
          10.299999982118607,
          10.599999994039536,
          10.799999982118607,
          16.30000001192093,
          11,
          9.400000005960464,
          9.799999982118607,
          10.400000005960464,
          11.099999994039536,
          11.400000005960464,
          11.099999994039536,
          16.30000001192093,
          11.099999994039536,
          10.800000011920929,
          10.699999988079071,
          10.800000011920929,
          16,
          10.699999988079071,
          10.700000017881393,
          10.899999976158142,
          11.100000023841858,
          10.899999976158142,
          16.100000023841858,
          11,
          11,
          9.899999976158142,
          9.900000005960464,
          9.599999994039536,
          8.800000011920929,
          9.699999988079071,
          9.300000011920929,
          10.5,
          10.099999994039536,
          10.700000017881393,
          9.199999988079071,
          10.300000011920929,
          10.799999982118607,
          10.900000005960464,
          11.400000005960464,
          16.400000005960464,
          11.199999988079071,
          10.800000011920929,
          9.5,
          9.699999988079071,
          10.5,
          11.199999988079071,
          10.900000005960464,
          16.400000005960464,
          11.400000005960464,
          11.699999988079071,
          17.200000017881393,
          9.199999988079071,
          10.099999994039536,
          9.900000005960464,
          9.800000011920929,
          9.799999982118607,
          10.700000017881393,
          9.400000005960464,
          10.5,
          9.799999982118607,
          11,
          11.599999994039536,
          11.100000023841858,
          11.099999994039536,
          15.599999994039536,
          11.5,
          12.099999994039536,
          16,
          10.800000011920929,
          10.699999988079071,
          10.800000011920929,
          11.299999982118607,
          9.100000023841858,
          11,
          9.399999976158142,
          9.5,
          10.100000023841858,
          10.5,
          11.199999988079071,
          16.099999994039536,
          10.400000005960464,
          11.300000011920929,
          9.599999994039536,
          9.799999982118607
        ],
        "liveDocuments": [
          "first",
          "second"
        ],
        "observedUnicode": "東京/emoji-😀/é/second/2",
        "projectId": "demo-fireside-phase2-browser",
        "runId": "streaming-fireside-disk-measured-1-mtimbnnk",
        "variant": "streaming"
      }
    },
    {
      "benchmark": {
        "maximumMilliseconds": 22.30000001192093,
        "p99Milliseconds": 21.69999998807907,
        "sampleCount": 100,
        "thresholdMilliseconds": 2000
      },
      "network": {
        "droppedBackchannels": 1,
        "delayedBackchannels": 1,
        "listenTargetIds": [
          1002,
          1004
        ],
        "listenTraffic": 112,
        "reconnectMilliseconds": 3.55791599999975,
        "terminateRequests": 2,
        "variants": [
          "0",
          "1"
        ],
        "writeTraffic": 108
      },
      "repetition": 1,
      "result": {
        "initialDocuments": [
          "first",
          "second"
        ],
        "listenerDeliveryMilliseconds": [
          14.599999994039536,
          9,
          10.599999994039536,
          9.700000017881393,
          10.299999982118607,
          9.400000005960464,
          11.300000011920929,
          8.900000005960464,
          9.799999982118607,
          10.800000011920929,
          10.599999994039536,
          9.099999994039536,
          9.800000011920929,
          10.699999988079071,
          10.400000005960464,
          19.30000001192093,
          20.399999976158142,
          20.80000001192093,
          21.400000005960464,
          18.799999982118607,
          20.400000005960464,
          19.80000001192093,
          21.099999994039536,
          19.19999998807907,
          20.400000005960464,
          18.700000017881393,
          19.899999976158142,
          19.400000005960464,
          11.300000011920929,
          18.599999994039536,
          20.599999994039536,
          20.100000023841858,
          20.69999998807907,
          20.400000005960464,
          18.900000005960464,
          19,
          11,
          10.299999982118607,
          19.30000001192093,
          11.300000011920929,
          20.399999976158142,
          21,
          19.100000023841858,
          18.399999976158142,
          21.100000023841858,
          20.69999998807907,
          19.099999994039536,
          20.30000001192093,
          19.5,
          20.400000005960464,
          19.899999976158142,
          20.100000023841858,
          19.599999994039536,
          19.400000005960464,
          10.799999982118607,
          20.5,
          19.700000017881393,
          20.399999976158142,
          19.700000017881393,
          18.5,
          11,
          20.19999998807907,
          20.5,
          18.700000017881393,
          19.19999998807907,
          11.800000011920929,
          19.399999976158142,
          22.30000001192093,
          18.19999998807907,
          20.700000017881393,
          19.900000005960464,
          19.599999994039536,
          19.799999982118607,
          20.30000001192093,
          18.599999994039536,
          11,
          18.900000005960464,
          19.5,
          12.099999994039536,
          20.100000023841858,
          19.799999982118607,
          19.700000017881393,
          19.599999994039536,
          20.599999994039536,
          19.400000005960464,
          19.19999998807907,
          20.200000017881393,
          20.799999982118607,
          20,
          20.30000001192093,
          20,
          19.5,
          20,
          18.900000005960464,
          21.69999998807907,
          19.099999994039536,
          20.400000005960464,
          20.69999998807907,
          19.100000023841858,
          20.399999976158142
        ],
        "liveDocuments": [
          "first",
          "second"
        ],
        "observedUnicode": "東京/emoji-😀/é/second/2",
        "projectId": "demo-fireside-phase2-browser",
        "runId": "buffering-proxy-auto-detection-fireside-disk-measured-1-mtimboxg",
        "variant": "buffering-proxy-auto-detection"
      }
    }
  ],
  "schemaVersion": 1,
  "target": "fireside",
  "targetVersion": "repository-revision",
  "warmupRepetitions": 0
}
