$ /home/sanjevi/.local/share/mise/installs/node/24.20.0/bin/node --import tsx /home/sanjevi/fireside-phase3-full-gate-20260901T200051+0800-91e3c62/conformance/src/webchannel/run-browser-demo.ts --release --skip-build --repetitions 1 --output /home/sanjevi/fireside-phase3-full-gate-20260901T200051+0800-91e3c62/conformance/reports/phase-3-metrics/full-gate-20260901T200051+0800-91e3c62/browser-memory.json --rules /home/sanjevi/fireside-phase3-full-gate-20260901T200051+0800-91e3c62/conformance/fixtures/phase3-browser.rules --mock-user-token '{"iat":1788264138,"phase":3,"role":"editor","sub":"phase3-browser"}'
{
  "browserVersion": "150.0.7871.124",
  "completedAt": "2026-09-01T12:02:56.394Z",
  "mode": "memory",
  "mockUserTokenConfigured": true,
  "passed": true,
  "projectId": "demo-fireside-phase2-browser",
  "repetitions": 1,
  "resources": {
    "peakRssBytes": 14069760,
    "peakVmHwmBytes": 14069760,
    "sampleCount": 65,
    "supported": true
  },
  "results": [
    {
      "benchmark": {
        "maximumMilliseconds": 22.099999994039536,
        "p99Milliseconds": 21.299999982118607,
        "sampleCount": 100,
        "thresholdMilliseconds": 1500
      },
      "network": {
        "droppedBackchannels": 1,
        "delayedBackchannels": 0,
        "listenTargetIds": [
          1002,
          1004
        ],
        "listenTraffic": 111,
        "reconnectMilliseconds": 4.583754999999883,
        "terminateRequests": 2,
        "variants": [
          "1"
        ],
        "writeTraffic": 214
      },
      "repetition": 1,
      "result": {
        "initialDocuments": [
          "first",
          "second"
        ],
        "listenerDeliveryMilliseconds": [
          21.299999982118607,
          20.599999994039536,
          17.900000005960464,
          12.300000011920929,
          16.299999982118607,
          10.600000023841858,
          11.299999982118607,
          18.700000017881393,
          11,
          18.799999982118607,
          17.700000017881393,
          13,
          14.599999994039536,
          18.69999998807907,
          17.700000017881393,
          17.899999976158142,
          9.800000011920929,
          11.199999988079071,
          11.400000005960464,
          11.599999994039536,
          16.80000001192093,
          10.800000011920929,
          11.099999994039536,
          11.5,
          15.199999988079071,
          11.100000023841858,
          10.599999994039536,
          10.400000005960464,
          9.399999976158142,
          11.100000023841858,
          11.599999994039536,
          16.099999994039536,
          10.900000005960464,
          9.599999994039536,
          19.30000001192093,
          16.19999998807907,
          14.300000011920929,
          12.299999982118607,
          18.200000017881393,
          14.199999988079071,
          15.699999988079071,
          13.400000005960464,
          17.099999994039536,
          12.300000011920929,
          18.400000005960464,
          22.099999994039536,
          19.200000017881393,
          20.399999976158142,
          17.900000005960464,
          13.099999994039536,
          16.100000023841858,
          11.399999976158142,
          18.200000017881393,
          11.400000005960464,
          13.199999988079071,
          16.900000005960464,
          14.799999982118607,
          17.30000001192093,
          16.400000005960464,
          10.5,
          13.5,
          17.299999982118607,
          13,
          17.30000001192093,
          19.099999994039536,
          14.099999994039536,
          16.600000023841858,
          13.900000005960464,
          16.69999998807907,
          14.199999988079071,
          13.400000005960464,
          10.300000011920929,
          9,
          10.099999994039536,
          10.199999988079071,
          10.600000023841858,
          10.599999994039536,
          9.699999988079071,
          10.099999994039536,
          20.5,
          21,
          18.600000023841858,
          11.699999988079071,
          18.19999998807907,
          12.5,
          17.400000005960464,
          10.5,
          12.400000005960464,
          17.099999994039536,
          11.300000011920929,
          18.599999994039536,
          11.599999994039536,
          19.400000005960464,
          10.300000011920929,
          20.5,
          20.599999994039536,
          20.900000005960464,
          20.399999976158142,
          19.600000023841858,
          20.5
        ],
        "liveDocuments": [
          "first",
          "second"
        ],
        "observedUnicode": "東京/emoji-😀/é/second/2",
        "projectId": "demo-fireside-phase2-browser",
        "runId": "long-polling-fireside-memory-measured-1-mtimbcn7",
        "variant": "long-polling"
      }
    },
    {
      "benchmark": {
        "maximumMilliseconds": 17.399999976158142,
        "p99Milliseconds": 16.69999998807907,
        "sampleCount": 100,
        "thresholdMilliseconds": 1000
      },
      "network": {
        "droppedBackchannels": 1,
        "delayedBackchannels": 0,
        "listenTargetIds": [
          1002,
          1004
        ],
        "listenTraffic": 6,
        "reconnectMilliseconds": 3.585305999999946,
        "terminateRequests": 2,
        "variants": [
          "0"
        ],
        "writeTraffic": 108
      },
      "repetition": 1,
      "result": {
        "initialDocuments": [
          "first",
          "second"
        ],
        "listenerDeliveryMilliseconds": [
          9.900000005960464,
          9.200000017881393,
          7,
          9.699999988079071,
          10.599999994039536,
          10.800000011920929,
          9.900000005960464,
          11.099999994039536,
          12,
          16.69999998807907,
          10.099999994039536,
          10.699999988079071,
          11.800000011920929,
          17.399999976158142,
          11.200000017881393,
          11.5,
          11.199999988079071,
          15.099999994039536,
          11.200000017881393,
          11.099999994039536,
          11.400000005960464,
          16.69999998807907,
          11,
          11.599999994039536,
          12.100000023841858,
          15.599999994039536,
          11.400000005960464,
          11.099999994039536,
          11.400000005960464,
          16.099999994039536,
          10.799999982118607,
          10.5,
          10.300000011920929,
          10.900000005960464,
          9.400000005960464,
          8,
          9.599999994039536,
          9.900000005960464,
          10.099999994039536,
          10.199999988079071,
          10.099999994039536,
          10,
          10.300000011920929,
          10.900000005960464,
          10.199999988079071,
          10.800000011920929,
          11,
          10.699999988079071,
          16.30000001192093,
          10.699999988079071,
          10.5,
          11.200000017881393,
          10.799999982118607,
          16.400000005960464,
          10.800000011920929,
          11.299999982118607,
          10.700000017881393,
          10.899999976158142,
          15.900000005960464,
          10.900000005960464,
          11.199999988079071,
          11.200000017881393,
          10.599999994039536,
          16,
          11.300000011920929,
          11.199999988079071,
          10.900000005960464,
          11.699999988079071,
          15.599999994039536,
          12,
          10.900000005960464,
          12.200000017881393,
          14.299999982118607,
          10.900000005960464,
          11.300000011920929,
          11,
          11.299999982118607,
          16.5,
          10.800000011920929,
          9.400000005960464,
          10,
          8.699999988079071,
          10.599999994039536,
          9.599999994039536,
          10,
          10.300000011920929,
          10.099999994039536,
          9.599999994039536,
          9.700000017881393,
          10.299999982118607,
          11.100000023841858,
          10.899999976158142,
          10.5,
          10.5,
          10.900000005960464,
          10.700000017881393,
          15.799999982118607,
          10.800000011920929,
          11,
          10.699999988079071
        ],
        "liveDocuments": [
          "first",
          "second"
        ],
        "observedUnicode": "東京/emoji-😀/é/second/2",
        "projectId": "demo-fireside-phase2-browser",
        "runId": "streaming-fireside-memory-measured-1-mtimbe9b",
        "variant": "streaming"
      }
    },
    {
      "benchmark": {
        "maximumMilliseconds": 21.19999998807907,
        "p99Milliseconds": 21.099999994039536,
        "sampleCount": 100,
        "thresholdMilliseconds": 2000
      },
      "network": {
        "droppedBackchannels": 1,
        "delayedBackchannels": 1,
        "listenTargetIds": [
          1002,
          1004
        ],
        "listenTraffic": 111,
        "reconnectMilliseconds": 3.9413549999999304,
        "terminateRequests": 2,
        "variants": [
          "0",
          "1"
        ],
        "writeTraffic": 108
      },
      "repetition": 1,
      "result": {
        "initialDocuments": [
          "first",
          "second"
        ],
        "listenerDeliveryMilliseconds": [
          17.30000001192093,
          20.599999994039536,
          17.599999994039536,
          12.699999988079071,
          18.400000005960464,
          20,
          11.599999994039536,
          18,
          19.80000001192093,
          11.400000005960464,
          18.5,
          11.300000011920929,
          20.299999982118607,
          21,
          19.5,
          19.30000001192093,
          21.099999994039536,
          19.80000001192093,
          19.599999994039536,
          21.19999998807907,
          19.200000017881393,
          20.099999994039536,
          20.299999982118607,
          19.600000023841858,
          20,
          19.69999998807907,
          20.599999994039536,
          20.099999994039536,
          19.899999976158142,
          19.900000005960464,
          19.900000005960464,
          19.80000001192093,
          19.69999998807907,
          20.599999994039536,
          19.400000005960464,
          19.599999994039536,
          20.600000023841858,
          19.19999998807907,
          20,
          20,
          20.30000001192093,
          20.299999982118607,
          20.900000005960464,
          19.200000017881393,
          19.799999982118607,
          20.099999994039536,
          20,
          19.80000001192093,
          20.19999998807907,
          19.600000023841858,
          19.799999982118607,
          20.200000017881393,
          20.299999982118607,
          20.400000005960464,
          19.80000001192093,
          20.299999982118607,
          19.80000001192093,
          19.19999998807907,
          20.700000017881393,
          20.299999982118607,
          19.5,
          20.599999994039536,
          19.30000001192093,
          19.900000005960464,
          20.5,
          19.900000005960464,
          19.69999998807907,
          20.5,
          19.400000005960464,
          20.69999998807907,
          19.200000017881393,
          20.399999976158142,
          20,
          19.700000017881393,
          20.299999982118607,
          20.100000023841858,
          20.099999994039536,
          19.5,
          20.299999982118607,
          19.5,
          20.700000017881393,
          19.799999982118607,
          20.5,
          19,
          20.400000005960464,
          19.5,
          20,
          21,
          19.30000001192093,
          20.19999998807907,
          19.900000005960464,
          19.80000001192093,
          19.799999982118607,
          19.700000017881393,
          21.099999994039536,
          19.099999994039536,
          20.69999998807907,
          19.5,
          20.80000001192093,
          20.400000005960464
        ],
        "liveDocuments": [
          "first",
          "second"
        ],
        "observedUnicode": "東京/emoji-😀/é/second/2",
        "projectId": "demo-fireside-phase2-browser",
        "runId": "buffering-proxy-auto-detection-fireside-memory-measured-1-mtimbfjq",
        "variant": "buffering-proxy-auto-detection"
      }
    }
  ],
  "schemaVersion": 1,
  "target": "fireside",
  "targetVersion": "repository-revision",
  "warmupRepetitions": 0
}
