$ cargo clippy --workspace --all-targets -- -D warnings
   Compiling proc-macro2 v1.0.107
   Compiling quote v1.0.47
   Compiling unicode-ident v1.0.24
   Compiling serde_core v1.0.229
    Checking itoa v1.0.18
    Checking bytes v1.12.1
    Checking typenum v1.20.1
   Compiling libc v0.2.189
   Compiling semver v1.0.28
   Compiling serde v1.0.229
   Compiling anyhow v1.0.104
   Compiling either v1.18.0
    Checking pin-project-lite v0.2.17
    Checking futures-core v0.3.34
    Checking memchr v2.8.3
    Checking once_cell v1.21.4
    Checking cfg-if v1.0.4
   Compiling rustc_version v0.4.1
   Compiling itertools v0.14.0
   Compiling zmij v1.0.23
   Compiling serde_json v1.0.151
   Compiling regex-syntax v0.8.11
    Checking tracing-core v0.1.36
    Checking http v1.5.0
    Checking log v0.4.34
    Checking smallvec v1.15.2
   Compiling version_check v0.9.5
   Compiling crc32c v0.6.8
   Compiling redb v4.2.0
   Compiling syn v2.0.119
   Compiling syn v3.0.4
   Compiling im v15.1.0
    Checking equivalent v1.0.2
    Checking futures-sink v0.3.34
   Compiling virtue v0.0.18
    Checking slab v0.4.12
    Checking bitmaps v2.1.0
    Checking hashbrown v0.17.1
    Checking rand_core v0.6.4
    Checking rand_xoshiro v0.6.0
    Checking http-body v1.1.0
    Checking socket2 v0.6.5
    Checking mio v1.2.2
    Checking percent-encoding v2.3.2
    Checking unty v0.0.4
    Checking stable_deref_trait v1.2.1
    Checking hybrid-array v0.4.14
   Compiling aho-corasick v1.1.5
    Checking futures-task v0.3.34
    Checking indexmap v2.14.0
    Checking sized-chunks v0.6.5
   Compiling bincode_derive v2.0.1
   Compiling httparse v1.10.1
    Checking tower-service v0.3.3
    Checking fnv v1.0.7
    Checking base64 v0.22.1
    Checking atomic-waker v1.1.2
    Checking try-lock v0.2.5
    Checking want v0.3.1
    Checking block-buffer v0.12.1
    Checking crypto-common v0.2.2
    Checking futures-channel v0.3.34
    Checking httpdate v1.0.3
    Checking smol_str v0.3.6
    Checking const-oid v0.10.2
    Checking form_urlencoded v1.2.2
    Checking sync_wrapper v1.0.2
    Checking base64 v0.23.1
   Compiling regex-automata v0.4.18
    Checking digest v0.11.3
   Compiling bitflags v2.13.1
    Checking ipnet v2.12.1
    Checking tower-layer v0.3.3
    Checking deranged v0.5.8
   Compiling heck v0.5.0
   Compiling find-msvc-tools v0.1.11
    Checking num-conv v0.2.2
   Compiling prettyplease v0.2.37
    Checking powerfmt v0.2.0
   Compiling pulldown-cmark v0.13.4
    Checking cpufeatures v0.3.1
   Compiling shlex v2.0.1
    Checking time-core v0.1.9
   Compiling getrandom v0.4.3
   Compiling rustix v1.1.4
    Checking sha2 v0.11.0
   Compiling cc v1.4.4
    Checking md-5 v0.11.0
    Checking http-body-util v0.1.5
    Checking ryu v1.0.23
   Compiling linux-raw-sys v0.12.1
    Checking litemap v0.8.3
   Compiling foldhash v0.1.5
   Compiling unicase v2.9.0
    Checking writeable v0.6.4
   Compiling hashbrown v0.15.5
   Compiling logos-codegen v0.15.1
    Checking time v0.3.55
   Compiling icu_normalizer_data v2.3.0
   Compiling fastrand v2.5.0
    Checking utf8_iter v1.0.4
    Checking mime v0.3.17
   Compiling fixedbitset v0.5.7
   Compiling icu_properties_data v2.3.0
   Compiling synstructure v0.13.2
    Checking serde_path_to_error v0.1.20
   Compiling pulldown-cmark-to-cmark v22.0.1
   Compiling multimap v0.10.1
   Compiling petgraph v0.8.3
    Checking matchit v0.8.4
   Compiling lazy_static v1.5.0
   Compiling beef v0.5.2
   Compiling thiserror v2.0.20
   Compiling regex v1.13.1
   Compiling logos-codegen v0.16.1
   Compiling tempfile v3.27.0
   Compiling unicode-width v0.1.14
   Compiling serde_derive v1.0.229
   Compiling tokio-macros v2.7.2
   Compiling futures-macro v0.3.34
   Compiling zerovec-derive v0.11.6
   Compiling displaydoc v0.2.7
   Compiling thiserror-impl v2.0.20
    Checking fireside-rules-engine v0.0.1 (/home/sanjevi/fireside-phase3-full-gate-20260901T200051+0800-91e3c62/crates/rules-engine)
    Checking tokio v1.53.1
   Compiling prost-derive v0.14.4
   Compiling tracing-attributes v0.1.31
   Compiling zerofrom-derive v0.1.7
   Compiling yoke-derive v0.8.2
    Checking futures-util v0.3.34
   Compiling miette-derive v7.6.0
   Compiling logos-derive v0.15.1
   Compiling autocfg v1.5.1
   Compiling ring v0.17.14
   Compiling logos v0.15.1
   Compiling logos-derive v0.16.1
   Compiling pin-project-internal v1.1.13
   Compiling num-traits v0.2.19
   Compiling logos v0.16.1
   Compiling tonic-build v0.14.6
    Checking tracing v0.1.44
    Checking zeroize v1.9.0
    Checking zerofrom v0.1.8
    Checking rustls-pki-types v1.15.1
    Checking axum-core v0.5.6
    Checking yoke v0.8.3
   Compiling prost v0.14.4
    Checking zerovec v0.11.8
    Checking zerotrie v0.2.5
   Compiling miette v7.6.0
   Compiling async-trait v0.1.92
   Compiling prost-types v0.14.4
    Checking getrandom v0.2.17
    Checking pin-project v1.1.13
    Checking untrusted v0.9.0
    Checking chrono v0.4.45
   Compiling rustls v0.23.43
    Checking subtle v2.6.1
    Checking webpki-roots v1.0.9
    Checking utf8parse v0.2.2
    Checking tinystr v0.8.4
    Checking potential_utf v0.1.6
    Checking anstyle-parse v1.0.0
    Checking icu_collections v2.3.0
   Compiling libmimalloc-sys v0.1.49
    Checking icu_locale_core v2.3.0
    Checking anstyle v1.0.14
    Checking anstyle-query v1.1.5
    Checking colorchoice v1.0.5
    Checking is_terminal_polyfill v1.70.2
    Checking cty v0.2.2
    Checking anstream v1.0.0
    Checking strsim v0.11.1
    Checking clap_lex v1.1.0
   Compiling clap_derive v4.6.4
    Checking clap_builder v4.6.6
    Checking icu_provider v2.3.1
    Checking bincode v2.0.1
    Checking serde_urlencoded v0.7.1
    Checking pbjson v0.9.0
   Compiling prost-build v0.14.4
    Checking icu_normalizer v2.3.0
    Checking icu_properties v2.3.0
   Compiling pbjson-build v0.9.0
   Compiling prost-reflect v0.16.5
   Compiling protox-parse v0.9.0
    Checking tokio-util v0.7.19
    Checking tokio-stream v0.1.19
    Checking fireside-core-store v0.0.1 (/home/sanjevi/fireside-phase3-full-gate-20260901T200051+0800-91e3c62/crates/core-store)
   Compiling tonic-prost-build v0.14.6
    Checking h2 v0.4.19
    Checking tower v0.5.3
    Checking mimalloc v0.1.52
    Checking idna_adapter v1.2.2
    Checking idna v1.1.0
   Compiling pbjson-types v0.9.0
    Checking clap v4.6.6
    Checking url v2.5.8
    Checking fireside-query-engine v0.0.1 (/home/sanjevi/fireside-phase3-full-gate-20260901T200051+0800-91e3c62/crates/query-engine)
    Checking fireside-rules-runtime v0.0.1 (/home/sanjevi/fireside-phase3-full-gate-20260901T200051+0800-91e3c62/crates/rules-runtime)
    Checking fireside-export-format v0.0.1 (/home/sanjevi/fireside-phase3-full-gate-20260901T200051+0800-91e3c62/crates/export-format)
    Checking rustls-webpki v0.103.15
    Checking tower-http v0.6.11
    Checking fireside-watch-broker v0.0.1 (/home/sanjevi/fireside-phase3-full-gate-20260901T200051+0800-91e3c62/crates/watch-broker)
   Compiling protox v0.9.1
   Compiling fireside-grpc-front v0.0.1 (/home/sanjevi/fireside-phase3-full-gate-20260901T200051+0800-91e3c62/crates/grpc-front)
    Checking hyper v1.11.0
    Checking tokio-rustls v0.26.4
    Checking hyper-util v0.1.20
    Checking axum v0.8.9
    Checking hyper-timeout v0.5.2
    Checking hyper-rustls v0.27.9
    Checking reqwest v0.12.28
    Checking tonic v0.14.6
    Checking fireside-capture-proxy v0.0.1 (/home/sanjevi/fireside-phase3-full-gate-20260901T200051+0800-91e3c62/crates/capture-proxy)
    Checking fireside-rest-front v0.0.1 (/home/sanjevi/fireside-phase3-full-gate-20260901T200051+0800-91e3c62/crates/rest-front)
    Checking tonic-prost v0.14.6
    Checking fireside-webchannel-front v0.0.1 (/home/sanjevi/fireside-phase3-full-gate-20260901T200051+0800-91e3c62/crates/webchannel-front)
    Checking fireside v0.0.1 (/home/sanjevi/fireside-phase3-full-gate-20260901T200051+0800-91e3c62/crates/cli)
    Finished `dev` profile [unoptimized + debuginfo] target(s) in 28.25s
