npm notice run fireside-conformance@0.0.1 test:webchannel:browser:disk
npm notice run node --import tsx src/webchannel/run-browser-demo.ts --disk --output /Users/sanjevirau/Desktop/fireside/reports/phase-4-metrics/full-gate-20260902T0502+0800-b53f3796/evidence/phase3-regression/evidence/phase2-regression/evidence/.browser-disk-wal.json
    Finished `dev` profile [unoptimized + debuginfo] target(s) in 0.13s
{
  "browserVersion": "152.0.7977.65",
  "completedAt": "2026-09-01T21:43:55.368Z",
  "mode": "disk-wal",
  "mockUserTokenConfigured": false,
  "passed": true,
  "projectId": "demo-fireside-phase2-browser",
  "repetitions": 1,
  "resources": {
    "sampleCount": 0,
    "supported": false
  },
  "results": [
    {
      "benchmark": {
        "maximumMilliseconds": 23.100000023841858,
        "p99Milliseconds": 21.899999976158142,
        "sampleCount": 100,
        "thresholdMilliseconds": 1500
      },
      "network": {
        "droppedBackchannels": 1,
        "delayedBackchannels": 0,
        "listenTargetIds": [
          1002,
          1004
        ],
        "listenTraffic": 112,
        "reconnectMilliseconds": 1.4611250000002656,
        "terminateRequests": 2,
        "variants": [
          "1"
        ],
        "writeTraffic": 212
      },
      "repetition": 1,
      "result": {
        "initialDocuments": [
          "first",
          "second"
        ],
        "listenerDeliveryMilliseconds": [
          15.299999952316284,
          17.799999952316284,
          16.90000009536743,
          17.199999928474426,
          16.899999976158142,
          17.90000009536743,
          16,
          18.5,
          17.199999928474426,
          17.600000023841858,
          17.100000023841858,
          17.600000023841858,
          18.09999990463257,
          18.200000047683716,
          21.899999976158142,
          18,
          17.899999976158142,
          19.90000009536743,
          21,
          20.399999976158142,
          17.899999976158142,
          18.700000047683716,
          18.5,
          17.899999976158142,
          18,
          19.199999928474426,
          18.700000047683716,
          16.899999976158142,
          18.200000047683716,
          17.299999952316284,
          17.600000023841858,
          17.899999976158142,
          17.899999976158142,
          19.399999976158142,
          19,
          20.700000047683716,
          19.200000047683716,
          19.09999990463257,
          17.90000009536743,
          19,
          18.799999952316284,
          19.299999952316284,
          17,
          19.40000009536743,
          21.59999990463257,
          17.800000071525574,
          17.899999976158142,
          18,
          18.700000047683716,
          19.399999976158142,
          18.100000023841858,
          19.5,
          20.299999952316284,
          19.299999952316284,
          16.5,
          18.200000047683716,
          17.799999952316284,
          18.100000023841858,
          17.800000071525574,
          18.5,
          19,
          19.09999990463257,
          17.800000071525574,
          18.899999976158142,
          19,
          18.700000047683716,
          18.5,
          18.899999976158142,
          18.100000023841858,
          17.699999928474426,
          18.399999976158142,
          19.40000009536743,
          17.59999990463257,
          19.200000047683716,
          19.200000047683716,
          18.59999990463257,
          18.800000071525574,
          19.100000023841858,
          19.09999990463257,
          21.100000023841858,
          19,
          18.899999976158142,
          19.5,
          19.600000023841858,
          18.899999976158142,
          19.700000047683716,
          19.299999952316284,
          18.800000071525574,
          19.09999990463257,
          17.700000047683716,
          19.399999976158142,
          18.899999976158142,
          18.700000047683716,
          18.399999976158142,
          19.100000023841858,
          19,
          18.700000047683716,
          19,
          18.899999976158142,
          23.100000023841858
        ],
        "liveDocuments": [
          "first",
          "second"
        ],
        "observedUnicode": "東京/emoji-😀/é/second/2",
        "projectId": "demo-fireside-phase2-browser",
        "runId": "long-polling-fireside-disk-measured-1-mtj72hfh",
        "variant": "long-polling"
      }
    },
    {
      "benchmark": {
        "maximumMilliseconds": 19.600000023841858,
        "p99Milliseconds": 19.300000071525574,
        "sampleCount": 100,
        "thresholdMilliseconds": 1000
      },
      "network": {
        "droppedBackchannels": 1,
        "delayedBackchannels": 0,
        "listenTargetIds": [
          1002,
          1004
        ],
        "listenTraffic": 6,
        "reconnectMilliseconds": 1.4726250000003347,
        "terminateRequests": 2,
        "variants": [
          "0"
        ],
        "writeTraffic": 108
      },
      "repetition": 1,
      "result": {
        "initialDocuments": [
          "first",
          "second"
        ],
        "listenerDeliveryMilliseconds": [
          17.699999928474426,
          15.900000095367432,
          17.600000023841858,
          19.300000071525574,
          17,
          17,
          15.799999952316284,
          15,
          15.200000047683716,
          16.899999976158142,
          16.100000023841858,
          17,
          17.09999990463257,
          17.800000071525574,
          17.100000023841858,
          17.199999928474426,
          18.300000071525574,
          17.399999976158142,
          16.199999928474426,
          17.899999976158142,
          18.90000009536743,
          18.399999976158142,
          17.600000023841858,
          15.799999952316284,
          16.200000047683716,
          16.899999976158142,
          17.199999928474426,
          15.800000071525574,
          17.100000023841858,
          17.899999976158142,
          16.199999928474426,
          15.800000071525574,
          17.199999928474426,
          17.800000071525574,
          18.199999928474426,
          17.90000009536743,
          17.399999976158142,
          18.799999952316284,
          18.200000047683716,
          18,
          18.799999952316284,
          16.899999976158142,
          17.300000071525574,
          16.5,
          16.299999952316284,
          16.800000071525574,
          17.199999928474426,
          16.700000047683716,
          17.100000023841858,
          16.899999976158142,
          17.199999928474426,
          15.800000071525574,
          15.199999928474426,
          16.800000071525574,
          16.100000023841858,
          16.899999976158142,
          16,
          17.100000023841858,
          17.09999990463257,
          17.100000023841858,
          18.200000047683716,
          15.699999928474426,
          17.100000023841858,
          16.800000071525574,
          17.199999928474426,
          18,
          18.300000071525574,
          17.59999990463257,
          17.40000009536743,
          18.399999976158142,
          17,
          18.199999928474426,
          17.90000009536743,
          16.799999952316284,
          17.200000047683716,
          16.799999952316284,
          17.200000047683716,
          17.09999990463257,
          17.90000009536743,
          17.09999990463257,
          18,
          18.200000047683716,
          17.899999976158142,
          17.899999976158142,
          17.800000071525574,
          17.799999952316284,
          17.5,
          18,
          18.899999976158142,
          18,
          17,
          18.5,
          19.600000023841858,
          18.800000071525574,
          17.899999976158142,
          18,
          17.899999976158142,
          16.899999976158142,
          16.600000023841858,
          17.399999976158142
        ],
        "liveDocuments": [
          "first",
          "second"
        ],
        "observedUnicode": "東京/emoji-😀/é/second/2",
        "projectId": "demo-fireside-phase2-browser",
        "runId": "streaming-fireside-disk-measured-1-mtj72jah",
        "variant": "streaming"
      }
    },
    {
      "benchmark": {
        "maximumMilliseconds": 24.299999952316284,
        "p99Milliseconds": 20.200000047683716,
        "sampleCount": 100,
        "thresholdMilliseconds": 2000
      },
      "network": {
        "droppedBackchannels": 1,
        "delayedBackchannels": 1,
        "listenTargetIds": [
          1002,
          1004
        ],
        "listenTraffic": 113,
        "reconnectMilliseconds": 1.2622910000000047,
        "terminateRequests": 2,
        "variants": [
          "0",
          "1"
        ],
        "writeTraffic": 108
      },
      "repetition": 1,
      "result": {
        "initialDocuments": [
          "first",
          "second"
        ],
        "listenerDeliveryMilliseconds": [
          15,
          15.899999976158142,
          16,
          16,
          17.100000023841858,
          16.799999952316284,
          16.100000023841858,
          16,
          17,
          16.600000023841858,
          18.5,
          18.199999928474426,
          16.899999976158142,
          18,
          17.100000023841858,
          16.899999976158142,
          17.100000023841858,
          17.200000047683716,
          19,
          17.600000023841858,
          18.299999952316284,
          18,
          19.100000023841858,
          18.199999928474426,
          17.5,
          17.90000009536743,
          16,
          17.899999976158142,
          17.799999952316284,
          16,
          14.899999976158142,
          13.900000095367432,
          15.199999928474426,
          13.899999976158142,
          14.100000023841858,
          15.100000023841858,
          16.799999952316284,
          14.900000095367432,
          16.199999928474426,
          17.100000023841858,
          17,
          15.100000023841858,
          17.399999976158142,
          16.5,
          17.200000047683716,
          15.899999976158142,
          18.100000023841858,
          17.299999952316284,
          17.899999976158142,
          17.899999976158142,
          18.100000023841858,
          18.399999976158142,
          17.700000047683716,
          16.899999976158142,
          17.700000047683716,
          17.5,
          18.899999976158142,
          17.600000023841858,
          17.09999990463257,
          18,
          18,
          18,
          18.300000071525574,
          17.799999952316284,
          18.100000023841858,
          18.100000023841858,
          19.199999928474426,
          19.600000023841858,
          19.300000071525574,
          18.799999952316284,
          19,
          18.899999976158142,
          18,
          17.899999976158142,
          18.100000023841858,
          17.899999976158142,
          18.700000047683716,
          18.700000047683716,
          18.899999976158142,
          19,
          18.899999976158142,
          19.100000023841858,
          19.399999976158142,
          19.899999976158142,
          18.700000047683716,
          19.399999976158142,
          18.700000047683716,
          19,
          19,
          19.09999990463257,
          18.90000009536743,
          19.09999990463257,
          18.90000009536743,
          24.299999952316284,
          19.799999952316284,
          20.200000047683716,
          19.899999976158142,
          18.899999976158142,
          19.600000023841858,
          18.300000071525574
        ],
        "liveDocuments": [
          "first",
          "second"
        ],
        "observedUnicode": "東京/emoji-😀/é/second/2",
        "projectId": "demo-fireside-phase2-browser",
        "runId": "buffering-proxy-auto-detection-fireside-disk-measured-1-mtj72l3k",
        "variant": "buffering-proxy-auto-detection"
      }
    }
  ],
  "schemaVersion": 1,
  "target": "fireside",
  "targetVersion": "repository-revision",
  "warmupRepetitions": 0
}
