npm notice run fireside-conformance@0.0.1 test:webchannel:browser
npm notice run node --import tsx src/webchannel/run-browser-demo.ts --output /Users/sanjevirau/Desktop/fireside/reports/phase-4-metrics/full-gate-20260902T0502+0800-b53f3796/evidence/phase3-regression/evidence/phase2-regression/evidence/.browser-memory.json
    Finished `dev` profile [unoptimized + debuginfo] target(s) in 0.42s
{
  "browserVersion": "152.0.7977.65",
  "completedAt": "2026-09-01T21:43:40.527Z",
  "mode": "memory",
  "mockUserTokenConfigured": false,
  "passed": true,
  "projectId": "demo-fireside-phase2-browser",
  "repetitions": 1,
  "resources": {
    "sampleCount": 0,
    "supported": false
  },
  "results": [
    {
      "benchmark": {
        "maximumMilliseconds": 12.199999928474426,
        "p99Milliseconds": 12.100000023841858,
        "sampleCount": 100,
        "thresholdMilliseconds": 1500
      },
      "network": {
        "droppedBackchannels": 1,
        "delayedBackchannels": 0,
        "listenTargetIds": [
          1002,
          1004
        ],
        "listenTraffic": 110,
        "reconnectMilliseconds": 1.2542499999999563,
        "terminateRequests": 2,
        "variants": [
          "1"
        ],
        "writeTraffic": 214
      },
      "repetition": 1,
      "result": {
        "initialDocuments": [
          "first",
          "second"
        ],
        "listenerDeliveryMilliseconds": [
          11.200000047683716,
          9.5,
          12.199999928474426,
          6.900000095367432,
          10.5,
          10.299999952316284,
          9.5,
          10.299999952316284,
          10.300000071525574,
          10.299999952316284,
          9.399999976158142,
          10.5,
          9.300000071525574,
          11,
          8.399999976158142,
          10.799999952316284,
          10.800000071525574,
          9.600000023841858,
          10.599999904632568,
          9.400000095367432,
          9.5,
          11,
          9.599999904632568,
          9.700000047683716,
          10.199999928474426,
          10.300000071525574,
          10.100000023841858,
          9.799999952316284,
          9.899999976158142,
          8.600000023841858,
          11,
          9.600000023841858,
          10.600000023841858,
          9.5,
          10.699999928474426,
          9.700000047683716,
          10,
          9.399999976158142,
          11,
          9.899999976158142,
          9.399999976158142,
          9.700000047683716,
          9.5,
          11.100000023841858,
          9.199999928474426,
          10.600000023841858,
          10.700000047683716,
          8.699999928474426,
          10.700000047683716,
          9.700000047683716,
          10.5,
          10.099999904632568,
          10,
          9.900000095367432,
          10.399999976158142,
          8.699999928474426,
          10.600000023841858,
          10.5,
          9.5,
          10.5,
          9.200000047683716,
          9.799999952316284,
          10.800000071525574,
          9.899999976158142,
          9.899999976158142,
          9.899999976158142,
          10.700000047683716,
          9.399999976158142,
          10.299999952316284,
          9.600000023841858,
          10.5,
          9.200000047683716,
          10.5,
          9.600000023841858,
          9.599999904632568,
          10.700000047683716,
          9.700000047683716,
          10.099999904632568,
          10,
          9.900000095367432,
          10.599999904632568,
          9.800000071525574,
          10,
          10.299999952316284,
          9.300000071525574,
          10.299999952316284,
          9.799999952316284,
          10.900000095367432,
          8.5,
          11,
          9.599999904632568,
          11.600000023841858,
          8.300000071525574,
          9.199999928474426,
          12.100000023841858,
          8.399999976158142,
          10.5,
          9.800000071525574,
          10.799999952316284,
          9.5
        ],
        "liveDocuments": [
          "first",
          "second"
        ],
        "observedUnicode": "東京/emoji-😀/é/second/2",
        "projectId": "demo-fireside-phase2-browser",
        "runId": "long-polling-fireside-memory-measured-1-mtj72826",
        "variant": "long-polling"
      }
    },
    {
      "benchmark": {
        "maximumMilliseconds": 12.5,
        "p99Milliseconds": 11.399999976158142,
        "sampleCount": 100,
        "thresholdMilliseconds": 1000
      },
      "network": {
        "droppedBackchannels": 1,
        "delayedBackchannels": 0,
        "listenTargetIds": [
          1002,
          1004
        ],
        "listenTraffic": 6,
        "reconnectMilliseconds": 1.1352500000002692,
        "terminateRequests": 2,
        "variants": [
          "0"
        ],
        "writeTraffic": 108
      },
      "repetition": 1,
      "result": {
        "initialDocuments": [
          "first",
          "second"
        ],
        "listenerDeliveryMilliseconds": [
          10,
          9.399999976158142,
          10.600000023841858,
          9.799999952316284,
          8.600000023841858,
          12.5,
          8.399999976158142,
          11.100000023841858,
          9.899999976158142,
          9.100000023841858,
          10.700000047683716,
          9.899999976158142,
          9.799999952316284,
          8.900000095367432,
          11,
          9.899999976158142,
          9.899999976158142,
          10,
          11.200000047683716,
          8.799999952316284,
          10.299999952316284,
          9.800000071525574,
          10.399999976158142,
          10.299999952316284,
          10.200000047683716,
          8.799999952316284,
          9.700000047683716,
          11.399999976158142,
          10,
          9,
          10.300000071525574,
          10.099999904632568,
          10.100000023841858,
          10.399999976158142,
          9.200000047683716,
          10.399999976158142,
          9.300000071525574,
          10.699999928474426,
          10.200000047683716,
          9.5,
          10.600000023841858,
          9.099999904632568,
          10.400000095367432,
          10.199999928474426,
          9.5,
          10.399999976158142,
          10.700000047683716,
          9,
          10.399999976158142,
          9.100000023841858,
          11.399999976158142,
          10.300000071525574,
          9,
          10.399999976158142,
          9.299999952316284,
          10.899999976158142,
          9.200000047683716,
          10.299999952316284,
          10.400000095367432,
          9.399999976158142,
          10.600000023841858,
          9.299999952316284,
          10.5,
          10.399999976158142,
          9.399999976158142,
          9.700000047683716,
          10.799999952316284,
          8.300000071525574,
          10.899999976158142,
          10.200000047683716,
          10,
          10.299999952316284,
          9.799999952316284,
          9.900000095367432,
          10.5,
          10.299999952316284,
          9.200000047683716,
          10.599999904632568,
          9.200000047683716,
          9.899999976158142,
          10.600000023841858,
          9.100000023841858,
          10.600000023841858,
          10.399999976158142,
          10.299999952316284,
          9.100000023841858,
          10.5,
          9.299999952316284,
          10.600000023841858,
          10.399999976158142,
          9.100000023841858,
          10.200000047683716,
          10.199999928474426,
          10.400000095367432,
          10.899999976158142,
          9,
          10.299999952316284,
          9.300000071525574,
          10.299999952316284,
          9.600000023841858
        ],
        "liveDocuments": [
          "first",
          "second"
        ],
        "observedUnicode": "東京/emoji-😀/é/second/2",
        "projectId": "demo-fireside-phase2-browser",
        "runId": "streaming-fireside-memory-measured-1-mtj72971",
        "variant": "streaming"
      }
    },
    {
      "benchmark": {
        "maximumMilliseconds": 12.299999952316284,
        "p99Milliseconds": 12.200000047683716,
        "sampleCount": 100,
        "thresholdMilliseconds": 2000
      },
      "network": {
        "droppedBackchannels": 1,
        "delayedBackchannels": 1,
        "listenTargetIds": [
          1002,
          1004
        ],
        "listenTraffic": 111,
        "reconnectMilliseconds": 1.299750000000131,
        "terminateRequests": 2,
        "variants": [
          "0",
          "1"
        ],
        "writeTraffic": 108
      },
      "repetition": 1,
      "result": {
        "initialDocuments": [
          "first",
          "second"
        ],
        "listenerDeliveryMilliseconds": [
          8,
          11.200000047683716,
          10.600000023841858,
          10.299999952316284,
          9,
          10.300000071525574,
          10.5,
          10.199999928474426,
          9.100000023841858,
          10.5,
          9.299999952316284,
          10.400000095367432,
          10.699999928474426,
          9.399999976158142,
          10.600000023841858,
          9.700000047683716,
          9.299999952316284,
          9.700000047683716,
          10.899999976158142,
          9.799999952316284,
          10.900000095367432,
          8.799999952316284,
          10.899999976158142,
          9.300000071525574,
          10.799999952316284,
          9.5,
          9.700000047683716,
          10.699999928474426,
          8.100000023841858,
          12.200000047683716,
          9.699999928474426,
          10,
          9.399999976158142,
          9.800000071525574,
          10.699999928474426,
          9.400000095367432,
          9.5,
          11.099999904632568,
          9.600000023841858,
          9.600000023841858,
          10.5,
          10.600000023841858,
          9.600000023841858,
          9.899999976158142,
          9,
          10.799999952316284,
          10,
          10.600000023841858,
          9.799999952316284,
          9.900000095367432,
          9.5,
          8.799999952316284,
          10.200000047683716,
          12.299999952316284,
          8.200000047683716,
          11.5,
          9.599999904632568,
          9.5,
          10.200000047683716,
          9.700000047683716,
          10.299999952316284,
          8.600000023841858,
          11.100000023841858,
          8.799999952316284,
          10.700000047683716,
          11.199999928474426,
          9.600000023841858,
          10.5,
          8.899999976158142,
          10.899999976158142,
          9.300000071525574,
          10.799999952316284,
          9.200000047683716,
          10.699999928474426,
          9.300000071525574,
          10.799999952316284,
          9.5,
          10.100000023841858,
          9.600000023841858,
          9.299999952316284,
          10.899999976158142,
          9.5,
          10.100000023841858,
          10.600000023841858,
          8.5,
          11.799999952316284,
          9.700000047683716,
          9.5,
          11,
          9.600000023841858,
          8.600000023841858,
          11.899999976158142,
          9.799999952316284,
          9.700000047683716,
          9.5,
          9.799999952316284,
          11,
          9.899999976158142,
          9.800000071525574,
          10.299999952316284
        ],
        "liveDocuments": [
          "first",
          "second"
        ],
        "observedUnicode": "東京/emoji-😀/é/second/2",
        "projectId": "demo-fireside-phase2-browser",
        "runId": "buffering-proxy-auto-detection-fireside-memory-measured-1-mtj72abd",
        "variant": "buffering-proxy-auto-detection"
      }
    }
  ],
  "schemaVersion": 1,
  "target": "fireside",
  "targetVersion": "repository-revision",
  "warmupRepetitions": 0
}
