npm notice run fireside-conformance@0.0.1 test:fireside:disk
npm notice run node --import tsx src/run-fireside.ts --disk
WARNING: fireside Security Rules are not configured; client access is open
fireside Firestore persistence: /var/folders/17/97zrc8dn5kj9m8sn51kc0h3w0000gn/T/fireside-conformance-disk-D4A42d (write-ahead journal enabled, redb cache 67108864 bytes)
fireside Firestore listening on 127.0.0.1:56127 with 4 runtime worker thread(s); mimalloc purge delay 0 ms, decommit true
✔ collection-group queries honor an ancestor document (4303.970083ms)
✔ CreateDocument assigns an ID, preserves masked fields, and rejects conflicts (4178.812917ms)
✔ BulkWriter commits independent writes and surfaces per-write errors (5073.819709ms)
✔ BulkWriter accepts a near-5-MiB batch of individually valid documents (1901.257583ms)
✔ list RPCs paginate direct children and preserve masks (323.435ms)
✔ ListDocuments orders fields and requires a collection selector (214.9725ms)
✔ ListDocuments showMissing returns name-only ancestor placeholders (80.697625ms)
✔ BatchWrite reports per-write conflicts and commits independent writes (74.007834ms)
✔ write conflicts return the production gRPC status codes (10292.202416ms)
✔ Admin SDK retries an aborted read-write transaction (1302.878292ms)
✔ target accepts an SDK write/read/delete round trip (4253.72ms)
✔ read_time reconstructs committed versions after a later delete (10312.342958ms)
✔ raw Listen removes a malformed-token target without closing the stream (131.037208ms)
✔ query listeners deliver an initial snapshot and ordered changes (8762.710292ms)
✔ raw Listen resumes after a CURRENT checkpoint without replaying prior documents (1909.045917ms)
✔ raw Listen read_time delivers only changes after the historical snapshot (469.593125ms)
✔ raw Listen falls back to the full target when read_time has expired (221.934916ms)
✔ named databases preserve isolation in the v1 resource path (4294.261291ms)
✔ partitionQuery returns ordered document-name split cursors (8438.201958ms)
✔ ExecutePipeline preserves the production database-edition gate (8489.049334ms)
✔ RunQuery explain separates planning from analyzed execution (8444.350166ms)
✔ RunAggregationQuery explain reports the aggregate result count (1643.169375ms)
✔ queries match the production operator and shaping contract (11350.688792ms)
✔ orderBy follows the production mixed-value order (5529.714709ms)
✔ integer and double ordering does not lose int64 precision (371.165333ms)
✔ REST v1 patches, reads, deletes, and reports missing documents (4830.179542ms)
✔ REST v1 commit, batchGet, and runQuery share document semantics (929.891584ms)
✔ REST v1 commit applies update and document transforms (645.814042ms)
✔ REST v1 preserves the production missing-index status (424.902083ms)
✔ streaming Write performs a tokened handshake and atomic write (5543.32475ms)
✔ nearest-vector queries match production distance semantics (2183.348666ms)
✔ field transforms use the production commit semantics (2053.982667ms)
✔ array transforms use production numeric equality (629.658834ms)
✔ minimum and maximum transforms preserve production numeric types (289.727042ms)
ℹ tests 34
ℹ suites 0
ℹ pass 34
ℹ fail 0
ℹ cancelled 0
ℹ skipped 0
ℹ todo 0
ℹ duration_ms 12457.006375
✔ emulator control APIs register triggers and clear data (113.356167ms)
✔ emulator export writes the named official-format directory (54.522417ms)
ℹ tests 2
ℹ suites 0
ℹ pass 2
ℹ fail 0
ℹ cancelled 0
ℹ skipped 0
ℹ todo 0
ℹ duration_ms 444.818333
