npm notice run fireside-conformance@0.0.1 test
npm notice run node --import tsx --test test/target.test.ts test/endurance-tooling.test.ts test/rest-oracle-fixtures.test.ts test/webchannel-capture.test.ts test/webchannel-fixtures.test.ts test/firebase-js-sdk-karma-evidence.test.ts test/firebase-js-sdk-metadata.test.ts test/phase2-gate-plan.test.ts test/phase2-java-webchannel-comparison.test.ts test/phase3-oracle-plan.test.ts test/phase3-oracle-fixture.test.ts test/phase3-boundary-fixtures.test.ts test/phase3-language-fixture.test.ts test/phase3-java-fixtures.test.ts test/phase3-complex-rules-fixture.test.ts test/phase3-manifest.test.ts test/phase3-gate-plan.test.ts test/phase4-manifest.test.ts test/phase4-gate-plan.test.ts test/phase4-firestore-trigger-fixture.test.ts test/phase4-auth-fixtures.test.ts test/phase4-storage-fixtures.test.ts test/phase4-suite-controls-fixtures.test.ts
✔ frozen endurance schedule preserves the approved operation mix (5.873333ms)
✔ sustained slope observation waits for one full post-warm-up hour (0.233708ms)
✔ frozen working-set payload sizing is internally exact (1.7925ms)
✔ endurance statistics use nearest-rank percentiles and Theil-Sen slope (0.365458ms)
✔ oscillation analysis recovers a shared period and exposes phase sensitivity (588.357291ms)
✔ Linux process telemetry separates resident-page categories (0.623625ms)
✔ a failed endurance criterion raises a durable gate failure (0.279042ms)
✔ controlled host health accepts a quiet current boot (0.245208ms)
✔ controlled host health rejects OOMs and runaway SSH login churn (0.400541ms)
✔ accepts and preserves the pinned native-skip-only partition (2.1145ms)
✔ accepts a normal successful Karma partition (0.323583ms)
✔ rejects failures, empty selections, and infrastructure errors (0.109958ms)
✔ SDK generated metadata is pinned for a gate cell and restored exactly (14.175042ms)
✔ Phase 2 conformance plan matches the unchanged frozen manifest (4.61925ms)
✔ Phase 2 conformance commands execute directly without a shell (0.292958ms)
✔ Phase 2 gate accepts the exact frozen toolchain (0.687416ms)
✔ Phase 2 gate rejects a login-shell Java downgrade (0.494708ms)
✔ Phase 2 gate reports every frozen toolchain mismatch (0.145959ms)
✔ Java WebChannel comparison plan is frozen, balanced, and non-gating (8.184042ms)
✔ browser runner exposes pinned Java and repeatable measurement controls (1.432792ms)
✔ comparison report links the frozen repository evidence location (0.736667ms)
✔ production parser and source-envelope boundaries remain frozen (16.73525ms)
✔ production call-depth and expression budgets remain frozen (50.068209ms)
✔ the complex 1,193-line rules fixture passes its authoritative cases (6.08175ms)
✔ Phase 3 emulator JWT windows remain valid when a gate runs later (2.841708ms)
✔ Phase 3 gate accepts the complete transitive frozen toolchain (6.456166ms)
✔ Phase 3 gate rejects Java 21 before starting measured work (1.454958ms)
✔ Phase 3 gate rejects a modified Phase 2 baseline manifest (0.931833ms)
✔ Java access accounting freezes 10/20 limits and repeated-call caching (6.61ms)
✔ Java getAfter sees the atomic pending write set (1.162292ms)
✔ Java runtime errors deny without escaping as transport failures (1.551125ms)
✔ captured production language contract covers the Phase 3 value surface (26.499583ms)
✔ the immutable Phase 3 manifest and complete oracle set are checksum-locked (121.265459ms)
✔ captured Phase 3 production expression corpus is complete and credential-free (125.181417ms)
✔ phase 3 production expression plan is frozen at 1,024 deterministic cases (2.216208ms)
✔ the Auth oracle freezes client, Admin, custom-token, refresh, and error contracts (9.60775ms)
✔ the Auth browser fixture freezes fake OAuth helper pages and refreshed JWT identity (2.526042ms)
✔ the Auth lifecycle fixture proves imports are quiet and create/delete multicast exactly once (1.078458ms)
✔ every permanent Auth fixture has a complete and valid checksum inventory (8.430958ms)
✔ the official Java fixture pins v1 JSON and v2 protobuf Firestore dispatch (8.391459ms)
✔ the Firestore trigger fixture checksum file covers every permanent artifact (3.484791ms)
✔ the Phase 4 gate plan accepts only the frozen manifest and exact gate toolchain (9.117792ms)
✔ the Phase 4 gate plan rejects manifest drift and transitive toolchain drift (2.3445ms)
✔ the immutable Phase 4 manifest preserves the complete Twodart replacement boundary (6.530416ms)
✔ the Storage v0 fixture freezes token bypass, UTF-8 bytes, metadata, and token rotation (5.503084ms)
✔ the GCS fixture freezes resumable semantics and the Java emulator's copy-path divergence (1.292416ms)
✔ the Twodart .NET fixture freezes gzip-encoded resumable metadata (2.196584ms)
✔ the two Twodart Storage rules remain distinct and export/re-import is byte exact (1.286125ms)
✔ Storage lifecycle capture preserves paired v1 and v2 function event shapes (0.792583ms)
✔ every permanent Storage fixture has a complete and valid checksum inventory (8.997041ms)
✔ Functions fixtures freeze HTTP, callable, typed-error, and discovery contracts (6.225292ms)
✔ Pub/Sub and schedule fixtures freeze dispatch, disable, and re-enable behavior (2.035416ms)
✔ Hub fixtures freeze locator, protected export, and restart cleanup contracts (1.68225ms)
✔ UI fixture freezes config discovery, static entry point, and logging replay (0.998833ms)
✔ extension fixture inventories the exact Twodart Stripe and Algolia triggers (0.828209ms)
✔ every suite-control fixture is checksummed and free of ephemeral host data (11.425042ms)
✔ java-v1.22.0 aggregation-count fixture is safe and exact (5.022125ms)
✔ java-v1.22.0 aggregation-limit-error fixture pins the exact limit (1.24475ms)
✔ java-v1.22.0 aggregation-composite-filter fixture pins the request shape (1.176958ms)
✔ java-v1.22.0 transaction fixture pins commit validation and masks (1.644291ms)
✔ java-v1.22.0 transaction no-op fixture preserves update time (1.307167ms)
✔ production-cloud-firestore aggregation-count fixture is safe and exact (1.754042ms)
✔ production-cloud-firestore aggregation-limit-error fixture pins the exact limit (1.18825ms)
✔ production-cloud-firestore aggregation-composite-filter fixture pins the request shape (0.899083ms)
✔ production-cloud-firestore transaction fixture pins commit validation and masks (1.279666ms)
✔ production-cloud-firestore transaction no-op fixture preserves update time (1.871417ms)
✔ resolves an emulator target only with an explicit host (0.843958ms)
✔ refuses a cloud project without an exact independent allowlist (0.111833ms)
✔ refuses a different cloud project even when duplicate inputs match (0.06675ms)
✔ only allows the dedicated Enterprise cloud database (0.078792ms)
✔ rejects unknown targets (0.065083ms)
✔ WebChannel frame lengths count decoded UTF-16 code units (0.79925ms)
✔ capture decoder preserves form order and exposes framed responses (7.65225ms)
✔ pinned Firebase JS SDK gate mirrors Google's minified integration workflow (4.81025ms)
✔ Java WebChannel fixture is safe and internally exact: listen-long-poll (2.138ms)
✔ Java WebChannel fixture is safe and internally exact: listen-streaming (1.174917ms)
✔ Java WebChannel fixture is safe and internally exact: bundle-nanosecond-read-time (1.482ms)
✔ Java WebChannel fixture is safe and internally exact: write-long-poll (1.085541ms)
✔ Java WebChannel fixture is safe and internally exact: write-streaming (1.138666ms)
✔ Java WebChannel fixture is safe and internally exact: write-cross-client-update (2.237375ms)
✔ Java WebChannel fixture is safe and internally exact: write-missing-update-error (1.236916ms)
✔ Java WebChannel fixture is safe and internally exact: write-overlap (1.352375ms)
✔ Java WebChannel fixture is safe and internally exact: multiple-inequality-query (1.544625ms)
✔ Java WebChannel fixture is safe and internally exact: numeric-resource-id-ordering (2.192167ms)
✔ Java WebChannel fixture is safe and internally exact: reserved-resource-id-error (1.509458ms)
✔ Java WebChannel fixture is safe and internally exact: backchannel-reconnect-replay (0.893959ms)
✔ Java WebChannel fixture is safe and internally exact: unicode-framing (1.332708ms)
✔ Java WebChannel fixture is safe and internally exact: unknown-sid (0.782ms)
✔ production cloud WebChannel fixture is safe and internally exact: listen-long-poll (1.127ms)
✔ production cloud WebChannel fixture is safe and internally exact: listen-streaming (0.990625ms)
✔ production cloud WebChannel fixture is safe and internally exact: bundle-nanosecond-read-time (1.379875ms)
✔ production cloud WebChannel fixture is safe and internally exact: write-long-poll (0.924875ms)
✔ production cloud WebChannel fixture is safe and internally exact: write-streaming (1.090916ms)
✔ production cloud WebChannel fixture is safe and internally exact: write-cross-client-update (1.908125ms)
✔ production cloud WebChannel fixture is safe and internally exact: write-missing-update-error (1.039333ms)
✔ production cloud WebChannel fixture is safe and internally exact: write-overlap (0.979125ms)
✔ production cloud WebChannel fixture is safe and internally exact: multiple-inequality-query (1.846542ms)
✔ production cloud WebChannel fixture is safe and internally exact: numeric-resource-id-ordering (2.097709ms)
✔ production cloud WebChannel fixture is safe and internally exact: reserved-resource-id-error (1.039208ms)
✔ production cloud WebChannel fixture is safe and internally exact: backchannel-reconnect-replay (0.985125ms)
✔ production cloud WebChannel fixture is safe and internally exact: unicode-framing (1.56125ms)
✔ production cloud WebChannel fixture is safe and internally exact: unknown-sid (0.937666ms)
✔ Java numeric resource ID fixture pins the reserved-namespace exception (1.052208ms)
✔ Java reserved resource ID fixture pins the exact browser-visible error (0.451ms)
✔ Java fixtures distinguish long polling, streaming, retry, and UTF-16 framing (0.966292ms)
✔ production cloud numeric resource ID fixture pins the reserved-namespace exception (1.123708ms)
✔ production cloud reserved resource ID fixture pins the exact browser-visible error (0.759083ms)
✔ production cloud fixtures distinguish long polling, streaming, retry, and UTF-16 framing (0.965417ms)
✔ Java and cloud fixtures pin their handshake and unknown-SID deviations (0.827375ms)
✔ Java and cloud fixtures pin inequality type ranges and key-order validation (1.242042ms)
✔ cloud folded authorization is redacted and termination keeps its empty-body length (0.435166ms)
✔ Java and cloud forward acknowledgements pin open and active backchannels (0.62325ms)
✔ Java and cloud accept overlapping writes that reuse the last acknowledged stream token (0.536583ms)
✔ Java and cloud accept bundle Listen targets with nanosecond read times (0.898084ms)
ℹ tests 114
ℹ suites 0
ℹ pass 114
ℹ fail 0
ℹ cancelled 0
ℹ skipped 0
ℹ todo 0
ℹ duration_ms 699.80425
