✔ WebChannel frame lengths count decoded UTF-16 code units (0.7985ms)
✔ capture decoder preserves form order and exposes framed responses (7.499042ms)
✔ pinned Firebase JS SDK gate mirrors Google's minified integration workflow (4.898667ms)
✔ Java WebChannel fixture is safe and internally exact: listen-long-poll (1.594542ms)
✔ Java WebChannel fixture is safe and internally exact: listen-streaming (0.565ms)
✔ Java WebChannel fixture is safe and internally exact: bundle-nanosecond-read-time (1.091959ms)
✔ Java WebChannel fixture is safe and internally exact: write-long-poll (0.953458ms)
✔ Java WebChannel fixture is safe and internally exact: write-streaming (0.654125ms)
✔ Java WebChannel fixture is safe and internally exact: write-cross-client-update (1.307833ms)
✔ Java WebChannel fixture is safe and internally exact: write-missing-update-error (0.731666ms)
✔ Java WebChannel fixture is safe and internally exact: write-overlap (0.69375ms)
✔ Java WebChannel fixture is safe and internally exact: multiple-inequality-query (0.986208ms)
✔ Java WebChannel fixture is safe and internally exact: numeric-resource-id-ordering (1.422875ms)
✔ Java WebChannel fixture is safe and internally exact: reserved-resource-id-error (1.181292ms)
✔ Java WebChannel fixture is safe and internally exact: backchannel-reconnect-replay (0.529709ms)
✔ Java WebChannel fixture is safe and internally exact: unicode-framing (1.215167ms)
✔ Java WebChannel fixture is safe and internally exact: unknown-sid (0.454875ms)
✔ production cloud WebChannel fixture is safe and internally exact: listen-long-poll (0.513ms)
✔ production cloud WebChannel fixture is safe and internally exact: listen-streaming (0.642333ms)
✔ production cloud WebChannel fixture is safe and internally exact: bundle-nanosecond-read-time (0.909916ms)
✔ production cloud WebChannel fixture is safe and internally exact: write-long-poll (0.494834ms)
✔ production cloud WebChannel fixture is safe and internally exact: write-streaming (0.588625ms)
✔ production cloud WebChannel fixture is safe and internally exact: write-cross-client-update (1.292375ms)
✔ production cloud WebChannel fixture is safe and internally exact: write-missing-update-error (0.680875ms)
✔ production cloud WebChannel fixture is safe and internally exact: write-overlap (0.8185ms)
✔ production cloud WebChannel fixture is safe and internally exact: multiple-inequality-query (1.411167ms)
✔ production cloud WebChannel fixture is safe and internally exact: numeric-resource-id-ordering (1.61075ms)
✔ production cloud WebChannel fixture is safe and internally exact: reserved-resource-id-error (0.504917ms)
✔ production cloud WebChannel fixture is safe and internally exact: backchannel-reconnect-replay (0.544375ms)
✔ production cloud WebChannel fixture is safe and internally exact: unicode-framing (1.024834ms)
✔ production cloud WebChannel fixture is safe and internally exact: unknown-sid (0.578833ms)
✔ Java numeric resource ID fixture pins the reserved-namespace exception (1.161583ms)
✔ Java reserved resource ID fixture pins the exact browser-visible error (0.428792ms)
✔ Java fixtures distinguish long polling, streaming, retry, and UTF-16 framing (1.010708ms)
✔ production cloud numeric resource ID fixture pins the reserved-namespace exception (1.084083ms)
✔ production cloud reserved resource ID fixture pins the exact browser-visible error (0.804333ms)
✔ production cloud fixtures distinguish long polling, streaming, retry, and UTF-16 framing (0.826167ms)
✔ Java and cloud fixtures pin their handshake and unknown-SID deviations (0.831333ms)
✔ Java and cloud fixtures pin inequality type ranges and key-order validation (1.196042ms)
✔ cloud folded authorization is redacted and termination keeps its empty-body length (0.448708ms)
✔ Java and cloud forward acknowledgements pin open and active backchannels (0.782334ms)
✔ Java and cloud accept overlapping writes that reuse the last acknowledged stream token (0.615791ms)
✔ Java and cloud accept bundle Listen targets with nanosecond read times (1.028792ms)
ℹ tests 43
ℹ suites 0
ℹ pass 43
ℹ fail 0
ℹ cancelled 0
ℹ skipped 0
ℹ todo 0
ℹ duration_ms 115.490959
