node:internal/modules/run_main:107
    triggerUncaughtException(
    ^

locator.hover: Timeout 30000ms exceeded.
Call log:
[2m  - waiting for locator('a[href="/presentation/zCJGeRy2ZU0TWVl6ZbVR"]').first()[22m
[2m    - locator resolved to <a href="/presentation/zCJGeRy2ZU0TWVl6ZbVR">…</a>[22m
[2m  - attempting hover action[22m
[2m    2 × waiting for element to be visible and stable[22m
[2m      - element is visible and stable[22m
[2m      - scrolling into view if needed[22m
[2m      - done scrolling[22m
[2m      - <nextjs-portal></nextjs-portal> intercepts pointer events[22m
[2m    - retrying hover action[22m
[2m    - waiting 20ms[22m
[2m    2 × waiting for element to be visible and stable[22m
[2m      - element is visible and stable[22m
[2m      - scrolling into view if needed[22m
[2m      - done scrolling[22m
[2m      - <nextjs-portal></nextjs-portal> intercepts pointer events[22m
[2m    - retrying hover action[22m
[2m      - waiting 100ms[22m
[2m    54 × waiting for element to be visible and stable[22m
[2m       - element is visible and stable[22m
[2m       - scrolling into view if needed[22m
[2m       - done scrolling[22m
[2m       - <nextjs-portal></nextjs-portal> intercepts pointer events[22m
[2m     - retrying hover action[22m
[2m       - waiting 500ms[22m

    at <anonymous> (/srv/dev-fast/runtime-data/fireside-phase5-20260902T1417+0800-5b51e4d/harness-c955d30-r39/conformance/src/suite/run-phase5-browser-journeys.ts:509:25)
    at async journey (/srv/dev-fast/runtime-data/fireside-phase5-20260902T1417+0800-5b51e4d/harness-c955d30-r39/conformance/src/suite/run-phase5-browser-journeys.ts:671:22)
    at async <anonymous> (/srv/dev-fast/runtime-data/fireside-phase5-20260902T1417+0800-5b51e4d/harness-c955d30-r39/conformance/src/suite/run-phase5-browser-journeys.ts:484:3) {
  log: [
    `  - waiting for locator('a[href="/presentation/zCJGeRy2ZU0TWVl6ZbVR"]').first()`,
    '    - locator resolved to <a href="/presentation/zCJGeRy2ZU0TWVl6ZbVR">…</a>',
    '  - attempting hover action',
    '    2 × waiting for element to be visible and stable',
    '      - element is visible and stable',
    '      - scrolling into view if needed',
    '      - done scrolling',
    '      - <nextjs-portal></nextjs-portal> intercepts pointer events',
    '    - retrying hover action',
    '    - waiting 20ms',
    '    2 × waiting for element to be visible and stable',
    '      - element is visible and stable',
    '      - scrolling into view if needed',
    '      - done scrolling',
    '      - <nextjs-portal></nextjs-portal> intercepts pointer events',
    '    - retrying hover action',
    '      - waiting 100ms',
    '    54 × waiting for element to be visible and stable',
    '       - element is visible and stable',
    '       - scrolling into view if needed',
    '       - done scrolling',
    '       - <nextjs-portal></nextjs-portal> intercepts pointer events',
    '     - retrying hover action',
    '       - waiting 500ms'
  ],
  name: 'TimeoutError'
}

Node.js v24.20.0
