🔧 Loading environment from: /srv/dev-fast/runtime-data/fireside-templates-hetzner-20260905/stack-official/apps/templates/.env.local
📱 Mobile mode: DISABLED
✅ Environment variables loaded successfully
🔑 ENV: local
🔑 Firebase Project: demo-twodart-local
✅ Port environment variables loaded successfully
🚀 Starting SMART Firestore cache watcher for local development...
👀 Watching collections: colors, fonts, fontPairs, slidesCore, categoriesCore, themes, editorStyle, tags, icons-library, premade-templates, general
⏱️  Debounce delay: 5000ms
⚡ Smart rebuild: Only fetches changed collections!
📡 WebSocket server started on 127.0.0.1:23012 for cache updates
🔧 Creating initial cache (full build)...
🔄 Smart rebuilding Firestore cache...
📥 Initial build - fetching all collections sequentially...
📥 Initial build - fetching colors...
📥 Initial build - fetching fonts...
📥 Initial build - fetching font pairs...
📥 Initial build - fetching theme metadata...
📥 Initial build - fetching editor styles...
📥 Initial build - fetching Unsplash topics...
📥 Initial build - fetching premade tags...
⚠️ No tags found in premade templates
📥 Initial build - fetching core free slide IDs...
📥 Initial build - fetching legacy templates metadata...
📝 Cache uploaded to: /cache/main-cache-local.json
🌐 Cache URL: http://127.0.0.1:23002/v0/b/assets-local.twodart.com/o/cache%2Fmain-cache-local.json?alt=media
📏 Size: 102.82 KB (11.61 KB gzipped)
⏱️  Rebuild completed in 836ms
📡 Notified 0 client(s) of cache update
✅ Cache rebuilt successfully at 12:04:12 PM
📊 Data summary:
   - Colors: 0
   - Fonts: 0
   - Font Pairs: 0
   - Editor Styles: 0
   - Theme Metadata: No
   - Icon Libraries: 0
   - Background Images Metadata: No
   - Unsplash Topics: 21
   - Tags: 0
   - Core Free Slide IDs: 0
   - Legacy Templates Metadata: No
✅ Smart watcher started successfully!
📁 Cache will be stored in Firebase Storage at: /cache/main-cache-local.json
🔄 Cache will smart-rebuild automatically when Firestore data changes
⚡ Only changed collections will be fetched - much faster!
🔔 Change detected in themes collection
🔔 Change detected in fontPairs collection
🔔 Change detected in colors collection
🔔 Change detected in slidesCore collection
🔔 Change detected in editorStyle collection
🔔 Change detected in general collection
🔔 Change detected in tags collection
🔔 Change detected in categoriesCore collection
🔔 Change detected in premade-templates collection
🔔 Change detected in icons-library collection
🔔 Change detected in fonts collection
🔄 Smart rebuilding Firestore cache...
⚡ Smart rebuild - only fetching: themes, fontPairs, colors, slidesCore, editorStyle, general, tags, categoriesCore, premade-templates, icons-library, fonts
📋 Fetch options: includeThemeMetadata, includeFontPairs, includeColors, includeEditorStyles, includeLegacyTemplatesMetadata, includeCoreFreeSlideIds, includePremadeTags, includeFonts
⚠️ No tags found in premade templates
📝 Cache uploaded to: /cache/main-cache-local.json
🌐 Cache URL: http://127.0.0.1:23002/v0/b/assets-local.twodart.com/o/cache%2Fmain-cache-local.json?alt=media
📏 Size: 102.82 KB (11.61 KB gzipped)
⏱️  Rebuild completed in 102ms
📡 Notified 0 client(s) of cache update
✅ Cache rebuilt successfully at 12:04:18 PM
📊 Data summary:
   - Colors: 0
   - Fonts: 0
   - Font Pairs: 0
   - Editor Styles: 0
   - Theme Metadata: No
   - Icon Libraries: 0
   - Background Images Metadata: No
   - Unsplash Topics: 21
   - Tags: 0
   - Core Free Slide IDs: 0
   - Legacy Templates Metadata: No
🔔 Change detected in slidesCore collection
🔔 Change detected in editorStyle collection
🔔 Change detected in categoriesCore collection
🔔 Change detected in general collection
🔔 Change detected in fonts collection
🔔 Change detected in colors collection
🔔 Change detected in themes collection
🔔 Change detected in fontPairs collection
🔄 Smart rebuilding Firestore cache...
⚡ Smart rebuild - only fetching: slidesCore, editorStyle, categoriesCore, general, fonts, colors, themes, fontPairs
📋 Fetch options: includeThemeMetadata, includeEditorStyles, includeLegacyTemplatesMetadata, includeCoreFreeSlideIds, includeFonts, includeColors, includeFontPairs
📝 Cache uploaded to: /cache/main-cache-local.json
🌐 Cache URL: http://127.0.0.1:23002/v0/b/assets-local.twodart.com/o/cache%2Fmain-cache-local.json?alt=media
📏 Size: 104.95 KB (12.14 KB gzipped)
⏱️  Rebuild completed in 60ms
📡 Notified 0 client(s) of cache update
✅ Cache rebuilt successfully at 12:04:46 PM
📊 Data summary:
   - Colors: 1
   - Fonts: 1
   - Font Pairs: 1
   - Editor Styles: 2
   - Theme Metadata: Yes
   - Icon Libraries: 0
   - Background Images Metadata: No
   - Unsplash Topics: 21
   - Tags: 0
   - Core Free Slide IDs: 1
   - Legacy Templates Metadata: No
🔌 Client connected to cache update WebSocket from 127.0.0.1
👥 Total connected clients: 1
🔌 Client disconnected from cache update WebSocket { code: [33m1001[39m, reason: [32m''[39m, clientIP: [32m'127.0.0.1'[39m }
👥 Remaining connected clients: 0
🔌 Client connected to cache update WebSocket from 127.0.0.1
👥 Total connected clients: 1
🔌 Client connected to cache update WebSocket from 127.0.0.1
👥 Total connected clients: 2
🔌 Client disconnected from cache update WebSocket { code: [33m1001[39m, reason: [32m''[39m, clientIP: [32m'127.0.0.1'[39m }
👥 Remaining connected clients: 1
📊 WebSocket server status: 1 connected client(s)
🔌 Client connected to cache update WebSocket from 127.0.0.1
👥 Total connected clients: 2
🔌 Client disconnected from cache update WebSocket { code: [33m1001[39m, reason: [32m''[39m, clientIP: [32m'127.0.0.1'[39m }
👥 Remaining connected clients: 1
🔌 Client connected to cache update WebSocket from 127.0.0.1
👥 Total connected clients: 2
🔌 Client disconnected from cache update WebSocket { code: [33m1001[39m, reason: [32m''[39m, clientIP: [32m'127.0.0.1'[39m }
👥 Remaining connected clients: 1
🔔 Change detected in slidesCore collection
🔄 Smart rebuilding Firestore cache...
⚡ Smart rebuild - only fetching: slidesCore
📋 Fetch options: includeThemeMetadata
📝 Cache uploaded to: /cache/main-cache-local.json
🌐 Cache URL: http://127.0.0.1:23002/v0/b/assets-local.twodart.com/o/cache%2Fmain-cache-local.json?alt=media
📏 Size: 104.95 KB (12.14 KB gzipped)
⏱️  Rebuild completed in 33ms
📡 Notified 1 client(s) of cache update
✅ Cache rebuilt successfully at 12:05:32 PM
📊 Data summary:
   - Colors: 1
   - Fonts: 1
   - Font Pairs: 1
   - Editor Styles: 2
   - Theme Metadata: Yes
   - Icon Libraries: 0
   - Background Images Metadata: No
   - Unsplash Topics: 21
   - Tags: 0
   - Core Free Slide IDs: 1
   - Legacy Templates Metadata: No
🔌 Client disconnected from cache update WebSocket { code: [33m1001[39m, reason: [32m''[39m, clientIP: [32m'127.0.0.1'[39m }
👥 Remaining connected clients: 0
🔌 Client connected to cache update WebSocket from 127.0.0.1
👥 Total connected clients: 1
🔌 Client disconnected from cache update WebSocket { code: [33m1001[39m, reason: [32m''[39m, clientIP: [32m'127.0.0.1'[39m }
👥 Remaining connected clients: 0
🔌 Client connected to cache update WebSocket from 127.0.0.1
👥 Total connected clients: 1
🔌 Client disconnected from cache update WebSocket { code: [33m1001[39m, reason: [32m''[39m, clientIP: [32m'127.0.0.1'[39m }
👥 Remaining connected clients: 0
📊 WebSocket server status: 0 connected client(s)
🔔 Change detected in premade-templates collection
🔄 Smart rebuilding Firestore cache...
⚡ Smart rebuild - only fetching: premade-templates
📋 Fetch options: includePremadeTags
⚠️ No tags found in premade templates
📝 Cache uploaded to: /cache/main-cache-local.json
🌐 Cache URL: http://127.0.0.1:23002/v0/b/assets-local.twodart.com/o/cache%2Fmain-cache-local.json?alt=media
📏 Size: 104.95 KB (12.14 KB gzipped)
⏱️  Rebuild completed in 13ms
📡 Notified 0 client(s) of cache update
✅ Cache rebuilt successfully at 12:06:29 PM
📊 Data summary:
   - Colors: 1
   - Fonts: 1
   - Font Pairs: 1
   - Editor Styles: 2
   - Theme Metadata: Yes
   - Icon Libraries: 0
   - Background Images Metadata: No
   - Unsplash Topics: 21
   - Tags: 0
   - Core Free Slide IDs: 1
   - Legacy Templates Metadata: No
📊 WebSocket server status: 0 connected client(s)
🔔 Change detected in premade-templates collection
