Pre-build replacement-host hardware, inputs, and quiescent preflight.
{
  "startedAt": "2026-09-05T16:10:22.464Z",
  "candidate": "3407c658d31fbedc35fced8670a6afffd2943e97",
  "inputReceiptCandidate": "b5fe1d51ea1fd0b5912cab0ae2d4f1d4d1f0987d",
  "root": "/srv/dev-fast/runtime-data/fireside-templates-hetzner-20260905",
  "passed": true,
  "failures": [],
  "finishedAt": "2026-09-05T16:10:27.822Z"
}
/srv/dev-fast/runtime-data/fireside-templates-hetzner-20260905/attempts/r48/target/release/fireside: OK
/srv/dev-fast/runtime-data/fireside-templates-hetzner-20260905/attempts/r48/ci.json: OK
/srv/dev-fast/runtime-data/fireside-templates-hetzner-20260905/attempts/r48/hetzner-preflight.mjs: OK
/srv/dev-fast/runtime-data/fireside-templates-hetzner-20260905/attempts/r48/fireside-hetzner-smart-read: OK
/srv/dev-fast/runtime-data/fireside-templates-hetzner-20260905/attempts/r48/launcher.sh: OK
{
  "startedAt": "2026-09-05T16:12:20.151Z",
  "candidate": "3407c658d31fbedc35fced8670a6afffd2943e97",
  "inputReceiptCandidate": "b5fe1d51ea1fd0b5912cab0ae2d4f1d4d1f0987d",
  "root": "/srv/dev-fast/runtime-data/fireside-templates-hetzner-20260905",
  "passed": true,
  "failures": [],
  "finishedAt": "2026-09-05T16:12:25.519Z"
}
Starting unchanged cheap smoke: official first, then Fireside.
browser-fireside-initial.json: OK
browser-fireside-initial.json.diagnostics.jsonl: OK
browser-official-initial.json: OK
browser-official-initial.json.diagnostics.jsonl: OK
dataset-final.json: OK
environment.json: OK
fireside-initial-frontend-recheck.json: OK
fireside-initial-frontend-recheck.jsonl: OK
fireside-initial-process-memory.json: OK
fireside-initial-process-memory.jsonl: OK
fireside-initial-readiness.json: OK
fireside-initial-readiness.jsonl: OK
fireside-initial-tmux.log: OK
fireside-initial.exit: OK
lifecycle.json: OK
logs/browser-fireside-initial.log: OK
logs/browser-official-initial.log: OK
logs/soak-smoke-fireside.log: OK
logs/soak-smoke-official.log: OK
manifest.json: OK
official-initial-frontend-recheck.json: OK
official-initial-frontend-recheck.jsonl: OK
official-initial-process-memory.json: OK
official-initial-process-memory.jsonl: OK
official-initial-readiness.json: OK
official-initial-readiness.jsonl: OK
official-initial-tmux.log: OK
official-initial.exit: OK
preflight-fireside-soak.json: OK
preflight-official-soak.json: OK
soak-comparison.json: OK
soak-comparison.md: OK
soak-smoke-fireside.json: OK
soak-smoke-official.json: OK
/srv/dev-fast/runtime-data/fireside-templates-hetzner-20260905/attempts/r48/target/release/fireside: OK
/srv/dev-fast/runtime-data/fireside-templates-hetzner-20260905/attempts/r48/ci.json: OK
/srv/dev-fast/runtime-data/fireside-templates-hetzner-20260905/attempts/r48/hetzner-preflight.mjs: OK
/srv/dev-fast/runtime-data/fireside-templates-hetzner-20260905/attempts/r48/fireside-hetzner-smart-read: OK
/srv/dev-fast/runtime-data/fireside-templates-hetzner-20260905/attempts/r48/launcher.sh: OK
{
  "startedAt": "2026-09-05T16:20:38.508Z",
  "candidate": "3407c658d31fbedc35fced8670a6afffd2943e97",
  "inputReceiptCandidate": "b5fe1d51ea1fd0b5912cab0ae2d4f1d4d1f0987d",
  "root": "/srv/dev-fast/runtime-data/fireside-templates-hetzner-20260905",
  "passed": true,
  "failures": [],
  "finishedAt": "2026-09-05T16:20:44.138Z"
}
Cheap pass complete. Starting only the r36 Fireside full-data continuation.
Official r36 remains banked on the old host. Cross-host performance winner claims are prohibited.
Controller complete, exit 1. Preserve and audit evidence; no tag or Phase 6 launch.
