preflight_started_at=2026-09-01T11:04:13+08:00
candidate_expected=091fc793c2a652fa6a3b9514f02ec408b6a7a87b
manifest_sha256_expected=cc54265ceaf9028f85418424f7275ac1a05f98886174bf2e4e869df6ae741b38
github_ci_run=33463799023
preserved_rejected_launchers=20260901T110117+0800,20260901T110234+0800
excluded_unrelated_boot_journal=portless EROFS certificate copy at 2026-08-30T09:49:41.966430+08:00
system_state=running
ssh_state=active
failed_units=0
swap_used_bytes=21508096
 0  0  21004 5953708 1949252 6473512    0    0     0    32 15322 29873  0  0 100  0  0  0
 0  0  21004 5953708 1949252 6473516    0    0     0     0 14270 28271  0  0 100  0  0  0
 0  0  21004 5957756 1949252 6473524    0    0     0     0 14772 28913  0  0 99  0  0  0
 0  0  21004 5957508 1949252 6473512    0    0     0    36 15311 30380  0  0 100  0  0  0
 0  0  21004 5957508 1949252 6473512    0    0     0     0 14232 28202  0  0 100  0  0  0
 0  0  21004 5957508 1949252 6473512    0    0     0  1336 14286 28244  0  0 100  0  0  0
active_swap_samples=0
current_boot_oom_resource_evidence=0
conflicting_gate_sessions=none
conflicting_gate_processes=none
conflicting_gate_listeners=none
command_git=/usr/bin/git
command_tmux=/usr/bin/tmux
command_node=/home/sanjevi/.local/share/mise/installs/node/24.20.0/bin/node
command_npm=/home/sanjevi/.local/share/mise/installs/node/24.20.0/bin/npm
command_yarn=/home/sanjevi/.local/share/mise/installs/node/24.20.0/bin/yarn
command_rustc=/home/sanjevi/.cargo/bin/rustc
command_cargo=/home/sanjevi/.cargo/bin/cargo
command_java=/home/sanjevi/.local/share/mise/installs/java/21/bin/java
command_sha256sum=/usr/bin/sha256sum
node=v24.20.0
npm=12.0.2
yarn=1.22.22
rustc=rustc 1.98.0 (88d9e12ae 2026-08-18)
java=openjdk 21.0.2 2024-01-16
