[1m
portless
[22m
[2m-- Proxy is running[22m
[2m-- phase5-fireside.templates.twodart.localhost (auto-resolves to 127.0.0.1)[22m
[2m-- Name "templates.twodart" (from --name flag)[22m
[2m-- Prefix "phase5-fireside" (from git branch)[22m
-- Using port 4131
[1m
  -> https://phase5-fireside.templates.twodart.localhost
[22m
[2mRunning: PORT=4131 HOST=127.0.0.1 PORTLESS_URL=https://phase5-fireside.templates.twodart.localhost NODE_EXTRA_CA_CERTS="/home/sanjevi/.portless/ca.pem" bash -c cd apps/templates && exec bun run dev -- --port=$PORT
[22m
[0m[2m[35m$[0m [2m[1mbun next dev "--port=4131"[0m
[1m[38;2;173;127;168m▲ Next.js 16.2.9[39m[22m (Turbopack)
- Local:         http://localhost:4131
- Network:       http://192.168.100.205:4131
- Environments: .env.local
[32m[1m✓[22m[39m Ready in 522ms
- Experiments (use with caution):
  · clientTraceMetadata

[37m[1m○[22m[39m Compiling /login/[loginType] ...

warn - The class `delay-[1500ms]` is ambiguous and matches multiple utilities.
warn - If this is content and not a class, replace it with `delay-&lsqb;1500ms&rsqb;` to silence this warning.
WARNING: You are using the Auth Emulator, which is intended for local testing only.  Do not use with production credentials.
Firebase initialized successfully
 GET /login/overview [32m200[39m in 14.7s
WARNING: You are using the Auth Emulator, which is intended for local testing only.  Do not use with production credentials.
Firebase initialized successfully
