2026-09-05T12:02:31+02:00
Cloning into '/srv/dev-fast/runtime-data/fireside-templates-hetzner-20260905/attempts/r46/harness'...
HEAD is now at b5fe1d5 test(phase5): freeze Hetzner host migration contract
rustc 1.98.0 (88d9e12ae 2026-08-18)
openjdk version "26.0.2.1" 2026-08-18
OpenJDK Runtime Environment (build 26.0.2.1+1-7)
OpenJDK 64-Bit Server VM (build 26.0.2.1+1-7, mixed mode, sharing)
Google Chrome 150.0.7871.124 
npm warn deprecated node-domexception@1.0.0: Use your platform's native DOMException instead
npm warn deprecated json-ptr@3.1.1: Package no longer supported. Contact Support at https://www.npmjs.com/support for more info.
npm warn deprecated uuid@9.0.1: uuid@10 and below is no longer supported.  For ESM codebases, update to uuid@latest.  For CommonJS codebases, use uuid@11 (but be aware this version will likely be deprecated in 2028).
npm warn deprecated glob@10.5.0: Old versions of glob are not supported, and contain widely publicized security vulnerabilities, which have been fixed in the current version. Please update. Support for old versions may be purchased (at exorbitant rates) by contacting i@izs.me

added 742 packages, and audited 743 packages in 6s

96 packages are looking for funding
  run `npm fund` for details

9 moderate severity vulnerabilities

To address issues that do not require attention, run:
  npm audit fix

To address all issues (including breaking changes), run:
  npm audit fix --force

Run `npm audit` for details.
npm warn install-scripts 1 package had install scripts blocked because they are not covered by allowScripts:
npm warn install-scripts   @firebase/util@1.15.3 (postinstall: node ./postinstall.js)
npm warn install-scripts
npm warn install-scripts Run `npm install-scripts ls` to review, or `npm install-scripts approve <pkg>` to allow.
    Updating crates.io index
 Downloading crates ...
  Downloaded adler2 v2.0.1
  Downloaded zmij v1.0.23
  Downloaded block-buffer v0.10.4
  Downloaded block-buffer v0.12.1
  Downloaded zerovec-derive v0.11.6
  Downloaded beef v0.5.2
  Downloaded bincode_derive v2.0.1
  Downloaded bitmaps v2.1.0
  Downloaded zerotrie v0.2.5
  Downloaded base64 v0.22.1
  Downloaded zerovec v0.11.8
  Downloaded bincode v2.0.1
  Downloaded cfg-if v1.0.4
  Downloaded bitflags v2.13.1
  Downloaded bytes v1.12.1
  Downloaded zip v8.6.0
  Downloaded cc v1.4.4
  Downloaded base64 v0.23.1
  Downloaded bumpalo v3.20.3
  Downloaded cty v0.2.2
  Downloaded zlib-rs v0.6.7
  Downloaded borsh v1.8.1
  Downloaded fixedbitset v0.5.7
  Downloaded tokio-macros v2.7.2
  Downloaded errno v0.3.14
  Downloaded hyper-rustls v0.27.9
  Downloaded hyper-util v0.1.20
  Downloaded digest v0.11.3
  Downloaded getrandom v0.4.3
  Downloaded colorchoice v1.0.5
  Downloaded crc32c v0.6.8
  Downloaded crypto-common v0.1.7
  Downloaded http v1.5.0
  Downloaded chrono v0.4.45
  Downloaded equivalent v1.0.2
  Downloaded idna v1.1.0
  Downloaded atomic-waker v1.1.2
  Downloaded cpufeatures v0.3.1
  Downloaded crypto-common v0.2.2
  Downloaded getrandom v0.2.17
  Downloaded const-oid v0.10.2
  Downloaded digest v0.10.7
  Downloaded displaydoc v0.2.7
  Downloaded futures-macro v0.3.34
  Downloaded deranged v0.5.8
  Downloaded futures-channel v0.3.34
  Downloaded futures-core v0.3.34
  Downloaded idna_adapter v1.2.2
  Downloaded anstyle-parse v1.0.0
  Downloaded anstyle-query v1.1.5
  Downloaded hyper-timeout v0.5.2
  Downloaded futures-io v0.3.34
  Downloaded anstyle v1.0.14
  Downloaded http-range-header v0.4.2
  Downloaded tonic-build v0.14.6
  Downloaded clap_lex v1.1.0
  Downloaded fnv v1.0.7
  Downloaded futures-sink v0.3.34
  Downloaded tonic-prost-build v0.14.6
  Downloaded axum-core v0.5.6
  Downloaded either v1.18.0
  Downloaded aho-corasick v1.1.5
  Downloaded httpdate v1.0.3
  Downloaded tonic-prost v0.14.6
  Downloaded thiserror v2.0.20
  Downloaded thiserror-impl v2.0.20
  Downloaded async-trait v0.1.92
  Downloaded cpufeatures v0.2.17
  Downloaded fastrand v2.5.0
  Downloaded http-body-util v0.1.5
  Downloaded tokio-tungstenite v0.29.0
  Downloaded time-core v0.1.9
  Downloaded tinyvec_macros v0.1.1
  Downloaded futures-task v0.3.34
  Downloaded heck v0.5.0
  Downloaded cfg_aliases v0.2.2
  Downloaded form_urlencoded v1.2.2
  Downloaded lru-slab v0.1.2
  Downloaded logos-derive v0.16.1
  Downloaded http-body v1.1.0
  Downloaded mime v0.3.17
  Downloaded find-msvc-tools v0.1.11
  Downloaded foldhash v0.1.5
  Downloaded chacha20 v0.10.2
  Downloaded anyhow v1.0.104
  Downloaded sha1 v0.10.7
  Downloaded generic-array v0.14.7
  Downloaded tinystr v0.8.4
  Downloaded ipnet v2.12.1
  Downloaded anstream v1.0.0
  Downloaded simd-adler32 v0.3.10
  Downloaded autocfg v1.5.1
  Downloaded data-encoding v2.11.1
  Downloaded is_terminal_polyfill v1.70.2
  Downloaded rand_chacha v0.9.0
  Downloaded rand_core v0.10.1
  Downloaded utf8parse v0.2.2
  Downloaded httparse v1.10.1
  Downloaded hybrid-array v0.4.14
  Downloaded quinn-udp v0.5.15
  Downloaded unty v0.0.4
  Downloaded logos-derive v0.15.1
  Downloaded try-lock v0.2.5
  Downloaded crc32fast v1.5.1
  Downloaded rustls-pki-types v1.15.1
  Downloaded icu_locale_core v2.3.0
  Downloaded getrandom v0.3.4
  Downloaded protox-parse v0.9.0
  Downloaded clap v4.6.6
  Downloaded clap_derive v4.6.4
  Downloaded icu_provider v2.3.1
  Downloaded tower-layer v0.3.3
  Downloaded zopfli v0.8.3
  Downloaded mimalloc v0.1.52
  Downloaded percent-encoding v2.3.2
  Downloaded zerofrom v0.1.8
  Downloaded tempfile v3.27.0
  Downloaded miette-derive v7.6.0
  Downloaded mime_guess v2.0.5
  Downloaded num-conv v0.2.2
  Downloaded lazy_static v1.5.0
  Downloaded flate2 v1.1.10
  Downloaded hashbrown v0.15.5
  Downloaded icu_collections v2.3.0
  Downloaded icu_properties v2.3.0
  Downloaded icu_normalizer_data v2.3.0
  Downloaded logos v0.16.1
  Downloaded version_check v0.9.5
  Downloaded md-5 v0.11.0
  Downloaded multimap v0.10.1
  Downloaded potential_utf v0.1.6
  Downloaded hashbrown v0.17.1
  Downloaded pbjson v0.9.0
  Downloaded powerfmt v0.2.0
  Downloaded rand v0.10.2
  Downloaded rustc-hash v2.1.3
  Downloaded signal-hook-registry v1.4.8
  Downloaded smol_str v0.3.6
  Downloaded tower-service v0.3.3
  Downloaded untrusted v0.9.0
  Downloaded utf8_iter v1.0.4
  Downloaded zerofrom-derive v0.1.7
  Downloaded futures-util v0.3.34
  Downloaded im v15.1.0
  Downloaded itoa v1.0.18
  Downloaded rand_core v0.9.5
  Downloaded rustc_version v0.4.1
  Downloaded hyper v1.11.0
  Downloaded axum v0.8.9
  Downloaded icu_properties_data v2.3.0
  Downloaded tokio-stream v0.1.19
  Downloaded h2 v0.4.19
  Downloaded serde_urlencoded v0.7.1
  Downloaded clap_builder v4.6.6
  Downloaded socket2 v0.6.5
  Downloaded time-macros v0.2.32
  Downloaded regex v1.13.1
  Downloaded sha2 v0.11.0
  Downloaded slab v0.4.12
  Downloaded pbjson-build v0.9.0
  Downloaded rand_core v0.6.4
  Downloaded yoke-derive v0.8.2
  Downloaded tinyvec v1.12.0
  Downloaded strsim v0.11.1
  Downloaded pulldown-cmark-to-cmark v22.0.1
  Downloaded pulldown-cmark v0.13.4
  Downloaded serde_path_to_error v0.1.20
  Downloaded unicase v2.9.0
  Downloaded want v0.3.1
  Downloaded pin-project-internal v1.1.13
  Downloaded ppv-lite86 v0.2.21
  Downloaded quinn-proto v0.11.17
  Downloaded quote v1.0.47
  Downloaded rand_pcg v0.10.2
  Downloaded ryu v1.0.23
  Downloaded serde_derive v1.0.229
  Downloaded smallvec v1.15.2
  Downloaded subtle v2.6.1
  Downloaded reqwest v0.12.28
  Downloaded serde_json v1.0.151
  Downloaded shlex v2.0.1
  Downloaded stable_deref_trait v1.2.1
  Downloaded rand v0.9.5
  Downloaded pin-project-lite v0.2.17
  Downloaded rand_xoshiro v0.6.0
  Downloaded tokio-rustls v0.26.4
  Downloaded matchit v0.8.4
  Downloaded sync_wrapper v1.0.2
  Downloaded litemap v0.8.3
  Downloaded tracing-attributes v0.1.31
  Downloaded synstructure v0.13.2
  Downloaded sized-chunks v0.6.5
  Downloaded semver v1.0.28
  Downloaded serde_core v1.0.229
  Downloaded serde v1.0.229
  Downloaded rustls-webpki v0.103.15
  Downloaded prost-derive v0.14.4
  Downloaded syn v2.0.119
  Downloaded syn v3.0.4
  Downloaded icu_normalizer v2.3.0
  Downloaded virtue v0.0.18
  Downloaded writeable v0.6.4
  Downloaded logos-codegen v0.16.1
  Downloaded rustls v0.23.43
  Downloaded protox v0.9.1
  Downloaded regex-syntax v0.8.11
  Downloaded once_cell v1.21.4
  Downloaded regex-automata v0.4.18
  Downloaded redb v4.2.0
  Downloaded tracing-core v0.1.36
  Downloaded rustix v1.1.4
  Downloaded num-traits v0.2.19
  Downloaded zeroize v1.9.0
  Downloaded ring v0.17.14
  Downloaded pbjson-types v0.9.0
  Downloaded tungstenite v0.29.0
  Downloaded miniz_oxide v0.9.1
  Downloaded prost v0.14.4
  Downloaded yoke v0.8.3
  Downloaded log v0.4.34
  Downloaded proc-macro2 v1.0.107
  Downloaded prost-build v0.14.4
  Downloaded logos-codegen v0.15.1
  Downloaded prost-types v0.14.4
  Downloaded prettyplease v0.2.37
  Downloaded unicode-ident v1.0.24
  Downloaded pin-project v1.1.13
  Downloaded url v2.5.8
  Downloaded indexmap v2.14.0
  Downloaded tower v0.5.3
  Downloaded miette v7.6.0
  Downloaded mio v1.2.2
  Downloaded tonic v0.14.6
  Downloaded typenum v1.20.1
  Downloaded quinn v0.11.11
  Downloaded typed-path v0.12.3
  Downloaded memchr v2.8.3
  Downloaded tokio-util v0.7.19
  Downloaded prost-reflect v0.16.5
  Downloaded itertools v0.14.0
  Downloaded tower-http v0.6.11
  Downloaded webpki-roots v1.0.9
  Downloaded time v0.3.55
  Downloaded unicode-width v0.1.14
  Downloaded zerocopy v0.8.52
  Downloaded tracing v0.1.44
  Downloaded libmimalloc-sys v0.1.49
  Downloaded petgraph v0.8.3
  Downloaded libc v0.2.189
  Downloaded tokio v1.53.1
  Downloaded logos v0.15.1
  Downloaded linux-raw-sys v0.12.1
   Compiling proc-macro2 v1.0.107
   Compiling unicode-ident v1.0.24
   Compiling quote v1.0.47
   Compiling libc v0.2.189
   Compiling typenum v1.20.1
   Compiling cfg-if v1.0.4
   Compiling bytes v1.12.1
   Compiling itoa v1.0.18
   Compiling version_check v0.9.5
   Compiling pin-project-lite v0.2.17
   Compiling serde_core v1.0.229
   Compiling futures-core v0.3.34
   Compiling anyhow v1.0.104
   Compiling either v1.18.0
   Compiling regex-syntax v0.8.11
   Compiling log v0.4.34
   Compiling semver v1.0.28
   Compiling memchr v2.8.3
   Compiling itertools v0.14.0
   Compiling once_cell v1.21.4
   Compiling serde v1.0.229
   Compiling rustc_version v0.4.1
   Compiling futures-sink v0.3.34
   Compiling unicase v2.9.0
   Compiling stable_deref_trait v1.2.1
   Compiling http v1.5.0
   Compiling tracing-core v0.1.36
   Compiling thiserror v2.0.20
   Compiling slab v0.4.12
   Compiling aho-corasick v1.1.5
   Compiling hashbrown v0.17.1
   Compiling equivalent v1.0.2
   Compiling smallvec v1.15.2
   Compiling syn v2.0.119
   Compiling syn v3.0.4
   Compiling find-msvc-tools v0.1.11
   Compiling httparse v1.10.1
   Compiling errno v0.3.14
   Compiling mio v1.2.2
   Compiling signal-hook-registry v1.4.8
   Compiling socket2 v0.6.5
   Compiling indexmap v2.14.0
   Compiling shlex v2.0.1
   Compiling regex-automata v0.4.18
   Compiling cc v1.4.4
   Compiling http-body v1.1.0
   Compiling generic-array v0.14.7
   Compiling percent-encoding v2.3.2
   Compiling futures-task v0.3.34
   Compiling fnv v1.0.7
   Compiling zerocopy v0.8.52
   Compiling bitflags v2.13.1
   Compiling tower-service v0.3.3
   Compiling getrandom v0.3.4
   Compiling heck v0.5.0
   Compiling httpdate v1.0.3
   Compiling prettyplease v0.2.37
   Compiling atomic-waker v1.1.2
   Compiling base64 v0.22.1
   Compiling getrandom v0.4.3
   Compiling rustix v1.1.4
   Compiling zmij v1.0.23
   Compiling try-lock v0.2.5
   Compiling pulldown-cmark v0.13.4
   Compiling want v0.3.1
   Compiling futures-channel v0.3.34
   Compiling foldhash v0.1.5
   Compiling linux-raw-sys v0.12.1
   Compiling serde_json v1.0.151
   Compiling writeable v0.6.4
   Compiling litemap v0.8.3
   Compiling block-buffer v0.10.4
   Compiling crypto-common v0.1.7
   Compiling hashbrown v0.15.5
   Compiling rand_core v0.9.5
   Compiling form_urlencoded v1.2.2
   Compiling logos-codegen v0.15.1
   Compiling sync_wrapper v1.0.2
   Compiling fastrand v2.5.0
   Compiling icu_properties_data v2.3.0
   Compiling fixedbitset v0.5.7
   Compiling mime v0.3.17
   Compiling tower-layer v0.3.3
   Compiling utf8_iter v1.0.4
   Compiling icu_normalizer_data v2.3.0
   Compiling ipnet v2.12.1
   Compiling digest v0.10.7
   Compiling ring v0.17.14
   Compiling synstructure v0.13.2
   Compiling pulldown-cmark-to-cmark v22.0.1
   Compiling regex v1.13.1
   Compiling petgraph v0.8.3
   Compiling http-body-util v0.1.5
   Compiling bitmaps v2.1.0
   Compiling hybrid-array v0.4.14
   Compiling tempfile v3.27.0
   Compiling crc32c v0.6.8
   Compiling im v15.1.0
   Compiling lazy_static v1.5.0
   Compiling redb v4.2.0
   Compiling multimap v0.10.1
   Compiling virtue v0.0.18
   Compiling beef v0.5.2
   Compiling cpufeatures v0.2.17
   Compiling rand_core v0.6.4
   Compiling sha1 v0.10.7
   Compiling tokio-macros v2.7.2
   Compiling serde_derive v1.0.229
   Compiling zerovec-derive v0.11.6
   Compiling futures-macro v0.3.34
   Compiling prost-derive v0.14.4
   Compiling zerofrom-derive v0.1.7
   Compiling yoke-derive v0.8.2
   Compiling tracing-attributes v0.1.31
   Compiling tokio v1.53.1
   Compiling thiserror-impl v2.0.20
   Compiling displaydoc v0.2.7
   Compiling futures-util v0.3.34
   Compiling ppv-lite86 v0.2.21
   Compiling bincode_derive v2.0.1
   Compiling miette-derive v7.6.0
   Compiling rand_xoshiro v0.6.0
   Compiling zerofrom v0.1.8
   Compiling tracing v0.1.44
   Compiling yoke v0.8.3
   Compiling rand_chacha v0.9.0
   Compiling sized-chunks v0.6.5
   Compiling prost v0.14.4
   Compiling zerovec v0.11.8
   Compiling zerotrie v0.2.5
   Compiling rand v0.9.5
   Compiling logos-codegen v0.16.1
   Compiling prost-types v0.14.4
   Compiling zeroize v1.9.0
   Compiling unty v0.0.4
   Compiling data-encoding v2.11.1
   Compiling ryu v1.0.23
   Compiling tinystr v0.8.4
   Compiling potential_utf v0.1.6
   Compiling unicode-width v0.1.14
   Compiling icu_locale_core v2.3.0
   Compiling icu_collections v2.3.0
   Compiling rustls-pki-types v1.15.1
   Compiling tungstenite v0.29.0
   Compiling miette v7.6.0
   Compiling prost-build v0.14.4
   Compiling pbjson-build v0.9.0
   Compiling logos-derive v0.15.1
   Compiling icu_provider v2.3.1
   Compiling logos-derive v0.16.1
   Compiling serde_urlencoded v0.7.1
   Compiling bincode v2.0.1
   Compiling icu_properties v2.3.0
   Compiling icu_normalizer v2.3.0
   Compiling block-buffer v0.12.1
   Compiling crypto-common v0.2.2
   Compiling smol_str v0.3.6
   Compiling getrandom v0.2.17
   Compiling const-oid v0.10.2
   Compiling untrusted v0.9.0
   Compiling autocfg v1.5.1
   Compiling digest v0.11.3
   Compiling idna_adapter v1.2.2
   Compiling logos v0.16.1
   Compiling logos v0.15.1
   Compiling axum-core v0.5.6
   Compiling serde_path_to_error v0.1.20
   Compiling num-traits v0.2.19
   Compiling matchit v0.8.4
   Compiling tokio-util v0.7.19
   Compiling tokio-tungstenite v0.29.0
   Compiling rustls v0.23.43
   Compiling protox-parse v0.9.0
   Compiling prost-reflect v0.16.5
   Compiling idna v1.1.0
   Compiling pin-project-internal v1.1.13
   Compiling h2 v0.4.19
   Compiling tower v0.5.3
   Compiling tonic-build v0.14.6
   Compiling mime_guess v2.0.5
   Compiling num-conv v0.2.2
   Compiling cpufeatures v0.3.1
   Compiling subtle v2.6.1
   Compiling powerfmt v0.2.0
   Compiling base64 v0.23.1
   Compiling fireside-core-store v0.0.1 (/srv/dev-fast/runtime-data/fireside-templates-hetzner-20260905/attempts/r46/harness/crates/core-store)
   Compiling deranged v0.5.8
   Compiling time-core v0.1.9
   Compiling protox v0.9.1
   Compiling sha2 v0.11.0
   Compiling tonic-prost-build v0.14.6
   Compiling time v0.3.55
   Compiling pin-project v1.1.13
   Compiling fireside-query-engine v0.0.1 (/srv/dev-fast/runtime-data/fireside-templates-hetzner-20260905/attempts/r46/harness/crates/query-engine)
   Compiling url v2.5.8
   Compiling hyper v1.11.0
   Compiling rustls-webpki v0.103.15
   Compiling hyper-util v0.1.20
   Compiling tokio-stream v0.1.19
   Compiling md-5 v0.11.0
   Compiling pbjson-types v0.9.0
   Compiling async-trait v0.1.92
   Compiling axum v0.8.9
   Compiling hyper-timeout v0.5.2
   Compiling fireside-rules-engine v0.0.1 (/srv/dev-fast/runtime-data/fireside-templates-hetzner-20260905/attempts/r46/harness/crates/rules-engine)
   Compiling chrono v0.4.45
   Compiling fireside-grpc-front v0.0.1 (/srv/dev-fast/runtime-data/fireside-templates-hetzner-20260905/attempts/r46/harness/crates/grpc-front)
   Compiling pbjson v0.9.0
   Compiling webpki-roots v1.0.9
   Compiling http-range-header v0.4.2
   Compiling tower-http v0.6.11
   Compiling fireside-rules-runtime v0.0.1 (/srv/dev-fast/runtime-data/fireside-templates-hetzner-20260905/attempts/r46/harness/crates/rules-runtime)
   Compiling tokio-rustls v0.26.4
   Compiling fireside-watch-broker v0.0.1 (/srv/dev-fast/runtime-data/fireside-templates-hetzner-20260905/attempts/r46/harness/crates/watch-broker)
   Compiling hyper-rustls v0.27.9
   Compiling reqwest v0.12.28
   Compiling crc32fast v1.5.1
   Compiling simd-adler32 v0.3.10
   Compiling adler2 v2.0.1
   Compiling miniz_oxide v0.9.1
   Compiling utf8parse v0.2.2
   Compiling zlib-rs v0.6.7
   Compiling anstyle-parse v1.0.0
   Compiling libmimalloc-sys v0.1.49
   Compiling anstyle v1.0.14
   Compiling tonic v0.14.6
   Compiling colorchoice v1.0.5
   Compiling bumpalo v3.20.3
   Compiling anstyle-query v1.1.5
   Compiling is_terminal_polyfill v1.70.2
   Compiling anstream v1.0.0
   Compiling zopfli v0.8.3
   Compiling fireside-export-format v0.0.1 (/srv/dev-fast/runtime-data/fireside-templates-hetzner-20260905/attempts/r46/harness/crates/export-format)
   Compiling flate2 v1.1.10
   Compiling tonic-prost v0.14.6
   Compiling typed-path v0.12.3
   Compiling clap_lex v1.1.0
   Compiling cty v0.2.2
   Compiling strsim v0.11.1
   Compiling clap_derive v4.6.4
   Compiling clap_builder v4.6.6
   Compiling zip v8.6.0
   Compiling fireside-capture-proxy v0.0.1 (/srv/dev-fast/runtime-data/fireside-templates-hetzner-20260905/attempts/r46/harness/crates/capture-proxy)
   Compiling mimalloc v0.1.52
   Compiling clap v4.6.6
   Compiling fireside-functions-bridge v0.0.1 (/srv/dev-fast/runtime-data/fireside-templates-hetzner-20260905/attempts/r46/harness/crates/functions-bridge)
   Compiling fireside-webchannel-front v0.0.1 (/srv/dev-fast/runtime-data/fireside-templates-hetzner-20260905/attempts/r46/harness/crates/webchannel-front)
   Compiling fireside-pubsub-front v0.0.1 (/srv/dev-fast/runtime-data/fireside-templates-hetzner-20260905/attempts/r46/harness/crates/pubsub-front)
   Compiling fireside-auth-front v0.0.1 (/srv/dev-fast/runtime-data/fireside-templates-hetzner-20260905/attempts/r46/harness/crates/auth-front)
   Compiling fireside-storage-front v0.0.1 (/srv/dev-fast/runtime-data/fireside-templates-hetzner-20260905/attempts/r46/harness/crates/storage-front)
   Compiling fireside-suite-front v0.0.1 (/srv/dev-fast/runtime-data/fireside-templates-hetzner-20260905/attempts/r46/harness/crates/suite-front)
   Compiling fireside-rest-front v0.0.1 (/srv/dev-fast/runtime-data/fireside-templates-hetzner-20260905/attempts/r46/harness/crates/rest-front)
   Compiling fireside-suite-runtime v0.0.1 (/srv/dev-fast/runtime-data/fireside-templates-hetzner-20260905/attempts/r46/harness/crates/suite-runtime)
   Compiling fireside v0.0.1 (/srv/dev-fast/runtime-data/fireside-templates-hetzner-20260905/attempts/r46/harness/crates/cli)
    Finished `release` profile [optimized] target(s) in 54.21s
2026-09-05T12:03:38+02:00
