2026-09-03T17:40:36+08:00
rustc 1.98.0 (88d9e12ae 2026-08-18)
   Compiling proc-macro2 v1.0.107
   Compiling quote v1.0.47
   Compiling unicode-ident v1.0.24
   Compiling libc v0.2.189
   Compiling typenum v1.20.1
   Compiling cfg-if v1.0.4
   Compiling bytes v1.12.1
   Compiling itoa v1.0.18
   Compiling syn v2.0.119
   Compiling syn v3.0.4
   Compiling version_check v0.9.5
   Compiling pin-project-lite v0.2.17
   Compiling futures-core v0.3.34
   Compiling serde_core v1.0.229
   Compiling anyhow v1.0.104
   Compiling errno v0.3.14
   Compiling semver v1.0.28
   Compiling regex-syntax v0.8.11
   Compiling log v0.4.34
   Compiling either v1.18.0
   Compiling itertools v0.14.0
   Compiling rustc_version v0.4.1
   Compiling synstructure v0.13.2
   Compiling signal-hook-registry v1.4.8
   Compiling mio v1.2.2
   Compiling tokio-macros v2.7.2
   Compiling socket2 v0.6.5
   Compiling once_cell v1.21.4
   Compiling memchr v2.8.3
   Compiling tokio v1.53.1
   Compiling zerofrom-derive v0.1.7
   Compiling prost-derive v0.14.4
   Compiling http v1.5.0
   Compiling serde v1.0.229
   Compiling zerofrom v0.1.8
   Compiling yoke-derive v0.8.2
   Compiling serde_derive v1.0.229
   Compiling unicase v2.9.0
   Compiling stable_deref_trait v1.2.1
   Compiling futures-sink v0.3.34
   Compiling yoke v0.8.3
   Compiling aho-corasick v1.1.5
   Compiling tracing-core v0.1.36
   Compiling tracing-attributes v0.1.31
   Compiling equivalent v1.0.2
   Compiling smallvec v1.15.2
   Compiling thiserror v2.0.20
   Compiling hashbrown v0.17.1
   Compiling slab v0.4.12
   Compiling tracing v0.1.44
   Compiling regex-automata v0.4.18
   Compiling indexmap v2.14.0
   Compiling zerovec-derive v0.11.6
   Compiling httparse v1.10.1
   Compiling find-msvc-tools v0.1.11
   Compiling shlex v2.0.1
   Compiling cc v1.4.4
   Compiling prost v0.14.4
   Compiling zerovec v0.11.8
   Compiling tokio-util v0.7.19
   Compiling http-body v1.1.0
   Compiling displaydoc v0.2.7
   Compiling thiserror-impl v2.0.20
   Compiling futures-macro v0.3.34
   Compiling generic-array v0.14.7
   Compiling percent-encoding v2.3.2
   Compiling futures-task v0.3.34
   Compiling futures-util v0.3.34
   Compiling prost-types v0.14.4
   Compiling fnv v1.0.7
   Compiling getrandom v0.3.4
   Compiling bitflags v2.13.1
   Compiling tower-service v0.3.3
   Compiling zerocopy v0.8.52
   Compiling zmij v1.0.23
   Compiling prettyplease v0.2.37
   Compiling getrandom v0.4.3
   Compiling base64 v0.22.1
   Compiling heck v0.5.0
   Compiling rustix v1.1.4
   Compiling pulldown-cmark v0.13.4
   Compiling try-lock v0.2.5
   Compiling atomic-waker v1.1.2
   Compiling httpdate v1.0.3
   Compiling h2 v0.4.19
   Compiling want v0.3.1
   Compiling tinystr v0.8.4
   Compiling futures-channel v0.3.34
   Compiling serde_json v1.0.151
   Compiling writeable v0.6.4
   Compiling linux-raw-sys v0.12.1
   Compiling foldhash v0.1.5
   Compiling litemap v0.8.3
   Compiling icu_locale_core v2.3.0
   Compiling ppv-lite86 v0.2.21
   Compiling hyper v1.11.0
   Compiling hashbrown v0.15.5
   Compiling rand_core v0.9.5
   Compiling crypto-common v0.1.7
   Compiling block-buffer v0.10.4
   Compiling form_urlencoded v1.2.2
   Compiling zerotrie v0.2.5
   Compiling potential_utf v0.1.6
   Compiling logos-codegen v0.15.1
   Compiling sync_wrapper v1.0.2
   Compiling icu_normalizer_data v2.3.0
   Compiling utf8_iter v1.0.4
   Compiling mime v0.3.17
   Compiling tower-layer v0.3.3
   Compiling icu_properties_data v2.3.0
   Compiling fastrand v2.5.0
   Compiling fixedbitset v0.5.7
   Compiling ipnet v2.12.1
   Compiling petgraph v0.8.3
   Compiling hyper-util v0.1.20
   Compiling tempfile v3.27.0
   Compiling icu_collections v2.3.0
   Compiling icu_provider v2.3.1
   Compiling pulldown-cmark-to-cmark v22.0.1
   Compiling digest v0.10.7
   Compiling rand_chacha v0.9.0
   Compiling http-body-util v0.1.5
   Compiling ring v0.17.14
   Compiling regex v1.13.1
   Compiling crc32c v0.6.8
   Compiling im v15.1.0
   Compiling bitmaps v2.1.0
   Compiling hybrid-array v0.4.14
   Compiling lazy_static v1.5.0
   Compiling virtue v0.0.18
   Compiling beef v0.5.2
   Compiling redb v4.2.0
   Compiling rand_core v0.6.4
   Compiling cpufeatures v0.2.17
   Compiling multimap v0.10.1
   Compiling bincode_derive v2.0.1
   Compiling sha1 v0.10.7
   Compiling prost-build v0.14.4
   Compiling rand_xoshiro v0.6.0
   Compiling sized-chunks v0.6.5
   Compiling rand v0.9.5
   Compiling tower v0.5.3
   Compiling logos-codegen v0.16.1
   Compiling miette-derive v7.6.0
   Compiling ryu v1.0.23
   Compiling unty v0.0.4
   Compiling unicode-width v0.1.14
   Compiling data-encoding v2.11.1
   Compiling zeroize v1.9.0
   Compiling rustls-pki-types v1.15.1
   Compiling logos-derive v0.16.1
   Compiling tungstenite v0.29.0
   Compiling miette v7.6.0
   Compiling bincode v2.0.1
   Compiling serde_urlencoded v0.7.1
   Compiling logos-derive v0.15.1
   Compiling icu_properties v2.3.0
   Compiling icu_normalizer v2.3.0
   Compiling block-buffer v0.12.1
   Compiling crypto-common v0.2.2
   Compiling pbjson-build v0.9.0
   Compiling smol_str v0.3.6
   Compiling getrandom v0.2.17
   Compiling const-oid v0.10.2
   Compiling autocfg v1.5.1
   Compiling untrusted v0.9.0
   Compiling num-traits v0.2.19
   Compiling digest v0.11.3
   Compiling idna_adapter v1.2.2
   Compiling logos v0.15.1
   Compiling tokio-tungstenite v0.29.0
   Compiling logos v0.16.1
   Compiling axum-core v0.5.6
   Compiling fireside-core-store v0.0.1 (/srv/dev-fast/runtime-data/fireside-phase5-20260902T1417+0800-5b51e4d/harness-f788668/crates/core-store)
   Compiling serde_path_to_error v0.1.20
   Compiling rustls v0.23.43
   Compiling matchit v0.8.4
   Compiling axum v0.8.9
   Compiling rustls-webpki v0.103.15
   Compiling prost-reflect v0.16.5
   Compiling protox-parse v0.9.0
   Compiling idna v1.1.0
   Compiling tonic-build v0.14.6
   Compiling mime_guess v2.0.5
   Compiling pin-project-internal v1.1.13
   Compiling time-core v0.1.9
   Compiling num-conv v0.2.2
   Compiling deranged v0.5.8
   Compiling base64 v0.23.1
   Compiling cpufeatures v0.3.1
   Compiling subtle v2.6.1
   Compiling powerfmt v0.2.0
   Compiling sha2 v0.11.0
   Compiling pin-project v1.1.13
   Compiling tonic-prost-build v0.14.6
   Compiling time v0.3.55
   Compiling url v2.5.8
   Compiling protox v0.9.1
   Compiling md-5 v0.11.0
   Compiling pbjson-types v0.9.0
   Compiling hyper-timeout v0.5.2
   Compiling tokio-stream v0.1.19
   Compiling async-trait v0.1.92
   Compiling tokio-rustls v0.26.4
   Compiling tonic v0.14.6
   Compiling fireside-rules-engine v0.0.1 (/srv/dev-fast/runtime-data/fireside-phase5-20260902T1417+0800-5b51e4d/harness-f788668/crates/rules-engine)
   Compiling fireside-grpc-front v0.0.1 (/srv/dev-fast/runtime-data/fireside-phase5-20260902T1417+0800-5b51e4d/harness-f788668/crates/grpc-front)
   Compiling chrono v0.4.45
   Compiling fireside-query-engine v0.0.1 (/srv/dev-fast/runtime-data/fireside-phase5-20260902T1417+0800-5b51e4d/harness-f788668/crates/query-engine)
   Compiling webpki-roots v1.0.9
   Compiling pbjson v0.9.0
   Compiling http-range-header v0.4.2
   Compiling tower-http v0.6.11
   Compiling hyper-rustls v0.27.9
   Compiling fireside-watch-broker v0.0.1 (/srv/dev-fast/runtime-data/fireside-phase5-20260902T1417+0800-5b51e4d/harness-f788668/crates/watch-broker)
   Compiling tonic-prost v0.14.6
   Compiling fireside-rules-runtime v0.0.1 (/srv/dev-fast/runtime-data/fireside-phase5-20260902T1417+0800-5b51e4d/harness-f788668/crates/rules-runtime)
   Compiling reqwest v0.12.28
   Compiling crc32fast v1.5.1
   Compiling simd-adler32 v0.3.10
   Compiling adler2 v2.0.1
   Compiling miniz_oxide v0.9.1
   Compiling zlib-rs v0.6.7
   Compiling utf8parse v0.2.2
   Compiling anstyle-parse v1.0.0
   Compiling fireside-functions-bridge v0.0.1 (/srv/dev-fast/runtime-data/fireside-phase5-20260902T1417+0800-5b51e4d/harness-f788668/crates/functions-bridge)
   Compiling flate2 v1.1.10
   Compiling libmimalloc-sys v0.1.49
   Compiling is_terminal_polyfill v1.70.2
   Compiling colorchoice v1.0.5
   Compiling anstyle-query v1.1.5
   Compiling bumpalo v3.20.3
   Compiling anstyle v1.0.14
   Compiling anstream v1.0.0
   Compiling zopfli v0.8.3
   Compiling fireside-export-format v0.0.1 (/srv/dev-fast/runtime-data/fireside-phase5-20260902T1417+0800-5b51e4d/harness-f788668/crates/export-format)
   Compiling typed-path v0.12.3
   Compiling clap_lex v1.1.0
   Compiling strsim v0.11.1
   Compiling cty v0.2.2
   Compiling zip v8.6.0
   Compiling clap_builder v4.6.6
   Compiling fireside-rest-front v0.0.1 (/srv/dev-fast/runtime-data/fireside-phase5-20260902T1417+0800-5b51e4d/harness-f788668/crates/rest-front)
   Compiling fireside-storage-front v0.0.1 (/srv/dev-fast/runtime-data/fireside-phase5-20260902T1417+0800-5b51e4d/harness-f788668/crates/storage-front)
   Compiling fireside-suite-front v0.0.1 (/srv/dev-fast/runtime-data/fireside-phase5-20260902T1417+0800-5b51e4d/harness-f788668/crates/suite-front)
   Compiling fireside-pubsub-front v0.0.1 (/srv/dev-fast/runtime-data/fireside-phase5-20260902T1417+0800-5b51e4d/harness-f788668/crates/pubsub-front)
   Compiling fireside-auth-front v0.0.1 (/srv/dev-fast/runtime-data/fireside-phase5-20260902T1417+0800-5b51e4d/harness-f788668/crates/auth-front)
   Compiling fireside-webchannel-front v0.0.1 (/srv/dev-fast/runtime-data/fireside-phase5-20260902T1417+0800-5b51e4d/harness-f788668/crates/webchannel-front)
   Compiling clap_derive v4.6.4
   Compiling fireside-suite-runtime v0.0.1 (/srv/dev-fast/runtime-data/fireside-phase5-20260902T1417+0800-5b51e4d/harness-f788668/crates/suite-runtime)
   Compiling clap v4.6.6
   Compiling mimalloc v0.1.52
   Compiling fireside-capture-proxy v0.0.1 (/srv/dev-fast/runtime-data/fireside-phase5-20260902T1417+0800-5b51e4d/harness-f788668/crates/capture-proxy)
   Compiling fireside v0.0.1 (/srv/dev-fast/runtime-data/fireside-phase5-20260902T1417+0800-5b51e4d/harness-f788668/crates/cli)
    Finished `release` profile [optimized] target(s) in 2m 02s
ad8867971a4114f04b27a36864bc6601e55fe12efa0a7ad33184ba7ea3a8087c  /srv/dev-fast/runtime-data/fireside-phase5-20260902T1417+0800-5b51e4d/target-f788668/release/fireside
