[1m
portless
[22m
[2m-- Proxy is running[22m
[2m-- templates.twodart.localhost (auto-resolves to 127.0.0.1)[22m
[2m-- Name "templates.twodart" (from --name flag)[22m
-- Using port 4640
[1m
  -> https://templates.twodart.localhost
[22m
[2mRunning: PORT=4640 HOST=127.0.0.1 PORTLESS_URL=https://templates.twodart.localhost NODE_EXTRA_CA_CERTS="/home/sanjevi/.portless/ca.pem" bash -c cd apps/templates && exec bun run dev -- --port=$PORT
[22m
[0m[2m[35m$[0m [2m[1mbun next dev "--port=4640"[0m
[1m[38;2;173;127;168m▲ Next.js 16.2.9[39m[22m (Turbopack)
- Local:         http://localhost:4640
- Network:       http://192.168.100.205:4640
- Environments: .env.local
[32m[1m✓[22m[39m Ready in 459ms
- Experiments (use with caution):
  · clientTraceMetadata

