[1m
portless
[22m
[2m-- Proxy is running[22m
[2m-- phase5-fireside.twodartnet.twodart.localhost (auto-resolves to 127.0.0.1)[22m
[2m-- Name "twodartnet.twodart" (from --name flag)[22m
[2m-- Prefix "phase5-fireside" (from git branch)[22m
-- Using port 4827
[1m
  -> https://phase5-fireside.twodartnet.twodart.localhost
[22m
[2mRunning: PORT=4827 HOST=127.0.0.1 PORTLESS_URL=https://phase5-fireside.twodartnet.twodart.localhost NODE_EXTRA_CA_CERTS="/home/sanjevi/.portless/ca.pem" bash -c set -a; [ -f engines/twodartnet/.env ] && . engines/twodartnet/.env; export ASPNETCORE_ENVIRONMENT=Development FONTCONFIG_PATH=/opt/homebrew/etc/fonts/; set +a; cd engines/twodartnet && exec dotnet watch --no-hot-reload --non-interactive run --project TwodartNet/TwodartNet.csproj --urls http://127.0.0.1:$PORT
[22m
[?1h=[?1h=[?1h=[?1h=[?1h=[?1h=[?1h=Using launch settings from TwodartNet/Properties/launchSettings.json...
Building...
[?25l[1F
[?25h[?25l[1F
[?25h[?25l[1F
[?25h[?25l[1F
[?25h[?25l[1F
[?25h[?25l[1F
[?25h[?25l[1F
[?25h[?25l[1F
[?25h[?25l[1F
[?25h[?25l[1F
[?25h[?25l[1F
[?25h[?25l[1F
csproj
[?25h[?25l[2F
[120G[6D(0.0s)
[?25h[?25l[2F
[120G[6D(0.1s)
[?25h[?25l[2F
[120G[6D(0.1s)
[?25h[?25l[2F
[120G[6D(0.1s)
[?25h[?25l[2F
[120G[6D(0.2s)
[?25h[?25l[2F
[120G[6D(0.2s)
[?25h[?25l[2F
[120G[6D(0.2s)
[?25h[?25l[2F
[120G[6D(0.3s)
[?25h[?25l[2F
[120G[6D(0.3s)
[?25h[?25l[2F
[120G[6D(0.3s)
[?25h[?25l[2F
[120G[6D(0.4s)
[?25h[?25l[2F
[120G[6D(0.4s)
[?25h[?25l[2F
[120G[6D(0.4s)
[?25h[?25l[2F
[120G[6D(0.5s)
[?25h[?25l[2F
[120G[6D(0.5s)
[?25h[?25l[2F
[120G[6D(0.5s)
[?25h[?25l[2F
[120G[6D(0.6s)
[?25h[2F
[J[?25l[1F
  csproj [36;1mnet10.0[m [120G[7D (0.6s)
[?25h[?25l[2F
[120G[6D(0.6s)
[?25h[?25l[2F
[120G[6D(0.7s)
[?25h[?25l[2F
[120G[6D(0.7s)
[?25h[?25l[2F
[120G[6D(0.7s)
[?25h[?25l[2F
[120G[6D(0.8s)
[?25h[?25l[2F
[120G[6D(0.8s)
[?25h[?25l[2F
[120G[6D(0.9s)
[?25h[?25l[2F
[120G[6D(0.9s)
[?25h[?25l[2F
[120G[6D(0.9s)
[?25h[?25l[2F
[120G[6D(1.0s)
[?25h[?25l[2F
[120G[6D(1.0s)
[?25h[?25l[2F
[120G[6D(1.0s)
[?25h[?25l[2F
[120G[6D(1.1s)
[?25h[?25l[2F
[120G[6D(1.1s)
[?25h[?25l[2F
[120G[6D(1.1s)
[?25h[?25l[2F
[120G[6D(1.2s)
[?25h[?25l[2F
[120G[6D(1.2s)
[?25h[?25l[2F
[120G[6D(1.2s)
[?25h[?25l[2F
[120G[6D(1.3s)
[?25h[?25l[2F
[120G[6D(1.3s)
[?25h[?25l[2F
[120G[6D(1.3s)
[?25h[?25l[2F
[120G[6D(1.4s)
[?25h[?25l[2F
[120G[6D(1.4s)
[?25h[?25l[2F
[120G[6D(1.4s)
[?25h[?25l[2F
[120G[6D(1.5s)
[?25h[?25l[2F
[120G[6D(1.5s)
[?25h[?25l[2F
[120G[6D(1.5s)
[?25h[?25l[2F
[120G[6D(1.6s)
[?25h[?25l[2F
[120G[6D(1.6s)
[?25h[?25l[2F
[120G[6D(1.6s)
[?25h[?25l[2F
[120G[6D(1.7s)
[?25h[?25l[2F
[120G[6D(1.7s)
[?25h[?25l[2F
[120G[6D(1.7s)
[?25h[?25l[2F
[120G[6D(1.8s)
[?25h[?25l[2F
[120G[6D(1.8s)
[?25h[?25l[2F
[120G[6D(1.8s)
[?25h[?25l[2F
[120G[6D(1.9s)
[?25h[?25l[2F
[120G[6D(1.9s)
[?25h[?25l[2F
[120G[6D(1.9s)
[?25h[?25l[2F
[120G[6D(2.0s)
[?25h[?25l[2F
[120G[6D(2.0s)
[?25h[?25l[2F
[120G[6D(2.0s)
[?25h[?25l[2F
[120G[6D(2.1s)
[?25h[?25l[2F
[120G[6D(2.1s)
[?25h[?25l[2F
[120G[6D(2.1s)
[?25h[?25l[2F
[120G[6D(2.2s)
[?25h[?25l[2F
[120G[6D(2.2s)
[?25h[?25l[2F
[120G[6D(2.2s)
[?25h[?25l[2F
[120G[6D(2.3s)
[?25h[?25l[2F
[120G[6D(2.3s)
[?25h[?25l[2F
[120G[6D(2.3s)
[?25h[?25l[2F
[120G[6D(2.4s)
[?25h[?25l[2F
[120G[6D(2.4s)
[?25h[?25l[2F
[120G[6D(2.4s)
[?25h[?25l[2F
[120G[6D(2.5s)
[?25h[?25l[2F
[120G[6D(2.5s)
[?25h[?25l[2F
[120G[6D(2.5s)
[?25h[?25l[2F
[120G[6D(2.6s)
[?25h[?25l[2F
[120G[6D(2.6s)
[?25h[?25l[2F
[120G[6D(2.6s)
[?25h[?25l[2F
[120G[6D(2.7s)
[?25h[?25l[2F
[120G[6D(2.7s)
[?25h[?25l[2F
[120G[6D(2.7s)
[?25h[?25l[2F
[120G[6D(2.8s)
[?25h[?25l[2F
[120G[6D(2.8s)
[?25h[?25l[2F
[120G[6D(2.8s)
[?25h[?25l[2F
[120G[6D(2.9s)
[?25h[?25l[2F
[120G[6D(2.9s)
[?25h[?25l[2F
[120G[6D(2.9s)
[?25h[?25l[2F
[120G[6D(3.0s)
[?25h[?25l[2F
[120G[6D(3.0s)
[?25h[?25l[2F
[120G[6D(3.0s)
[?25h[?25l[2F
[120G[6D(3.1s)
[?25h[?25l[2F
[120G[6D(3.1s)
[?25h[?25l[2F
[120G[6D(3.1s)
[?25h[?25l[2F
[120G[6D(3.2s)
[?25h[?25l[2F
[120G[6D(3.2s)
[?25h[?25l[2F
[120G[6D(3.2s)
[?25h[?25l[2F
[120G[6D(3.3s)
[?25h[?25l[2F
[120G[6D(3.3s)
[?25h[?25l[2F
[120G[6D(3.3s)
[?25h[?25l[2F
[120G[6D(3.4s)
[?25h[?25l[2F
[120G[6D(3.4s)
[?25h[?25l[2F
[120G[6D(3.4s)
[?25h[?25l[2F
[120G[6D(3.5s)
[?25h[?25l[2F
[120G[6D(3.5s)
[?25h[?25l[2F
[120G[6D(3.5s)
[?25h[?25l[2F
[120G[6D(3.6s)
[?25h[?25l[2F
[120G[6D(3.6s)
[?25h[?25l[2F
[120G[6D(3.6s)
[?25h[?25l[2F
[120G[6D(3.7s)
[?25h[?25l[2F
[120G[6D(3.7s)
[?25h[?25l[2F
[120G[6D(3.7s)
[?25h[?25l[2F
[120G[6D(3.8s)
[?25h[?25l[2F
[120G[6D(3.8s)
[?25h[?25l[2F
[120G[6D(3.8s)
[?25h[?25l[2F
[120G[6D(3.9s)
[?25h[?25l[2F
[120G[6D(3.9s)
[?25h[?25l[2F
[120G[6D(3.9s)
[?25h[?25l[2F
[120G[6D(4.0s)
[?25h[?25l[2F
[120G[6D(4.0s)
[?25h[?25l[2F
[120G[6D(4.0s)
[?25h[?25l[2F
[120G[6D(4.1s)
[?25h[?25l[2F
[120G[6D(4.1s)
[?25h[?25l[2F
[120G[6D(4.2s)
[?25h[?25l[2F
[120G[6D(4.2s)
[?25h[?25l[2F
[120G[6D(4.2s)
[?25h[?25l[2F
[120G[6D(4.3s)
[?25h[?25l[2F
[120G[6D(4.3s)
[?25h[?25l[2F
[120G[6D(4.3s)
[?25h[?25l[2F
[120G[6D(4.4s)
[?25h[?25l[2F
[120G[6D(4.4s)
[?25h[?25l[2F
[120G[6D(4.5s)
[?25h[?25l[2F
[120G[6D(4.5s)
[?25h[?25l[2F
[120G[6D(4.5s)
[?25h[?25l[2F
[120G[6D(4.6s)
[?25h[?25l[2F
[120G[6D(4.6s)
[?25h[?25l[2F
[120G[6D(4.6s)
[?25h[?25l[2F
[120G[6D(4.7s)
[?25h[?25l[2F
[120G[6D(4.7s)
[?25h[?25l[2F
[120G[6D(4.7s)
[?25h[?25l[2F
[120G[6D(4.8s)
[?25h[?25l[2F
[120G[6D(4.8s)
[?25h[?25l[2F
[120G[6D(4.8s)
[?25h[?25l[2F
[120G[6D(4.9s)
[?25h[?25l[2F
[120G[6D(4.9s)
[?25h[?25l[2F
[120G[6D(4.9s)
[?25h[?25l[2F
[120G[6D(5.0s)
[?25h[?25l[2F
[120G[6D(5.0s)
[?25h[?25l[2F
[120G[6D(5.0s)
[?25h[?25l[2F
[120G[6D(5.1s)
[?25h[?25l[2F
[120G[6D(5.1s)
[?25h[?25l[2F
[120G[6D(5.1s)
[?25h[?25l[2F
[120G[6D(5.2s)
[?25h[?25l[2F
[120G[6D(5.2s)
[?25h[?25l[2F
[120G[6D(5.3s)
[?25h[?25l[2F
[120G[6D(5.3s)
[?25h[?25l[2F
[120G[6D(5.3s)
[?25h[?25l[2F
[120G[6D(5.4s)
[?25h[?25l[2F
[120G[6D(5.4s)
[?25h[?25l[2F
[120G[6D(5.5s)
[?25h[?25l[2F
[120G[6D(5.5s)
[?25h[?25l[2F
[120G[6D(5.5s)
[?25h[?25l[2F
[120G[6D(5.6s)
[?25h[?25l[2F
[120G[6D(5.6s)
[?25h[?25l[2F
[120G[6D(5.6s)
[?25h[?25l[2F
[120G[6D(5.7s)
[?25h[?25l[2F
[120G[6D(5.7s)
[?25h[?25l[2F
[120G[6D(5.7s)
[?25h[?25l[2F
[120G[6D(5.8s)
[?25h[?25l[2F
[120G[6D(5.8s)
[?25h[?25l[2F
[120G[6D(5.8s)
[?25h[?25l[2F
[120G[6D(5.9s)
[?25h[?25l[2F
[120G[6D(5.9s)
[?25h[?25l[2F
[120G[6D(5.9s)
[?25h[2F
[J[?1h=builder.Environment.EnvironmentName: Development
app.Environment.EnvironmentName: Development
=== FIREBASE EMULATOR CONFIGURATION ===
Using Firebase emulators for local development
FIRESTORE_EMULATOR_HOST: 127.0.0.1:23100
FIREBASE_AUTH_EMULATOR_HOST: 127.0.0.1:23101
FIREBASE_STORAGE_EMULATOR_HOST: 127.0.0.1:23102
STORAGE_EMULATOR_HOST: 127.0.0.1:23102
FIREBASE_PUBLIC_STORAGE_BUCKET: assets-local.twodart.com
==========================================
Firebase initialized successfully for project: demo-twodart-local
Loaded external fonts from: /srv/dev-fast/runtime-data/fireside-phase5-20260902T1417+0800-5b51e4d/stack-fireside/engines/twodartnet/TwodartNet/Assets/globalFonts
[40m[1m[33mwarn[39m[22m[49m: Microsoft.AspNetCore.Server.Kestrel[0]
      Overriding address(es) 'http://127.0.0.1:4827'. Binding to endpoints defined via IConfiguration and/or UseKestrel() instead.
[40m[32minfo[39m[22m[49m: Microsoft.Hosting.Lifetime[14]
      Now listening on: http://localhost:4827
[40m[32minfo[39m[22m[49m: Microsoft.Hosting.Lifetime[0]
      Application started. Press Ctrl+C to shut down.
[40m[32minfo[39m[22m[49m: Microsoft.Hosting.Lifetime[0]
      Hosting environment: Development
[40m[32minfo[39m[22m[49m: Microsoft.Hosting.Lifetime[0]
      Content root path: /srv/dev-fast/runtime-data/fireside-phase5-20260902T1417+0800-5b51e4d/stack-fireside/engines/twodartnet/TwodartNet
[40m[1m[33mwarn[39m[22m[49m: Microsoft.AspNetCore.HttpsPolicy.HttpsRedirectionMiddleware[3]
      Failed to determine the https port for redirect.
[40m[32minfo[39m[22m[49m: TwodartNet.Middlewares.UserAuthMiddleware[0]
      User authenticated: phase5-smoke-user
[40m[32minfo[39m[22m[49m: TwodartNet.Services.ExportPresentationJobService[0]
      🚀 [ExportPresentationJobService] Instance 49a708d1 initialized at 09/04/2026 02:43:57 with cleanup interval: 00:01:00
UserHelper: Using Firestore emulator at http://127.0.0.1:23100
UserHelper: Using Firestore emulator at http://127.0.0.1:23100
[40m[32minfo[39m[22m[49m: TwodartNet.Services.ExportPresentationJobService[0]
      [ExportPresentationJobService] ✅ Created job d12d8899117d for user phase5-smoke-user with 2 steps (Instance: 49a708d1, Uptime: 00:00:00.5316709)
[40m[32minfo[39m[22m[49m: TwodartNet.Controllers.User.Editor.ExportEditorPresentationJobController[0]
      Starting export job d12d8899117d for user phase5-smoke-user with 2 slides
[40m[32minfo[39m[22m[49m: TwodartNet.Middlewares.UserAuthMiddleware[0]
      User authenticated: phase5-smoke-user
[40m[32minfo[39m[22m[49m: TwodartNet.Services.ExportPresentation.ExportPresentationService[0]
      Created image cache for export: export-phase5-s-94c24e38267842b882109ee9ce967678
[40m[32minfo[39m[22m[49m: TwodartNet.Services.ExportPresentation.ExportPresentationService[0]
      Created font manager for export: export-phase5-s-94c24e38267842b882109ee9ce967678
[40m[32minfo[39m[22m[49m: TwodartNet.Middlewares.UserAuthMiddleware[0]
      User authenticated: phase5-smoke-user
[40m[1m[33mwarn[39m[22m[49m: TwodartNet.Helpers.FontByteCache[0]
      FontByteCache: font file not found at /srv/dev-fast/runtime-data/fireside-phase5-20260902T1417+0800-5b51e4d/stack-fireside/engines/twodartnet/TwodartNet/Assets/globalFonts/phase5-smoke-font.ttf
[40m[1m[33mwarn[39m[22m[49m: TwodartNet.Helpers.FontByteCache[0]
      FontByteCache: font file not found at /srv/dev-fast/runtime-data/fireside-phase5-20260902T1417+0800-5b51e4d/stack-fireside/engines/twodartnet/TwodartNet/Assets/globalFonts/phase5-smoke-font.ttf
[40m[32minfo[39m[22m[49m: TwodartNet.Services.ExportPresentation.ExportPresentationService[0]
      No header font bytes available for direct embedding
[40m[32minfo[39m[22m[49m: TwodartNet.Services.ExportPresentation.ExportPresentationService[0]
      No body font bytes available for direct embedding
[40m[32minfo[39m[22m[49m: System.Net.Http.HttpClient.Default.LogicalHandler[100]
      Start processing HTTP request GET http://127.0.0.1:23102/v0/b/assets-local.twodart.com/o/users%2Fphase5-smoke-user%2Fimages%2FcwWSlqkHLAFnnuATa9EQ%2Fhigh.png?*
[40m[32minfo[39m[22m[49m: System.Net.Http.HttpClient.Default.ClientHandler[100]
      Sending HTTP request GET http://127.0.0.1:23102/v0/b/assets-local.twodart.com/o/users%2Fphase5-smoke-user%2Fimages%2FcwWSlqkHLAFnnuATa9EQ%2Fhigh.png?*
[40m[32minfo[39m[22m[49m: System.Net.Http.HttpClient.Default.ClientHandler[101]
      Received HTTP response headers after 3.3517ms - 404
[40m[32minfo[39m[22m[49m: System.Net.Http.HttpClient.Default.LogicalHandler[101]
      End processing HTTP request after 12.6102ms - 404
[41m[30mfail[39m[22m[49m: TwodartNet.Services.ExportPresentation.ExportPresentationService[0]
      Error applying background image
      System.Net.Http.HttpRequestException: Response status code does not indicate success: 404 (Not Found).
         at System.Net.Http.HttpResponseMessage.EnsureSuccessStatusCode()
         at System.Net.Http.HttpClient.GetByteArrayAsyncCore(HttpRequestMessage request, CancellationToken cancellationToken)
         at TwodartNet.Helpers.ImageByteCache.GetOrAddAsync(String url, HttpClient httpClient, CancellationToken ct) in /srv/dev-fast/runtime-data/fireside-phase5-20260902T1417+0800-5b51e4d/stack-fireside/engines/twodartnet/TwodartNet/Helpers/PresentationAsposeHelper/ImageByteCache.cs:line 30
         at TwodartNet.Helpers.PresentationAsposeHelper.ApplyBackgroundImage(ISlide slide, BackgroundImage backgroundImage, HttpClient httpClient, ILogger logger, ExportImageCache cache, String slideBackgroundColor) in /srv/dev-fast/runtime-data/fireside-phase5-20260902T1417+0800-5b51e4d/stack-fireside/engines/twodartnet/TwodartNet/Helpers/PresentationAsposeHelper/PresentationAsposeHelper.cs:line 1705
[40m[32minfo[39m[22m[49m: TwodartNet.Services.ExportPresentation.ExportPresentationService[0]
      Export export-phase5-s-94c24e38267842b882109ee9ce967678: Clearing cache with 0 images
[40m[32minfo[39m[22m[49m: TwodartNet.Services.ExportPresentation.ExportPresentationService[0]
      Export export-phase5-s-94c24e38267842b882109ee9ce967678: Cache cleared and disposed
[40m[32minfo[39m[22m[49m: TwodartNet.Services.ExportPresentationJobService[0]
      [ExportPresentationJobService] Job d12d8899117d progress: 25% - tagging_slides
[40m[32minfo[39m[22m[49m: TwodartNet.Middlewares.UserAuthMiddleware[0]
      User authenticated: phase5-smoke-user
[40m[32minfo[39m[22m[49m: TwodartNet.Middlewares.UserAuthMiddleware[0]
      User authenticated: phase5-smoke-user
[40m[32minfo[39m[22m[49m: TwodartNet.Middlewares.UserAuthMiddleware[0]
      User authenticated: phase5-smoke-user
[40m[32minfo[39m[22m[49m: TwodartNet.Middlewares.UserAuthMiddleware[0]
      User authenticated: phase5-smoke-user
[40m[32minfo[39m[22m[49m: TwodartNet.Middlewares.UserAuthMiddleware[0]
      User authenticated: phase5-smoke-user
[40m[32minfo[39m[22m[49m: TwodartNet.Middlewares.UserAuthMiddleware[0]
      User authenticated: phase5-smoke-user
[40m[32minfo[39m[22m[49m: TwodartNet.Middlewares.UserAuthMiddleware[0]
      User authenticated: phase5-smoke-user
[40m[32minfo[39m[22m[49m: TwodartNet.Middlewares.UserAuthMiddleware[0]
      User authenticated: phase5-smoke-user
[40m[32minfo[39m[22m[49m: TwodartNet.Middlewares.UserAuthMiddleware[0]
      User authenticated: phase5-smoke-user
[40m[32minfo[39m[22m[49m: TwodartNet.Middlewares.UserAuthMiddleware[0]
      User authenticated: phase5-smoke-user
[40m[32minfo[39m[22m[49m: TwodartNet.Middlewares.UserAuthMiddleware[0]
      User authenticated: phase5-smoke-user
[40m[32minfo[39m[22m[49m: TwodartNet.Middlewares.UserAuthMiddleware[0]
      User authenticated: phase5-smoke-user
[40m[32minfo[39m[22m[49m: TwodartNet.Middlewares.UserAuthMiddleware[0]
      User authenticated: phase5-smoke-user
[40m[32minfo[39m[22m[49m: TwodartNet.Middlewares.UserAuthMiddleware[0]
      User authenticated: phase5-smoke-user
[40m[32minfo[39m[22m[49m: TwodartNet.Middlewares.UserAuthMiddleware[0]
      User authenticated: phase5-smoke-user
[40m[32minfo[39m[22m[49m: TwodartNet.Middlewares.UserAuthMiddleware[0]
      User authenticated: phase5-smoke-user
[40m[32minfo[39m[22m[49m: TwodartNet.Middlewares.UserAuthMiddleware[0]
      User authenticated: phase5-smoke-user
[40m[32minfo[39m[22m[49m: TwodartNet.Middlewares.UserAuthMiddleware[0]
      User authenticated: phase5-smoke-user
[40m[32minfo[39m[22m[49m: TwodartNet.Middlewares.UserAuthMiddleware[0]
      User authenticated: phase5-smoke-user
[40m[32minfo[39m[22m[49m: TwodartNet.Middlewares.UserAuthMiddleware[0]
      User authenticated: phase5-smoke-user
[40m[32minfo[39m[22m[49m: TwodartNet.Middlewares.UserAuthMiddleware[0]
      User authenticated: phase5-smoke-user
[40m[32minfo[39m[22m[49m: TwodartNet.Middlewares.UserAuthMiddleware[0]
      User authenticated: phase5-smoke-user
[40m[32minfo[39m[22m[49m: TwodartNet.Middlewares.UserAuthMiddleware[0]
      User authenticated: phase5-smoke-user
[40m[32minfo[39m[22m[49m: TwodartNet.Middlewares.UserAuthMiddleware[0]
      User authenticated: phase5-smoke-user
[40m[32minfo[39m[22m[49m: TwodartNet.Middlewares.UserAuthMiddleware[0]
      User authenticated: phase5-smoke-user
[40m[32minfo[39m[22m[49m: TwodartNet.Middlewares.UserAuthMiddleware[0]
      User authenticated: phase5-smoke-user
[40m[32minfo[39m[22m[49m: TwodartNet.Services.ExportPresentation.ExportPresentationService[0]
      ✅ Export completed successfully!
[40m[32minfo[39m[22m[49m: TwodartNet.Services.ExportPresentationJobService[0]
      [ExportPresentationJobService] Job d12d8899117d progress: 99% - ready
[40m[32minfo[39m[22m[49m: TwodartNet.Services.ExportPresentation.ExportPresentationService[0]
      Export export-phase5-s-94c24e38267842b882109ee9ce967678: Clearing font manager with 0 fonts
[40m[32minfo[39m[22m[49m: TwodartNet.Services.ExportPresentation.ExportPresentationService[0]
      Export export-phase5-s-94c24e38267842b882109ee9ce967678: Font manager disposed
[40m[32minfo[39m[22m[49m: TwodartNet.Services.ExportPresentationJobService[0]
      [ExportPresentationJobService] Job d12d8899117d completed with blob. File size: 41503 bytes
[40m[32minfo[39m[22m[49m: TwodartNet.Controllers.User.Editor.ExportEditorPresentationJobController[0]
      ✅ Export job d12d8899117d completed successfully!
[40m[32minfo[39m[22m[49m: TwodartNet.Middlewares.UserAuthMiddleware[0]
      User authenticated: phase5-smoke-user
[40m[32minfo[39m[22m[49m: TwodartNet.Middlewares.UserAuthMiddleware[0]
      User authenticated: phase5-smoke-user
[40m[32minfo[39m[22m[49m: TwodartNet.Services.ExportPresentationJobService[0]
      [ExportPresentationJobService] Job d12d8899117d downloaded and removed immediately. Memory freed.
[40m[32minfo[39m[22m[49m: TwodartNet.Controllers.User.Editor.ExportEditorPresentationJobController[0]
      Downloading result for job d12d8899117d, size: 41503 bytes
