[0m[2m[35m$[0m [2m[1mbun --filter @twodart/templates-firebase watch[0m
[?2026h[1m@twodart/templates-firebase[0m watch $ [2mnode functions/scripts/build-with-env.js --watch[0m
[36m│[0m 🚀 Starting build in watch mode...
[36m└─[0m [36mRunning...[0m
[?2026l[?2026h[0G[K[1A[K[1A[K[1A[K[1m@twodart/templates-firebase[0m watch $ [2mnode functions/scripts/build-with-env.js --watch[0m
[36m│[0m 🚀 Starting build in watch mode...
[36m│[0m watching apps/templates-firebase/functions/src/main.ts
[36m└─[0m [36mRunning...[0m
[?2026l[?2026h[0G[K[1A[K[1A[K[1A[K[1A[K[1m@twodart/templates-firebase[0m watch $ [2mnode functions/scripts/build-with-env.js --watch[0m
[36m│[0m 🚀 Starting build in watch mode...
[36m│[0m watching apps/templates-firebase/functions/src/main.ts
[36m│[0m 
[36m│[0m build succeeded
[36m└─[0m [36mRunning...[0m
[?2026l[?2026h[0G[K[1A[K[1A[K[1A[K[1A[K[1A[K[1A[K[1m@twodart/templates-firebase[0m watch $ [2mnode functions/scripts/build-with-env.js --watch[0m
[36m│[0m 🚀 Starting build in watch mode...
[36m│[0m watching apps/templates-firebase/functions/src/main.ts
[36m│[0m 
[36m│[0m build succeeded
[36m│[0m 
[36m│[0m [watch] build finished, watching for changes...
[36m└─[0m [36mRunning...[0m
[?2026l[?2026h[0G[K[1A[K[1A[K[1A[K[1A[K[1A[K[1A[K[1A[K[1A[K[1m@twodart/templates-firebase[0m watch $ [2mnode functions/scripts/build-with-env.js --watch[0m
[36m│[0m 🚀 Starting build in watch mode...
[36m│[0m watching apps/templates-firebase/functions/src/main.ts
[36m│[0m 
[36m│[0m build succeeded
[36m│[0m 
[36m│[0m [watch] build finished, watching for changes...
[36m│[0m 
[36m│[0m 🔄 Copying environment files for all Firebase projects...
[36m└─[0m [36mRunning...[0m
[?2026l[?2026h[0G[K[1A[K[1A[K[1A[K[1A[K[1A[K[1A[K[1A[K[1A[K[1A[K[1A[K[1m@twodart/templates-firebase[0m watch $ [2mnode functions/scripts/build-with-env.js --watch[0m
[36m│[0m [2m[2 lines elided][0m
[36m│[0m 
[36m│[0m build succeeded
[36m│[0m 
[36m│[0m [watch] build finished, watching for changes...
[36m│[0m 
[36m│[0m 🔄 Copying environment files for all Firebase projects...
[36m│[0m   ✅ Copied .env.demo-twodart-local
[36m│[0m 
[36m│[0m 📦 Copied 1 environment file(s) to dist:
[36m│[0m    - .env.demo-twodart-local
[36m└─[0m [36mRunning...[0m
[?2026l