/srv/dev-fast/runtime-data/fireside-phase5-20260902T1417+0800-5b51e4d/target-9756be6-r43/release/fireside: OK
2026-09-05T09:42:47+08:00
Starting r43 exact-candidate cheap smoke: official then Fireside
2026-09-05T09:53:05+08:00
browser-fireside-initial.json: OK
browser-fireside-initial.json.diagnostics.jsonl: OK
browser-official-initial.json: OK
browser-official-initial.json.diagnostics.jsonl: OK
dataset-final.json: OK
environment.json: OK
fireside-initial-frontend-recheck.json: OK
fireside-initial-frontend-recheck.jsonl: OK
fireside-initial-process-memory.json: OK
fireside-initial-process-memory.jsonl: OK
fireside-initial-readiness.json: OK
fireside-initial-readiness.jsonl: OK
fireside-initial-tmux.log: OK
fireside-initial.exit: OK
lifecycle.json: OK
logs/browser-fireside-initial.log: OK
logs/browser-official-initial.log: OK
logs/soak-smoke-fireside.log: OK
logs/soak-smoke-official.log: OK
manifest.json: OK
official-initial-frontend-recheck.json: OK
official-initial-frontend-recheck.jsonl: OK
official-initial-process-memory.json: OK
official-initial-process-memory.jsonl: OK
official-initial-readiness.json: OK
official-initial-readiness.jsonl: OK
official-initial-tmux.log: OK
official-initial.exit: OK
preflight-fireside-soak.json: OK
preflight-official-soak.json: OK
soak-comparison.json: OK
soak-comparison.md: OK
soak-smoke-fireside.json: OK
soak-smoke-official.json: OK
Smoke passed; starting strict r36 Fireside continuation against banked official evidence.
2026-09-05T09:53:07+08:00
2026-09-05T12:12:05+08:00
