🔧 Loading environment from: /Users/sanjevirau/Desktop/Twodart/worktrees/ai-pilot/apps/templates/.env.local
📱 Mobile mode: DISABLED
✅ Environment variables loaded successfully
🔑 ENV: local
🔑 Firebase Project: demo-twodart-local
✅ Port environment variables loaded successfully
🚀 Starting SMART Firestore cache watcher for local development...
👀 Watching collections: colors, fonts, fontPairs, slidesCore, categoriesCore, themes, editorStyle, tags, icons-library, premade-templates, general
⏱️  Debounce delay: 5000ms
⚡ Smart rebuild: Only fetches changed collections!
📡 WebSocket server started on 127.0.0.1:8081 for cache updates
🔧 Creating initial cache (full build)...
🔄 Smart rebuilding Firestore cache...
📥 Initial build - fetching all collections sequentially...
📥 Initial build - fetching colors...
❌ WebSocket server error: Error: listen EADDRINUSE: address already in use 127.0.0.1:8081
    at Server.setupListenHandle [as _listen2] (node:net:2324:16)
    at listenInCluster (node:net:2433:12)
    at node:net:2662:7
    at process.processTicksAndRejections (node:internal/process/task_queues:90:21) {
  code: 'EADDRINUSE',
  errno: -48,
  syscall: 'listen',
  address: '127.0.0.1',
  port: 8081
}
📥 Initial build - fetching fonts...
📥 Initial build - fetching font pairs...
📥 Initial build - fetching theme metadata...
📥 Initial build - fetching editor styles...
📥 Initial build - fetching Unsplash topics...
📥 Initial build - fetching premade tags...
⚠️ No tags found in premade templates
📥 Initial build - fetching core free slide IDs...
📥 Initial build - fetching legacy templates metadata...
📝 Cache uploaded to: /cache/main-cache-local.json
🌐 Cache URL: http://127.0.0.1:38108/v0/b/assets-local.twodart.com/o/cache%2Fmain-cache-local.json?alt=media
📏 Size: 102.82 KB (11.61 KB gzipped)
⏱️  Rebuild completed in 269ms
📡 Notified 0 client(s) of cache update
✅ Cache rebuilt successfully at 5:02:52 AM
📊 Data summary:
   - Colors: 0
   - Fonts: 0
   - Font Pairs: 0
   - Editor Styles: 0
   - Theme Metadata: No
   - Icon Libraries: 0
   - Background Images Metadata: No
   - Unsplash Topics: 21
   - Tags: 0
   - Core Free Slide IDs: 0
   - Legacy Templates Metadata: No
✅ Smart watcher started successfully!
📁 Cache will be stored in Firebase Storage at: /cache/main-cache-local.json
🔄 Cache will smart-rebuild automatically when Firestore data changes
⚡ Only changed collections will be fetched - much faster!
🔔 Change detected in fontPairs collection
🔔 Change detected in general collection
🔔 Change detected in categoriesCore collection
🔔 Change detected in fonts collection
🔔 Change detected in slidesCore collection
🔔 Change detected in themes collection
🔔 Change detected in colors collection
🔔 Change detected in editorStyle collection
🔔 Change detected in tags collection
🔔 Change detected in premade-templates collection
🔔 Change detected in icons-library collection

🛑 Received termination signal...
📡 WebSocket server closed
✅ Watcher stopped gracefully
