[1m
portless
[22m
[2m-- Proxy is running[22m
[2m-- templates.twodart.localhost (auto-resolves to 127.0.0.1)[22m
[2m-- Name "templates.twodart" (from --name flag)[22m
-- Using port 23113 (fixed)
[1m
  -> https://templates.twodart.localhost
[22m
[2mRunning: PORT=23113 HOST=127.0.0.1 PORTLESS_URL=https://templates.twodart.localhost NODE_EXTRA_CA_CERTS="/home/sanjevi/.portless/ca.pem" bash -c cd apps/templates && exec bun run dev -- --port=$PORT
[22m
[0m[2m[35m$[0m [2m[1mbun next dev "--port=23113"[0m
[1m[38;2;173;127;168m▲ Next.js 16.2.9[39m[22m (Turbopack)
- Local:         http://localhost:23113
- Network:       http://65.109.60.184:23113
- Environments: .env.local
[32m[1m✓[22m[39m Ready in 293ms
- Experiments (use with caution):
  · clientTraceMetadata

[37m[1m○[22m[39m Compiling /login/[loginType] ...

warn - The class `delay-[1500ms]` is ambiguous and matches multiple utilities.
warn - If this is content and not a class, replace it with `delay-&lsqb;1500ms&rsqb;` to silence this warning.
WARNING: You are using the Auth Emulator, which is intended for local testing only.  Do not use with production credentials.
Firebase initialized successfully
WARNING: You are using the Auth Emulator, which is intended for local testing only.  Do not use with production credentials.
Firebase initialized successfully
 GET /login/overview [32m200[39m in 13.9s[2m (next.js: 13.9s, generate-params: 3.5s, application-code: 42ms)[22m
 GET /login/overview [32m200[39m in 542ms[2m (next.js: 526ms, generate-params: 371ms, application-code: 16ms)[22m
 GET /login/overview [32m200[39m in 44ms[2m (next.js: 26ms, generate-params: 24µs, application-code: 19ms)[22m
 GET /login/overview [32m200[39m in 45ms[2m (next.js: 27ms, generate-params: 16µs, application-code: 18ms)[22m
WARNING: You are using the Auth Emulator, which is intended for local testing only.  Do not use with production credentials.
Firebase initialized successfully
 GET /login/overview [32m200[39m in 396ms[2m (next.js: 382ms, generate-params: 352ms, application-code: 14ms)[22m
 GET /login/overview [32m200[39m in 34ms[2m (next.js: 23ms, generate-params: 14µs, application-code: 11ms)[22m
 GET /login/overview [32m200[39m in 34ms[2m (next.js: 20ms, generate-params: 13µs, application-code: 15ms)[22m
WARNING: You are using the Auth Emulator, which is intended for local testing only.  Do not use with production credentials.
Firebase initialized successfully
 GET /login/overview [32m200[39m in 405ms[2m (next.js: 393ms, generate-params: 373ms, application-code: 12ms)[22m
 GET /login/overview [32m200[39m in 40ms[2m (next.js: 29ms, generate-params: 23µs, application-code: 11ms)[22m
 GET /login/overview [32m200[39m in 43ms[2m (next.js: 32ms, generate-params: 9µs, application-code: 11ms)[22m
WARNING: You are using the Auth Emulator, which is intended for local testing only.  Do not use with production credentials.
Firebase initialized successfully
 GET /login/overview [32m200[39m in 374ms[2m (next.js: 363ms, generate-params: 342ms, application-code: 11ms)[22m
 GET /login/overview [32m200[39m in 40ms[2m (next.js: 25ms, generate-params: 18µs, application-code: 15ms)[22m
 GET /login/overview [32m200[39m in 42ms[2m (next.js: 23ms, generate-params: 11µs, application-code: 19ms)[22m
WARNING: You are using the Auth Emulator, which is intended for local testing only.  Do not use with production credentials.
Firebase initialized successfully
 GET /login/overview [32m200[39m in 375ms[2m (next.js: 363ms, generate-params: 342ms, application-code: 12ms)[22m
 GET /login/overview [32m200[39m in 38ms[2m (next.js: 28ms, generate-params: 9µs, application-code: 11ms)[22m
 GET /login/overview [32m200[39m in 42ms[2m (next.js: 25ms, generate-params: 10µs, application-code: 17ms)[22m
WARNING: You are using the Auth Emulator, which is intended for local testing only.  Do not use with production credentials.
Firebase initialized successfully
 GET /login/overview [32m200[39m in 373ms[2m (next.js: 362ms, generate-params: 337ms, application-code: 11ms)[22m
 GET /login/overview [32m200[39m in 49ms[2m (next.js: 28ms, generate-params: 15µs, application-code: 21ms)[22m
 GET /login/overview [32m200[39m in 38ms[2m (next.js: 18ms, generate-params: 9µs, application-code: 20ms)[22m
WARNING: You are using the Auth Emulator, which is intended for local testing only.  Do not use with production credentials.
Firebase initialized successfully
 GET /login/overview [32m200[39m in 378ms[2m (next.js: 366ms, generate-params: 344ms, application-code: 12ms)[22m
 GET /login/overview [32m200[39m in 45ms[2m (next.js: 23ms, generate-params: 13µs, application-code: 21ms)[22m
 GET /login/overview [32m200[39m in 30ms[2m (next.js: 19ms, generate-params: 8µs, application-code: 11ms)[22m
WARNING: You are using the Auth Emulator, which is intended for local testing only.  Do not use with production credentials.
Firebase initialized successfully
 GET /login/overview [32m200[39m in 371ms[2m (next.js: 360ms, generate-params: 341ms, application-code: 11ms)[22m
 GET /login/overview [32m200[39m in 34ms[2m (next.js: 23ms, generate-params: 12µs, application-code: 11ms)[22m
 GET /login/overview [32m200[39m in 37ms[2m (next.js: 25ms, generate-params: 10µs, application-code: 12ms)[22m
WARNING: You are using the Auth Emulator, which is intended for local testing only.  Do not use with production credentials.
Firebase initialized successfully
 GET /login/overview [32m200[39m in 387ms[2m (next.js: 371ms, generate-params: 345ms, application-code: 15ms)[22m
 GET /login/overview [32m200[39m in 37ms[2m (next.js: 25ms, generate-params: 12µs, application-code: 13ms)[22m
 GET /login/overview [32m200[39m in 38ms[2m (next.js: 22ms, generate-params: 10µs, application-code: 16ms)[22m
WARNING: You are using the Auth Emulator, which is intended for local testing only.  Do not use with production credentials.
Firebase initialized successfully
 GET /login/overview [32m200[39m in 375ms[2m (next.js: 365ms, generate-params: 338ms, application-code: 10ms)[22m
 GET /login/overview [32m200[39m in 46ms[2m (next.js: 31ms, generate-params: 13µs, application-code: 16ms)[22m
 GET /login/overview [32m200[39m in 55ms[2m (next.js: 33ms, generate-params: 18µs, application-code: 22ms)[22m
WARNING: You are using the Auth Emulator, which is intended for local testing only.  Do not use with production credentials.
Firebase initialized successfully
 GET /login/overview [32m200[39m in 383ms[2m (next.js: 371ms, generate-params: 339ms, application-code: 12ms)[22m
 GET /login/overview [32m200[39m in 35ms[2m (next.js: 20ms, generate-params: 11µs, application-code: 15ms)[22m
 GET /login/overview [32m200[39m in 45ms[2m (next.js: 24ms, generate-params: 11µs, application-code: 20ms)[22m
WARNING: You are using the Auth Emulator, which is intended for local testing only.  Do not use with production credentials.
Firebase initialized successfully
 GET /login/overview [32m200[39m in 370ms[2m (next.js: 359ms, generate-params: 336ms, application-code: 11ms)[22m
 GET /login/overview [32m200[39m in 34ms[2m (next.js: 19ms, generate-params: 11µs, application-code: 14ms)[22m
 GET /login/overview [32m200[39m in 37ms[2m (next.js: 24ms, generate-params: 10µs, application-code: 13ms)[22m
WARNING: You are using the Auth Emulator, which is intended for local testing only.  Do not use with production credentials.
Firebase initialized successfully
 GET /login/overview [32m200[39m in 385ms[2m (next.js: 372ms, generate-params: 347ms, application-code: 12ms)[22m
 GET /login/overview [32m200[39m in 35ms[2m (next.js: 23ms, generate-params: 8µs, application-code: 12ms)[22m
 GET /login/overview [32m200[39m in 47ms[2m (next.js: 26ms, generate-params: 13µs, application-code: 22ms)[22m
WARNING: You are using the Auth Emulator, which is intended for local testing only.  Do not use with production credentials.
Firebase initialized successfully
 GET /login/overview [32m200[39m in 376ms[2m (next.js: 365ms, generate-params: 346ms, application-code: 11ms)[22m
 GET /login/overview [32m200[39m in 34ms[2m (next.js: 21ms, generate-params: 10µs, application-code: 13ms)[22m
 GET /login/overview [32m200[39m in 37ms[2m (next.js: 23ms, generate-params: 8µs, application-code: 14ms)[22m
WARNING: You are using the Auth Emulator, which is intended for local testing only.  Do not use with production credentials.
Firebase initialized successfully
 GET /login/overview [32m200[39m in 396ms[2m (next.js: 385ms, generate-params: 353ms, application-code: 11ms)[22m
 GET /login/overview [32m200[39m in 44ms[2m (next.js: 31ms, generate-params: 11µs, application-code: 14ms)[22m
 GET /login/overview [32m200[39m in 40ms[2m (next.js: 24ms, generate-params: 11µs, application-code: 16ms)[22m
WARNING: You are using the Auth Emulator, which is intended for local testing only.  Do not use with production credentials.
Firebase initialized successfully
 GET /login/overview [32m200[39m in 381ms[2m (next.js: 370ms, generate-params: 341ms, application-code: 11ms)[22m
 GET /login/overview [32m200[39m in 43ms[2m (next.js: 27ms, generate-params: 16µs, application-code: 16ms)[22m
 GET /login/overview [32m200[39m in 64ms[2m (next.js: 43ms, generate-params: 11µs, application-code: 21ms)[22m
WARNING: You are using the Auth Emulator, which is intended for local testing only.  Do not use with production credentials.
Firebase initialized successfully
 GET /login/overview [32m200[39m in 374ms[2m (next.js: 363ms, generate-params: 344ms, application-code: 11ms)[22m
 GET /login/overview [32m200[39m in 46ms[2m (next.js: 29ms, generate-params: 11µs, application-code: 17ms)[22m
 GET /login/overview [32m200[39m in 54ms[2m (next.js: 36ms, generate-params: 18µs, application-code: 17ms)[22m
WARNING: You are using the Auth Emulator, which is intended for local testing only.  Do not use with production credentials.
Firebase initialized successfully
 GET /login/overview [32m200[39m in 374ms[2m (next.js: 358ms, generate-params: 339ms, application-code: 15ms)[22m
 GET /login/overview [32m200[39m in 38ms[2m (next.js: 24ms, generate-params: 9µs, application-code: 14ms)[22m
 GET /login/overview [32m200[39m in 42ms[2m (next.js: 25ms, generate-params: 14µs, application-code: 17ms)[22m
WARNING: You are using the Auth Emulator, which is intended for local testing only.  Do not use with production credentials.
Firebase initialized successfully
 GET /login/overview [32m200[39m in 368ms[2m (next.js: 357ms, generate-params: 338ms, application-code: 11ms)[22m
 GET /login/overview [32m200[39m in 36ms[2m (next.js: 19ms, generate-params: 10µs, application-code: 17ms)[22m
 GET /login/overview [32m200[39m in 124ms[2m (next.js: 108ms, generate-params: 12µs, application-code: 16ms)[22m
WARNING: You are using the Auth Emulator, which is intended for local testing only.  Do not use with production credentials.
Firebase initialized successfully
 GET /login/overview [32m200[39m in 393ms[2m (next.js: 382ms, generate-params: 351ms, application-code: 11ms)[22m
 GET /login/overview [32m200[39m in 42ms[2m (next.js: 27ms, generate-params: 11µs, application-code: 16ms)[22m
 GET /login/overview [32m200[39m in 32ms[2m (next.js: 18ms, generate-params: 9µs, application-code: 14ms)[22m
WARNING: You are using the Auth Emulator, which is intended for local testing only.  Do not use with production credentials.
Firebase initialized successfully
 GET /login/overview [32m200[39m in 375ms[2m (next.js: 364ms, generate-params: 347ms, application-code: 11ms)[22m
 GET /login/overview [32m200[39m in 46ms[2m (next.js: 24ms, generate-params: 13µs, application-code: 22ms)[22m
 GET /login/overview [32m200[39m in 35ms[2m (next.js: 21ms, generate-params: 11µs, application-code: 15ms)[22m
WARNING: You are using the Auth Emulator, which is intended for local testing only.  Do not use with production credentials.
Firebase initialized successfully
 GET /login/overview [32m200[39m in 383ms[2m (next.js: 373ms, generate-params: 349ms, application-code: 11ms)[22m
 GET /login/overview [32m200[39m in 32ms[2m (next.js: 19ms, generate-params: 10µs, application-code: 13ms)[22m
 GET /login/overview [32m200[39m in 30ms[2m (next.js: 18ms, generate-params: 9µs, application-code: 12ms)[22m
WARNING: You are using the Auth Emulator, which is intended for local testing only.  Do not use with production credentials.
Firebase initialized successfully
 GET /login/overview [32m200[39m in 420ms[2m (next.js: 383ms, generate-params: 346ms, application-code: 37ms)[22m
 GET /login/overview [32m200[39m in 37ms[2m (next.js: 22ms, generate-params: 11µs, application-code: 15ms)[22m
 GET /login/overview [32m200[39m in 50ms[2m (next.js: 30ms, generate-params: 13µs, application-code: 20ms)[22m
WARNING: You are using the Auth Emulator, which is intended for local testing only.  Do not use with production credentials.
Firebase initialized successfully
 GET /login/overview [32m200[39m in 382ms[2m (next.js: 371ms, generate-params: 353ms, application-code: 11ms)[22m
 GET /login/overview [32m200[39m in 35ms[2m (next.js: 21ms, generate-params: 12µs, application-code: 14ms)[22m
 GET /login/overview [32m200[39m in 60ms[2m (next.js: 34ms, generate-params: 16µs, application-code: 26ms)[22m
WARNING: You are using the Auth Emulator, which is intended for local testing only.  Do not use with production credentials.
Firebase initialized successfully
 GET /login/overview [32m200[39m in 389ms[2m (next.js: 378ms, generate-params: 349ms, application-code: 11ms)[22m
 GET /login/overview [32m200[39m in 47ms[2m (next.js: 24ms, generate-params: 14µs, application-code: 23ms)[22m
 GET /login/overview [32m200[39m in 34ms[2m (next.js: 20ms, generate-params: 9µs, application-code: 14ms)[22m
WARNING: You are using the Auth Emulator, which is intended for local testing only.  Do not use with production credentials.
Firebase initialized successfully
 GET /login/overview [32m200[39m in 395ms[2m (next.js: 384ms, generate-params: 343ms, application-code: 11ms)[22m
 GET /login/overview [32m200[39m in 43ms[2m (next.js: 27ms, generate-params: 13µs, application-code: 16ms)[22m
 GET /login/overview [32m200[39m in 43ms[2m (next.js: 29ms, generate-params: 11µs, application-code: 14ms)[22m
WARNING: You are using the Auth Emulator, which is intended for local testing only.  Do not use with production credentials.
Firebase initialized successfully
 GET /login/overview [32m200[39m in 368ms[2m (next.js: 358ms, generate-params: 341ms, application-code: 11ms)[22m
 GET /login/overview [32m200[39m in 41ms[2m (next.js: 30ms, generate-params: 9µs, application-code: 11ms)[22m
 GET /login/overview [32m200[39m in 28ms[2m (next.js: 17ms, generate-params: 10µs, application-code: 11ms)[22m
WARNING: You are using the Auth Emulator, which is intended for local testing only.  Do not use with production credentials.
Firebase initialized successfully
 GET /login/overview [32m200[39m in 388ms[2m (next.js: 377ms, generate-params: 334ms, application-code: 11ms)[22m
 GET /login/overview [32m200[39m in 48ms[2m (next.js: 33ms, generate-params: 11µs, application-code: 15ms)[22m
 GET /login/overview [32m200[39m in 45ms[2m (next.js: 26ms, generate-params: 14µs, application-code: 20ms)[22m
WARNING: You are using the Auth Emulator, which is intended for local testing only.  Do not use with production credentials.
Firebase initialized successfully
 GET /login/overview [32m200[39m in 376ms[2m (next.js: 365ms, generate-params: 346ms, application-code: 12ms)[22m
 GET /login/overview [32m200[39m in 35ms[2m (next.js: 23ms, generate-params: 12µs, application-code: 13ms)[22m
 GET /login/overview [32m200[39m in 46ms[2m (next.js: 31ms, generate-params: 11µs, application-code: 15ms)[22m
WARNING: You are using the Auth Emulator, which is intended for local testing only.  Do not use with production credentials.
Firebase initialized successfully
 GET /login/overview [32m200[39m in 396ms[2m (next.js: 385ms, generate-params: 355ms, application-code: 11ms)[22m
 GET /login/overview [32m200[39m in 66ms[2m (next.js: 40ms, generate-params: 23µs, application-code: 26ms)[22m
 GET /login/overview [32m200[39m in 35ms[2m (next.js: 22ms, generate-params: 9µs, application-code: 13ms)[22m
WARNING: You are using the Auth Emulator, which is intended for local testing only.  Do not use with production credentials.
Firebase initialized successfully
 GET /login/overview [32m200[39m in 383ms[2m (next.js: 372ms, generate-params: 349ms, application-code: 11ms)[22m
 GET /login/overview [32m200[39m in 55ms[2m (next.js: 34ms, generate-params: 12µs, application-code: 21ms)[22m
 GET /login/overview [32m200[39m in 53ms[2m (next.js: 32ms, generate-params: 18µs, application-code: 21ms)[22m
WARNING: You are using the Auth Emulator, which is intended for local testing only.  Do not use with production credentials.
Firebase initialized successfully
 GET /login/overview [32m200[39m in 384ms[2m (next.js: 373ms, generate-params: 346ms, application-code: 11ms)[22m
 GET /login/overview [32m200[39m in 56ms[2m (next.js: 31ms, generate-params: 12µs, application-code: 25ms)[22m
 GET /login/overview [32m200[39m in 33ms[2m (next.js: 18ms, generate-params: 9µs, application-code: 14ms)[22m
WARNING: You are using the Auth Emulator, which is intended for local testing only.  Do not use with production credentials.
Firebase initialized successfully
 GET /login/overview [32m200[39m in 390ms[2m (next.js: 379ms, generate-params: 348ms, application-code: 11ms)[22m
 GET /login/overview [32m200[39m in 62ms[2m (next.js: 46ms, generate-params: 13µs, application-code: 15ms)[22m
 GET /login/overview [32m200[39m in 33ms[2m (next.js: 19ms, generate-params: 10µs, application-code: 14ms)[22m
WARNING: You are using the Auth Emulator, which is intended for local testing only.  Do not use with production credentials.
Firebase initialized successfully
 GET /login/overview [32m200[39m in 369ms[2m (next.js: 358ms, generate-params: 338ms, application-code: 12ms)[22m
 GET /login/overview [32m200[39m in 98ms[2m (next.js: 86ms, generate-params: 8µs, application-code: 12ms)[22m
 GET /login/overview [32m200[39m in 52ms[2m (next.js: 32ms, generate-params: 13µs, application-code: 19ms)[22m
WARNING: You are using the Auth Emulator, which is intended for local testing only.  Do not use with production credentials.
Firebase initialized successfully
 GET /login/overview [32m200[39m in 396ms[2m (next.js: 385ms, generate-params: 349ms, application-code: 11ms)[22m
 GET /login/overview [32m200[39m in 51ms[2m (next.js: 36ms, generate-params: 12µs, application-code: 15ms)[22m
 GET /login/overview [32m200[39m in 54ms[2m (next.js: 31ms, generate-params: 16µs, application-code: 23ms)[22m
WARNING: You are using the Auth Emulator, which is intended for local testing only.  Do not use with production credentials.
Firebase initialized successfully
 GET /login/overview [32m200[39m in 393ms[2m (next.js: 382ms, generate-params: 352ms, application-code: 11ms)[22m
 GET /login/overview [32m200[39m in 54ms[2m (next.js: 38ms, generate-params: 11µs, application-code: 16ms)[22m
 GET /login/overview [32m200[39m in 52ms[2m (next.js: 32ms, generate-params: 12µs, application-code: 21ms)[22m
WARNING: You are using the Auth Emulator, which is intended for local testing only.  Do not use with production credentials.
Firebase initialized successfully
 GET /login/overview [32m200[39m in 377ms[2m (next.js: 366ms, generate-params: 345ms, application-code: 11ms)[22m
 GET /login/overview [32m200[39m in 37ms[2m (next.js: 23ms, generate-params: 11µs, application-code: 14ms)[22m
 GET /login/overview [32m200[39m in 54ms[2m (next.js: 33ms, generate-params: 12µs, application-code: 21ms)[22m
WARNING: You are using the Auth Emulator, which is intended for local testing only.  Do not use with production credentials.
Firebase initialized successfully
 GET /login/overview [32m200[39m in 388ms[2m (next.js: 377ms, generate-params: 346ms, application-code: 11ms)[22m
 GET /login/overview [32m200[39m in 52ms[2m (next.js: 27ms, generate-params: 22µs, application-code: 26ms)[22m
 GET /login/overview [32m200[39m in 54ms[2m (next.js: 30ms, generate-params: 16µs, application-code: 24ms)[22m
WARNING: You are using the Auth Emulator, which is intended for local testing only.  Do not use with production credentials.
Firebase initialized successfully
 GET /login/overview [32m200[39m in 381ms[2m (next.js: 369ms, generate-params: 343ms, application-code: 11ms)[22m
 GET /login/overview [32m200[39m in 53ms[2m (next.js: 33ms, generate-params: 12µs, application-code: 21ms)[22m
 GET /login/overview [32m200[39m in 41ms[2m (next.js: 20ms, generate-params: 12µs, application-code: 21ms)[22m
WARNING: You are using the Auth Emulator, which is intended for local testing only.  Do not use with production credentials.
Firebase initialized successfully
 GET /login/overview [32m200[39m in 372ms[2m (next.js: 361ms, generate-params: 342ms, application-code: 11ms)[22m
 GET /login/overview [32m200[39m in 60ms[2m (next.js: 38ms, generate-params: 14µs, application-code: 22ms)[22m
 GET /login/overview [32m200[39m in 50ms[2m (next.js: 29ms, generate-params: 12µs, application-code: 21ms)[22m
WARNING: You are using the Auth Emulator, which is intended for local testing only.  Do not use with production credentials.
Firebase initialized successfully
 GET /login/overview [32m200[39m in 371ms[2m (next.js: 361ms, generate-params: 341ms, application-code: 11ms)[22m
 GET /login/overview [32m200[39m in 43ms[2m (next.js: 32ms, generate-params: 12µs, application-code: 12ms)[22m
 GET /login/overview [32m200[39m in 51ms[2m (next.js: 31ms, generate-params: 12µs, application-code: 20ms)[22m
WARNING: You are using the Auth Emulator, which is intended for local testing only.  Do not use with production credentials.
Firebase initialized successfully
 GET /login/overview [32m200[39m in 388ms[2m (next.js: 377ms, generate-params: 346ms, application-code: 11ms)[22m
 GET /login/overview [32m200[39m in 58ms[2m (next.js: 38ms, generate-params: 15µs, application-code: 20ms)[22m
 GET /login/overview [32m200[39m in 48ms[2m (next.js: 29ms, generate-params: 12µs, application-code: 18ms)[22m
WARNING: You are using the Auth Emulator, which is intended for local testing only.  Do not use with production credentials.
Firebase initialized successfully
 GET /login/overview [32m200[39m in 397ms[2m (next.js: 386ms, generate-params: 356ms, application-code: 11ms)[22m
 GET /login/overview [32m200[39m in 70ms[2m (next.js: 48ms, generate-params: 14µs, application-code: 23ms)[22m
 GET /login/overview [32m200[39m in 34ms[2m (next.js: 23ms, generate-params: 9µs, application-code: 11ms)[22m
WARNING: You are using the Auth Emulator, which is intended for local testing only.  Do not use with production credentials.
Firebase initialized successfully
 GET /login/overview [32m200[39m in 376ms[2m (next.js: 365ms, generate-params: 345ms, application-code: 11ms)[22m
 GET /login/overview [32m200[39m in 42ms[2m (next.js: 30ms, generate-params: 13µs, application-code: 12ms)[22m
 GET /login/overview [32m200[39m in 53ms[2m (next.js: 32ms, generate-params: 13µs, application-code: 21ms)[22m
WARNING: You are using the Auth Emulator, which is intended for local testing only.  Do not use with production credentials.
Firebase initialized successfully
 GET /login/overview [32m200[39m in 390ms[2m (next.js: 379ms, generate-params: 350ms, application-code: 11ms)[22m
 GET /login/overview [32m200[39m in 40ms[2m (next.js: 25ms, generate-params: 13µs, application-code: 15ms)[22m
 GET /login/overview [32m200[39m in 50ms[2m (next.js: 35ms, generate-params: 10µs, application-code: 15ms)[22m
WARNING: You are using the Auth Emulator, which is intended for local testing only.  Do not use with production credentials.
Firebase initialized successfully
 GET /login/overview [32m200[39m in 402ms[2m (next.js: 391ms, generate-params: 333ms, application-code: 11ms)[22m
 GET /login/overview [32m200[39m in 38ms[2m (next.js: 26ms, generate-params: 11µs, application-code: 12ms)[22m
 GET /login/overview [32m200[39m in 41ms[2m (next.js: 26ms, generate-params: 13µs, application-code: 15ms)[22m
WARNING: You are using the Auth Emulator, which is intended for local testing only.  Do not use with production credentials.
Firebase initialized successfully
 GET /login/overview [32m200[39m in 393ms[2m (next.js: 382ms, generate-params: 352ms, application-code: 11ms)[22m
 GET /login/overview [32m200[39m in 33ms[2m (next.js: 21ms, generate-params: 10µs, application-code: 12ms)[22m
 GET /login/overview [32m200[39m in 32ms[2m (next.js: 20ms, generate-params: 11µs, application-code: 13ms)[22m
WARNING: You are using the Auth Emulator, which is intended for local testing only.  Do not use with production credentials.
Firebase initialized successfully
 GET /login/overview [32m200[39m in 366ms[2m (next.js: 355ms, generate-params: 336ms, application-code: 11ms)[22m
 GET /login/overview [32m200[39m in 40ms[2m (next.js: 24ms, generate-params: 14µs, application-code: 15ms)[22m
 GET /login/overview [32m200[39m in 43ms[2m (next.js: 29ms, generate-params: 16µs, application-code: 14ms)[22m
WARNING: You are using the Auth Emulator, which is intended for local testing only.  Do not use with production credentials.
Firebase initialized successfully
 GET /login/overview [32m200[39m in 390ms[2m (next.js: 379ms, generate-params: 347ms, application-code: 11ms)[22m
 GET /login/overview [32m200[39m in 37ms[2m (next.js: 24ms, generate-params: 14µs, application-code: 14ms)[22m
 GET /login/overview [32m200[39m in 52ms[2m (next.js: 33ms, generate-params: 18µs, application-code: 19ms)[22m
WARNING: You are using the Auth Emulator, which is intended for local testing only.  Do not use with production credentials.
Firebase initialized successfully
 GET /login/overview [32m200[39m in 392ms[2m (next.js: 381ms, generate-params: 347ms, application-code: 11ms)[22m
 GET /login/overview [32m200[39m in 36ms[2m (next.js: 21ms, generate-params: 11µs, application-code: 15ms)[22m
 GET /login/overview [32m200[39m in 58ms[2m (next.js: 35ms, generate-params: 19µs, application-code: 24ms)[22m
WARNING: You are using the Auth Emulator, which is intended for local testing only.  Do not use with production credentials.
Firebase initialized successfully
 GET /login/overview [32m200[39m in 383ms[2m (next.js: 372ms, generate-params: 338ms, application-code: 11ms)[22m
 GET /login/overview [32m200[39m in 52ms[2m (next.js: 29ms, generate-params: 14µs, application-code: 23ms)[22m
 GET /login/overview [32m200[39m in 35ms[2m (next.js: 22ms, generate-params: 14µs, application-code: 13ms)[22m
WARNING: You are using the Auth Emulator, which is intended for local testing only.  Do not use with production credentials.
Firebase initialized successfully
 GET /login/overview [32m200[39m in 377ms[2m (next.js: 366ms, generate-params: 348ms, application-code: 11ms)[22m
 GET /login/overview [32m200[39m in 52ms[2m (next.js: 37ms, generate-params: 12µs, application-code: 15ms)[22m
 GET /login/overview [32m200[39m in 42ms[2m (next.js: 28ms, generate-params: 17µs, application-code: 14ms)[22m
WARNING: You are using the Auth Emulator, which is intended for local testing only.  Do not use with production credentials.
Firebase initialized successfully
 GET /login/overview [32m200[39m in 367ms[2m (next.js: 356ms, generate-params: 338ms, application-code: 11ms)[22m
 GET /login/overview [32m200[39m in 35ms[2m (next.js: 20ms, generate-params: 11µs, application-code: 15ms)[22m
 GET /login/overview [32m200[39m in 51ms[2m (next.js: 30ms, generate-params: 19µs, application-code: 20ms)[22m
WARNING: You are using the Auth Emulator, which is intended for local testing only.  Do not use with production credentials.
Firebase initialized successfully
 GET /login/overview [32m200[39m in 389ms[2m (next.js: 378ms, generate-params: 348ms, application-code: 11ms)[22m
 GET /login/overview [32m200[39m in 38ms[2m (next.js: 23ms, generate-params: 10µs, application-code: 14ms)[22m
 GET /login/overview [32m200[39m in 49ms[2m (next.js: 38ms, generate-params: 10µs, application-code: 11ms)[22m
WARNING: You are using the Auth Emulator, which is intended for local testing only.  Do not use with production credentials.
Firebase initialized successfully
 GET /login/overview [32m200[39m in 364ms[2m (next.js: 353ms, generate-params: 335ms, application-code: 11ms)[22m
 GET /login/overview [32m200[39m in 42ms[2m (next.js: 22ms, generate-params: 12µs, application-code: 20ms)[22m
 GET /login/overview [32m200[39m in 38ms[2m (next.js: 22ms, generate-params: 14µs, application-code: 16ms)[22m
WARNING: You are using the Auth Emulator, which is intended for local testing only.  Do not use with production credentials.
Firebase initialized successfully
 GET /login/overview [32m200[39m in 368ms[2m (next.js: 357ms, generate-params: 332ms, application-code: 11ms)[22m
 GET /login/overview [32m200[39m in 36ms[2m (next.js: 25ms, generate-params: 23µs, application-code: 11ms)[22m
 GET /login/overview [32m200[39m in 57ms[2m (next.js: 26ms, generate-params: 17µs, application-code: 31ms)[22m
WARNING: You are using the Auth Emulator, which is intended for local testing only.  Do not use with production credentials.
Firebase initialized successfully
 GET /login/overview [32m200[39m in 376ms[2m (next.js: 363ms, generate-params: 344ms, application-code: 12ms)[22m
 GET /login/overview [32m200[39m in 37ms[2m (next.js: 21ms, generate-params: 33µs, application-code: 16ms)[22m
 GET /login/overview [32m200[39m in 36ms[2m (next.js: 18ms, generate-params: 32µs, application-code: 17ms)[22m
WARNING: You are using the Auth Emulator, which is intended for local testing only.  Do not use with production credentials.
Firebase initialized successfully
 GET /login/overview [32m200[39m in 389ms[2m (next.js: 378ms, generate-params: 348ms, application-code: 11ms)[22m
 GET /login/overview [32m200[39m in 56ms[2m (next.js: 30ms, generate-params: 17µs, application-code: 25ms)[22m
 GET /login/overview [32m200[39m in 41ms[2m (next.js: 24ms, generate-params: 9µs, application-code: 16ms)[22m
WARNING: You are using the Auth Emulator, which is intended for local testing only.  Do not use with production credentials.
Firebase initialized successfully
 GET /login/overview [32m200[39m in 372ms[2m (next.js: 361ms, generate-params: 342ms, application-code: 11ms)[22m
 GET /login/overview [32m200[39m in 48ms[2m (next.js: 33ms, generate-params: 16µs, application-code: 16ms)[22m
 GET /login/overview [32m200[39m in 33ms[2m (next.js: 18ms, generate-params: 14µs, application-code: 16ms)[22m
WARNING: You are using the Auth Emulator, which is intended for local testing only.  Do not use with production credentials.
Firebase initialized successfully
 GET /login/overview [32m200[39m in 384ms[2m (next.js: 373ms, generate-params: 343ms, application-code: 11ms)[22m
 GET /login/overview [32m200[39m in 43ms[2m (next.js: 28ms, generate-params: 13µs, application-code: 16ms)[22m
 GET /login/overview [32m200[39m in 37ms[2m (next.js: 22ms, generate-params: 8µs, application-code: 14ms)[22m
WARNING: You are using the Auth Emulator, which is intended for local testing only.  Do not use with production credentials.
Firebase initialized successfully
 GET /login/overview [32m200[39m in 377ms[2m (next.js: 365ms, generate-params: 338ms, application-code: 11ms)[22m
 GET /login/overview [32m200[39m in 51ms[2m (next.js: 34ms, generate-params: 10µs, application-code: 17ms)[22m
 GET /login/overview [32m200[39m in 40ms[2m (next.js: 22ms, generate-params: 13µs, application-code: 18ms)[22m
WARNING: You are using the Auth Emulator, which is intended for local testing only.  Do not use with production credentials.
Firebase initialized successfully
 GET /login/overview [32m200[39m in 366ms[2m (next.js: 354ms, generate-params: 335ms, application-code: 11ms)[22m
 GET /login/overview [32m200[39m in 42ms[2m (next.js: 26ms, generate-params: 12µs, application-code: 16ms)[22m
 GET /login/overview [32m200[39m in 28ms[2m (next.js: 17ms, generate-params: 9µs, application-code: 11ms)[22m
WARNING: You are using the Auth Emulator, which is intended for local testing only.  Do not use with production credentials.
Firebase initialized successfully
 GET /login/overview [32m200[39m in 373ms[2m (next.js: 362ms, generate-params: 343ms, application-code: 11ms)[22m
 GET /login/overview [32m200[39m in 44ms[2m (next.js: 24ms, generate-params: 9µs, application-code: 20ms)[22m
 GET /login/overview [32m200[39m in 63ms[2m (next.js: 37ms, generate-params: 16µs, application-code: 26ms)[22m
WARNING: You are using the Auth Emulator, which is intended for local testing only.  Do not use with production credentials.
Firebase initialized successfully
 GET /login/overview [32m200[39m in 393ms[2m (next.js: 381ms, generate-params: 352ms, application-code: 11ms)[22m
 GET /login/overview [32m200[39m in 40ms[2m (next.js: 23ms, generate-params: 11µs, application-code: 16ms)[22m
 GET /login/overview [32m200[39m in 30ms[2m (next.js: 19ms, generate-params: 10µs, application-code: 11ms)[22m
WARNING: You are using the Auth Emulator, which is intended for local testing only.  Do not use with production credentials.
Firebase initialized successfully
 GET /login/overview [32m200[39m in 392ms[2m (next.js: 381ms, generate-params: 351ms, application-code: 11ms)[22m
 GET /login/overview [32m200[39m in 31ms[2m (next.js: 20ms, generate-params: 10µs, application-code: 11ms)[22m
 GET /login/overview [32m200[39m in 28ms[2m (next.js: 17ms, generate-params: 11µs, application-code: 11ms)[22m
WARNING: You are using the Auth Emulator, which is intended for local testing only.  Do not use with production credentials.
Firebase initialized successfully
 GET /login/overview [32m200[39m in 376ms[2m (next.js: 365ms, generate-params: 339ms, application-code: 11ms)[22m
 GET /login/overview [32m200[39m in 47ms[2m (next.js: 36ms, generate-params: 8µs, application-code: 11ms)[22m
 GET /login/overview [32m200[39m in 35ms[2m (next.js: 20ms, generate-params: 9µs, application-code: 15ms)[22m
WARNING: You are using the Auth Emulator, which is intended for local testing only.  Do not use with production credentials.
Firebase initialized successfully
 GET /login/overview [32m200[39m in 392ms[2m (next.js: 381ms, generate-params: 350ms, application-code: 11ms)[22m
 GET /login/overview [32m200[39m in 34ms[2m (next.js: 21ms, generate-params: 12µs, application-code: 12ms)[22m
 GET /login/overview [32m200[39m in 43ms[2m (next.js: 26ms, generate-params: 14µs, application-code: 17ms)[22m
WARNING: You are using the Auth Emulator, which is intended for local testing only.  Do not use with production credentials.
Firebase initialized successfully
 GET /login/overview [32m200[39m in 368ms[2m (next.js: 357ms, generate-params: 338ms, application-code: 11ms)[22m
 GET /login/overview [32m200[39m in 39ms[2m (next.js: 26ms, generate-params: 12µs, application-code: 12ms)[22m
 GET /login/overview [32m200[39m in 33ms[2m (next.js: 20ms, generate-params: 8µs, application-code: 13ms)[22m
WARNING: You are using the Auth Emulator, which is intended for local testing only.  Do not use with production credentials.
Firebase initialized successfully
 GET /login/overview [32m200[39m in 383ms[2m (next.js: 367ms, generate-params: 348ms, application-code: 16ms)[22m
 GET /login/overview [32m200[39m in 47ms[2m (next.js: 28ms, generate-params: 11µs, application-code: 19ms)[22m
 GET /login/overview [32m200[39m in 36ms[2m (next.js: 17ms, generate-params: 10µs, application-code: 19ms)[22m
WARNING: You are using the Auth Emulator, which is intended for local testing only.  Do not use with production credentials.
Firebase initialized successfully
 GET /login/overview [32m200[39m in 394ms[2m (next.js: 383ms, generate-params: 353ms, application-code: 11ms)[22m
 GET /login/overview [32m200[39m in 30ms[2m (next.js: 20ms, generate-params: 10µs, application-code: 11ms)[22m
 GET /login/overview [32m200[39m in 29ms[2m (next.js: 18ms, generate-params: 8µs, application-code: 11ms)[22m
WARNING: You are using the Auth Emulator, which is intended for local testing only.  Do not use with production credentials.
Firebase initialized successfully
 GET /login/overview [32m200[39m in 362ms[2m (next.js: 351ms, generate-params: 332ms, application-code: 11ms)[22m
 GET /login/overview [32m200[39m in 59ms[2m (next.js: 38ms, generate-params: 12µs, application-code: 21ms)[22m
 GET /login/overview [32m200[39m in 29ms[2m (next.js: 17ms, generate-params: 11µs, application-code: 12ms)[22m
WARNING: You are using the Auth Emulator, which is intended for local testing only.  Do not use with production credentials.
Firebase initialized successfully
 GET /login/overview [32m200[39m in 386ms[2m (next.js: 375ms, generate-params: 334ms, application-code: 11ms)[22m
 GET /login/overview [32m200[39m in 32ms[2m (next.js: 21ms, generate-params: 9µs, application-code: 11ms)[22m
 GET /login/overview [32m200[39m in 40ms[2m (next.js: 20ms, generate-params: 9µs, application-code: 20ms)[22m
WARNING: You are using the Auth Emulator, which is intended for local testing only.  Do not use with production credentials.
Firebase initialized successfully
 GET /login/overview [32m200[39m in 389ms[2m (next.js: 379ms, generate-params: 348ms, application-code: 11ms)[22m
 GET /login/overview [32m200[39m in 33ms[2m (next.js: 21ms, generate-params: 12µs, application-code: 11ms)[22m
 GET /login/overview [32m200[39m in 54ms[2m (next.js: 33ms, generate-params: 12µs, application-code: 21ms)[22m
WARNING: You are using the Auth Emulator, which is intended for local testing only.  Do not use with production credentials.
Firebase initialized successfully
 GET /login/overview [32m200[39m in 389ms[2m (next.js: 378ms, generate-params: 351ms, application-code: 11ms)[22m
 GET /login/overview [32m200[39m in 39ms[2m (next.js: 19ms, generate-params: 23µs, application-code: 20ms)[22m
 GET /login/overview [32m200[39m in 29ms[2m (next.js: 17ms, generate-params: 8µs, application-code: 12ms)[22m
WARNING: You are using the Auth Emulator, which is intended for local testing only.  Do not use with production credentials.
Firebase initialized successfully
 GET /login/overview [32m200[39m in 392ms[2m (next.js: 381ms, generate-params: 350ms, application-code: 11ms)[22m
 GET /login/overview [32m200[39m in 41ms[2m (next.js: 29ms, generate-params: 9µs, application-code: 11ms)[22m
 GET /login/overview [32m200[39m in 51ms[2m (next.js: 30ms, generate-params: 12µs, application-code: 21ms)[22m
WARNING: You are using the Auth Emulator, which is intended for local testing only.  Do not use with production credentials.
Firebase initialized successfully
 GET /login/overview [32m200[39m in 378ms[2m (next.js: 367ms, generate-params: 342ms, application-code: 11ms)[22m
 GET /login/overview [32m200[39m in 44ms[2m (next.js: 29ms, generate-params: 11µs, application-code: 15ms)[22m
 GET /login/overview [32m200[39m in 45ms[2m (next.js: 23ms, generate-params: 14µs, application-code: 22ms)[22m
WARNING: You are using the Auth Emulator, which is intended for local testing only.  Do not use with production credentials.
Firebase initialized successfully
 GET /login/overview [32m200[39m in 384ms[2m (next.js: 373ms, generate-params: 354ms, application-code: 11ms)[22m
 GET /login/overview [32m200[39m in 33ms[2m (next.js: 22ms, generate-params: 9µs, application-code: 12ms)[22m
 GET /login/overview [32m200[39m in 53ms[2m (next.js: 32ms, generate-params: 12µs, application-code: 21ms)[22m
WARNING: You are using the Auth Emulator, which is intended for local testing only.  Do not use with production credentials.
Firebase initialized successfully
 GET /login/overview [32m200[39m in 392ms[2m (next.js: 382ms, generate-params: 346ms, application-code: 11ms)[22m
 GET /login/overview [32m200[39m in 46ms[2m (next.js: 33ms, generate-params: 10µs, application-code: 14ms)[22m
 GET /login/overview [32m200[39m in 33ms[2m (next.js: 20ms, generate-params: 9µs, application-code: 13ms)[22m
WARNING: You are using the Auth Emulator, which is intended for local testing only.  Do not use with production credentials.
Firebase initialized successfully
 GET /login/overview [32m200[39m in 383ms[2m (next.js: 373ms, generate-params: 342ms, application-code: 11ms)[22m
 GET /login/overview [32m200[39m in 43ms[2m (next.js: 27ms, generate-params: 12µs, application-code: 16ms)[22m
 GET /login/overview [32m200[39m in 31ms[2m (next.js: 19ms, generate-params: 8µs, application-code: 12ms)[22m
WARNING: You are using the Auth Emulator, which is intended for local testing only.  Do not use with production credentials.
Firebase initialized successfully
 GET /login/overview [32m200[39m in 369ms[2m (next.js: 357ms, generate-params: 339ms, application-code: 12ms)[22m
 GET /login/overview [32m200[39m in 38ms[2m (next.js: 24ms, generate-params: 11µs, application-code: 14ms)[22m
 GET /login/overview [32m200[39m in 43ms[2m (next.js: 32ms, generate-params: 8µs, application-code: 11ms)[22m
WARNING: You are using the Auth Emulator, which is intended for local testing only.  Do not use with production credentials.
Firebase initialized successfully
 GET /login/overview [32m200[39m in 373ms[2m (next.js: 362ms, generate-params: 344ms, application-code: 11ms)[22m
 GET /login/overview [32m200[39m in 66ms[2m (next.js: 45ms, generate-params: 12µs, application-code: 20ms)[22m
 GET /login/overview [32m200[39m in 52ms[2m (next.js: 32ms, generate-params: 13µs, application-code: 20ms)[22m
WARNING: You are using the Auth Emulator, which is intended for local testing only.  Do not use with production credentials.
Firebase initialized successfully
 GET /login/overview [32m200[39m in 375ms[2m (next.js: 364ms, generate-params: 336ms, application-code: 11ms)[22m
 GET /login/overview [32m200[39m in 49ms[2m (next.js: 34ms, generate-params: 12µs, application-code: 16ms)[22m
 GET /login/overview [32m200[39m in 37ms[2m (next.js: 24ms, generate-params: 11µs, application-code: 13ms)[22m
WARNING: You are using the Auth Emulator, which is intended for local testing only.  Do not use with production credentials.
Firebase initialized successfully
 GET /login/overview [32m200[39m in 395ms[2m (next.js: 384ms, generate-params: 356ms, application-code: 11ms)[22m
 GET /login/overview [32m200[39m in 46ms[2m (next.js: 22ms, generate-params: 10µs, application-code: 24ms)[22m
 GET /login/overview [32m200[39m in 36ms[2m (next.js: 21ms, generate-params: 11µs, application-code: 15ms)[22m
WARNING: You are using the Auth Emulator, which is intended for local testing only.  Do not use with production credentials.
Firebase initialized successfully
 GET /login/overview [32m200[39m in 395ms[2m (next.js: 384ms, generate-params: 350ms, application-code: 11ms)[22m
 GET /login/overview [32m200[39m in 63ms[2m (next.js: 38ms, generate-params: 15µs, application-code: 25ms)[22m
 GET /login/overview [32m200[39m in 31ms[2m (next.js: 18ms, generate-params: 10µs, application-code: 13ms)[22m
WARNING: You are using the Auth Emulator, which is intended for local testing only.  Do not use with production credentials.
Firebase initialized successfully
 GET /login/overview [32m200[39m in 372ms[2m (next.js: 360ms, generate-params: 342ms, application-code: 12ms)[22m
 GET /login/overview [32m200[39m in 39ms[2m (next.js: 25ms, generate-params: 12µs, application-code: 14ms)[22m
 GET /login/overview [32m200[39m in 34ms[2m (next.js: 19ms, generate-params: 12µs, application-code: 16ms)[22m
WARNING: You are using the Auth Emulator, which is intended for local testing only.  Do not use with production credentials.
Firebase initialized successfully
 GET /login/overview [32m200[39m in 382ms[2m (next.js: 371ms, generate-params: 342ms, application-code: 11ms)[22m
 GET /login/overview [32m200[39m in 46ms[2m (next.js: 29ms, generate-params: 12µs, application-code: 16ms)[22m
 GET /login/overview [32m200[39m in 48ms[2m (next.js: 29ms, generate-params: 13µs, application-code: 19ms)[22m
WARNING: You are using the Auth Emulator, which is intended for local testing only.  Do not use with production credentials.
Firebase initialized successfully
 GET /login/overview [32m200[39m in 385ms[2m (next.js: 374ms, generate-params: 346ms, application-code: 11ms)[22m
 GET /login/overview [32m200[39m in 42ms[2m (next.js: 26ms, generate-params: 11µs, application-code: 16ms)[22m
 GET /login/overview [32m200[39m in 31ms[2m (next.js: 19ms, generate-params: 12µs, application-code: 12ms)[22m
WARNING: You are using the Auth Emulator, which is intended for local testing only.  Do not use with production credentials.
Firebase initialized successfully
 GET /login/overview [32m200[39m in 380ms[2m (next.js: 369ms, generate-params: 335ms, application-code: 11ms)[22m
 GET /login/overview [32m200[39m in 41ms[2m (next.js: 23ms, generate-params: 13µs, application-code: 18ms)[22m
 GET /login/overview [32m200[39m in 56ms[2m (next.js: 30ms, generate-params: 17µs, application-code: 26ms)[22m
WARNING: You are using the Auth Emulator, which is intended for local testing only.  Do not use with production credentials.
Firebase initialized successfully
 GET /login/overview [32m200[39m in 383ms[2m (next.js: 372ms, generate-params: 355ms, application-code: 11ms)[22m
 GET /login/overview [32m200[39m in 42ms[2m (next.js: 25ms, generate-params: 10µs, application-code: 17ms)[22m
WARNING: You are using the Auth Emulator, which is intended for local testing only.  Do not use with production credentials.
Firebase initialized successfully
