$ cargo build --release --locked -p fireside
 Downloading crates ...
  Downloaded sha2 v0.11.0
   Compiling proc-macro2 v1.0.107
   Compiling quote v1.0.47
   Compiling unicode-ident v1.0.24
   Compiling libc v0.2.189
   Compiling bytes v1.12.1
   Compiling itoa v1.0.18
   Compiling serde_core v1.0.229
   Compiling pin-project-lite v0.2.17
   Compiling anyhow v1.0.104
   Compiling futures-core v0.3.34
   Compiling semver v1.0.28
   Compiling either v1.18.0
   Compiling regex-syntax v0.8.11
   Compiling once_cell v1.21.4
   Compiling memchr v2.8.3
   Compiling serde v1.0.229
   Compiling itertools v0.14.0
   Compiling typenum v1.20.1
   Compiling rustc_version v0.4.1
   Compiling tracing-core v0.1.36
   Compiling smallvec v1.15.2
   Compiling log v0.4.34
   Compiling stable_deref_trait v1.2.1
   Compiling aho-corasick v1.1.5
   Compiling http v1.5.0
   Compiling slab v0.4.12
   Compiling equivalent v1.0.2
   Compiling syn v2.0.119
   Compiling syn v3.0.4
   Compiling futures-sink v0.3.34
   Compiling hashbrown v0.17.1
   Compiling percent-encoding v2.3.2
   Compiling find-msvc-tools v0.1.11
   Compiling cfg-if v1.0.4
   Compiling mio v1.2.2
   Compiling socket2 v0.6.5
   Compiling indexmap v2.14.0
   Compiling http-body v1.1.0
   Compiling shlex v2.0.1
   Compiling regex-automata v0.4.18
   Compiling cc v1.4.4
   Compiling futures-task v0.3.34
   Compiling tower-service v0.3.3
   Compiling httparse v1.10.1
   Compiling atomic-waker v1.1.2
   Compiling base64 v0.22.1
   Compiling bitflags v2.13.1
   Compiling fnv v1.0.7
   Compiling try-lock v0.2.5
   Compiling zmij v1.0.23
   Compiling want v0.3.1
   Compiling futures-channel v0.3.34
   Compiling prettyplease v0.2.37
   Compiling pulldown-cmark v0.13.4
   Compiling heck v0.5.0
   Compiling rustix v1.1.4
   Compiling httpdate v1.0.3
   Compiling getrandom v0.4.3
   Compiling serde_json v1.0.151
   Compiling form_urlencoded v1.2.2
   Compiling sync_wrapper v1.0.2
   Compiling writeable v0.6.4
   Compiling litemap v0.8.3
   Compiling unicase v2.9.0
   Compiling ipnet v2.12.1
   Compiling version_check v0.9.5
   Compiling foldhash v0.1.5
   Compiling tower-layer v0.3.3
   Compiling linux-raw-sys v0.12.1
   Compiling hashbrown v0.15.5
   Compiling im v15.1.0
   Compiling bitmaps v2.1.0
   Compiling hybrid-array v0.4.14
   Compiling logos-codegen v0.15.1
   Compiling crc32c v0.6.8
   Compiling redb v4.2.0
   Compiling icu_normalizer_data v2.3.0
   Compiling rand_core v0.6.4
   Compiling icu_properties_data v2.3.0
   Compiling fastrand v2.5.0
   Compiling utf8_iter v1.0.4
   Compiling virtue v0.0.18
   Compiling fixedbitset v0.5.7
   Compiling rand_xoshiro v0.6.0
   Compiling pulldown-cmark-to-cmark v22.0.1
   Compiling synstructure v0.13.2
   Compiling petgraph v0.8.3
   Compiling sized-chunks v0.6.5
   Compiling regex v1.13.1
   Compiling bincode_derive v2.0.1
   Compiling ring v0.17.14
   Compiling http-body-util v0.1.5
   Compiling beef v0.5.2
   Compiling ryu v1.0.23
   Compiling unty v0.0.4
   Compiling tempfile v3.27.0
   Compiling lazy_static v1.5.0
   Compiling multimap v0.10.1
   Compiling logos-codegen v0.16.1
   Compiling tokio-macros v2.7.2
   Compiling serde_derive v1.0.229
   Compiling zerovec-derive v0.11.6
   Compiling displaydoc v0.2.7
   Compiling prost-derive v0.14.4
   Compiling tokio v1.53.1
   Compiling zerofrom-derive v0.1.7
   Compiling tracing-attributes v0.1.31
   Compiling yoke-derive v0.8.2
   Compiling futures-macro v0.3.34
   Compiling miette-derive v7.6.0
   Compiling crypto-common v0.2.2
   Compiling block-buffer v0.12.1
   Compiling smol_str v0.3.6
   Compiling zerofrom v0.1.8
   Compiling futures-util v0.3.34
   Compiling unicode-width v0.1.14
   Compiling yoke v0.8.3
   Compiling mime v0.3.17
   Compiling prost v0.14.4
   Compiling const-oid v0.10.2
   Compiling zerovec v0.11.8
   Compiling tracing v0.1.44
   Compiling prost-types v0.14.4
   Compiling zerotrie v0.2.5
   Compiling thiserror v2.0.20
   Compiling zeroize v1.9.0
   Compiling axum-core v0.5.6
   Compiling rustls-pki-types v1.15.1
   Compiling miette v7.6.0
   Compiling tinystr v0.8.4
   Compiling potential_utf v0.1.6
   Compiling icu_collections v2.3.0
   Compiling digest v0.11.3
   Compiling icu_locale_core v2.3.0
   Compiling logos-derive v0.16.1
   Compiling logos-derive v0.15.1
   Compiling thiserror-impl v2.0.20
   Compiling prost-build v0.14.4
   Compiling pbjson-build v0.9.0
   Compiling serde_path_to_error v0.1.20
   Compiling bincode v2.0.1
   Compiling icu_provider v2.3.1
   Compiling serde_urlencoded v0.7.1
   Compiling icu_properties v2.3.0
   Compiling icu_normalizer v2.3.0
   Compiling getrandom v0.2.17
   Compiling autocfg v1.5.1
   Compiling fireside-core-store v0.0.1 (/home/sanjevi/fireside-phase3-full-gate-20260901T190801+0800-206ddae/crates/core-store)
   Compiling matchit v0.8.4
   Compiling untrusted v0.9.0
   Compiling num-traits v0.2.19
   Compiling logos v0.15.1
   Compiling logos v0.16.1
   Compiling cpufeatures v0.3.1
   Compiling tokio-util v0.7.19
   Compiling idna_adapter v1.2.2
   Compiling base64 v0.23.1
   Compiling deranged v0.5.8
   Compiling num-conv v0.2.2
   Compiling h2 v0.4.19
   Compiling tower v0.5.3
   Compiling powerfmt v0.2.0
   Compiling rustls v0.23.43
   Compiling time-core v0.1.9
   Compiling idna v1.1.0
   Compiling sha2 v0.11.0
   Compiling prost-reflect v0.16.5
   Compiling time v0.3.55
   Compiling protox-parse v0.9.0
   Compiling md-5 v0.11.0
   Compiling pin-project-internal v1.1.13
   Compiling tonic-build v0.14.6
   Compiling subtle v2.6.1
   Compiling pin-project v1.1.13
   Compiling protox v0.9.1
   Compiling hyper v1.11.0
   Compiling rustls-webpki v0.103.15
   Compiling tonic-prost-build v0.14.6
   Compiling fireside-rules-engine v0.0.1 (/home/sanjevi/fireside-phase3-full-gate-20260901T190801+0800-206ddae/crates/rules-engine)
   Compiling url v2.5.8
   Compiling hyper-util v0.1.20
   Compiling fireside-query-engine v0.0.1 (/home/sanjevi/fireside-phase3-full-gate-20260901T190801+0800-206ddae/crates/query-engine)
   Compiling tokio-stream v0.1.19
   Compiling pbjson-types v0.9.0
   Compiling async-trait v0.1.92
   Compiling utf8parse v0.2.2
   Compiling anstyle-parse v1.0.0
   Compiling chrono v0.4.45
   Compiling axum v0.8.9
   Compiling hyper-timeout v0.5.2
   Compiling fireside-rules-runtime v0.0.1 (/home/sanjevi/fireside-phase3-full-gate-20260901T190801+0800-206ddae/crates/rules-runtime)
   Compiling fireside-grpc-front v0.0.1 (/home/sanjevi/fireside-phase3-full-gate-20260901T190801+0800-206ddae/crates/grpc-front)
   Compiling pbjson v0.9.0
   Compiling webpki-roots v1.0.9
   Compiling libmimalloc-sys v0.1.49
   Compiling anstyle-query v1.1.5
   Compiling is_terminal_polyfill v1.70.2
   Compiling anstyle v1.0.14
   Compiling colorchoice v1.0.5
   Compiling tower-http v0.6.11
   Compiling anstream v1.0.0
   Compiling tokio-rustls v0.26.4
   Compiling hyper-rustls v0.27.9
   Compiling fireside-watch-broker v0.0.1 (/home/sanjevi/fireside-phase3-full-gate-20260901T190801+0800-206ddae/crates/watch-broker)
   Compiling cty v0.2.2
   Compiling strsim v0.11.1
   Compiling clap_lex v1.1.0
   Compiling clap_builder v4.6.6
   Compiling reqwest v0.12.28
   Compiling fireside-export-format v0.0.1 (/home/sanjevi/fireside-phase3-full-gate-20260901T190801+0800-206ddae/crates/export-format)
   Compiling tonic v0.14.6
   Compiling clap_derive v4.6.4
   Compiling fireside-capture-proxy v0.0.1 (/home/sanjevi/fireside-phase3-full-gate-20260901T190801+0800-206ddae/crates/capture-proxy)
   Compiling fireside-rest-front v0.0.1 (/home/sanjevi/fireside-phase3-full-gate-20260901T190801+0800-206ddae/crates/rest-front)
   Compiling mimalloc v0.1.52
   Compiling clap v4.6.6
   Compiling tonic-prost v0.14.6
   Compiling fireside-webchannel-front v0.0.1 (/home/sanjevi/fireside-phase3-full-gate-20260901T190801+0800-206ddae/crates/webchannel-front)
   Compiling fireside v0.0.1 (/home/sanjevi/fireside-phase3-full-gate-20260901T190801+0800-206ddae/crates/cli)
    Finished `release` profile [optimized] target(s) in 56.16s
