2026-09-05T00:19:32+08:00
Cloning into '/srv/dev-fast/runtime-data/fireside-phase5-20260902T1417+0800-5b51e4d/harness-f686f66-r38'...
HEAD is now at f686f66 fix(grpc): stream scoped query responses
v24.20.0
12.0.2
rustc 1.98.0 (88d9e12ae 2026-08-18)
openjdk version "26.0.2.1" 2026-08-18
OpenJDK Runtime Environment (build 26.0.2.1+1-7)
OpenJDK 64-Bit Server VM (build 26.0.2.1+1-7, mixed mode, sharing)
npm warn deprecated node-domexception@1.0.0: Use your platform's native DOMException instead
npm warn deprecated json-ptr@3.1.1: Package no longer supported. Contact Support at https://www.npmjs.com/support for more info.
npm warn deprecated uuid@9.0.1: uuid@10 and below is no longer supported.  For ESM codebases, update to uuid@latest.  For CommonJS codebases, use uuid@11 (but be aware this version will likely be deprecated in 2028).
npm warn deprecated glob@10.5.0: Old versions of glob are not supported, and contain widely publicized security vulnerabilities, which have been fixed in the current version. Please update. Support for old versions may be purchased (at exorbitant rates) by contacting i@izs.me

added 742 packages, and audited 743 packages in 9s

96 packages are looking for funding
  run `npm fund` for details

9 moderate severity vulnerabilities

To address issues that do not require attention, run:
  npm audit fix

To address all issues (including breaking changes), run:
  npm audit fix --force

Run `npm audit` for details.
npm warn install-scripts 1 package had install scripts blocked because they are not covered by allowScripts:
npm warn install-scripts   @firebase/util@1.15.3 (postinstall: node ./postinstall.js)
npm warn install-scripts
npm warn install-scripts Run `npm install-scripts ls` to review, or `npm install-scripts approve <pkg>` to allow.
   Compiling proc-macro2 v1.0.107
   Compiling quote v1.0.47
   Compiling unicode-ident v1.0.24
   Compiling libc v0.2.189
   Compiling cfg-if v1.0.4
   Compiling typenum v1.20.1
   Compiling bytes v1.12.1
   Compiling itoa v1.0.18
   Compiling pin-project-lite v0.2.17
   Compiling version_check v0.9.5
   Compiling futures-core v0.3.34
   Compiling serde_core v1.0.229
   Compiling anyhow v1.0.104
   Compiling semver v1.0.28
   Compiling log v0.4.34
   Compiling either v1.18.0
   Compiling regex-syntax v0.8.11
   Compiling memchr v2.8.3
   Compiling rustc_version v0.4.1
   Compiling once_cell v1.21.4
   Compiling itertools v0.14.0
   Compiling serde v1.0.229
   Compiling stable_deref_trait v1.2.1
   Compiling futures-sink v0.3.34
   Compiling unicase v2.9.0
   Compiling tracing-core v0.1.36
   Compiling http v1.5.0
   Compiling smallvec v1.15.2
   Compiling thiserror v2.0.20
   Compiling aho-corasick v1.1.5
   Compiling equivalent v1.0.2
   Compiling hashbrown v0.17.1
   Compiling slab v0.4.12
   Compiling httparse v1.10.1
   Compiling syn v2.0.119
   Compiling syn v3.0.4
   Compiling shlex v2.0.1
   Compiling find-msvc-tools v0.1.11
   Compiling errno v0.3.14
   Compiling signal-hook-registry v1.4.8
   Compiling mio v1.2.2
   Compiling socket2 v0.6.5
   Compiling indexmap v2.14.0
   Compiling cc v1.4.4
   Compiling regex-automata v0.4.18
   Compiling http-body v1.1.0
   Compiling generic-array v0.14.7
   Compiling percent-encoding v2.3.2
   Compiling futures-task v0.3.34
   Compiling zerocopy v0.8.52
   Compiling tower-service v0.3.3
   Compiling fnv v1.0.7
   Compiling bitflags v2.13.1
   Compiling getrandom v0.3.4
   Compiling httpdate v1.0.3
   Compiling heck v0.5.0
   Compiling pulldown-cmark v0.13.4
   Compiling prettyplease v0.2.37
   Compiling base64 v0.22.1
   Compiling rustix v1.1.4
   Compiling getrandom v0.4.3
   Compiling atomic-waker v1.1.2
   Compiling try-lock v0.2.5
   Compiling zmij v1.0.23
   Compiling want v0.3.1
   Compiling futures-channel v0.3.34
   Compiling foldhash v0.1.5
   Compiling linux-raw-sys v0.12.1
   Compiling litemap v0.8.3
   Compiling writeable v0.6.4
   Compiling serde_json v1.0.151
   Compiling hashbrown v0.15.5
   Compiling block-buffer v0.10.4
   Compiling crypto-common v0.1.7
   Compiling rand_core v0.9.5
   Compiling form_urlencoded v1.2.2
   Compiling logos-codegen v0.15.1
   Compiling sync_wrapper v1.0.2
   Compiling ipnet v2.12.1
   Compiling icu_properties_data v2.3.0
   Compiling tower-layer v0.3.3
   Compiling fixedbitset v0.5.7
   Compiling utf8_iter v1.0.4
   Compiling fastrand v2.5.0
   Compiling mime v0.3.17
   Compiling icu_normalizer_data v2.3.0
   Compiling digest v0.10.7
   Compiling ring v0.17.14
   Compiling synstructure v0.13.2
   Compiling pulldown-cmark-to-cmark v22.0.1
   Compiling petgraph v0.8.3
   Compiling regex v1.13.1
   Compiling http-body-util v0.1.5
   Compiling bitmaps v2.1.0
   Compiling tempfile v3.27.0
   Compiling hybrid-array v0.4.14
   Compiling crc32c v0.6.8
   Compiling im v15.1.0
   Compiling multimap v0.10.1
   Compiling redb v4.2.0
   Compiling rand_core v0.6.4
   Compiling beef v0.5.2
   Compiling lazy_static v1.5.0
   Compiling virtue v0.0.18
   Compiling cpufeatures v0.2.17
   Compiling sha1 v0.10.7
   Compiling sized-chunks v0.6.5
   Compiling rand_xoshiro v0.6.0
   Compiling tokio-macros v2.7.2
   Compiling serde_derive v1.0.229
   Compiling zerovec-derive v0.11.6
   Compiling zerofrom-derive v0.1.7
   Compiling prost-derive v0.14.4
   Compiling yoke-derive v0.8.2
   Compiling tracing-attributes v0.1.31
   Compiling tokio v1.53.1
   Compiling futures-macro v0.3.34
   Compiling displaydoc v0.2.7
   Compiling thiserror-impl v2.0.20
   Compiling ppv-lite86 v0.2.21
   Compiling bincode_derive v2.0.1
   Compiling futures-util v0.3.34
   Compiling miette-derive v7.6.0
   Compiling zerofrom v0.1.8
   Compiling logos-codegen v0.16.1
   Compiling yoke v0.8.3
   Compiling tracing v0.1.44
   Compiling rand_chacha v0.9.0
   Compiling zerovec v0.11.8
   Compiling prost v0.14.4
   Compiling zerotrie v0.2.5
   Compiling rand v0.9.5
   Compiling prost-types v0.14.4
   Compiling zeroize v1.9.0
   Compiling unty v0.0.4
   Compiling data-encoding v2.11.1
   Compiling tinystr v0.8.4
   Compiling potential_utf v0.1.6
   Compiling unicode-width v0.1.14
   Compiling ryu v1.0.23
   Compiling icu_collections v2.3.0
   Compiling icu_locale_core v2.3.0
   Compiling miette v7.6.0
   Compiling rustls-pki-types v1.15.1
   Compiling tungstenite v0.29.0
   Compiling logos-derive v0.16.1
   Compiling prost-build v0.14.4
   Compiling pbjson-build v0.9.0
   Compiling logos-derive v0.15.1
   Compiling icu_provider v2.3.1
   Compiling icu_normalizer v2.3.0
   Compiling icu_properties v2.3.0
   Compiling serde_urlencoded v0.7.1
   Compiling bincode v2.0.1
   Compiling block-buffer v0.12.1
   Compiling crypto-common v0.2.2
   Compiling smol_str v0.3.6
   Compiling getrandom v0.2.17
   Compiling const-oid v0.10.2
   Compiling autocfg v1.5.1
   Compiling untrusted v0.9.0
   Compiling digest v0.11.3
   Compiling idna_adapter v1.2.2
   Compiling logos v0.15.1
   Compiling logos v0.16.1
   Compiling axum-core v0.5.6
   Compiling num-traits v0.2.19
   Compiling serde_path_to_error v0.1.20
   Compiling matchit v0.8.4
   Compiling rustls v0.23.43
   Compiling tokio-util v0.7.19
   Compiling tokio-tungstenite v0.29.0
   Compiling prost-reflect v0.16.5
   Compiling protox-parse v0.9.0
   Compiling idna v1.1.0
   Compiling pin-project-internal v1.1.13
   Compiling h2 v0.4.19
   Compiling tower v0.5.3
   Compiling tonic-build v0.14.6
   Compiling mime_guess v2.0.5
   Compiling fireside-core-store v0.0.1 (/srv/dev-fast/runtime-data/fireside-phase5-20260902T1417+0800-5b51e4d/harness-f686f66-r38/crates/core-store)
   Compiling num-conv v0.2.2
   Compiling cpufeatures v0.3.1
   Compiling subtle v2.6.1
   Compiling deranged v0.5.8
   Compiling powerfmt v0.2.0
   Compiling base64 v0.23.1
   Compiling time-core v0.1.9
   Compiling protox v0.9.1
   Compiling sha2 v0.11.0
   Compiling tonic-prost-build v0.14.6
   Compiling time v0.3.55
   Compiling fireside-query-engine v0.0.1 (/srv/dev-fast/runtime-data/fireside-phase5-20260902T1417+0800-5b51e4d/harness-f686f66-r38/crates/query-engine)
   Compiling pin-project v1.1.13
   Compiling url v2.5.8
   Compiling hyper v1.11.0
   Compiling tokio-stream v0.1.19
   Compiling md-5 v0.11.0
   Compiling hyper-util v0.1.20
   Compiling pbjson-types v0.9.0
   Compiling rustls-webpki v0.103.15
   Compiling async-trait v0.1.92
   Compiling chrono v0.4.45
   Compiling fireside-rules-engine v0.0.1 (/srv/dev-fast/runtime-data/fireside-phase5-20260902T1417+0800-5b51e4d/harness-f686f66-r38/crates/rules-engine)
   Compiling axum v0.8.9
   Compiling hyper-timeout v0.5.2
   Compiling fireside-grpc-front v0.0.1 (/srv/dev-fast/runtime-data/fireside-phase5-20260902T1417+0800-5b51e4d/harness-f686f66-r38/crates/grpc-front)
   Compiling pbjson v0.9.0
   Compiling webpki-roots v1.0.9
   Compiling http-range-header v0.4.2
   Compiling fireside-rules-runtime v0.0.1 (/srv/dev-fast/runtime-data/fireside-phase5-20260902T1417+0800-5b51e4d/harness-f686f66-r38/crates/rules-runtime)
   Compiling tower-http v0.6.11
   Compiling fireside-watch-broker v0.0.1 (/srv/dev-fast/runtime-data/fireside-phase5-20260902T1417+0800-5b51e4d/harness-f686f66-r38/crates/watch-broker)
   Compiling crc32fast v1.5.1
   Compiling simd-adler32 v0.3.10
   Compiling adler2 v2.0.1
   Compiling miniz_oxide v0.9.1
   Compiling zlib-rs v0.6.7
   Compiling tokio-rustls v0.26.4
   Compiling utf8parse v0.2.2
   Compiling anstyle-parse v1.0.0
   Compiling hyper-rustls v0.27.9
   Compiling libmimalloc-sys v0.1.49
   Compiling anstyle v1.0.14
   Compiling reqwest v0.12.28
   Compiling bumpalo v3.20.3
   Compiling anstyle-query v1.1.5
   Compiling is_terminal_polyfill v1.70.2
   Compiling colorchoice v1.0.5
   Compiling zopfli v0.8.3
   Compiling anstream v1.0.0
   Compiling flate2 v1.1.10
   Compiling fireside-export-format v0.0.1 (/srv/dev-fast/runtime-data/fireside-phase5-20260902T1417+0800-5b51e4d/harness-f686f66-r38/crates/export-format)
   Compiling tonic v0.14.6
   Compiling strsim v0.11.1
   Compiling clap_lex v1.1.0
   Compiling typed-path v0.12.3
   Compiling cty v0.2.2
   Compiling clap_builder v4.6.6
   Compiling clap_derive v4.6.4
   Compiling fireside-capture-proxy v0.0.1 (/srv/dev-fast/runtime-data/fireside-phase5-20260902T1417+0800-5b51e4d/harness-f686f66-r38/crates/capture-proxy)
   Compiling tonic-prost v0.14.6
   Compiling zip v8.6.0
   Compiling clap v4.6.6
   Compiling mimalloc v0.1.52
   Compiling fireside-functions-bridge v0.0.1 (/srv/dev-fast/runtime-data/fireside-phase5-20260902T1417+0800-5b51e4d/harness-f686f66-r38/crates/functions-bridge)
   Compiling fireside-webchannel-front v0.0.1 (/srv/dev-fast/runtime-data/fireside-phase5-20260902T1417+0800-5b51e4d/harness-f686f66-r38/crates/webchannel-front)
   Compiling fireside-suite-front v0.0.1 (/srv/dev-fast/runtime-data/fireside-phase5-20260902T1417+0800-5b51e4d/harness-f686f66-r38/crates/suite-front)
   Compiling fireside-rest-front v0.0.1 (/srv/dev-fast/runtime-data/fireside-phase5-20260902T1417+0800-5b51e4d/harness-f686f66-r38/crates/rest-front)
   Compiling fireside-pubsub-front v0.0.1 (/srv/dev-fast/runtime-data/fireside-phase5-20260902T1417+0800-5b51e4d/harness-f686f66-r38/crates/pubsub-front)
   Compiling fireside-storage-front v0.0.1 (/srv/dev-fast/runtime-data/fireside-phase5-20260902T1417+0800-5b51e4d/harness-f686f66-r38/crates/storage-front)
   Compiling fireside-auth-front v0.0.1 (/srv/dev-fast/runtime-data/fireside-phase5-20260902T1417+0800-5b51e4d/harness-f686f66-r38/crates/auth-front)
   Compiling fireside-suite-runtime v0.0.1 (/srv/dev-fast/runtime-data/fireside-phase5-20260902T1417+0800-5b51e4d/harness-f686f66-r38/crates/suite-runtime)
   Compiling fireside v0.0.1 (/srv/dev-fast/runtime-data/fireside-phase5-20260902T1417+0800-5b51e4d/harness-f686f66-r38/crates/cli)
    Finished `release` profile [optimized] target(s) in 1m 16s
2026-09-05T00:21:03+08:00
