npm notice run fireside-conformance@0.0.1 test:webchannel:browser:disk
npm notice run node --import tsx src/webchannel/run-browser-demo.ts --disk --output /home/sanjevi/fireside-phase2-full-gate-20260901T110541+0800-091fc79/conformance/reports/phase-2-metrics/full-gate-20260901T110541+0800-091fc79/.browser-disk-wal.json
    Finished `dev` profile [unoptimized + debuginfo] target(s) in 0.15s
{
  "browserVersion": "150.0.7871.124",
  "completedAt": "2026-09-01T03:37:14.051Z",
  "mode": "disk-wal",
  "passed": true,
  "projectId": "demo-fireside-phase2-browser",
  "results": [
    {
      "benchmark": {
        "maximumMilliseconds": 25.100000023841858,
        "p99Milliseconds": 23.900000005960464,
        "sampleCount": 100,
        "thresholdMilliseconds": 1500
      },
      "network": {
        "droppedBackchannels": 1,
        "delayedBackchannels": 0,
        "listenTargetIds": [
          1002,
          1004
        ],
        "listenTraffic": 111,
        "reconnectMilliseconds": 5.026762999999846,
        "terminateRequests": 2,
        "variants": [
          "1"
        ],
        "writeTraffic": 214
      },
      "result": {
        "initialDocuments": [
          "first",
          "second"
        ],
        "listenerDeliveryMilliseconds": [
          22.30000001192093,
          19.5,
          19.599999994039536,
          20.80000001192093,
          19,
          14.799999982118607,
          21.700000017881393,
          20.69999998807907,
          20.200000017881393,
          20.899999976158142,
          16.700000017881393,
          18.599999994039536,
          18.900000005960464,
          20.5,
          19.400000005960464,
          18.599999994039536,
          11.299999982118607,
          18.30000001192093,
          15.599999994039536,
          15.400000005960464,
          19.099999994039536,
          18.900000005960464,
          17.5,
          16.69999998807907,
          23.700000017881393,
          21.900000005960464,
          23,
          20.19999998807907,
          20.69999998807907,
          18.5,
          20.5,
          20.100000023841858,
          18.799999982118607,
          18.5,
          12.700000017881393,
          19.5,
          23.299999982118607,
          17.099999994039536,
          17.600000023841858,
          16.299999982118607,
          17.599999994039536,
          15.899999976158142,
          25.100000023841858,
          21.5,
          21.599999994039536,
          18.799999982118607,
          17.100000023841858,
          19.099999994039536,
          20.099999994039536,
          17.900000005960464,
          18.69999998807907,
          20.80000001192093,
          20.19999998807907,
          20.400000005960464,
          20.599999994039536,
          20.200000017881393,
          21.899999976158142,
          20.700000017881393,
          16.900000005960464,
          20.19999998807907,
          19.69999998807907,
          21.900000005960464,
          19.099999994039536,
          19.200000017881393,
          20.099999994039536,
          20.099999994039536,
          21.200000017881393,
          21.19999998807907,
          23.400000005960464,
          20.19999998807907,
          21.400000005960464,
          21.5,
          23.19999998807907,
          19.400000005960464,
          19.400000005960464,
          21.099999994039536,
          20,
          20,
          21.5,
          23.900000005960464,
          14.900000005960464,
          18.299999982118607,
          20.400000005960464,
          19.5,
          21.400000005960464,
          19.80000001192093,
          17.799999982118607,
          22.099999994039536,
          20,
          21.700000017881393,
          20.900000005960464,
          17.399999976158142,
          17.80000001192093,
          20.900000005960464,
          21,
          19.69999998807907,
          20,
          20,
          21.100000023841858,
          22.099999994039536
        ],
        "liveDocuments": [
          "first",
          "second"
        ],
        "observedUnicode": "東京/emoji-😀/é/second/2",
        "projectId": "demo-fireside-phase2-browser",
        "runId": "long-polling-disk-mti48zng",
        "variant": "long-polling"
      }
    },
    {
      "benchmark": {
        "maximumMilliseconds": 19.900000005960464,
        "p99Milliseconds": 19.80000001192093,
        "sampleCount": 100,
        "thresholdMilliseconds": 1000
      },
      "network": {
        "droppedBackchannels": 1,
        "delayedBackchannels": 0,
        "listenTargetIds": [
          1002,
          1004
        ],
        "listenTraffic": 6,
        "reconnectMilliseconds": 3.652336000000105,
        "terminateRequests": 2,
        "variants": [
          "0"
        ],
        "writeTraffic": 108
      },
      "result": {
        "initialDocuments": [
          "first",
          "second"
        ],
        "listenerDeliveryMilliseconds": [
          17.80000001192093,
          10.400000005960464,
          12.400000005960464,
          17.19999998807907,
          12.300000011920929,
          18.5,
          12.399999976158142,
          17.400000005960464,
          19.900000005960464,
          12.300000011920929,
          18.19999998807907,
          19,
          12.300000011920929,
          19,
          19,
          12.599999994039536,
          17,
          12.799999982118607,
          17.700000017881393,
          12.599999994039536,
          17.80000001192093,
          13.399999976158142,
          16.30000001192093,
          12.599999994039536,
          17.599999994039536,
          13.200000017881393,
          16.69999998807907,
          13.400000005960464,
          16.599999994039536,
          12.600000023841858,
          17.599999994039536,
          12.900000005960464,
          16.299999982118607,
          12.099999994039536,
          18.700000017881393,
          12.799999982118607,
          16.5,
          12.900000005960464,
          17.200000017881393,
          12.299999982118607,
          17.5,
          11.800000011920929,
          19.299999982118607,
          12,
          17.400000005960464,
          12.099999994039536,
          18.100000023841858,
          12.299999982118607,
          16.599999994039536,
          12.300000011920929,
          18,
          12.699999988079071,
          17.600000023841858,
          13.199999988079071,
          16.900000005960464,
          13.199999988079071,
          16.400000005960464,
          12.199999988079071,
          18.100000023841858,
          13.5,
          15.699999988079071,
          11.699999988079071,
          19,
          12.5,
          17.900000005960464,
          14.599999994039536,
          19.80000001192093,
          15.099999994039536,
          15.5,
          14.300000011920929,
          9.799999982118607,
          10.300000011920929,
          8.900000005960464,
          10.699999988079071,
          9.800000011920929,
          10.099999994039536,
          10.199999988079071,
          11.400000005960464,
          11.099999994039536,
          18.80000001192093,
          13.199999988079071,
          16.200000017881393,
          13.099999994039536,
          16.80000001192093,
          12,
          18.099999994039536,
          11.900000005960464,
          17.69999998807907,
          12.5,
          17.80000001192093,
          12.099999994039536,
          17.599999994039536,
          12.300000011920929,
          17.599999994039536,
          12.199999988079071,
          17.599999994039536,
          11.700000017881393,
          12.400000005960464,
          16,
          12.099999994039536
        ],
        "liveDocuments": [
          "first",
          "second"
        ],
        "observedUnicode": "東京/emoji-😀/é/second/2",
        "projectId": "demo-fireside-phase2-browser",
        "runId": "streaming-disk-mti491nj",
        "variant": "streaming"
      }
    },
    {
      "benchmark": {
        "maximumMilliseconds": 22.5,
        "p99Milliseconds": 22.099999994039536,
        "sampleCount": 100,
        "thresholdMilliseconds": 2000
      },
      "network": {
        "droppedBackchannels": 1,
        "delayedBackchannels": 1,
        "listenTargetIds": [
          1002,
          1004
        ],
        "listenTraffic": 112,
        "reconnectMilliseconds": 3.458556000000499,
        "terminateRequests": 2,
        "variants": [
          "0",
          "1"
        ],
        "writeTraffic": 108
      },
      "result": {
        "initialDocuments": [
          "first",
          "second"
        ],
        "listenerDeliveryMilliseconds": [
          19.69999998807907,
          16.19999998807907,
          20.200000017881393,
          19.69999998807907,
          20.200000017881393,
          20,
          20,
          19.799999982118607,
          20.80000001192093,
          21.5,
          19.900000005960464,
          18.900000005960464,
          20.19999998807907,
          21.30000001192093,
          19.599999994039536,
          19.299999982118607,
          19.80000001192093,
          20.599999994039536,
          19.900000005960464,
          20,
          20.19999998807907,
          20.30000001192093,
          20.30000001192093,
          19.099999994039536,
          18.400000005960464,
          18.299999982118607,
          20.200000017881393,
          22.099999994039536,
          21,
          20.299999982118607,
          20,
          19.900000005960464,
          19,
          21.599999994039536,
          19.100000023841858,
          20.19999998807907,
          20.5,
          19,
          19.69999998807907,
          20.099999994039536,
          21,
          19.69999998807907,
          18.599999994039536,
          20.900000005960464,
          20.700000017881393,
          19.099999994039536,
          20.099999994039536,
          20.80000001192093,
          19.599999994039536,
          20.900000005960464,
          19.5,
          20.69999998807907,
          18.599999994039536,
          20.700000017881393,
          20.399999976158142,
          18.700000017881393,
          18.69999998807907,
          19.5,
          20.099999994039536,
          20.900000005960464,
          19.900000005960464,
          21.19999998807907,
          19.900000005960464,
          20.599999994039536,
          20.100000023841858,
          20,
          20.899999976158142,
          20.30000001192093,
          16.80000001192093,
          18.599999994039536,
          20.099999994039536,
          19.400000005960464,
          20.599999994039536,
          20.099999994039536,
          22.5,
          20.200000017881393,
          19.599999994039536,
          20.299999982118607,
          21,
          21.400000005960464,
          17.5,
          20.200000017881393,
          20.299999982118607,
          19.599999994039536,
          19.799999982118607,
          20.5,
          19.30000001192093,
          20.5,
          20.299999982118607,
          19.80000001192093,
          20.900000005960464,
          18.900000005960464,
          19.69999998807907,
          19.69999998807907,
          20.600000023841858,
          19.299999982118607,
          20.599999994039536,
          19.700000017881393,
          21.799999982118607,
          18.80000001192093
        ],
        "liveDocuments": [
          "first",
          "second"
        ],
        "observedUnicode": "東京/emoji-😀/é/second/2",
        "projectId": "demo-fireside-phase2-browser",
        "runId": "buffering-proxy-auto-detection-disk-mti4938i",
        "variant": "buffering-proxy-auto-detection"
      }
    }
  ],
  "schemaVersion": 1
}
