npm notice run fireside-conformance@0.0.1 test:webchannel:browser
npm notice run node --import tsx src/webchannel/run-browser-demo.ts --output /home/sanjevi/fireside-phase2-full-gate-20260901T110541+0800-091fc79/conformance/reports/phase-2-metrics/full-gate-20260901T110541+0800-091fc79/.browser-memory.json
    Finished `dev` profile [unoptimized + debuginfo] target(s) in 0.17s
{
  "browserVersion": "150.0.7871.124",
  "completedAt": "2026-09-01T03:37:00.194Z",
  "mode": "memory",
  "passed": true,
  "projectId": "demo-fireside-phase2-browser",
  "results": [
    {
      "benchmark": {
        "maximumMilliseconds": 23.900000005960464,
        "p99Milliseconds": 23.19999998807907,
        "sampleCount": 100,
        "thresholdMilliseconds": 1500
      },
      "network": {
        "droppedBackchannels": 1,
        "delayedBackchannels": 0,
        "listenTargetIds": [
          1002,
          1004
        ],
        "listenTraffic": 111,
        "reconnectMilliseconds": 5.777281999999786,
        "terminateRequests": 2,
        "variants": [
          "1"
        ],
        "writeTraffic": 214
      },
      "result": {
        "initialDocuments": [
          "first",
          "second"
        ],
        "listenerDeliveryMilliseconds": [
          18.900000005960464,
          18.19999998807907,
          19.700000017881393,
          22.69999998807907,
          21.099999994039536,
          19.30000001192093,
          20.099999994039536,
          20.5,
          18.400000005960464,
          18.5,
          20.900000005960464,
          20.299999982118607,
          21.5,
          18.5,
          19.900000005960464,
          20.30000001192093,
          19.299999982118607,
          20.200000017881393,
          20.899999976158142,
          20.700000017881393,
          21.5,
          19.599999994039536,
          21.69999998807907,
          14,
          19.100000023841858,
          12.399999976158142,
          18.5,
          12.400000005960464,
          17.80000001192093,
          11.199999988079071,
          18.599999994039536,
          19.900000005960464,
          14.599999994039536,
          18,
          18.700000017881393,
          21.400000005960464,
          22.19999998807907,
          19,
          16,
          19.30000001192093,
          11.399999976158142,
          18.700000017881393,
          23.900000005960464,
          18.69999998807907,
          19.400000005960464,
          19.599999994039536,
          18.400000005960464,
          16.799999982118607,
          16.700000017881393,
          19.69999998807907,
          18.30000001192093,
          19.599999994039536,
          19.30000001192093,
          20,
          21,
          23.19999998807907,
          18.30000001192093,
          17,
          11.299999982118607,
          18.900000005960464,
          12.599999994039536,
          19.5,
          18.80000001192093,
          21.299999982118607,
          20.100000023841858,
          20.5,
          17,
          15.399999976158142,
          21.80000001192093,
          13.199999988079071,
          11.300000011920929,
          19.5,
          19,
          17,
          20.200000017881393,
          19.299999982118607,
          14.900000005960464,
          20.30000001192093,
          21.5,
          18.69999998807907,
          19.30000001192093,
          9.599999994039536,
          21.099999994039536,
          19.69999998807907,
          19.600000023841858,
          21.19999998807907,
          21.599999994039536,
          20.80000001192093,
          18.299999982118607,
          20.700000017881393,
          17.099999994039536,
          20.19999998807907,
          21.200000017881393,
          18.19999998807907,
          10.5,
          21.200000017881393,
          19.399999976158142,
          20,
          22.900000005960464,
          21
        ],
        "liveDocuments": [
          "first",
          "second"
        ],
        "observedUnicode": "東京/emoji-😀/é/second/2",
        "projectId": "demo-fireside-phase2-browser",
        "runId": "long-polling-memory-mti48p3h",
        "variant": "long-polling"
      }
    },
    {
      "benchmark": {
        "maximumMilliseconds": 19.700000017881393,
        "p99Milliseconds": 19.5,
        "sampleCount": 100,
        "thresholdMilliseconds": 1000
      },
      "network": {
        "droppedBackchannels": 1,
        "delayedBackchannels": 0,
        "listenTargetIds": [
          1002,
          1004
        ],
        "listenTraffic": 6,
        "reconnectMilliseconds": 3.597776000000067,
        "terminateRequests": 2,
        "variants": [
          "0"
        ],
        "writeTraffic": 108
      },
      "result": {
        "initialDocuments": [
          "first",
          "second"
        ],
        "listenerDeliveryMilliseconds": [
          11.400000005960464,
          18.799999982118607,
          19.5,
          19.700000017881393,
          13,
          16.400000005960464,
          12.5,
          18,
          12.899999976158142,
          16.600000023841858,
          12.5,
          18.299999982118607,
          12.099999994039536,
          17.700000017881393,
          12,
          18,
          11.799999982118607,
          17.600000023841858,
          12.699999988079071,
          17.69999998807907,
          12.5,
          17.600000023841858,
          12.199999988079071,
          17.69999998807907,
          12.600000023841858,
          17,
          12.5,
          17.899999976158142,
          12.200000017881393,
          17.69999998807907,
          12.700000017881393,
          17.5,
          10.799999982118607,
          10.599999994039536,
          10.300000011920929,
          9.900000005960464,
          12.099999994039536,
          15.699999988079071,
          12.200000017881393,
          17.5,
          12.299999982118607,
          18.600000023841858,
          12.899999976158142,
          16.600000023841858,
          11.899999976158142,
          18.700000017881393,
          11.5,
          10.099999994039536,
          17.599999994039536,
          12.800000011920929,
          17.69999998807907,
          12,
          17.900000005960464,
          12.099999994039536,
          17.80000001192093,
          12.299999982118607,
          17.80000001192093,
          12,
          17.599999994039536,
          12.200000017881393,
          18,
          12.199999988079071,
          17.69999998807907,
          11.900000005960464,
          18.80000001192093,
          11.699999988079071,
          18,
          12.300000011920929,
          18,
          11.900000005960464,
          17.799999982118607,
          11.900000005960464,
          18.099999994039536,
          12.400000005960464,
          17.30000001192093,
          12.5,
          17.899999976158142,
          12.200000017881393,
          17.5,
          12.699999988079071,
          17.5,
          13.099999994039536,
          17,
          12.100000023841858,
          17.69999998807907,
          11.099999994039536,
          9.900000005960464,
          8.400000005960464,
          11.199999988079071,
          11.5,
          17.900000005960464,
          10.300000011920929,
          10,
          9.599999994039536,
          8.900000005960464,
          9.5,
          10.699999988079071,
          11.5,
          9.300000011920929,
          9.799999982118607
        ],
        "liveDocuments": [
          "first",
          "second"
        ],
        "observedUnicode": "東京/emoji-😀/é/second/2",
        "projectId": "demo-fireside-phase2-browser",
        "runId": "streaming-memory-mti48r0t",
        "variant": "streaming"
      }
    },
    {
      "benchmark": {
        "maximumMilliseconds": 23.400000005960464,
        "p99Milliseconds": 23.400000005960464,
        "sampleCount": 100,
        "thresholdMilliseconds": 2000
      },
      "network": {
        "droppedBackchannels": 1,
        "delayedBackchannels": 1,
        "listenTargetIds": [
          1002,
          1004
        ],
        "listenTraffic": 111,
        "reconnectMilliseconds": 3.52670500000022,
        "terminateRequests": 2,
        "variants": [
          "0",
          "1"
        ],
        "writeTraffic": 108
      },
      "result": {
        "initialDocuments": [
          "first",
          "second"
        ],
        "listenerDeliveryMilliseconds": [
          20,
          17.69999998807907,
          19.80000001192093,
          18.599999994039536,
          19.900000005960464,
          23.400000005960464,
          19.899999976158142,
          19.700000017881393,
          19.299999982118607,
          17.5,
          19.200000017881393,
          20.69999998807907,
          18.700000017881393,
          23.399999976158142,
          20.700000017881393,
          17.400000005960464,
          18.799999982118607,
          12.200000017881393,
          20.799999982118607,
          18.099999994039536,
          22.19999998807907,
          20.900000005960464,
          19.900000005960464,
          17.5,
          20.599999994039536,
          19.69999998807907,
          19.30000001192093,
          18.69999998807907,
          19.400000005960464,
          20.099999994039536,
          20.100000023841858,
          19.899999976158142,
          22.600000023841858,
          19.900000005960464,
          20.299999982118607,
          19,
          22.099999994039536,
          19.200000017881393,
          21.299999982118607,
          17.900000005960464,
          20.900000005960464,
          21.400000005960464,
          17,
          18.400000005960464,
          21.5,
          20.399999976158142,
          22.5,
          20.100000023841858,
          19.599999994039536,
          19,
          17.799999982118607,
          21.100000023841858,
          20.69999998807907,
          21.400000005960464,
          18.400000005960464,
          19.799999982118607,
          20,
          22.200000017881393,
          18.799999982118607,
          19.100000023841858,
          20.299999982118607,
          20.900000005960464,
          17.69999998807907,
          19,
          20.600000023841858,
          19.19999998807907,
          20.69999998807907,
          23.400000005960464,
          19.200000017881393,
          19.899999976158142,
          18.400000005960464,
          18.900000005960464,
          21.599999994039536,
          21.5,
          19.900000005960464,
          19.80000001192093,
          19.799999982118607,
          20.700000017881393,
          19.399999976158142,
          17,
          20.600000023841858,
          18.5,
          11,
          20.599999994039536,
          22.599999994039536,
          18.400000005960464,
          19.299999982118607,
          22.200000017881393,
          20.900000005960464,
          18.799999982118607,
          20.5,
          19.900000005960464,
          19.80000001192093,
          17.69999998807907,
          20.80000001192093,
          19.399999976158142,
          19.5,
          20.400000005960464,
          19.700000017881393,
          20.5
        ],
        "liveDocuments": [
          "first",
          "second"
        ],
        "observedUnicode": "東京/emoji-😀/é/second/2",
        "projectId": "demo-fireside-phase2-browser",
        "runId": "buffering-proxy-auto-detection-memory-mti48sk9",
        "variant": "buffering-proxy-auto-detection"
      }
    }
  ],
  "schemaVersion": 1
}
