npm notice run fireside-conformance@0.0.1 test
npm notice run node --import tsx --test test/target.test.ts test/endurance-tooling.test.ts test/rest-oracle-fixtures.test.ts test/webchannel-capture.test.ts test/webchannel-fixtures.test.ts test/firebase-js-sdk-karma-evidence.test.ts test/phase2-gate-plan.test.ts
✔ frozen endurance schedule preserves the approved operation mix (13.471882ms)
✔ sustained slope observation waits for one full post-warm-up hour (0.699589ms)
✔ frozen working-set payload sizing is internally exact (1.726558ms)
✔ endurance statistics use nearest-rank percentiles and Theil-Sen slope (0.39733ms)
✔ oscillation analysis recovers a shared period and exposes phase sensitivity (929.254757ms)
✔ Linux process telemetry separates resident-page categories (1.198338ms)
✔ a failed endurance criterion raises a durable gate failure (0.65169ms)
✔ controlled host health accepts a quiet current boot (0.49813ms)
✔ controlled host health rejects OOMs and runaway SSH login churn (0.780209ms)
✔ accepts and preserves the pinned native-skip-only partition (3.941375ms)
✔ accepts a normal successful Karma partition (1.666957ms)
✔ rejects failures, empty selections, and infrastructure errors (0.27698ms)
✔ Phase 2 conformance plan matches the unchanged frozen manifest (12.589534ms)
✔ Phase 2 conformance commands execute directly without a shell (0.922858ms)
✔ java-v1.22.0 aggregation-count fixture is safe and exact (13.290143ms)
✔ java-v1.22.0 aggregation-limit-error fixture pins the exact limit (3.972485ms)
✔ java-v1.22.0 aggregation-composite-filter fixture pins the request shape (2.371227ms)
✔ java-v1.22.0 transaction fixture pins commit validation and masks (3.160016ms)
✔ java-v1.22.0 transaction no-op fixture preserves update time (5.741982ms)
✔ production-cloud-firestore aggregation-count fixture is safe and exact (5.196843ms)
✔ production-cloud-firestore aggregation-limit-error fixture pins the exact limit (2.011357ms)
✔ production-cloud-firestore aggregation-composite-filter fixture pins the request shape (1.747638ms)
✔ production-cloud-firestore transaction fixture pins commit validation and masks (2.354057ms)
✔ production-cloud-firestore transaction no-op fixture preserves update time (2.146927ms)
✔ resolves an emulator target only with an explicit host (2.024697ms)
✔ refuses a cloud project without an exact independent allowlist (0.248469ms)
✔ refuses a different cloud project even when duplicate inputs match (0.16737ms)
✔ only allows the dedicated Enterprise cloud database (0.20526ms)
✔ rejects unknown targets (0.180439ms)
✔ WebChannel frame lengths count decoded UTF-16 code units (2.678226ms)
✔ capture decoder preserves form order and exposes framed responses (15.087001ms)
✔ pinned Firebase JS SDK gate mirrors Google's minified integration workflow (15.932469ms)
✔ Java WebChannel fixture is safe and internally exact: listen-long-poll (2.422797ms)
✔ Java WebChannel fixture is safe and internally exact: listen-streaming (4.304924ms)
✔ Java WebChannel fixture is safe and internally exact: bundle-nanosecond-read-time (4.940174ms)
✔ Java WebChannel fixture is safe and internally exact: write-long-poll (2.031868ms)
✔ Java WebChannel fixture is safe and internally exact: write-streaming (2.019938ms)
✔ Java WebChannel fixture is safe and internally exact: write-cross-client-update (5.810102ms)
✔ Java WebChannel fixture is safe and internally exact: write-missing-update-error (2.616377ms)
✔ Java WebChannel fixture is safe and internally exact: write-overlap (2.985076ms)
✔ Java WebChannel fixture is safe and internally exact: multiple-inequality-query (3.917215ms)
✔ Java WebChannel fixture is safe and internally exact: numeric-resource-id-ordering (7.51563ms)
✔ Java WebChannel fixture is safe and internally exact: reserved-resource-id-error (4.094135ms)
✔ Java WebChannel fixture is safe and internally exact: backchannel-reconnect-replay (2.000348ms)
✔ Java WebChannel fixture is safe and internally exact: unicode-framing (3.282155ms)
✔ Java WebChannel fixture is safe and internally exact: unknown-sid (1.702958ms)
✔ production cloud WebChannel fixture is safe and internally exact: listen-long-poll (1.720618ms)
✔ production cloud WebChannel fixture is safe and internally exact: listen-streaming (1.965857ms)
✔ production cloud WebChannel fixture is safe and internally exact: bundle-nanosecond-read-time (2.401387ms)
✔ production cloud WebChannel fixture is safe and internally exact: write-long-poll (1.829737ms)
✔ production cloud WebChannel fixture is safe and internally exact: write-streaming (2.154727ms)
✔ production cloud WebChannel fixture is safe and internally exact: write-cross-client-update (3.754525ms)
✔ production cloud WebChannel fixture is safe and internally exact: write-missing-update-error (2.176587ms)
✔ production cloud WebChannel fixture is safe and internally exact: write-overlap (1.935048ms)
✔ production cloud WebChannel fixture is safe and internally exact: multiple-inequality-query (4.774353ms)
✔ production cloud WebChannel fixture is safe and internally exact: numeric-resource-id-ordering (4.643294ms)
✔ production cloud WebChannel fixture is safe and internally exact: reserved-resource-id-error (1.827498ms)
✔ production cloud WebChannel fixture is safe and internally exact: backchannel-reconnect-replay (1.642047ms)
✔ production cloud WebChannel fixture is safe and internally exact: unicode-framing (2.867907ms)
✔ production cloud WebChannel fixture is safe and internally exact: unknown-sid (1.176619ms)
✔ Java numeric resource ID fixture pins the reserved-namespace exception (2.410037ms)
✔ Java reserved resource ID fixture pins the exact browser-visible error (0.816798ms)
✔ Java fixtures distinguish long polling, streaming, retry, and UTF-16 framing (2.035258ms)
✔ production cloud numeric resource ID fixture pins the reserved-namespace exception (3.048816ms)
✔ production cloud reserved resource ID fixture pins the exact browser-visible error (2.269778ms)
✔ production cloud fixtures distinguish long polling, streaming, retry, and UTF-16 framing (2.113597ms)
✔ Java and cloud fixtures pin their handshake and unknown-SID deviations (2.118847ms)
✔ Java and cloud fixtures pin inequality type ranges and key-order validation (2.627136ms)
✔ cloud folded authorization is redacted and termination keeps its empty-body length (1.036039ms)
✔ Java and cloud forward acknowledgements pin open and active backchannels (1.428988ms)
✔ Java and cloud accept overlapping writes that reuse the last acknowledged stream token (1.462868ms)
✔ Java and cloud accept bundle Listen targets with nanosecond read times (2.210457ms)
ℹ tests 72
ℹ suites 0
ℹ pass 72
ℹ fail 0
ℹ cancelled 0
ℹ skipped 0
ℹ todo 0
ℹ duration_ms 1246.510423
