npm notice run fireside-conformance@0.0.1 test:fireside
npm notice run node --import tsx src/run-fireside.ts
fireside Firestore listening on 127.0.0.1:42899 with 4 runtime worker thread(s); mimalloc purge delay 0 ms, decommit true
(node:281952) MetadataLookupWarning: received unexpected error = All promises were rejected code = UNKNOWN
(Use `node --trace-warnings ...` to show where the warning was created)
✔ collection-group queries honor an ancestor document (3365.020708ms)
(node:281953) MetadataLookupWarning: received unexpected error = All promises were rejected code = UNKNOWN
(Use `node --trace-warnings ...` to show where the warning was created)
✔ CreateDocument assigns an ID, preserves masked fields, and rejects conflicts (3372.16761ms)
✔ BulkWriter commits independent writes and surfaces per-write errors (90.554002ms)
✔ BulkWriter accepts a near-5-MiB batch of individually valid documents (149.529335ms)
✔ list RPCs paginate direct children and preserve masks (45.99979ms)
✔ ListDocuments orders fields and requires a collection selector (60.175342ms)
✔ ListDocuments showMissing returns name-only ancestor placeholders (34.800754ms)
✔ BatchWrite reports per-write conflicts and commits independent writes (32.186338ms)
(node:281954) MetadataLookupWarning: received unexpected error = All promises were rejected code = UNKNOWN
(Use `node --trace-warnings ...` to show where the warning was created)
✔ write conflicts return the production gRPC status codes (3488.237657ms)
✔ Admin SDK retries an aborted read-write transaction (1475.997214ms)
(node:281955) MetadataLookupWarning: received unexpected error = All promises were rejected code = UNKNOWN
(Use `node --trace-warnings ...` to show where the warning was created)
✔ target accepts an SDK write/read/delete round trip (3334.409719ms)
(node:281956) MetadataLookupWarning: received unexpected error = All promises were rejected code = UNKNOWN
(Use `node --trace-warnings ...` to show where the warning was created)
✔ read_time reconstructs committed versions after a later delete (3418.998388ms)
(node:281962) MetadataLookupWarning: received unexpected error = All promises were rejected code = UNKNOWN
(Use `node --trace-warnings ...` to show where the warning was created)
✔ raw Listen removes a malformed-token target without closing the stream (3300.721783ms)
✔ query listeners deliver an initial snapshot and ordered changes (187.119086ms)
✔ raw Listen resumes after a CURRENT checkpoint without replaying prior documents (81.404263ms)
✔ raw Listen read_time delivers only changes after the historical snapshot (34.745865ms)
✔ raw Listen falls back to the full target when read_time has expired (24.376648ms)
(node:281969) MetadataLookupWarning: received unexpected error = All promises were rejected code = UNKNOWN
(Use `node --trace-warnings ...` to show where the warning was created)
✔ named databases preserve isolation in the v1 resource path (3337.495605ms)
(node:281988) MetadataLookupWarning: received unexpected error = All promises were rejected code = UNKNOWN
(Use `node --trace-warnings ...` to show where the warning was created)
✔ partitionQuery returns ordered document-name split cursors (3553.345313ms)
(node:281995) MetadataLookupWarning: received unexpected error = All promises were rejected code = UNKNOWN
(Use `node --trace-warnings ...` to show where the warning was created)
✔ ExecutePipeline preserves the production database-edition gate (10406.566249ms)
(node:281996) MetadataLookupWarning: received unexpected error = All promises were rejected code = UNKNOWN
(Use `node --trace-warnings ...` to show where the warning was created)
✔ RunQuery explain separates planning from analyzed execution (3380.919708ms)
✔ RunAggregationQuery explain reports the aggregate result count (106.131172ms)
(node:282005) MetadataLookupWarning: received unexpected error = All promises were rejected code = UNKNOWN
(Use `node --trace-warnings ...` to show where the warning was created)
✔ queries match the production operator and shaping contract (3537.897923ms)
(node:282165) MetadataLookupWarning: received unexpected error = All promises were rejected code = UNKNOWN
(Use `node --trace-warnings ...` to show where the warning was created)
✔ orderBy follows the production mixed-value order (3252.343186ms)
✔ integer and double ordering does not lose int64 precision (34.042126ms)
✔ REST v1 patches, reads, deletes, and reports missing documents (56.572336ms)
✔ REST v1 commit, batchGet, and runQuery share document semantics (16.015029ms)
✔ REST v1 commit applies update and document transforms (21.511772ms)
✔ REST v1 preserves the production missing-index status (11.802254ms)
(node:282180) MetadataLookupWarning: received unexpected error = All promises were rejected code = UNKNOWN
(Use `node --trace-warnings ...` to show where the warning was created)
✔ streaming Write performs a tokened handshake and atomic write (3249.2511ms)
(node:282186) MetadataLookupWarning: received unexpected error = All promises were rejected code = UNKNOWN
(Use `node --trace-warnings ...` to show where the warning was created)
✔ nearest-vector queries match production distance semantics (3293.392512ms)
(node:282217) MetadataLookupWarning: received unexpected error = All promises were rejected code = UNKNOWN
(Use `node --trace-warnings ...` to show where the warning was created)
✔ field transforms use the production commit semantics (3243.848707ms)
✔ array transforms use production numeric equality (28.429393ms)
✔ minimum and maximum transforms preserve production numeric types (28.808113ms)
ℹ tests 34
ℹ suites 0
ℹ pass 34
ℹ fail 0
ℹ cancelled 0
ℹ skipped 0
ℹ todo 0
ℹ duration_ms 11741.676868
✔ emulator control APIs register triggers and clear data (51.562883ms)
✔ emulator export writes the named official-format directory (15.168451ms)
ℹ tests 2
ℹ suites 0
ℹ pass 2
ℹ fail 0
ℹ cancelled 0
ℹ skipped 0
ℹ todo 0
ℹ duration_ms 706.460128
