    Checking bytes v1.12.1
    Checking itoa v1.0.18
    Checking pin-project-lite v0.2.17
    Checking futures-core v0.3.34
    Checking serde_core v1.0.229
    Checking libc v0.2.189
    Checking once_cell v1.21.4
    Checking typenum v1.20.1
    Checking log v0.4.34
   Compiling memchr v2.8.3
    Checking smallvec v1.15.2
    Checking slab v0.4.12
    Checking futures-sink v0.3.34
    Checking equivalent v1.0.2
    Checking hashbrown v0.17.1
    Checking zerofrom v0.1.8
    Checking percent-encoding v2.3.2
    Checking stable_deref_trait v1.2.1
    Checking tracing-core v0.1.36
    Checking rand_core v0.6.4
    Checking tower-service v0.3.3
    Checking futures-task v0.3.34
    Checking yoke v0.8.3
    Checking fnv v1.0.7
    Checking atomic-waker v1.1.2
    Checking rand_xoshiro v0.6.0
    Checking try-lock v0.2.5
   Compiling cfg-if v1.0.4
    Checking futures-util v0.3.34
    Checking unty v0.0.4
    Checking base64 v0.22.1
    Checking zerovec v0.11.8
    Checking http v1.5.0
    Checking want v0.3.1
    Checking tracing v0.1.44
   Compiling aho-corasick v1.1.5
    Checking crc32c v0.6.8
    Checking indexmap v2.14.0
    Checking redb v4.2.0
    Checking zmij v1.0.23
    Checking httparse v1.10.1
   Compiling prost v0.14.4
    Checking bitmaps v2.1.0
    Checking futures-channel v0.3.34
    Checking httpdate v1.0.3
    Checking form_urlencoded v1.2.2
    Checking socket2 v0.6.5
    Checking mio v1.2.2
    Checking http-body v1.1.0
    Checking sync_wrapper v1.0.2
    Checking ipnet v2.12.1
    Checking tower-layer v0.3.3
   Compiling prost-types v0.14.4
    Checking http-body-util v0.1.5
    Checking tinystr v0.8.4
    Checking tokio v1.53.1
    Checking writeable v0.6.4
    Checking litemap v0.8.3
    Checking sized-chunks v0.6.5
    Checking ryu v1.0.23
   Compiling pulldown-cmark v0.13.4
   Compiling regex-automata v0.4.18
    Checking icu_locale_core v2.3.0
   Compiling getrandom v0.4.3
    Checking im v15.1.0
    Checking zerotrie v0.2.5
    Checking potential_utf v0.1.6
    Checking utf8_iter v1.0.4
    Checking serde v1.0.229
    Checking smol_str v0.3.6
    Checking serde_json v1.0.151
    Checking mime v0.3.17
    Checking icu_provider v2.3.1
    Checking bincode v2.0.1
    Checking serde_urlencoded v0.7.1
    Checking axum-core v0.5.6
   Compiling pulldown-cmark-to-cmark v22.0.1
   Compiling tempfile v3.27.0
    Checking icu_collections v2.3.0
   Compiling petgraph v0.8.3
    Checking serde_path_to_error v0.1.20
    Checking matchit v0.8.4
   Compiling logos-codegen v0.15.1
    Checking icu_normalizer_data v2.3.0
    Checking icu_properties_data v2.3.0
   Compiling miette v7.6.0
    Checking icu_normalizer v2.3.0
   Compiling pbjson-build v0.9.0
    Checking hybrid-array v0.4.14
    Checking zeroize v1.9.0
    Checking icu_properties v2.3.0
    Checking rustls-pki-types v1.15.1
    Checking fireside-core-store v0.0.1 (/home/sanjevi/fireside-phase2-full-gate-20260901T110541+0800-091fc79/crates/core-store)
    Checking pin-project v1.1.13
    Checking num-traits v0.2.19
    Checking getrandom v0.2.17
    Checking block-buffer v0.12.1
    Checking crypto-common v0.2.2
    Checking const-oid v0.10.2
    Checking untrusted v0.9.0
    Checking ring v0.17.14
    Checking pbjson v0.9.0
    Checking subtle v2.6.1
    Checking webpki-roots v1.0.9
    Checking base64 v0.23.1
    Checking chrono v0.4.45
    Checking utf8parse v0.2.2
    Checking bitflags v2.13.1
    Checking anstyle-parse v1.0.0
    Checking anstyle v1.0.14
    Checking time-core v0.1.9
    Checking colorchoice v1.0.5
    Checking powerfmt v0.2.0
    Checking digest v0.11.3
    Checking is_terminal_polyfill v1.70.2
    Checking anstyle-query v1.1.5
    Checking num-conv v0.2.2
    Checking idna_adapter v1.2.2
    Checking deranged v0.5.8
    Checking cty v0.2.2
    Checking anstream v1.0.0
    Checking clap_lex v1.1.0
    Checking idna v1.1.0
    Checking fireside-query-engine v0.0.1 (/home/sanjevi/fireside-phase2-full-gate-20260901T110541+0800-091fc79/crates/query-engine)
    Checking md-5 v0.11.0
    Checking fireside-export-format v0.0.1 (/home/sanjevi/fireside-phase2-full-gate-20260901T110541+0800-091fc79/crates/export-format)
    Checking strsim v0.11.1
    Checking libmimalloc-sys v0.1.49
   Compiling regex v1.13.1
   Compiling logos-codegen v0.16.1
    Checking url v2.5.8
    Checking clap_builder v4.6.6
   Compiling logos-derive v0.15.1
    Checking tokio-util v0.7.19
    Checking tokio-stream v0.1.19
   Compiling logos v0.15.1
   Compiling prost-build v0.14.4
    Checking fireside-watch-broker v0.0.1 (/home/sanjevi/fireside-phase2-full-gate-20260901T110541+0800-091fc79/crates/watch-broker)
   Compiling protox-parse v0.9.0
    Checking rustls-webpki v0.103.15
    Checking mimalloc v0.1.52
    Checking fireside-rules-engine v0.0.1 (/home/sanjevi/fireside-phase2-full-gate-20260901T110541+0800-091fc79/crates/rules-engine)
    Checking h2 v0.4.19
    Checking tower v0.5.3
    Checking time v0.3.55
    Checking rustls v0.23.43
   Compiling tonic-prost-build v0.14.6
    Checking clap v4.6.6
   Compiling logos-derive v0.16.1
   Compiling pbjson-types v0.9.0
    Checking tower-http v0.6.11
   Compiling logos v0.16.1
   Compiling prost-reflect v0.16.5
    Checking tokio-rustls v0.26.4
    Checking hyper v1.11.0
   Compiling protox v0.9.1
   Compiling fireside-grpc-front v0.0.1 (/home/sanjevi/fireside-phase2-full-gate-20260901T110541+0800-091fc79/crates/grpc-front)
    Checking hyper-util v0.1.20
    Checking axum v0.8.9
    Checking hyper-timeout v0.5.2
    Checking hyper-rustls v0.27.9
    Checking reqwest v0.12.28
    Checking tonic v0.14.6
    Checking fireside-capture-proxy v0.0.1 (/home/sanjevi/fireside-phase2-full-gate-20260901T110541+0800-091fc79/crates/capture-proxy)
    Checking fireside-rest-front v0.0.1 (/home/sanjevi/fireside-phase2-full-gate-20260901T110541+0800-091fc79/crates/rest-front)
    Checking tonic-prost v0.14.6
    Checking fireside-webchannel-front v0.0.1 (/home/sanjevi/fireside-phase2-full-gate-20260901T110541+0800-091fc79/crates/webchannel-front)
    Checking fireside v0.0.1 (/home/sanjevi/fireside-phase2-full-gate-20260901T110541+0800-091fc79/crates/cli)
    Finished `dev` profile [unoptimized + debuginfo] target(s) in 21.14s
