   Compiling proc-macro2 v1.0.107
   Compiling quote v1.0.47
   Compiling unicode-ident v1.0.24
   Compiling bytes v1.12.1
   Compiling memchr v2.8.3
   Compiling fnv v1.0.7
   Compiling equivalent v1.0.2
   Compiling hashbrown v0.17.1
   Compiling regex-syntax v0.8.11
   Compiling log v0.4.34
   Compiling anyhow v1.0.104
   Compiling itoa v1.0.18
   Compiling either v1.18.0
   Compiling semver v1.0.28
   Compiling serde_core v1.0.229
   Compiling pin-project-lite v0.2.17
   Compiling libc v0.2.189
   Compiling futures-core v0.3.34
   Compiling cfg-if v1.0.4
   Compiling itertools v0.14.0
   Compiling stable_deref_trait v1.2.1
   Compiling rustc_version v0.4.1
   Compiling serde v1.0.229
   Compiling aho-corasick v1.1.5
   Compiling bitflags v2.13.1
   Compiling once_cell v1.21.4
   Compiling typenum v1.20.1
   Compiling http v1.5.0
   Compiling tracing-core v0.1.36
   Compiling prettyplease v0.2.37
   Compiling rustix v1.1.4
   Compiling getrandom v0.4.3
   Compiling syn v2.0.119
   Compiling syn v3.0.4
   Compiling pulldown-cmark v0.13.4
   Compiling smallvec v1.15.2
   Compiling unicase v2.9.0
   Compiling foldhash v0.1.5
   Compiling mio v1.2.2
   Compiling socket2 v0.6.5
   Compiling slab v0.4.12
   Compiling futures-sink v0.3.34
   Compiling linux-raw-sys v0.12.1
   Compiling hashbrown v0.15.5
   Compiling http-body v1.1.0
   Compiling indexmap v2.14.0
   Compiling regex-automata v0.4.18
   Compiling logos-codegen v0.15.1
   Compiling heck v0.5.0
   Compiling httparse v1.10.1
   Compiling fastrand v2.5.0
   Compiling zmij v1.0.23
   Compiling fixedbitset v0.5.7
   Compiling tower-service v0.3.3
   Compiling multimap v0.10.1
   Compiling lazy_static v1.5.0
   Compiling try-lock v0.2.5
   Compiling pulldown-cmark-to-cmark v22.0.1
   Compiling serde_json v1.0.151
   Compiling beef v0.5.2
   Compiling petgraph v0.8.3
   Compiling futures-task v0.3.34
   Compiling atomic-waker v1.1.2
   Compiling want v0.3.1
   Compiling futures-channel v0.3.34
   Compiling percent-encoding v2.3.2
   Compiling litemap v0.8.3
   Compiling writeable v0.6.4
   Compiling httpdate v1.0.3
   Compiling unicode-width v0.1.14
   Compiling thiserror v2.0.20
   Compiling version_check v0.9.5
   Compiling form_urlencoded v1.2.2
   Compiling bitmaps v2.1.0
   Compiling crc32c v0.6.8
   Compiling tower-layer v0.3.3
   Compiling virtue v0.0.18
   Compiling rand_core v0.6.4
   Compiling im v15.1.0
   Compiling icu_normalizer_data v2.3.0
   Compiling autocfg v1.5.1
   Compiling redb v4.2.0
   Compiling utf8_iter v1.0.4
   Compiling tempfile v3.27.0
   Compiling sync_wrapper v1.0.2
   Compiling icu_properties_data v2.3.0
   Compiling rand_xoshiro v0.6.0
   Compiling num-traits v0.2.19
   Compiling http-body-util v0.1.5
   Compiling sized-chunks v0.6.5
   Compiling hybrid-array v0.4.14
   Compiling unty v0.0.4
   Compiling ryu v1.0.23
   Compiling mime v0.3.17
   Compiling bincode_derive v2.0.1
   Compiling base64 v0.22.1
   Compiling smol_str v0.3.6
   Compiling serde_path_to_error v0.1.20
   Compiling matchit v0.8.4
   Compiling crypto-common v0.2.2
   Compiling block-buffer v0.12.1
   Compiling const-oid v0.10.2
   Compiling synstructure v0.13.2
   Compiling regex v1.13.1
   Compiling logos-codegen v0.16.1
   Compiling tonic-build v0.14.6
   Compiling digest v0.11.3
   Compiling chrono v0.4.45
   Compiling md-5 v0.11.0
   Compiling serde_derive v1.0.229
   Compiling tokio-macros v2.7.2
   Compiling zerovec-derive v0.11.6
   Compiling displaydoc v0.2.7
   Compiling futures-macro v0.3.34
   Compiling prost-derive v0.14.4
   Compiling zerofrom-derive v0.1.7
   Compiling yoke-derive v0.8.2
   Compiling tokio v1.53.1
   Compiling tracing-attributes v0.1.31
   Compiling miette-derive v7.6.0
   Compiling futures-util v0.3.34
   Compiling logos-derive v0.15.1
   Compiling thiserror-impl v2.0.20
   Compiling logos-derive v0.16.1
   Compiling logos v0.15.1
   Compiling logos v0.16.1
   Compiling pin-project-internal v1.1.13
   Compiling async-trait v0.1.92
   Compiling zerofrom v0.1.8
   Compiling yoke v0.8.3
   Compiling prost v0.14.4
   Compiling miette v7.6.0
   Compiling tracing v0.1.44
   Compiling zerovec v0.11.8
   Compiling prost-types v0.14.4
   Compiling zerotrie v0.2.5
   Compiling axum-core v0.5.6
   Compiling pin-project v1.1.13
   Compiling tinystr v0.8.4
   Compiling potential_utf v0.1.6
   Compiling icu_collections v2.3.0
   Compiling icu_locale_core v2.3.0
   Compiling prost-build v0.14.4
   Compiling pbjson-build v0.9.0
   Compiling serde_urlencoded v0.7.1
   Compiling bincode v2.0.1
   Compiling prost-reflect v0.16.5
   Compiling protox-parse v0.9.0
   Compiling pbjson v0.9.0
   Compiling icu_provider v2.3.1
   Compiling tonic-prost-build v0.14.6
   Compiling icu_properties v2.3.0
   Compiling icu_normalizer v2.3.0
   Compiling pbjson-types v0.9.0
   Compiling fireside-core-store v0.0.1 (/home/sanjevi/fireside-phase2-full-gate-20260901T110541+0800-091fc79/crates/core-store)
   Compiling tokio-util v0.7.19
   Compiling tokio-stream v0.1.19
   Compiling idna_adapter v1.2.2
   Compiling h2 v0.4.19
   Compiling tower v0.5.3
   Compiling idna v1.1.0
   Compiling url v2.5.8
   Compiling fireside-query-engine v0.0.1 (/home/sanjevi/fireside-phase2-full-gate-20260901T110541+0800-091fc79/crates/query-engine)
   Compiling protox v0.9.1
   Compiling fireside-watch-broker v0.0.1 (/home/sanjevi/fireside-phase2-full-gate-20260901T110541+0800-091fc79/crates/watch-broker)
   Compiling fireside-grpc-front v0.0.1 (/home/sanjevi/fireside-phase2-full-gate-20260901T110541+0800-091fc79/crates/grpc-front)
   Compiling hyper v1.11.0
   Compiling hyper-util v0.1.20
   Compiling axum v0.8.9
   Compiling hyper-timeout v0.5.2
   Compiling tonic v0.14.6
   Compiling tonic-prost v0.14.6
   Compiling fireside-webchannel-front v0.0.1 (/home/sanjevi/fireside-phase2-full-gate-20260901T110541+0800-091fc79/crates/webchannel-front)
    Finished `test` profile [unoptimized + debuginfo] target(s) in 32.12s
     Running tests/oracle_replay.rs (target/debug/deps/oracle_replay-8b8936aea5522c07)

running 3 tests
test captured_java_streaming_session_terminates_the_live_backchannel ... ok
test captured_wire_advertisement_tracks_negotiated_protocol ... ok
test captured_java_and_cloud_requests_replay_through_the_transport ... ok

test result: ok. 3 passed; 0 failed; 0 ignored; 0 measured; 0 filtered out; finished in 0.05s

