✔ WebChannel frame lengths count decoded UTF-16 code units (1.988217ms)
✔ capture decoder preserves form order and exposes framed responses (10.881166ms)
✔ pinned Firebase JS SDK gate mirrors Google's minified integration workflow (12.975532ms)
✔ Java WebChannel fixture is safe and internally exact: listen-long-poll (1.914528ms)
✔ Java WebChannel fixture is safe and internally exact: listen-streaming (1.390258ms)
✔ Java WebChannel fixture is safe and internally exact: bundle-nanosecond-read-time (2.196137ms)
✔ Java WebChannel fixture is safe and internally exact: write-long-poll (1.350088ms)
✔ Java WebChannel fixture is safe and internally exact: write-streaming (1.626588ms)
✔ Java WebChannel fixture is safe and internally exact: write-cross-client-update (3.523086ms)
✔ Java WebChannel fixture is safe and internally exact: write-missing-update-error (2.076618ms)
✔ Java WebChannel fixture is safe and internally exact: write-overlap (1.807907ms)
✔ Java WebChannel fixture is safe and internally exact: multiple-inequality-query (2.175067ms)
✔ Java WebChannel fixture is safe and internally exact: numeric-resource-id-ordering (4.748983ms)
✔ Java WebChannel fixture is safe and internally exact: reserved-resource-id-error (1.632448ms)
✔ Java WebChannel fixture is safe and internally exact: backchannel-reconnect-replay (1.239498ms)
✔ Java WebChannel fixture is safe and internally exact: unicode-framing (2.237437ms)
✔ Java WebChannel fixture is safe and internally exact: unknown-sid (1.045059ms)
✔ production cloud WebChannel fixture is safe and internally exact: listen-long-poll (1.224558ms)
✔ production cloud WebChannel fixture is safe and internally exact: listen-streaming (1.091789ms)
✔ production cloud WebChannel fixture is safe and internally exact: bundle-nanosecond-read-time (2.134747ms)
✔ production cloud WebChannel fixture is safe and internally exact: write-long-poll (1.368548ms)
✔ production cloud WebChannel fixture is safe and internally exact: write-streaming (1.533578ms)
✔ production cloud WebChannel fixture is safe and internally exact: write-cross-client-update (3.880824ms)
✔ production cloud WebChannel fixture is safe and internally exact: write-missing-update-error (2.918246ms)
✔ production cloud WebChannel fixture is safe and internally exact: write-overlap (1.557808ms)
✔ production cloud WebChannel fixture is safe and internally exact: multiple-inequality-query (1.774658ms)
✔ production cloud WebChannel fixture is safe and internally exact: numeric-resource-id-ordering (4.075034ms)
✔ production cloud WebChannel fixture is safe and internally exact: reserved-resource-id-error (1.511928ms)
✔ production cloud WebChannel fixture is safe and internally exact: backchannel-reconnect-replay (1.321428ms)
✔ production cloud WebChannel fixture is safe and internally exact: unicode-framing (2.317857ms)
✔ production cloud WebChannel fixture is safe and internally exact: unknown-sid (1.501678ms)
✔ Java numeric resource ID fixture pins the reserved-namespace exception (2.360697ms)
✔ Java reserved resource ID fixture pins the exact browser-visible error (0.839718ms)
✔ Java fixtures distinguish long polling, streaming, retry, and UTF-16 framing (3.632815ms)
✔ production cloud numeric resource ID fixture pins the reserved-namespace exception (2.225027ms)
✔ production cloud reserved resource ID fixture pins the exact browser-visible error (0.811399ms)
✔ production cloud fixtures distinguish long polling, streaming, retry, and UTF-16 framing (1.804688ms)
✔ Java and cloud fixtures pin their handshake and unknown-SID deviations (1.931227ms)
✔ Java and cloud fixtures pin inequality type ranges and key-order validation (2.571427ms)
✔ cloud folded authorization is redacted and termination keeps its empty-body length (1.060158ms)
✔ Java and cloud forward acknowledgements pin open and active backchannels (1.585388ms)
✔ Java and cloud accept overlapping writes that reuse the last acknowledged stream token (1.629298ms)
✔ Java and cloud accept bundle Listen targets with nanosecond read times (4.871954ms)
ℹ tests 43
ℹ suites 0
ℹ pass 43
ℹ fail 0
ℹ cancelled 0
ℹ skipped 0
ℹ todo 0
ℹ duration_ms 318.6477
