$ node --import tsx src/webchannel/run-browser-demo.ts --target java --release --skip-build --warmup-repetitions 1 --repetitions 3 --output /home/sanjevi/fireside-phase2-java-webchannel-comparison-20260901T144503+0800-360cbc6/runs/03-java.json
exit_code=0

{
  "browserVersion": "150.0.7871.124",
  "completedAt": "2026-09-01T06:47:50.173Z",
  "mode": "memory",
  "passed": true,
  "projectId": "demo-fireside-phase2-browser",
  "repetitions": 3,
  "resources": {
    "peakRssBytes": 549998592,
    "peakVmHwmBytes": 549998592,
    "sampleCount": 286,
    "supported": true
  },
  "results": [
    {
      "benchmark": {
        "maximumMilliseconds": 25,
        "p99Milliseconds": 21.900000005960464,
        "sampleCount": 100,
        "thresholdMilliseconds": 1500
      },
      "network": {
        "droppedBackchannels": 1,
        "delayedBackchannels": 0,
        "listenTargetIds": [
          1002,
          1004
        ],
        "listenTraffic": 212,
        "reconnectMilliseconds": 4.475936000000729,
        "terminateRequests": 2,
        "variants": [
          "1"
        ],
        "writeTraffic": 213
      },
      "repetition": 1,
      "result": {
        "initialDocuments": [
          "first",
          "second"
        ],
        "listenerDeliveryMilliseconds": [
          18.19999998807907,
          16.5,
          18.80000001192093,
          20.399999976158142,
          16.30000001192093,
          16.80000001192093,
          18.799999982118607,
          16.80000001192093,
          16.400000005960464,
          16.799999982118607,
          16.400000005960464,
          17,
          15.800000011920929,
          16.599999994039536,
          15.799999982118607,
          17.200000017881393,
          17.19999998807907,
          19.200000017881393,
          20.299999982118607,
          17.900000005960464,
          19.599999994039536,
          15.200000017881393,
          17.69999998807907,
          16,
          18.30000001192093,
          21.900000005960464,
          21.899999976158142,
          18.200000017881393,
          16.799999982118607,
          21.200000017881393,
          17,
          15.799999982118607,
          19,
          19,
          16.400000005960464,
          17.5,
          17,
          17.700000017881393,
          19.599999994039536,
          19.299999982118607,
          20.400000005960464,
          16.900000005960464,
          18.80000001192093,
          19,
          17,
          21.299999982118607,
          18.700000017881393,
          18.099999994039536,
          17.799999982118607,
          17.80000001192093,
          19.30000001192093,
          18.299999982118607,
          19.900000005960464,
          17.599999994039536,
          20.80000001192093,
          18.299999982118607,
          18.80000001192093,
          19.19999998807907,
          18.600000023841858,
          17.599999994039536,
          18.299999982118607,
          19.400000005960464,
          18.599999994039536,
          17.900000005960464,
          19.099999994039536,
          17.900000005960464,
          20.5,
          18.099999994039536,
          19.100000023841858,
          25,
          20.5,
          18.19999998807907,
          18.80000001192093,
          17.5,
          19.899999976158142,
          16.5,
          18.5,
          16,
          16.5,
          17.400000005960464,
          17.200000017881393,
          17.5,
          18.399999976158142,
          18.5,
          16.5,
          15.800000011920929,
          16.69999998807907,
          17.30000001192093,
          19.80000001192093,
          16.5,
          16.5,
          16.399999976158142,
          18.700000017881393,
          14.099999994039536,
          15.800000011920929,
          15.199999988079071,
          15.800000011920929,
          14.799999982118607,
          15.400000005960464,
          16.5
        ],
        "liveDocuments": [
          "first",
          "second"
        ],
        "observedUnicode": "東京/emoji-😀/é/second/2",
        "projectId": "demo-fireside-phase2-browser",
        "runId": "long-polling-java-memory-measured-1-mtib1uve",
        "variant": "long-polling"
      }
    },
    {
      "benchmark": {
        "maximumMilliseconds": 19.700000017881393,
        "p99Milliseconds": 18.700000017881393,
        "sampleCount": 100,
        "thresholdMilliseconds": 1000
      },
      "network": {
        "droppedBackchannels": 1,
        "delayedBackchannels": 0,
        "listenTargetIds": [
          1002,
          1004
        ],
        "listenTraffic": 6,
        "reconnectMilliseconds": 2.9631370000006427,
        "terminateRequests": 2,
        "variants": [
          "0"
        ],
        "writeTraffic": 107
      },
      "repetition": 1,
      "result": {
        "initialDocuments": [
          "first",
          "second"
        ],
        "listenerDeliveryMilliseconds": [
          12.599999994039536,
          11.100000023841858,
          10.599999994039536,
          10.099999994039536,
          9.699999988079071,
          10,
          12.5,
          12.600000023841858,
          12.899999976158142,
          13.599999994039536,
          13.799999982118607,
          14,
          15.900000005960464,
          15.200000017881393,
          15.599999994039536,
          16.299999982118607,
          14.900000005960464,
          15.599999994039536,
          14.100000023841858,
          12,
          12.299999982118607,
          16.80000001192093,
          14.799999982118607,
          12.400000005960464,
          11.400000005960464,
          15.800000011920929,
          14,
          10.599999994039536,
          10.099999994039536,
          9.699999988079071,
          10.600000023841858,
          10.399999976158142,
          12.200000017881393,
          9,
          11.599999994039536,
          11.900000005960464,
          13.299999982118607,
          11.900000005960464,
          11.599999994039536,
          9.700000017881393,
          12.699999988079071,
          13,
          13.400000005960464,
          17,
          12.400000005960464,
          13,
          13.599999994039536,
          13.199999988079071,
          11.5,
          11.700000017881393,
          11.699999988079071,
          11.700000017881393,
          14.099999994039536,
          14.599999994039536,
          12.699999988079071,
          11.700000017881393,
          10.5,
          11.199999988079071,
          10.599999994039536,
          11.100000023841858,
          10.799999982118607,
          12.599999994039536,
          12.600000023841858,
          14.799999982118607,
          13,
          13.700000017881393,
          12,
          11.699999988079071,
          13.199999988079071,
          16.100000023841858,
          14,
          10.599999994039536,
          14.699999988079071,
          12.099999994039536,
          13.800000011920929,
          14.599999994039536,
          19.700000017881393,
          12.699999988079071,
          11.5,
          9.400000005960464,
          10.699999988079071,
          12,
          12.099999994039536,
          15.199999988079071,
          12,
          13.599999994039536,
          16,
          15.5,
          14,
          15.599999994039536,
          18.700000017881393,
          10,
          15.400000005960464,
          12.199999988079071,
          9.699999988079071,
          12.400000005960464,
          14.5,
          13.599999994039536,
          12.5,
          13.400000005960464
        ],
        "liveDocuments": [
          "first",
          "second"
        ],
        "observedUnicode": "東京/emoji-😀/é/second/2",
        "projectId": "demo-fireside-phase2-browser",
        "runId": "streaming-java-memory-measured-1-mtib1wpr",
        "variant": "streaming"
      }
    },
    {
      "benchmark": {
        "maximumMilliseconds": 23.80000001192093,
        "p99Milliseconds": 23.19999998807907,
        "sampleCount": 100,
        "thresholdMilliseconds": 2000
      },
      "network": {
        "droppedBackchannels": 1,
        "delayedBackchannels": 1,
        "listenTargetIds": [
          1002,
          1004
        ],
        "listenTraffic": 213,
        "reconnectMilliseconds": 3.6473669999995764,
        "terminateRequests": 2,
        "variants": [
          "0",
          "1"
        ],
        "writeTraffic": 108
      },
      "repetition": 1,
      "result": {
        "initialDocuments": [
          "first",
          "second"
        ],
        "listenerDeliveryMilliseconds": [
          23.19999998807907,
          23.099999994039536,
          21.5,
          19.100000023841858,
          20.19999998807907,
          14.300000011920929,
          13.799999982118607,
          15.800000011920929,
          16.69999998807907,
          15.800000011920929,
          18.400000005960464,
          16.599999994039536,
          18.099999994039536,
          13.699999988079071,
          13.900000005960464,
          14,
          16.80000001192093,
          20.299999982118607,
          23.80000001192093,
          19.30000001192093,
          17.69999998807907,
          16.30000001192093,
          17.69999998807907,
          14.599999994039536,
          14.599999994039536,
          14.800000011920929,
          14.699999988079071,
          15.300000011920929,
          15.900000005960464,
          14.599999994039536,
          14.400000005960464,
          14.099999994039536,
          14.900000005960464,
          13.199999988079071,
          14.400000005960464,
          14.800000011920929,
          14.099999994039536,
          18.69999998807907,
          17,
          18.400000005960464,
          16,
          14.599999994039536,
          14.700000017881393,
          14.399999976158142,
          14.800000011920929,
          22.30000001192093,
          20,
          16.099999994039536,
          14.900000005960464,
          15.699999988079071,
          14.099999994039536,
          15,
          15.300000011920929,
          14.599999994039536,
          15.099999994039536,
          13.599999994039536,
          14.400000005960464,
          15.900000005960464,
          16.099999994039536,
          14.300000011920929,
          20.19999998807907,
          15.599999994039536,
          17.30000001192093,
          18.099999994039536,
          15.400000005960464,
          14.300000011920929,
          14.099999994039536,
          15.799999982118607,
          15.300000011920929,
          19,
          18.69999998807907,
          20.100000023841858,
          14.199999988079071,
          16.69999998807907,
          16.200000017881393,
          14.799999982118607,
          14.100000023841858,
          14.5,
          13.699999988079071,
          13.699999988079071,
          16.900000005960464,
          14.599999994039536,
          17.80000001192093,
          19.599999994039536,
          15.400000005960464,
          16.400000005960464,
          20.19999998807907,
          19.099999994039536,
          18.900000005960464,
          18.200000017881393,
          15.199999988079071,
          15.699999988079071,
          13.800000011920929,
          14.300000011920929,
          14.799999982118607,
          13,
          13.400000005960464,
          16.69999998807907,
          13.700000017881393,
          14.400000005960464
        ],
        "liveDocuments": [
          "first",
          "second"
        ],
        "observedUnicode": "東京/emoji-😀/é/second/2",
        "projectId": "demo-fireside-phase2-browser",
        "runId": "buffering-proxy-auto-detection-java-memory-measured-1-mtib1y5k",
        "variant": "buffering-proxy-auto-detection"
      }
    },
    {
      "benchmark": {
        "maximumMilliseconds": 22.69999998807907,
        "p99Milliseconds": 20.099999994039536,
        "sampleCount": 100,
        "thresholdMilliseconds": 1500
      },
      "network": {
        "droppedBackchannels": 1,
        "delayedBackchannels": 0,
        "listenTargetIds": [
          1002,
          1004
        ],
        "listenTraffic": 213,
        "reconnectMilliseconds": 3.396566999999777,
        "terminateRequests": 2,
        "variants": [
          "1"
        ],
        "writeTraffic": 214
      },
      "repetition": 2,
      "result": {
        "initialDocuments": [
          "first",
          "second"
        ],
        "listenerDeliveryMilliseconds": [
          18,
          14.400000005960464,
          14.899999976158142,
          14.700000017881393,
          15.5,
          16.299999982118607,
          15.400000005960464,
          18.400000005960464,
          14.699999988079071,
          19.30000001192093,
          14.800000011920929,
          18,
          13.699999988079071,
          18.19999998807907,
          15.900000005960464,
          14.800000011920929,
          19.900000005960464,
          17.69999998807907,
          18.099999994039536,
          12.800000011920929,
          18.299999982118607,
          15.100000023841858,
          14.899999976158142,
          16.900000005960464,
          17.80000001192093,
          14.699999988079071,
          13.800000011920929,
          16.099999994039536,
          15.900000005960464,
          17.400000005960464,
          22.69999998807907,
          16.69999998807907,
          19.5,
          15.5,
          18.200000017881393,
          15,
          19.69999998807907,
          16.5,
          19.80000001192093,
          20.099999994039536,
          16.80000001192093,
          18.69999998807907,
          16.900000005960464,
          15,
          16.099999994039536,
          16.100000023841858,
          15.399999976158142,
          19.600000023841858,
          18,
          18.5,
          14.599999994039536,
          15.099999994039536,
          14.599999994039536,
          14.5,
          14.800000011920929,
          16,
          19.900000005960464,
          18.19999998807907,
          17.599999994039536,
          15.700000017881393,
          14.699999988079071,
          14.300000011920929,
          14.799999982118607,
          14.900000005960464,
          18.099999994039536,
          13.5,
          13.200000017881393,
          14.299999982118607,
          13.599999994039536,
          15.100000023841858,
          14.899999976158142,
          16.400000005960464,
          16.599999994039536,
          16.30000001192093,
          15.300000011920929,
          16.599999994039536,
          15.799999982118607,
          14.100000023841858,
          15.599999994039536,
          15.299999982118607,
          17.900000005960464,
          16.5,
          17.200000017881393,
          13.899999976158142,
          15.300000011920929,
          15.400000005960464,
          19.400000005960464,
          16.799999982118607,
          13.800000011920929,
          17.900000005960464,
          17.099999994039536,
          15.299999982118607,
          15.800000011920929,
          15.800000011920929,
          14.599999994039536,
          20,
          19.299999982118607,
          17.100000023841858,
          13.899999976158142,
          15.5
        ],
        "liveDocuments": [
          "first",
          "second"
        ],
        "observedUnicode": "東京/emoji-😀/é/second/2",
        "projectId": "demo-fireside-phase2-browser",
        "runId": "long-polling-java-memory-measured-2-mtib1zxi",
        "variant": "long-polling"
      }
    },
    {
      "benchmark": {
        "maximumMilliseconds": 17.30000001192093,
        "p99Milliseconds": 16.900000005960464,
        "sampleCount": 100,
        "thresholdMilliseconds": 1000
      },
      "network": {
        "droppedBackchannels": 1,
        "delayedBackchannels": 0,
        "listenTargetIds": [
          1002,
          1004
        ],
        "listenTraffic": 6,
        "reconnectMilliseconds": 3.1030769999997574,
        "terminateRequests": 2,
        "variants": [
          "0"
        ],
        "writeTraffic": 107
      },
      "repetition": 2,
      "result": {
        "initialDocuments": [
          "first",
          "second"
        ],
        "listenerDeliveryMilliseconds": [
          11.800000011920929,
          12.800000011920929,
          8.299999982118607,
          11.599999994039536,
          11.900000005960464,
          8.599999994039536,
          11.900000005960464,
          11.300000011920929,
          14.799999982118607,
          13,
          16.900000005960464,
          9.599999994039536,
          15,
          12.900000005960464,
          11.700000017881393,
          11.299999982118607,
          10.800000011920929,
          12.599999994039536,
          13.599999994039536,
          11.200000017881393,
          15.900000005960464,
          16.19999998807907,
          15.800000011920929,
          14.199999988079071,
          14.5,
          14.199999988079071,
          11.400000005960464,
          15.200000017881393,
          12.299999982118607,
          13.900000005960464,
          10.099999994039536,
          8.700000017881393,
          9.5,
          10.899999976158142,
          11.400000005960464,
          9.599999994039536,
          9.200000017881393,
          10.099999994039536,
          9.800000011920929,
          9.5,
          9.799999982118607,
          11.099999994039536,
          10.600000023841858,
          15.299999982118607,
          12.5,
          13.400000005960464,
          17.30000001192093,
          8.799999982118607,
          11.099999994039536,
          10.700000017881393,
          12.299999982118607,
          15.900000005960464,
          14.5,
          15.5,
          15.300000011920929,
          10,
          13.799999982118607,
          13.200000017881393,
          13.599999994039536,
          12.599999994039536,
          9.900000005960464,
          10.099999994039536,
          8.800000011920929,
          11.5,
          12,
          10.799999982118607,
          13.700000017881393,
          14.699999988079071,
          9.700000017881393,
          11.799999982118607,
          11.099999994039536,
          14.600000023841858,
          13.199999988079071,
          12.099999994039536,
          12.800000011920929,
          12.799999982118607,
          8.900000005960464,
          9.200000017881393,
          11.299999982118607,
          14.300000011920929,
          9.099999994039536,
          12.599999994039536,
          14.099999994039536,
          13.800000011920929,
          11.900000005960464,
          12.199999988079071,
          11.300000011920929,
          11.299999982118607,
          10.700000017881393,
          10.699999988079071,
          9.599999994039536,
          9.800000011920929,
          9.900000005960464,
          8.5,
          8.299999982118607,
          8.700000017881393,
          9.299999982118607,
          8.300000011920929,
          9.699999988079071,
          11.5
        ],
        "liveDocuments": [
          "first",
          "second"
        ],
        "observedUnicode": "東京/emoji-😀/é/second/2",
        "projectId": "demo-fireside-phase2-browser",
        "runId": "streaming-java-memory-measured-2-mtib21na",
        "variant": "streaming"
      }
    },
    {
      "benchmark": {
        "maximumMilliseconds": 24.099999994039536,
        "p99Milliseconds": 22.5,
        "sampleCount": 100,
        "thresholdMilliseconds": 2000
      },
      "network": {
        "droppedBackchannels": 1,
        "delayedBackchannels": 1,
        "listenTargetIds": [
          1002,
          1004
        ],
        "listenTraffic": 213,
        "reconnectMilliseconds": 3.8368159999990894,
        "terminateRequests": 2,
        "variants": [
          "0",
          "1"
        ],
        "writeTraffic": 108
      },
      "repetition": 2,
      "result": {
        "initialDocuments": [
          "first",
          "second"
        ],
        "listenerDeliveryMilliseconds": [
          24.099999994039536,
          19.19999998807907,
          22.5,
          18.600000023841858,
          18.799999982118607,
          17,
          13.900000005960464,
          16.5,
          21.599999994039536,
          15.300000011920929,
          14.299999982118607,
          15.800000011920929,
          15.800000011920929,
          14.399999976158142,
          14.400000005960464,
          14.300000011920929,
          13.900000005960464,
          13.5,
          18.5,
          14.399999976158142,
          15.400000005960464,
          15,
          19.700000017881393,
          14.299999982118607,
          17.099999994039536,
          13.5,
          15.100000023841858,
          17.799999982118607,
          19.900000005960464,
          18.900000005960464,
          18.5,
          15.5,
          18,
          14.199999988079071,
          16.5,
          17.80000001192093,
          14.199999988079071,
          13.700000017881393,
          15.399999976158142,
          13.400000005960464,
          15.200000017881393,
          13.599999994039536,
          18.400000005960464,
          14.199999988079071,
          15.300000011920929,
          14.799999982118607,
          13.300000011920929,
          14.699999988079071,
          13.800000011920929,
          13.900000005960464,
          14.699999988079071,
          15,
          14.700000017881393,
          13.799999982118607,
          13.400000005960464,
          13.800000011920929,
          16.899999976158142,
          18,
          15.900000005960464,
          16.400000005960464,
          21.69999998807907,
          18.600000023841858,
          21.099999994039536,
          17.299999982118607,
          17,
          17.100000023841858,
          13.399999976158142,
          13.200000017881393,
          13.299999982118607,
          15.100000023841858,
          15.399999976158142,
          14.200000017881393,
          14.5,
          13.299999982118607,
          12.800000011920929,
          15.300000011920929,
          19.399999976158142,
          20.700000017881393,
          17.69999998807907,
          15.099999994039536,
          14.600000023841858,
          14.699999988079071,
          14.900000005960464,
          14.800000011920929,
          14.199999988079071,
          14.199999988079071,
          16.100000023841858,
          15,
          14.699999988079071,
          14.699999988079071,
          18.200000017881393,
          13.799999982118607,
          14,
          15.900000005960464,
          15.599999994039536,
          16,
          18.100000023841858,
          17.399999976158142,
          19.200000017881393,
          17.19999998807907
        ],
        "liveDocuments": [
          "first",
          "second"
        ],
        "observedUnicode": "東京/emoji-😀/é/second/2",
        "projectId": "demo-fireside-phase2-browser",
        "runId": "buffering-proxy-auto-detection-java-memory-measured-2-mtib22zk",
        "variant": "buffering-proxy-auto-detection"
      }
    },
    {
      "benchmark": {
        "maximumMilliseconds": 21.400000005960464,
        "p99Milliseconds": 20.80000001192093,
        "sampleCount": 100,
        "thresholdMilliseconds": 1500
      },
      "network": {
        "droppedBackchannels": 1,
        "delayedBackchannels": 0,
        "listenTargetIds": [
          1002,
          1004
        ],
        "listenTraffic": 213,
        "reconnectMilliseconds": 3.5923169999987294,
        "terminateRequests": 2,
        "variants": [
          "1"
        ],
        "writeTraffic": 213
      },
      "repetition": 3,
      "result": {
        "initialDocuments": [
          "first",
          "second"
        ],
        "listenerDeliveryMilliseconds": [
          15.799999982118607,
          14.900000005960464,
          19.099999994039536,
          18.600000023841858,
          17.399999976158142,
          16.100000023841858,
          15.299999982118607,
          16.200000017881393,
          14.199999988079071,
          13.900000005960464,
          17.099999994039536,
          16.900000005960464,
          16.69999998807907,
          13.599999994039536,
          14.400000005960464,
          16.099999994039536,
          16.80000001192093,
          13.5,
          21.400000005960464,
          19,
          18.19999998807907,
          13.599999994039536,
          14.600000023841858,
          15,
          15.5,
          19.599999994039536,
          15.199999988079071,
          20.700000017881393,
          15.899999976158142,
          13.400000005960464,
          15.300000011920929,
          15.099999994039536,
          17.900000005960464,
          15.900000005960464,
          17.69999998807907,
          18.30000001192093,
          14.299999982118607,
          18.30000001192093,
          15.199999988079071,
          15.400000005960464,
          16.400000005960464,
          16.69999998807907,
          20.80000001192093,
          19.5,
          16.19999998807907,
          15,
          14.400000005960464,
          15.5,
          17.099999994039536,
          16.700000017881393,
          17.299999982118607,
          15.900000005960464,
          14,
          18,
          16.900000005960464,
          18.599999994039536,
          15.599999994039536,
          15.100000023841858,
          16.899999976158142,
          15.100000023841858,
          19.299999982118607,
          15.700000017881393,
          17.599999994039536,
          14,
          17.299999982118607,
          16.200000017881393,
          13.799999982118607,
          14.300000011920929,
          15.5,
          14.300000011920929,
          16.19999998807907,
          13.699999988079071,
          17.80000001192093,
          14.800000011920929,
          18.799999982118607,
          16.30000001192093,
          17.900000005960464,
          17.5,
          16,
          15.799999982118607,
          14.099999994039536,
          13.200000017881393,
          13.699999988079071,
          15.100000023841858,
          12.299999982118607,
          14.700000017881393,
          17,
          17.899999976158142,
          16.900000005960464,
          13.200000017881393,
          15.899999976158142,
          14.400000005960464,
          18.099999994039536,
          17.400000005960464,
          13.099999994039536,
          13.400000005960464,
          15.200000017881393,
          15.899999976158142,
          17.600000023841858,
          13.399999976158142
        ],
        "liveDocuments": [
          "first",
          "second"
        ],
        "observedUnicode": "東京/emoji-😀/é/second/2",
        "projectId": "demo-fireside-phase2-browser",
        "runId": "long-polling-java-memory-measured-3-mtib24pg",
        "variant": "long-polling"
      }
    },
    {
      "benchmark": {
        "maximumMilliseconds": 16.19999998807907,
        "p99Milliseconds": 15.800000011920929,
        "sampleCount": 100,
        "thresholdMilliseconds": 1000
      },
      "network": {
        "droppedBackchannels": 1,
        "delayedBackchannels": 0,
        "listenTargetIds": [
          1002,
          1004
        ],
        "listenTraffic": 6,
        "reconnectMilliseconds": 3.2190369999989343,
        "terminateRequests": 2,
        "variants": [
          "0"
        ],
        "writeTraffic": 107
      },
      "repetition": 3,
      "result": {
        "initialDocuments": [
          "first",
          "second"
        ],
        "listenerDeliveryMilliseconds": [
          13.299999982118607,
          10.5,
          10.300000011920929,
          8.400000005960464,
          8.599999994039536,
          8.5,
          9.400000005960464,
          10.099999994039536,
          13.400000005960464,
          12.900000005960464,
          13.699999988079071,
          12.800000011920929,
          12.800000011920929,
          11.099999994039536,
          13.199999988079071,
          10.800000011920929,
          12.900000005960464,
          10.099999994039536,
          9.599999994039536,
          9.5,
          12.400000005960464,
          9.200000017881393,
          11.299999982118607,
          10.200000017881393,
          11.5,
          13.599999994039536,
          11.699999988079071,
          10.400000005960464,
          9.900000005960464,
          15.299999982118607,
          14.200000017881393,
          13.299999982118607,
          12.700000017881393,
          12,
          10.299999982118607,
          11.700000017881393,
          10.5,
          10.799999982118607,
          10.100000023841858,
          13.199999988079071,
          12.099999994039536,
          13.099999994039536,
          12.600000023841858,
          10.199999988079071,
          10,
          10.099999994039536,
          11,
          11,
          11.5,
          12.600000023841858,
          11.5,
          11.5,
          11,
          14.299999982118607,
          9.300000011920929,
          11.099999994039536,
          10.400000005960464,
          11.900000005960464,
          8.5,
          10.099999994039536,
          9.900000005960464,
          10.299999982118607,
          12.200000017881393,
          8.099999994039536,
          9.799999982118607,
          12.400000005960464,
          10.5,
          13.300000011920929,
          13.299999982118607,
          14.800000011920929,
          15.800000011920929,
          13.299999982118607,
          8.800000011920929,
          12.400000005960464,
          7.0999999940395355,
          9.099999994039536,
          8.800000011920929,
          10.5,
          10.199999988079071,
          11.199999988079071,
          9.300000011920929,
          9.800000011920929,
          11.699999988079071,
          10.5,
          9.900000005960464,
          9.799999982118607,
          10.600000023841858,
          13.799999982118607,
          11.599999994039536,
          8.800000011920929,
          16.19999998807907,
          10.600000023841858,
          13.799999982118607,
          13.200000017881393,
          11.299999982118607,
          9.800000011920929,
          9.299999982118607,
          10.400000005960464,
          12.700000017881393,
          14.699999988079071
        ],
        "liveDocuments": [
          "first",
          "second"
        ],
        "observedUnicode": "東京/emoji-😀/é/second/2",
        "projectId": "demo-fireside-phase2-browser",
        "runId": "streaming-java-memory-measured-3-mtib26e1",
        "variant": "streaming"
      }
    },
    {
      "benchmark": {
        "maximumMilliseconds": 25.099999994039536,
        "p99Milliseconds": 23.200000017881393,
        "sampleCount": 100,
        "thresholdMilliseconds": 2000
      },
      "network": {
        "droppedBackchannels": 1,
        "delayedBackchannels": 1,
        "listenTargetIds": [
          1002,
          1004
        ],
        "listenTraffic": 213,
        "reconnectMilliseconds": 3.6099469999971916,
        "terminateRequests": 2,
        "variants": [
          "0",
          "1"
        ],
        "writeTraffic": 108
      },
      "repetition": 3,
      "result": {
        "initialDocuments": [
          "first",
          "second"
        ],
        "listenerDeliveryMilliseconds": [
          22.399999976158142,
          20.100000023841858,
          19.399999976158142,
          16.600000023841858,
          15.899999976158142,
          17.5,
          21,
          21.400000005960464,
          17.80000001192093,
          16.69999998807907,
          19.30000001192093,
          16.900000005960464,
          14.399999976158142,
          14,
          14.300000011920929,
          19,
          14.900000005960464,
          15,
          13.099999994039536,
          13.300000011920929,
          13.5,
          16.599999994039536,
          15.199999988079071,
          16.5,
          23.200000017881393,
          17.399999976158142,
          14.600000023841858,
          14.199999988079071,
          13.400000005960464,
          15.199999988079071,
          13.599999994039536,
          13.400000005960464,
          12.700000017881393,
          13.099999994039536,
          13.900000005960464,
          18.5,
          16.69999998807907,
          15.5,
          13.800000011920929,
          13.899999976158142,
          14.900000005960464,
          13.900000005960464,
          14.800000011920929,
          13.899999976158142,
          14.600000023841858,
          14.099999994039536,
          17.299999982118607,
          15.5,
          15.100000023841858,
          17.899999976158142,
          13.200000017881393,
          15.400000005960464,
          14.299999982118607,
          14.099999994039536,
          13.5,
          13.200000017881393,
          13,
          14.5,
          15.699999988079071,
          13.300000011920929,
          14.900000005960464,
          16.899999976158142,
          14.200000017881393,
          13.799999982118607,
          13.200000017881393,
          14.099999994039536,
          12.800000011920929,
          13.599999994039536,
          15.699999988079071,
          13.800000011920929,
          14,
          15,
          13.5,
          14,
          16.5,
          14.099999994039536,
          13.800000011920929,
          14.299999982118607,
          13.400000005960464,
          14,
          20.5,
          25.099999994039536,
          22,
          19.80000001192093,
          20.19999998807907,
          15.600000023841858,
          14,
          14.099999994039536,
          13.599999994039536,
          15.400000005960464,
          15.599999994039536,
          15.099999994039536,
          17.80000001192093,
          16,
          14,
          13.900000005960464,
          13.299999982118607,
          13.200000017881393,
          13.199999988079071,
          13.599999994039536
        ],
        "liveDocuments": [
          "first",
          "second"
        ],
        "observedUnicode": "東京/emoji-😀/é/second/2",
        "projectId": "demo-fireside-phase2-browser",
        "runId": "buffering-proxy-auto-detection-java-memory-measured-3-mtib27oq",
        "variant": "buffering-proxy-auto-detection"
      }
    }
  ],
  "schemaVersion": 1,
  "target": "java",
  "targetVersion": "1.22.0",
  "warmupRepetitions": 1
}
