i  emulators: Starting emulators: firestore
i  emulators: Detected demo project ID "demo-twodart-local", emulated services will use a demo configuration and attempts to access non-emulated services for this project will fail.
i  firestore: Importing data from /srv/dev-fast/runtime-data/fireside-phase5-20260902T1417+0800-5b51e4d/full-gates/full-gate-v3-20260904-30e0d25-r36/inputs/full-data/firestore_export/firestore_export.overall_export_metadata
i  firestore: Firestore Emulator logging to firestore-debug.log
✔  firestore: Firestore Emulator was started in standard edition.
✔  firestore: Firestore Emulator UI websocket is running on 9150.

┌─────────────────────────────────────────────────────────────┐
│ ✔  All emulators ready! It is now safe to connect your app. │
│ i  View Emulator UI at http://127.0.0.1:4000/               │
└─────────────────────────────────────────────────────────────┘

┌───────────┬─────────────────┬─────────────────────────────────┐
│ Emulator  │ Host:Port       │ View in Emulator UI             │
├───────────┼─────────────────┼─────────────────────────────────┤
│ Firestore │ 127.0.0.1:24800 │ http://127.0.0.1:4000/firestore │
└───────────┴─────────────────┴─────────────────────────────────┘
  Emulator Hub host: 127.0.0.1 port: 4400
  Other reserved ports: 4500, 9150

Issues? Report them at https://github.com/firebase/firebase-tools/issues and attach the *-debug.log files.
 
 
i  emulators: Received SIGINT (Ctrl-C) for the first time. Starting a clean shutdown.
i  emulators: Please wait for a clean shutdown or send the SIGINT (Ctrl-C) signal again to stop right now.
i  emulators: Shutting down emulators.
i  ui: Stopping Emulator UI
i  firestore: Stopping Firestore Emulator
i  hub: Stopping emulator hub
i  logging: Stopping Logging Emulator
