[1m
portless
[22m
[2m-- Proxy is running[22m
[2m-- phase5-fireside.templates.twodart.localhost (auto-resolves to 127.0.0.1)[22m
[2m-- Name "templates.twodart" (from --name flag)[22m
[2m-- Prefix "phase5-fireside" (from git branch)[22m
-- Using port 23113 (fixed)
[1m
  -> https://phase5-fireside.templates.twodart.localhost
[22m
[2mRunning: PORT=23113 HOST=127.0.0.1 PORTLESS_URL=https://phase5-fireside.templates.twodart.localhost NODE_EXTRA_CA_CERTS="/home/sanjevi/.portless/ca.pem" bash -c cd apps/templates && exec bun run dev -- --port=$PORT
[22m
[0m[2m[35m$[0m [2m[1mbun next dev "--port=23113"[0m
[1m[38;2;173;127;168m▲ Next.js 16.2.9[39m[22m (Turbopack)
- Local:         http://localhost:23113
- Network:       http://65.109.60.184:23113
- Environments: .env.local
[32m[1m✓[22m[39m Ready in 288ms
- Experiments (use with caution):
  · clientTraceMetadata

[37m[1m○[22m[39m Compiling /login/[loginType] ...

warn - The class `delay-[1500ms]` is ambiguous and matches multiple utilities.
warn - If this is content and not a class, replace it with `delay-&lsqb;1500ms&rsqb;` to silence this warning.
WARNING: You are using the Auth Emulator, which is intended for local testing only.  Do not use with production credentials.
Firebase initialized successfully
WARNING: You are using the Auth Emulator, which is intended for local testing only.  Do not use with production credentials.
Firebase initialized successfully
 GET /login/overview [32m200[39m in 10.5s[2m (next.js: 10.5s, generate-params: 3.4s, application-code: 21ms)[22m
 GET /login/overview [32m200[39m in 133ms[2m (next.js: 112ms, generate-params: 18µs, application-code: 20ms)[22m
WARNING: You are using the Auth Emulator, which is intended for local testing only.  Do not use with production credentials.
Firebase initialized successfully
 GET /login/overview [32m200[39m in 479ms[2m (next.js: 465ms, generate-params: 305ms, application-code: 14ms)[22m
 GET /login/undefined [32m200[39m in 51ms[2m (next.js: 30ms, generate-params: 17µs, application-code: 21ms)[22m
[36m[browser][39m [33m[GSI_LOGGER]: Your client application uses one of the Google One Tap prompt UI status methods that may stop functioning when FedCM becomes mandatory. Refer to the migration guide to update your code accordingly and opt-in to FedCM to test your changes. Learn more: https://developers.google.com/identity/gsi/web/guides/fedcm-migration?s=dc#display_moment and https://developers.google.com/identity/gsi/web/guides/fedcm-migration?s=dc#skipped_moment[39m [2m(https://accounts.google.com/gsi/client:87:460)[22m
[36m[browser][39m [33mFailed to load some fonts[39m [2m(utils/app-helpers.ts:154:15)[22m
WARNING: You are using the Auth Emulator, which is intended for local testing only.  Do not use with production credentials.
Firebase initialized successfully
 POST /api/login/verificationCode [32m200[39m in 503ms[2m (next.js: 249ms, application-code: 254ms)[22m
[36m[browser][39m [GSI_LOGGER]: FedCM get() rejects with AbortError: signal is aborted without reason 
[31m    at _.H (https://accounts.google.com/gsi/client:88:89)
    at _.$u.ma (https://accounts.google.com/gsi/client:352:353)
    at Object.ma (https://accounts.google.com/gsi/client:354:416)
    at <unknown> (https://accounts.google.com/gsi/client:312:999)[39m [2m(https://accounts.google.com/gsi/client:88:89)[22m
 POST /api/login/verificationCode [32m200[39m in 44ms[2m (next.js: 3ms, application-code: 42ms)[22m
[37m[1m○[22m[39m Compiling /home/[...slug] ...
 GET /home/recent [32m200[39m in 84ms[2m (next.js: 70ms, application-code: 14ms)[22m
 GET /home/recent [32m200[39m in 45ms[2m (next.js: 26ms, application-code: 19ms)[22m
 GET /home/undefined [32m200[39m in 57ms[2m (next.js: 35ms, application-code: 22ms)[22m
[36m[browser][39m [33mFailed to load some fonts[39m [2m(utils/app-helpers.ts:154:15)[22m
[37m[1m○[22m[39m Compiling /presentation/[...slug] ...
 GET /presentation/phase5-smoke-deck [32m200[39m in 490ms[2m (next.js: 477ms, application-code: 13ms)[22m
 GET /presentation/undefined [32m200[39m in 53ms[2m (next.js: 39ms, application-code: 15ms)[22m
[36m[browser][39m [33mFailed to load some fonts[39m [2m(utils/app-helpers.ts:154:15)[22m
 GET /presentation/phase5-smoke-deck [32m200[39m in 117ms[2m (next.js: 76ms, application-code: 41ms)[22m
 POST /api/collaboration/cleanupUser [32m200[39m in 118ms[2m (next.js: 18ms, application-code: 100ms)[22m
 GET /presentation/undefined [32m200[39m in 61ms[2m (next.js: 44ms, application-code: 16ms)[22m
[36m[browser][39m [33mFailed to load some fonts[39m [2m(utils/app-helpers.ts:154:15)[22m
 POST /api/collaboration/cleanupUser [32m200[39m in 88ms[2m (next.js: 1928µs, application-code: 86ms)[22m
 GET /presentation/phase5-smoke-deck [32m200[39m in 208ms[2m (next.js: 195ms, application-code: 13ms)[22m
 GET /presentation/undefined [32m200[39m in 51ms[2m (next.js: 38ms, application-code: 14ms)[22m
[36m[browser][39m [33mFailed to load some fonts[39m [2m(utils/app-helpers.ts:154:15)[22m
 POST /api/collaboration/cleanupUser [32m200[39m in 108ms[2m (next.js: 960µs, application-code: 107ms)[22m
[36m[browser][39m A props object containing a "key" prop is being spread into JSX:
  let props = {key: someKey, disabled: ..., showLabel: ..., dropZoneOptions: ..., placeholderText: ..., placeholderDropText: ..., placeholderTextClass: ..., dropContainerClass: ...};
  <Memo {...props} />
React keys must be passed directly to JSX without using spread:
  let props = {disabled: ..., showLabel: ..., dropZoneOptions: ..., placeholderText: ..., placeholderDropText: ..., placeholderTextClass: ..., dropContainerClass: ...};
  <Memo key={someKey} {...props} /> 
[31m    at <unknown> (components/Products/components/Shared/ImageLibrary/ImageLibrary.tsx:1191:15)[39m
  [90m1189 |[0m ...          {[90m/* Desktop Dia...[0m
  [90m1190 |[0m ...          {!isMobile && !...
[31m[1m>[0m [90m1191 |[0m ...            <[33mDropFile[0m
  [90m     |[0m                [31m[1m^[0m
  [90m1192 |[0m ...              {...dropFil...
  [90m1193 |[0m ...              placeholder...
  [90m1194 |[0m ...              placeholder... [2m(components/Products/components/Shared/ImageLibrary/ImageLibrary.tsx:1191:15)[22m
[API Upload Order] ✅ License verification passed: phase5-smoke-user
[API Upload Order] 📥 Received upload for: fireside-phase5-40fd6e1f-f104-4095-bc25-5061b7b7f9b0.png
[API Upload Order] 🆔 Using image ID from client: NG9WiQOeU1JOYEyOwgRL
[API Upload Order] ⏰ uploadOrderTime from client: 1788602961223 (2026-09-05T10:09:21.223Z)
[API Upload Order] 📋 Current server time: 1788602962211 (2026-09-05T10:09:22.211Z)
[UserImage] Processing uploaded file: fireside-phase5-40fd6e1f-f104-4095-bc25-5061b7b7f9b0.png, size: 76 bytes
[UserImage] 🔍 Calculated MD5 hash: c8e09e7a7d0d936969abf0f5cdbcdda8
Starting image processing (Original + High + Regular)...
Input: 2×2, png, 0KB
✓ Original PNG format → Using PNG

✓ Processing complete, applying smart fallback...
  Original: Processed (0KB) > Input (0KB) → Using resized input
  High png: Processed (0KB) > Input (0KB) → Using resized input
  High WebP: 2×2, 0KB ✓ (32% smaller than png)
  Regular png: Processed (0KB) > Input (0KB) → Using resized input
  Regular WebP: 2×2, 0KB ✓ (32% smaller than png)

✓ Final total size: 0.00MB (474% vs input)
💾 Generated: Original (2px) + High (2px) + Regular (2px)
[UserImage] Uploading image with ID: NG9WiQOeU1JOYEyOwgRL
[UserImage] High WebP beneficial: true, Regular WebP beneficial: true
[UserImage] Variants uploaded successfully (Original + High + Regular)
[API Upload Order] 💾 Saving to Firestore - Image ID: NG9WiQOeU1JOYEyOwgRL
[API Upload Order] 📊 uploadOrderTime being saved as NUMBER: 1788602961223 (2026-09-05T10:09:21.223Z)
[API Upload Order] 📊 This preserves millisecond precision for proper ordering
[API Upload Order] ✅ Document created in Firestore: NG9WiQOeU1JOYEyOwgRL
[CDN Warming] 🔥 Starting parallel cache warming for 5 URLs...
 POST /api/user/uploadUserImage [32m200[39m in 303ms[2m (next.js: 185ms, application-code: 117ms)[22m
  ✓ Warmed: users%2Fphase5-smoke-user%2Fimages%2Fef5COFHqEhxt1xp4JU7U%2Foriginal.png?alt=media
  ✓ Warmed: users%2Fphase5-smoke-user%2Fimages%2Fef5COFHqEhxt1xp4JU7U%2Fhigh.png?alt=media
  ✓ Warmed: users%2Fphase5-smoke-user%2Fimages%2Fef5COFHqEhxt1xp4JU7U%2Fhigh.webp?alt=media
  ✓ Warmed: users%2Fphase5-smoke-user%2Fimages%2Fef5COFHqEhxt1xp4JU7U%2Fregular.png?alt=media
  ✓ Warmed: users%2Fphase5-smoke-user%2Fimages%2Fef5COFHqEhxt1xp4JU7U%2Fregular.webp?alt=media
[CDN Warming] ✅ Completed in 77ms
 GET /home/recent [32m200[39m in 42ms[2m (next.js: 28ms, application-code: 13ms)[22m
 POST /api/collaboration/cleanupUser [32m200[39m in 116ms[2m (next.js: 1816µs, application-code: 114ms)[22m
 GET /home/undefined [32m200[39m in 39ms[2m (next.js: 26ms, application-code: 13ms)[22m
[36m[browser][39m [33mFailed to load some fonts[39m [2m(utils/app-helpers.ts:154:15)[22m
 POST /api/v/retire [32m200[39m in 105ms[2m (next.js: 23ms, application-code: 82ms)[22m
 GET /presentation/phase5-smoke-deck [32m200[39m in 57ms[2m (next.js: 34ms, application-code: 23ms)[22m
 GET /presentation/undefined [32m200[39m in 49ms[2m (next.js: 30ms, application-code: 20ms)[22m
[36m[browser][39m [33mFailed to load some fonts[39m [2m(utils/app-helpers.ts:154:15)[22m
 POST /api/collaboration/cleanupUser [32m200[39m in 93ms[2m (next.js: 1938µs, application-code: 91ms)[22m
[37m[1m○[22m[39m Compiling /admin/[...slug] ...
 GET /admin/templates-master-slides [32m200[39m in 4.7s[2m (next.js: 4.6s, application-code: 15ms)[22m
 POST /api/collaboration/cleanupUser [32m200[39m in 90ms[2m (next.js: 1226µs, application-code: 89ms)[22m
 GET /admin/undefined [32m200[39m in 46ms[2m (next.js: 28ms, application-code: 19ms)[22m
[36m[browser][39m [33mFailed to load some fonts[39m [2m(utils/app-helpers.ts:154:15)[22m
 GET /admin/templates-theme-upload [32m200[39m in 48ms[2m (next.js: 26ms, application-code: 22ms)[22m
 GET /admin/undefined [32m200[39m in 72ms[2m (next.js: 34ms, application-code: 38ms)[22m
 GET /admin/templates-categories-core [32m200[39m in 75ms[2m (next.js: 62ms, application-code: 13ms)[22m
 GET /admin/undefined [32m200[39m in 36ms[2m (next.js: 22ms, application-code: 14ms)[22m
[36m[browser][39m [33mFailed to load some fonts[39m [2m(utils/app-helpers.ts:154:15)[22m
 GET /admin/templates-slides-core [32m200[39m in 49ms[2m (next.js: 27ms, application-code: 22ms)[22m
 GET /admin/templates-colors [32m200[39m in 58ms[2m (next.js: 33ms, application-code: 25ms)[22m
 GET /admin/undefined [32m200[39m in 42ms[2m (next.js: 22ms, application-code: 19ms)[22m
 GET /admin/undefined [32m200[39m in 53ms[2m (next.js: 38ms, application-code: 15ms)[22m
[36m[browser][39m React does not recognize the `loadingText` prop on a DOM element. If you intentionally want it to appear in the DOM as a custom attribute, spell it as lowercase `loadingtext` instead. If you accidentally passed it from a parent component, remove it from the DOM element. 
[36m[browser][39m [33mFailed to load some fonts[39m [2m(utils/app-helpers.ts:154:15)[22m
 GET /admin/templates-headers [32m200[39m in 49ms[2m (next.js: 27ms, application-code: 22ms)[22m
 GET /admin/undefined [32m200[39m in 47ms[2m (next.js: 30ms, application-code: 17ms)[22m
[36m[browser][39m [33mFailed to load some fonts[39m [2m(utils/app-helpers.ts:154:15)[22m
 GET /admin/templates-background-images [32m200[39m in 50ms[2m (next.js: 27ms, application-code: 23ms)[22m
 GET /admin/undefined [32m200[39m in 35ms[2m (next.js: 20ms, application-code: 15ms)[22m
[36m[browser][39m [33mFailed to load some fonts[39m [2m(utils/app-helpers.ts:154:15)[22m
 GET /admin/templates-fonts [32m200[39m in 49ms[2m (next.js: 26ms, application-code: 23ms)[22m
 GET /admin/undefined [32m200[39m in 42ms[2m (next.js: 25ms, application-code: 17ms)[22m
[36m[browser][39m [33mFailed to load some fonts[39m [2m(utils/app-helpers.ts:154:15)[22m
 GET /admin/global-branding [32m200[39m in 48ms[2m (next.js: 26ms, application-code: 22ms)[22m
 GET /admin/undefined [32m200[39m in 49ms[2m (next.js: 32ms, application-code: 17ms)[22m
[36m[browser][39m [33mFailed to load some fonts[39m [2m(utils/app-helpers.ts:154:15)[22m
 GET /admin/premade-templates [32m200[39m in 59ms[2m (next.js: 29ms, application-code: 30ms)[22m
 GET /admin/tag [32m200[39m in 50ms[2m (next.js: 24ms, application-code: 26ms)[22m
 GET /admin/undefined [32m200[39m in 55ms[2m (next.js: 42ms, application-code: 13ms)[22m
 GET /admin/undefined [32m200[39m in 43ms[2m (next.js: 29ms, application-code: 14ms)[22m
[36m[browser][39m React does not recognize the `loadingText` prop on a DOM element. If you intentionally want it to appear in the DOM as a custom attribute, spell it as lowercase `loadingtext` instead. If you accidentally passed it from a parent component, remove it from the DOM element. 
[36m[browser][39m [33mFailed to load some fonts[39m [2m(utils/app-helpers.ts:154:15)[22m
 GET /admin/icons-library [32m200[39m in 51ms[2m (next.js: 27ms, application-code: 23ms)[22m
 GET /admin/undefined [32m200[39m in 42ms[2m (next.js: 28ms, application-code: 14ms)[22m
[36m[browser][39m [33mFailed to load some fonts[39m [2m(utils/app-helpers.ts:154:15)[22m
 GET /admin/icons-list [32m200[39m in 50ms[2m (next.js: 28ms, application-code: 23ms)[22m
 GET /admin/undefined [32m200[39m in 46ms[2m (next.js: 25ms, application-code: 21ms)[22m
[36m[browser][39m [33mFailed to load some fonts[39m [2m(utils/app-helpers.ts:154:15)[22m
[36m[browser][39m React does not recognize the `classNameContainer` prop on a DOM element. If you intentionally want it to appear in the DOM as a custom attribute, spell it as lowercase `classnamecontainer` instead. If you accidentally passed it from a parent component, remove it from the DOM element. 
[36m[browser][39m React does not recognize the `loadingText` prop on a DOM element. If you intentionally want it to appear in the DOM as a custom attribute, spell it as lowercase `loadingtext` instead. If you accidentally passed it from a parent component, remove it from the DOM element. 
 GET /admin/wp-actions [32m200[39m in 49ms[2m (next.js: 27ms, application-code: 22ms)[22m
 GET /admin/undefined [32m200[39m in 41ms[2m (next.js: 26ms, application-code: 15ms)[22m
[36m[browser][39m [33mFailed to load some fonts[39m [2m(utils/app-helpers.ts:154:15)[22m
 GET /admin/app-announcements [32m200[39m in 50ms[2m (next.js: 27ms, application-code: 22ms)[22m
 GET /admin/undefined [32m200[39m in 38ms[2m (next.js: 25ms, application-code: 13ms)[22m
[36m[browser][39m [33mFailed to load some fonts[39m [2m(utils/app-helpers.ts:154:15)[22m
 GET /admin/beta-users [32m200[39m in 49ms[2m (next.js: 27ms, application-code: 22ms)[22m
 GET /admin/undefined [32m200[39m in 59ms[2m (next.js: 35ms, application-code: 24ms)[22m
[36m[browser][39m [33mFailed to load some fonts[39m [2m(utils/app-helpers.ts:154:15)[22m
 GET /admin/templates-categories-legacy [32m200[39m in 49ms[2m (next.js: 27ms, application-code: 23ms)[22m
 GET /admin/undefined [32m200[39m in 43ms[2m (next.js: 27ms, application-code: 17ms)[22m
[36m[browser][39m React does not recognize the `loadingText` prop on a DOM element. If you intentionally want it to appear in the DOM as a custom attribute, spell it as lowercase `loadingtext` instead. If you accidentally passed it from a parent component, remove it from the DOM element. 
[36m[browser][39m [33mFailed to load some fonts[39m [2m(utils/app-helpers.ts:154:15)[22m
 GET /admin/templates-slides-legacy [32m200[39m in 48ms[2m (next.js: 27ms, application-code: 22ms)[22m
 GET /admin/undefined [32m200[39m in 45ms[2m (next.js: 27ms, application-code: 18ms)[22m
[36m[browser][39m [33mFailed to load some fonts[39m [2m(utils/app-helpers.ts:154:15)[22m
 GET /home/recent [32m200[39m in 54ms[2m (next.js: 33ms, application-code: 21ms)[22m
 GET /home/undefined [32m200[39m in 34ms[2m (next.js: 20ms, application-code: 15ms)[22m
[36m[browser][39m [33mFailed to load some fonts[39m [2m(utils/app-helpers.ts:154:15)[22m
 GET /login/overview [32m200[39m in 36ms[2m (next.js: 24ms, generate-params: 21µs, application-code: 12ms)[22m
 GET /home/recent [32m200[39m in 99ms[2m (next.js: 83ms, application-code: 16ms)[22m
 GET /login/overview?redirectTo=%2Fhome%2Frecent [32m200[39m in 44ms[2m (next.js: 29ms, generate-params: 26µs, application-code: 15ms)[22m
 GET /login/overview [32m200[39m in 47ms[2m (next.js: 31ms, generate-params: 23µs, application-code: 16ms)[22m
 GET /login/undefined [32m200[39m in 51ms[2m (next.js: 30ms, generate-params: 16µs, application-code: 22ms)[22m
[36m[browser][39m [33mFailed to load some fonts[39m [2m(utils/app-helpers.ts:154:15)[22m
[36m[browser][39m [33m[GSI_LOGGER]: Your client application uses one of the Google One Tap prompt UI status methods that may stop functioning when FedCM becomes mandatory. Refer to the migration guide to update your code accordingly and opt-in to FedCM to test your changes. Learn more: https://developers.google.com/identity/gsi/web/guides/fedcm-migration?s=dc#display_moment and https://developers.google.com/identity/gsi/web/guides/fedcm-migration?s=dc#skipped_moment[39m [2m(https://accounts.google.com/gsi/client:87:460)[22m
 POST /api/login/verificationCode [32m200[39m in 45ms[2m (next.js: 1691µs, application-code: 43ms)[22m
WARNING: You are using the Auth Emulator, which is intended for local testing only.  Do not use with production credentials.
Firebase initialized successfully
[36m[browser][39m [GSI_LOGGER]: FedCM get() rejects with AbortError: signal is aborted without reason 
[31m    at _.H (https://accounts.google.com/gsi/client:88:89)
    at _.$u.ma (https://accounts.google.com/gsi/client:352:353)
    at Object.ma (https://accounts.google.com/gsi/client:354:416)
    at <unknown> (https://accounts.google.com/gsi/client:312:999)[39m [2m(https://accounts.google.com/gsi/client:88:89)[22m
 POST /api/login/verificationCode [32m200[39m in 28ms[2m (next.js: 1338µs, application-code: 26ms)[22m
