2026-08-28T05:55:10.685Z starting fireside-memory-soak
(node:44372) MetadataLookupWarning: received unexpected error = All promises were rejected code = UNKNOWN
(Use `node --trace-warnings ...` to show where the warning was created)
/home/sanjevi/fireside-endurance/conformance/node_modules/@google-cloud/firestore/build/src/bulk-writer.js:103
            const bulkWriterError = new BulkWriterError(error.code, error.message, this.ref, this.type, this.failedAttempts);
                                    ^

BulkWriterError: 11 OUT_OF_RANGE: Error, decoded message length too large: found 10243814 bytes, the limit is: 4194304 bytes
    at BulkWriterOperation.onError (/home/sanjevi/fireside-endurance/conformance/node_modules/@google-cloud/firestore/build/src/bulk-writer.js:103:37)
    at _firestore._traceUtil.startActiveSpan (/home/sanjevi/fireside-endurance/conformance/node_modules/@google-cloud/firestore/build/src/bulk-writer.js:201:40)
    at runNextTicks (node:internal/process/task_queues:65:5)
    at process.processImmediate (node:internal/timers:541:9)
    at async BulkWriter._sendBatch (/home/sanjevi/fireside-endurance/conformance/node_modules/@google-cloud/firestore/build/src/bulk-writer.js:784:13) {
  code: 11,
  documentRef: DocumentReference {
    _firestore: <ref *2> Firestore {
      _clientPool: ClientPool {
        concurrentOperationLimit: 100,
        maxIdleClients: 1,
        clientFactory: [Function (anonymous)],
        clientDestructor: [Function (anonymous)],
        grpcEnabled: false,
        activeClients: Map(1) {
          FirestoreClient {
            _terminated: false,
            _opts: [Object],
            _providedCustomServicePath: true,
            _gaxModule: [Object],
            _gaxGrpc: [GrpcClient],
            _protos: [Object],
            _defaults: [Object],
            _universeDomain: 'googleapis.com',
            _servicePath: 'firestore.googleapis.com',
            _log: [Function],
            auth: [GoogleAuth],
            descriptors: [Object],
            warn: [Function: warn],
            innerApiCalls: [Object],
            locationsClient: [LocationsClient],
            firestoreStub: [Promise]
          } => { grpcEnabled: false, activeRequestCount: 24 }
        },
        failedClients: Set(0) {},
        clientIdByClient: WeakMap { <items unknown> },
        lazyLogStringForAllClientIds: LazyLogStringForAllClientIds {
          activeClients: Map(1) { [FirestoreClient] => [Object] },
          failedClients: Set(0) {},
          clientIdByClient: WeakMap { <items unknown> }
        },
        terminated: false,
        terminateDeferred: Deferred {
          promise: Promise { <pending> },
          resolve: [Function (anonymous)],
          reject: [Function (anonymous)]
        },
        instanceId: 'cplpQVe9'
      },
      _gax: {
        GoogleAuth: [Getter],
        googleAuthLibrary: {
          gcpMetadata: {
            BASE_PATH: '/computeMetadata/v1',
            HOST_ADDRESS: 'http://169.254.169.254',
            SECONDARY_HOST_ADDRESS: 'http://metadata.google.internal.',
            HEADER_NAME: 'Metadata-Flavor',
            HEADER_VALUE: 'Google',
            HEADERS: [Object],
            METADATA_SERVER_DETECTION: [Object],
            gcpResidencyCache: false,
            instance: [Function: instance],
            project: [Function: project],
            universe: [Function: universe],
            bulk: [AsyncFunction: bulk],
            isAvailable: [AsyncFunction: isAvailable],
            resetIsAvailableCache: [Function: resetIsAvailableCache],
            getGCPResidency: [Function: getGCPResidency],
            setGCPResidency: [Function: setGCPResidency],
            requestTimeout: [Function: requestTimeout],
            GCE_LINUX_BIOS_PATHS: [Getter],
            isGoogleCloudServerless: [Getter],
            isGoogleComputeEngineLinux: [Getter],
            isGoogleComputeEngineMACAddress: [Getter],
            isGoogleComputeEngine: [Getter],
            detectGCPResidency: [Getter]
          },
          gaxios: {
            GaxiosError: [Getter],
            Gaxios: [Getter],
            instance: [Gaxios],
            request: [AsyncFunction: request],
            GaxiosInterceptorManager: [Getter]
          },
          AuthClient: [Getter],
          DEFAULT_UNIVERSE: [Getter],
          Compute: [Getter],
          GCPEnv: [Getter],
          IAMAuth: [Getter],
          IdTokenClient: [Getter],
          JWTAccess: [Getter],
          JWT: [Getter],
          Impersonated: [Getter],
          CodeChallengeMethod: [Getter],
          OAuth2Client: [Getter],
          ClientAuthentication: [Getter],
          LoginTicket: [Getter],
          UserRefreshClient: [Getter],
          AwsClient: [Getter],
          AwsRequestSigner: [Getter],
          IdentityPoolClient: [Getter],
          ExternalAccountClient: [Getter],
          BaseExternalAccountClient: [Getter],
          DownscopedClient: [Getter],
          PluggableAuthClient: [Getter],
          ExecutableError: [Getter],
          EXTERNAL_ACCOUNT_AUTHORIZED_USER_TYPE: [Getter],
          ExternalAccountAuthorizedUserClient: [Getter],
          PassThroughClient: [Getter],
          auth: GoogleAuth {
            checkIsGCE: undefined,
            useJWTAccessWithScope: undefined,
            defaultServicePath: undefined,
            _findProjectIdPromise: undefined,
            _cachedProjectId: null,
            jsonContent: null,
            apiKey: null,
            cachedCredential: null,
            defaultScopes: undefined,
            keyFilename: undefined,
            scopes: undefined,
            clientOptions: {}
          },
          GoogleAuth: [Getter]
        },
        loggingUtils: {
          LogSeverity: [Getter],
          AdhocDebugLogger: [Getter],
          placeholder: [Getter],
          DebugLogBackendBase: [Getter],
          env: [Getter],
          getNodeBackend: [Getter],
          getDebugBackend: [Getter],
          getStructuredBackend: [Getter],
          setBackend: [Getter],
          log: [Getter]
        },
        grpc: {
          credentials: {
            combineChannelCredentials: [Function: combineChannelCredentials],
            combineCallCredentials: [Function: combineCallCredentials],
            createInsecure: [Function: createInsecure],
            createSsl: [Function: createSsl],
            createFromSecureContext: [Function: createFromSecureContext],
            createFromMetadataGenerator: [Function: createFromMetadataGenerator],
            createFromGoogleCredential: [Function: createFromGoogleCredential],
            createEmpty: [Function: createEmpty]
          },
          Metadata: [Getter],
          logVerbosity: [Getter],
          status: [Getter],
          connectivityState: [Getter],
          propagate: [Getter],
          compressionAlgorithms: [Getter],
          Client: [Getter],
          loadPackageDefinition: [Getter],
          makeClientConstructor: [Getter],
          makeGenericClientConstructor: [Getter],
          Channel: [Getter],
          closeClient: [Function: closeClient],
          waitForClientReady: [Function: waitForClientReady],
          ChannelCredentials: [Getter],
          CallCredentials: [Getter],
          loadObject: [Function: loadObject],
          load: [Function: load],
          setLogger: [Function: setLogger],
          setLogVerbosity: [Function: setLogVerbosity],
          Server: [Getter],
          ServerCredentials: [Getter],
          getClientChannel: [Function: getClientChannel],
          StatusBuilder: [Getter],
          ListenerBuilder: [Getter],
          RequesterBuilder: [Getter],
          InterceptingCall: [Getter],
          InterceptorConfigurationError: [Getter],
          getChannelzServiceDefinition: [Getter],
          getChannelzHandlers: [Getter],
          addAdminServicesToServer: [Getter],
          ServerListenerBuilder: [Getter],
          ResponderBuilder: [Getter],
          ServerInterceptingCall: [Getter],
          ServerMetricRecorder: [Getter],
          experimental: {
            trace: [Getter],
            log: [Getter],
            registerResolver: [Getter],
            createResolver: [Getter],
            CHANNEL_ARGS_CONFIG_SELECTOR_KEY: [Getter],
            uriToString: [Getter],
            splitHostPort: [Getter],
            durationToMs: [Getter],
            parseDuration: [Getter],
            BackoffTimeout: [Getter],
            createChildChannelControlHelper: [Getter],
            registerLoadBalancerType: [Getter],
            selectLbConfigFromList: [Getter],
            parseLoadBalancingConfig: [Getter],
            isLoadBalancerNameRegistered: [Getter],
            LeafLoadBalancer: [Getter],
            subchannelAddressToString: [Getter],
            endpointToString: [Getter],
            endpointHasAddress: [Getter],
            EndpointMap: [Getter],
            ChildLoadBalancerHandler: [Getter],
            UnavailablePicker: [Getter],
            QueuePicker: [Getter],
            PickResultType: [Getter],
            statusOrFromValue: [Getter],
            statusOrFromError: [Getter],
            BaseFilter: [Getter],
            FilterStackFactory: [Getter],
            registerAdminService: [Getter],
            BaseSubchannelWrapper: [Getter],
            createServerCredentialsWithInterceptors: [Getter],
            createCertificateProviderServerCredentials: [Getter],
            FileWatcherCertificateProvider: [Getter],
            createCertificateProviderChannelCredentials: [Getter],
            SUBCHANNEL_ARGS_EXCLUDE_KEY_PREFIX: [Getter]
          }
        },
        OngoingCall: [Getter],
        createApiCall: [Getter],
        BundleDescriptor: [Getter],
        LongrunningDescriptor: [Getter],
        PageDescriptor: [Getter],
        StreamDescriptor: [Getter],
        CallSettings: [Getter],
        constructSettings: [Getter],
        RetryOptions: [Getter],
        createRetryOptions: [Getter],
        createBundleOptions: [Getter],
        createBackoffSettings: [Getter],
        createDefaultBackoffSettings: [Getter],
        createMaxRetriesBackoffSettings: [Getter],
        GoogleError: [Getter],
        ClientStub: [Getter],
        GoogleProtoFilesRoot: [Getter],
        GrpcClient: [Getter],
        Operation: [Getter],
        operation: [Getter],
        PathTemplate: [Getter],
        Status: [Getter],
        StreamType: [Getter],
        routingHeader: { fromParams: [Function: fromParams] },
        operationsProtos: { google: [Getter], default: { google: [Object] } },
        IamProtos: { google: [Getter], default: { google: [Object] } },
        LocationProtos: { google: [Getter], default: { google: [Object] } },
        OperationsClient: [Getter],
        IamClient: [Getter],
        LocationsClient: [Getter],
        createByteLengthFunction: [Function: createByteLengthFunction],
        version: '5.0.8',
        protobuf: {
          build: [Getter],
          Writer: [Getter],
          BufferWriter: [Getter],
          Reader: [Getter],
          BufferReader: [Getter],
          util: [Getter],
          rpc: [Getter],
          roots: [Getter],
          configure: [Getter],
          load: [Getter],
          loadSync: [Getter],
          encoder: [Getter],
          decoder: [Getter],
          verifier: [Getter],
          converter: [Getter],
          ReflectionObject: [Getter],
          Namespace: [Getter],
          Root: [Getter],
          Enum: [Getter],
          Type: [Getter],
          Field: [Getter],
          OneOf: [Getter],
          MapField: [Getter],
          Service: [Getter],
          Method: [Getter],
          Message: [Getter],
          wrappers: [Getter],
          types: [Getter],
          tokenize: [Getter],
          parse: [Getter],
          common: [Getter],
          descriptor: [Getter],
          default: {
            build: 'full',
            Writer: [Function],
            BufferWriter: [Function],
            Reader: [Function],
            BufferReader: [Function],
            util: [Object],
            rpc: [Object],
            roots: [Object: null prototype],
            configure: [Function: configure],
            load: [Function: load],
            loadSync: [Function: loadSync],
            encoder: [Function: encoder],
            decoder: [Function: decoder],
            verifier: [Function: verifier],
            converter: [Object],
            ReflectionObject: [Function],
            Namespace: [Function],
            Root: [Function],
            Enum: [Function],
            Type: [Function],
            Field: [Function],
            OneOf: [Function],
            MapField: [Function],
            Service: [Function],
            Method: [Function],
            Message: [Function],
            wrappers: [Object],
            types: [Object],
            tokenize: [Function],
            parse: [Function],
            common: [Function],
            descriptor: [Namespace]
          }
        },
        protobufMinimal: {
          build: [Getter],
          Writer: [Getter],
          BufferWriter: [Getter],
          Reader: [Getter],
          BufferReader: [Getter],
          util: [Getter],
          rpc: [Getter],
          roots: [Getter],
          configure: [Getter],
          load: [Getter],
          loadSync: [Getter],
          encoder: [Getter],
          decoder: [Getter],
          verifier: [Getter],
          converter: [Getter],
          ReflectionObject: [Getter],
          Namespace: [Getter],
          Root: [Getter],
          Enum: [Getter],
          Type: [Getter],
          Field: [Getter],
          OneOf: [Getter],
          MapField: [Getter],
          Service: [Getter],
          Method: [Getter],
          Message: [Getter],
          wrappers: [Getter],
          types: [Getter],
          tokenize: [Getter],
          parse: [Getter],
          common: [Getter],
          descriptor: [Getter],
          default: {
            build: 'full',
            Writer: [Function],
            BufferWriter: [Function],
            Reader: [Function],
            BufferReader: [Function],
            util: [Object],
            rpc: [Object],
            roots: [Object: null prototype],
            configure: [Function: configure],
            load: [Function: load],
            loadSync: [Function: loadSync],
            encoder: [Function: encoder],
            decoder: [Function: decoder],
            verifier: [Function: verifier],
            converter: [Object],
            ReflectionObject: [Function],
            Namespace: [Function],
            Root: [Function],
            Enum: [Function],
            Type: [Function],
            Field: [Function],
            OneOf: [Function],
            MapField: [Function],
            Service: [Function],
            Method: [Function],
            Message: [Function],
            wrappers: [Object],
            types: [Object],
            tokenize: [Function],
            parse: [Function],
            common: [Function],
            descriptor: [Namespace]
          }
        },
        fallback: <ref *1> {
          PathTemplate: [Getter],
          routingHeader: { fromParams: [Function: fromParams] },
          CallSettings: [Getter],
          constructSettings: [Getter],
          RetryOptions: [Getter],
          createDefaultBackoffSettings: [Getter],
          version: '5.0.8-fallback',
          BundleDescriptor: [Getter],
          LongrunningDescriptor: [Getter],
          PageDescriptor: [Getter],
          StreamDescriptor: [Getter],
          StreamType: [Getter],
          OperationsClient: [Getter],
          IamClient: [Getter],
          LocationsClient: [Getter],
          makeUUID: [Getter],
          defaultToObjectOptions: {
            keepCase: false,
            longs: [Function: String],
            enums: [Function: String],
            defaults: true,
            oneofs: true
          },
          GrpcClient: [class GrpcClient] { protoCache: Map(0) {} },
          protobufFromJSON: [Function: protobufFromJSON],
          operationsProtos: { google: [Getter], default: [Object] },
          IamProtos: { google: [Getter], default: [Object] },
          LocationProtos: { google: [Getter], default: [Object] },
          protobuf: {
            build: [Getter],
            Writer: [Getter],
            BufferWriter: [Getter],
            Reader: [Getter],
            BufferReader: [Getter],
            util: [Getter],
            rpc: [Getter],
            roots: [Getter],
            configure: [Getter],
            load: [Getter],
            loadSync: [Getter],
            encoder: [Getter],
            decoder: [Getter],
            verifier: [Getter],
            converter: [Getter],
            ReflectionObject: [Getter],
            Namespace: [Getter],
            Root: [Getter],
            Enum: [Getter],
            Type: [Getter],
            Field: [Getter],
            OneOf: [Getter],
            MapField: [Getter],
            Service: [Getter],
            Method: [Getter],
            Message: [Getter],
            wrappers: [Getter],
            types: [Getter],
            tokenize: [Getter],
            parse: [Getter],
            common: [Getter],
            descriptor: [Getter],
            default: [Object]
          },
          protobufMinimal: {
            build: [Getter],
            Writer: [Getter],
            BufferWriter: [Getter],
            Reader: [Getter],
            BufferReader: [Getter],
            util: [Getter],
            rpc: [Getter],
            roots: [Getter],
            configure: [Getter],
            load: [Getter],
            loadSync: [Getter],
            encoder: [Getter],
            decoder: [Getter],
            verifier: [Getter],
            converter: [Getter],
            ReflectionObject: [Getter],
            Namespace: [Getter],
            Root: [Getter],
            Enum: [Getter],
            Type: [Getter],
            Field: [Getter],
            OneOf: [Getter],
            MapField: [Getter],
            Service: [Getter],
            Method: [Getter],
            Message: [Getter],
            wrappers: [Getter],
            types: [Getter],
            tokenize: [Getter],
            parse: [Getter],
            common: [Getter],
            descriptor: [Getter],
            default: [Object]
          },
          warn: [Getter],
          Operation: [Getter],
          operation: [Getter],
          GoogleError: [Getter],
          fallback: [Circular *1],
          lro: [Function: lro],
          createApiCall: [Function: createApiCall]
        },
        protobufFromJSON: [Function: protobufFromJSON],
        makeUUID: [Getter],
        decodeAnyProtosInArray: [Getter],
        decodeProtobufAny: [Getter],
        ChannelCredentials: [Getter],
        warn: [Getter],
        serializer: { toProto3JSON: [Getter], fromProto3JSON: [Getter] },
        lro: [Function: lro] {
          SERVICE_ADDRESS: 'longrunning.googleapis.com',
          ALL_SCOPES: []
        }
      },
      _gaxFallback: undefined,
      _settings: {
        projectId: 'demo-fireside-endurance',
        ssl: false,
        libName: 'gccl',
        libVersion: '9.0.0',
        servicePath: '127.0.0.1',
        port: 39857,
        toJSON: [Function (anonymous)],
        customHeaders: { Authorization: 'Bearer owner' }
      },
      _backoffSettings: { initialDelayMs: 100, maxDelayMs: 60000, backoffFactor: 1.3 },
      _settingsFrozen: true,
      _serializer: Serializer {
        firestore: [Circular *2],
        allowUndefined: false,
        createDocumentReference: [Function (anonymous)],
        createInteger: [Function (anonymous)]
      },
      _traceUtil: EnabledTraceUtil {
        tracer: ProxyTracer {
          _provider: ProxyTracerProvider {},
          name: '@google-cloud/firestore',
          version: '9.0.0',
          options: undefined
        },
        settingsAttributes: {
          'otel.scope.name': '@google-cloud/firestore',
          'otel.scope.version': '9.0.0',
          'gcp.firestore.settings.project_id': 'demo-fireside-endurance',
          'gcp.resource.name': '//firestore.googleapis.com/projects/demo-fireside-endurance/databases/(default)',
          'gcp.firestore.settings.database_id': '(default)',
          'gcp.firestore.settings.host': '127.0.0.1:39857',
          'gcp.firestore.settings.max_idle_channels': 1,
          'gcp.firestore.settings.initial_retry_delay': '0.1s',
          'gcp.firestore.settings.initial_rpc_timeout': '60s',
          'gcp.firestore.settings.total_timeout': '600s',
          'gcp.firestore.settings.max_retry_delay': '60s',
          'gcp.firestore.settings.max_rpc_timeout': '60s',
          'gcp.firestore.settings.retry_delay_multiplier': '1.3',
          'gcp.firestore.settings.rpc_timeout_multiplier': '1'
        },
        tracerProvider: ProxyTracerProvider {}
      },
      _projectId: 'demo-fireside-endurance',
      _databaseId: undefined,
      registeredListenersCount: 0,
      _bulkWriter: undefined,
      bulkWritersCount: 1
    },
    _path: ResourcePath {
      segments: [ 'phase1_endurance', 'document-099000' ]
    },
    _converter: {
      toFirestore: [Function: toFirestore],
      fromFirestore: [Function: fromFirestore]
    }
  },
  operationType: 'set',
  failedAttempts: 1
}

Node.js v24.20.0
