🔧 Loading environment from: /srv/dev-fast/runtime-data/fireside-templates-hetzner-20260905/stack-fireside/apps/templates/.env.local
📱 Mobile mode: DISABLED
✅ Environment variables loaded successfully
🔑 ENV: local
🔑 Firebase Project: demo-twodart-local
✅ Port environment variables loaded successfully
🚀 Starting SMART Firestore cache watcher for local development...
👀 Watching collections: colors, fonts, fontPairs, slidesCore, categoriesCore, themes, editorStyle, tags, icons-library, premade-templates, general
⏱️  Debounce delay: 5000ms
⚡ Smart rebuild: Only fetches changed collections!
📡 WebSocket server started on 127.0.0.1:23112 for cache updates
🔧 Creating initial cache (full build)...
🔄 Smart rebuilding Firestore cache...
📥 Initial build - fetching all collections sequentially...
📥 Initial build - fetching colors...
📥 Initial build - fetching fonts...
📥 Initial build - fetching font pairs...
📥 Initial build - fetching theme metadata...
📊 WebSocket server status: 0 connected client(s)
📊 WebSocket server status: 0 connected client(s)
📊 WebSocket server status: 0 connected client(s)
📊 WebSocket server status: 0 connected client(s)
📥 Initial build - fetching editor styles...
📥 Initial build - fetching Unsplash topics...
📥 Initial build - fetching premade tags...
📥 Initial build - fetching core free slide IDs...
📥 Initial build - fetching legacy templates metadata...
📝 Cache uploaded to: /cache/main-cache-local.json
🌐 Cache URL: http://127.0.0.1:23102/v0/b/assets-local.twodart.com/o/cache%2Fmain-cache-local.json?alt=media
📏 Size: 6.18 MB (728.67 KB gzipped)
⏱️  Rebuild completed in 269067ms
📡 Notified 0 client(s) of cache update
✅ Cache rebuilt successfully at 6:27:43 PM
📊 Data summary:
   - Colors: 86
   - Fonts: 45
   - Font Pairs: 15
   - Editor Styles: 6
   - Theme Metadata: Yes
   - Icon Libraries: 1
   - Background Images Metadata: Yes (JSON URL available)
   - Unsplash Topics: 21
   - Tags: 51
   - Core Free Slide IDs: 79
   - Legacy Templates Metadata: No
✅ Smart watcher started successfully!
📁 Cache will be stored in Firebase Storage at: /cache/main-cache-local.json
🔄 Cache will smart-rebuild automatically when Firestore data changes
⚡ Only changed collections will be fetched - much faster!
🔔 Change detected in fontPairs collection
🔔 Change detected in fonts collection
🔔 Change detected in colors collection
🔔 Change detected in general collection
🔔 Change detected in icons-library collection
🔔 Change detected in tags collection
🔔 Change detected in editorStyle collection
🔔 Change detected in themes collection
🔄 Smart rebuilding Firestore cache...
⚡ Smart rebuild - only fetching: fontPairs, fonts, colors, general, icons-library, tags, editorStyle, themes
📋 Fetch options: includeFontPairs, includeFonts, includeColors, includeLegacyTemplatesMetadata, includeCoreFreeSlideIds, includeThemeMetadata, includePremadeTags, includeEditorStyles
🔔 Change detected in premade-templates collection
🔔 Change detected in categoriesCore collection
🔌 Client connected to cache update WebSocket from 127.0.0.1
👥 Total connected clients: 1
🔌 Client disconnected from cache update WebSocket { code: [33m1001[39m, reason: [32m''[39m, clientIP: [32m'127.0.0.1'[39m }
👥 Remaining connected clients: 0
🔄 Smart rebuilding Firestore cache...
⚡ Smart rebuild - only fetching: fontPairs, fonts, colors, general, icons-library, tags, editorStyle, themes, premade-templates, categoriesCore
📋 Fetch options: includeFontPairs, includeFonts, includeColors, includeLegacyTemplatesMetadata, includeCoreFreeSlideIds, includeThemeMetadata, includePremadeTags, includeEditorStyles
🔌 Client connected to cache update WebSocket from 127.0.0.1
👥 Total connected clients: 1
🔌 Client connected to cache update WebSocket from 127.0.0.1
👥 Total connected clients: 2
📊 WebSocket server status: 2 connected client(s)
🔌 Client disconnected from cache update WebSocket { code: [33m1001[39m, reason: [32m''[39m, clientIP: [32m'127.0.0.1'[39m }
👥 Remaining connected clients: 1
🔌 Client connected to cache update WebSocket from 127.0.0.1
👥 Total connected clients: 2
🔌 Client disconnected from cache update WebSocket { code: [33m1001[39m, reason: [32m''[39m, clientIP: [32m'127.0.0.1'[39m }
👥 Remaining connected clients: 1
🔌 Client connected to cache update WebSocket from 127.0.0.1
👥 Total connected clients: 2
🔌 Client disconnected from cache update WebSocket { code: [33m1001[39m, reason: [32m''[39m, clientIP: [32m'127.0.0.1'[39m }
👥 Remaining connected clients: 1
📊 WebSocket server status: 1 connected client(s)
📊 WebSocket server status: 1 connected client(s)
🔌 Client disconnected from cache update WebSocket { code: [33m1001[39m, reason: [32m''[39m, clientIP: [32m'127.0.0.1'[39m }
👥 Remaining connected clients: 0
🔌 Client connected to cache update WebSocket from 127.0.0.1
👥 Total connected clients: 1
🔌 Client disconnected from cache update WebSocket { code: [33m1001[39m, reason: [32m''[39m, clientIP: [32m'127.0.0.1'[39m }
👥 Remaining connected clients: 0
🔌 Client connected to cache update WebSocket from 127.0.0.1
👥 Total connected clients: 1
🔌 Client disconnected from cache update WebSocket { code: [33m1001[39m, reason: [32m''[39m, clientIP: [32m'127.0.0.1'[39m }
👥 Remaining connected clients: 0
🔌 Client connected to cache update WebSocket from 127.0.0.1
👥 Total connected clients: 1
🔌 Client disconnected from cache update WebSocket { code: [33m1001[39m, reason: [32m''[39m, clientIP: [32m'127.0.0.1'[39m }
👥 Remaining connected clients: 0
📊 WebSocket server status: 0 connected client(s)
🔌 Client connected to cache update WebSocket from 127.0.0.1
👥 Total connected clients: 1
🔌 Client disconnected from cache update WebSocket { code: [33m1001[39m, reason: [32m''[39m, clientIP: [32m'127.0.0.1'[39m }
👥 Remaining connected clients: 0
📊 WebSocket server status: 0 connected client(s)
📊 WebSocket server status: 0 connected client(s)
📊 WebSocket server status: 0 connected client(s)
📊 WebSocket server status: 0 connected client(s)
📊 WebSocket server status: 0 connected client(s)
📊 WebSocket server status: 0 connected client(s)
❌ Failed to rebuild cache: Error: 4 DEADLINE_EXCEEDED: Deadline exceeded after 300.001s,metadata filters: 0.004s,remote_addr=127.0.0.1:23100
    at callErrorFromStatus [90m(/srv/dev-fast/runtime-data/fireside-templates-hetzner-20260905/stack-fireside/[39mnode_modules/[4m@google-cloud/firestore[24m/node_modules/[4mgoogle-gax[24m/node_modules/[4m@grpc/grpc-js[24m/src/call.ts:84:17[90m)[39m
    at Object.onReceiveStatus [90m(/srv/dev-fast/runtime-data/fireside-templates-hetzner-20260905/stack-fireside/[39mnode_modules/[4m@google-cloud/firestore[24m/node_modules/[4mgoogle-gax[24m/node_modules/[4m@grpc/grpc-js[24m/src/client.ts:612:51[90m)[39m
    at Object.onReceiveStatus [90m(/srv/dev-fast/runtime-data/fireside-templates-hetzner-20260905/stack-fireside/[39mnode_modules/[4m@google-cloud/firestore[24m/node_modules/[4mgoogle-gax[24m/node_modules/[4m@grpc/grpc-js[24m/src/client-interceptors.ts:424:48[90m)[39m
    at <anonymous> [90m(/srv/dev-fast/runtime-data/fireside-templates-hetzner-20260905/stack-fireside/[39mnode_modules/[4m@google-cloud/firestore[24m/node_modules/[4mgoogle-gax[24m/node_modules/[4m@grpc/grpc-js[24m/src/resolving-call.ts:170:24[90m)[39m
[90m    at process.processTicksAndRejections (node:internal/process/task_queues:85:11)[39m
for call at
    at ServiceClientImpl.makeServerStreamRequest [90m(/srv/dev-fast/runtime-data/fireside-templates-hetzner-20260905/stack-fireside/[39mnode_modules/[4m@google-cloud/firestore[24m/node_modules/[4mgoogle-gax[24m/node_modules/[4m@grpc/grpc-js[24m/src/client.ts:595:42[90m)[39m
    at ServiceClientImpl.<anonymous> [90m(/srv/dev-fast/runtime-data/fireside-templates-hetzner-20260905/stack-fireside/[39mnode_modules/[4m@google-cloud/firestore[24m/node_modules/[4mgoogle-gax[24m/node_modules/[4m@grpc/grpc-js[24m/src/make-client.ts:189:15[90m)[39m
    at [90m/srv/dev-fast/runtime-data/fireside-templates-hetzner-20260905/stack-fireside/[39mnode_modules/[4m@google-cloud/firestore[24m/build/src/v1/firestore_client.js:242:33
    at <anonymous> [90m(/srv/dev-fast/runtime-data/fireside-templates-hetzner-20260905/stack-fireside/[39mnode_modules/[4m@google-cloud/firestore[24m/node_modules/[4mgoogle-gax[24m/src/streamingCalls/streamingApiCaller.ts:59:19[90m)[39m
    at <anonymous> [90m(/srv/dev-fast/runtime-data/fireside-templates-hetzner-20260905/stack-fireside/[39mnode_modules/[4m@google-cloud/firestore[24m/node_modules/[4mgoogle-gax[24m/src/normalCalls/timeout.ts:54:13[90m)[39m
    at Object.request [90m(/srv/dev-fast/runtime-data/fireside-templates-hetzner-20260905/stack-fireside/[39mnode_modules/[4m@google-cloud/firestore[24m/node_modules/[4mgoogle-gax[24m/src/streamingCalls/streaming.ts:331:28[90m)[39m
    at makeRequest [90m(/srv/dev-fast/runtime-data/fireside-templates-hetzner-20260905/stack-fireside/[39mnode_modules/[4mretry-request[24m/index.js:159:28[90m)[39m
    at retryRequest [90m(/srv/dev-fast/runtime-data/fireside-templates-hetzner-20260905/stack-fireside/[39mnode_modules/[4mretry-request[24m/index.js:119:5[90m)[39m
    at StreamProxy.setStream [90m(/srv/dev-fast/runtime-data/fireside-templates-hetzner-20260905/stack-fireside/[39mnode_modules/[4m@google-cloud/firestore[24m/node_modules/[4mgoogle-gax[24m/src/streamingCalls/streaming.ts:322:29[90m)[39m
    at StreamingApiCaller.call [90m(/srv/dev-fast/runtime-data/fireside-templates-hetzner-20260905/stack-fireside/[39mnode_modules/[4m@google-cloud/firestore[24m/node_modules/[4mgoogle-gax[24m/src/streamingCalls/streamingApiCaller.ts:89:12[90m)[39m
Caused by: Error
    at QueryUtil._getResponse [90m(/srv/dev-fast/runtime-data/fireside-templates-hetzner-20260905/stack-fireside/[39mnode_modules/[4m@google-cloud/firestore[24m/build/src/reference/query-util.js:44:23[90m)[39m
    at Query._getResponse [90m(/srv/dev-fast/runtime-data/fireside-templates-hetzner-20260905/stack-fireside/[39mnode_modules/[4m@google-cloud/firestore[24m/build/src/reference/query.js:784:32[90m)[39m
    at Query._get [90m(/srv/dev-fast/runtime-data/fireside-templates-hetzner-20260905/stack-fireside/[39mnode_modules/[4m@google-cloud/firestore[24m/build/src/reference/query.js:777:35[90m)[39m
    at [90m/srv/dev-fast/runtime-data/fireside-templates-hetzner-20260905/stack-fireside/[39mnode_modules/[4m@google-cloud/firestore[24m/build/src/reference/query.js:745:43
    at [90m/srv/dev-fast/runtime-data/fireside-templates-hetzner-20260905/stack-fireside/[39mnode_modules/[4m@google-cloud/firestore[24m/build/src/telemetry/enabled-trace-util.js:110:30
    at NoopContextManager.with [90m(/srv/dev-fast/runtime-data/fireside-templates-hetzner-20260905/stack-fireside/[39mnode_modules/[4m@opentelemetry/api[24m/src/context/NoopContextManager.ts:20:15[90m)[39m
    at ContextAPI.with [90m(/srv/dev-fast/runtime-data/fireside-templates-hetzner-20260905/stack-fireside/[39mnode_modules/[4m@opentelemetry/api[24m/src/api/context.ts:68:42[90m)[39m
    at NoopTracer.startActiveSpan [90m(/srv/dev-fast/runtime-data/fireside-templates-hetzner-20260905/stack-fireside/[39mnode_modules/[4m@opentelemetry/api[24m/src/trace/NoopTracer.ts:87:27[90m)[39m
    at ProxyTracer.startActiveSpan [90m(/srv/dev-fast/runtime-data/fireside-templates-hetzner-20260905/stack-fireside/[39mnode_modules/[4m@opentelemetry/api[24m/src/trace/ProxyTracer.ts:51:20[90m)[39m
    at EnabledTraceUtil.startActiveSpan [90m(/srv/dev-fast/runtime-data/fireside-templates-hetzner-20260905/stack-fireside/[39mnode_modules/[4m@google-cloud/firestore[24m/build/src/telemetry/enabled-trace-util.js:102:28[90m)[39m {
  code: [33m4[39m,
  details: [32m'Deadline exceeded after 300.001s,metadata filters: 0.004s,remote_addr=127.0.0.1:23100'[39m,
  metadata: Metadata {
    internalRepr: Map(0) {},
    opaqueData: Map(0) {},
    options: {}
  }
}
❌ Failed to rebuild cache: Error: 4 DEADLINE_EXCEEDED: Deadline exceeded after 300.000s,LB pick: 0.001s,remote_addr=127.0.0.1:23100
    at callErrorFromStatus [90m(/srv/dev-fast/runtime-data/fireside-templates-hetzner-20260905/stack-fireside/[39mnode_modules/[4m@google-cloud/firestore[24m/node_modules/[4mgoogle-gax[24m/node_modules/[4m@grpc/grpc-js[24m/src/call.ts:84:17[90m)[39m
    at Object.onReceiveStatus [90m(/srv/dev-fast/runtime-data/fireside-templates-hetzner-20260905/stack-fireside/[39mnode_modules/[4m@google-cloud/firestore[24m/node_modules/[4mgoogle-gax[24m/node_modules/[4m@grpc/grpc-js[24m/src/client.ts:612:51[90m)[39m
    at Object.onReceiveStatus [90m(/srv/dev-fast/runtime-data/fireside-templates-hetzner-20260905/stack-fireside/[39mnode_modules/[4m@google-cloud/firestore[24m/node_modules/[4mgoogle-gax[24m/node_modules/[4m@grpc/grpc-js[24m/src/client-interceptors.ts:424:48[90m)[39m
    at <anonymous> [90m(/srv/dev-fast/runtime-data/fireside-templates-hetzner-20260905/stack-fireside/[39mnode_modules/[4m@google-cloud/firestore[24m/node_modules/[4mgoogle-gax[24m/node_modules/[4m@grpc/grpc-js[24m/src/resolving-call.ts:170:24[90m)[39m
[90m    at process.processTicksAndRejections (node:internal/process/task_queues:85:11)[39m
for call at
    at ServiceClientImpl.makeServerStreamRequest [90m(/srv/dev-fast/runtime-data/fireside-templates-hetzner-20260905/stack-fireside/[39mnode_modules/[4m@google-cloud/firestore[24m/node_modules/[4mgoogle-gax[24m/node_modules/[4m@grpc/grpc-js[24m/src/client.ts:595:42[90m)[39m
    at ServiceClientImpl.<anonymous> [90m(/srv/dev-fast/runtime-data/fireside-templates-hetzner-20260905/stack-fireside/[39mnode_modules/[4m@google-cloud/firestore[24m/node_modules/[4mgoogle-gax[24m/node_modules/[4m@grpc/grpc-js[24m/src/make-client.ts:189:15[90m)[39m
    at [90m/srv/dev-fast/runtime-data/fireside-templates-hetzner-20260905/stack-fireside/[39mnode_modules/[4m@google-cloud/firestore[24m/build/src/v1/firestore_client.js:242:33
    at <anonymous> [90m(/srv/dev-fast/runtime-data/fireside-templates-hetzner-20260905/stack-fireside/[39mnode_modules/[4m@google-cloud/firestore[24m/node_modules/[4mgoogle-gax[24m/src/streamingCalls/streamingApiCaller.ts:59:19[90m)[39m
    at <anonymous> [90m(/srv/dev-fast/runtime-data/fireside-templates-hetzner-20260905/stack-fireside/[39mnode_modules/[4m@google-cloud/firestore[24m/node_modules/[4mgoogle-gax[24m/src/normalCalls/timeout.ts:54:13[90m)[39m
    at Object.request [90m(/srv/dev-fast/runtime-data/fireside-templates-hetzner-20260905/stack-fireside/[39mnode_modules/[4m@google-cloud/firestore[24m/node_modules/[4mgoogle-gax[24m/src/streamingCalls/streaming.ts:331:28[90m)[39m
    at makeRequest [90m(/srv/dev-fast/runtime-data/fireside-templates-hetzner-20260905/stack-fireside/[39mnode_modules/[4mretry-request[24m/index.js:159:28[90m)[39m
    at retryRequest [90m(/srv/dev-fast/runtime-data/fireside-templates-hetzner-20260905/stack-fireside/[39mnode_modules/[4mretry-request[24m/index.js:119:5[90m)[39m
    at StreamProxy.setStream [90m(/srv/dev-fast/runtime-data/fireside-templates-hetzner-20260905/stack-fireside/[39mnode_modules/[4m@google-cloud/firestore[24m/node_modules/[4mgoogle-gax[24m/src/streamingCalls/streaming.ts:322:29[90m)[39m
    at StreamingApiCaller.call [90m(/srv/dev-fast/runtime-data/fireside-templates-hetzner-20260905/stack-fireside/[39mnode_modules/[4m@google-cloud/firestore[24m/node_modules/[4mgoogle-gax[24m/src/streamingCalls/streamingApiCaller.ts:89:12[90m)[39m
Caused by: Error
    at QueryUtil._getResponse [90m(/srv/dev-fast/runtime-data/fireside-templates-hetzner-20260905/stack-fireside/[39mnode_modules/[4m@google-cloud/firestore[24m/build/src/reference/query-util.js:44:23[90m)[39m
    at Query._getResponse [90m(/srv/dev-fast/runtime-data/fireside-templates-hetzner-20260905/stack-fireside/[39mnode_modules/[4m@google-cloud/firestore[24m/build/src/reference/query.js:784:32[90m)[39m
    at Query._get [90m(/srv/dev-fast/runtime-data/fireside-templates-hetzner-20260905/stack-fireside/[39mnode_modules/[4m@google-cloud/firestore[24m/build/src/reference/query.js:777:35[90m)[39m
    at [90m/srv/dev-fast/runtime-data/fireside-templates-hetzner-20260905/stack-fireside/[39mnode_modules/[4m@google-cloud/firestore[24m/build/src/reference/query.js:745:43
    at [90m/srv/dev-fast/runtime-data/fireside-templates-hetzner-20260905/stack-fireside/[39mnode_modules/[4m@google-cloud/firestore[24m/build/src/telemetry/enabled-trace-util.js:110:30
    at NoopContextManager.with [90m(/srv/dev-fast/runtime-data/fireside-templates-hetzner-20260905/stack-fireside/[39mnode_modules/[4m@opentelemetry/api[24m/src/context/NoopContextManager.ts:20:15[90m)[39m
    at ContextAPI.with [90m(/srv/dev-fast/runtime-data/fireside-templates-hetzner-20260905/stack-fireside/[39mnode_modules/[4m@opentelemetry/api[24m/src/api/context.ts:68:42[90m)[39m
    at NoopTracer.startActiveSpan [90m(/srv/dev-fast/runtime-data/fireside-templates-hetzner-20260905/stack-fireside/[39mnode_modules/[4m@opentelemetry/api[24m/src/trace/NoopTracer.ts:87:27[90m)[39m
    at ProxyTracer.startActiveSpan [90m(/srv/dev-fast/runtime-data/fireside-templates-hetzner-20260905/stack-fireside/[39mnode_modules/[4m@opentelemetry/api[24m/src/trace/ProxyTracer.ts:51:20[90m)[39m
    at EnabledTraceUtil.startActiveSpan [90m(/srv/dev-fast/runtime-data/fireside-templates-hetzner-20260905/stack-fireside/[39mnode_modules/[4m@google-cloud/firestore[24m/build/src/telemetry/enabled-trace-util.js:102:28[90m)[39m {
  code: [33m4[39m,
  details: [32m'Deadline exceeded after 300.000s,LB pick: 0.001s,remote_addr=127.0.0.1:23100'[39m,
  metadata: Metadata {
    internalRepr: Map(0) {},
    opaqueData: Map(0) {},
    options: {}
  }
}
🔔 Change detected in slidesCore collection
📊 WebSocket server status: 0 connected client(s)
🔄 Smart rebuilding Firestore cache...
⚡ Smart rebuild - only fetching: fontPairs, fonts, colors, general, icons-library, tags, editorStyle, themes, premade-templates, categoriesCore, slidesCore
📋 Fetch options: includeFontPairs, includeFonts, includeColors, includeLegacyTemplatesMetadata, includeCoreFreeSlideIds, includeThemeMetadata, includePremadeTags, includeEditorStyles
📊 WebSocket server status: 0 connected client(s)
❌ Error watching slidesCore: Error: Error 9: listen resume token has expired
    at QueryWatch.onData [90m(/srv/dev-fast/runtime-data/fireside-templates-hetzner-20260905/stack-fireside/[39mnode_modules/[4m@google-cloud/firestore[24m/build/src/watch.js:376:34[90m)[39m
    at PassThrough.<anonymous> [90m(/srv/dev-fast/runtime-data/fireside-templates-hetzner-20260905/stack-fireside/[39mnode_modules/[4m@google-cloud/firestore[24m/build/src/watch.js:322:26[90m)[39m
[90m    at PassThrough.emit (node:events:514:28)[39m
[90m    at addChunk (node:internal/streams/readable:567:12)[39m
[90m    at readableAddChunkPushObjectMode (node:internal/streams/readable:544:3)[39m
[90m    at Readable.push (node:internal/streams/readable:399:5)[39m
[90m    at node:internal/streams/transform:178:12[39m
[90m    at PassThrough._transform (node:internal/streams/passthrough:46:3)[39m
[90m    at Transform._write (node:internal/streams/transform:171:8)[39m
[90m    at writeOrBuffer (node:internal/streams/writable:574:12)[39m
📊 WebSocket server status: 0 connected client(s)
📊 WebSocket server status: 0 connected client(s)
📊 WebSocket server status: 0 connected client(s)
📝 Cache uploaded to: /cache/main-cache-local.json
🌐 Cache URL: http://127.0.0.1:23102/v0/b/assets-local.twodart.com/o/cache%2Fmain-cache-local.json?alt=media
📏 Size: 6.18 MB (728.67 KB gzipped)
⏱️  Rebuild completed in 278237ms
📡 Notified 0 client(s) of cache update
✅ Cache rebuilt successfully at 6:42:53 PM
📊 Data summary:
   - Colors: 86
   - Fonts: 45
   - Font Pairs: 15
   - Editor Styles: 6
   - Theme Metadata: Yes
   - Icon Libraries: 1
   - Background Images Metadata: Yes (JSON URL available)
   - Unsplash Topics: 21
   - Tags: 51
   - Core Free Slide IDs: 79
   - Legacy Templates Metadata: No
📊 WebSocket server status: 0 connected client(s)
📊 WebSocket server status: 0 connected client(s)
📊 WebSocket server status: 0 connected client(s)
📊 WebSocket server status: 0 connected client(s)
📊 WebSocket server status: 0 connected client(s)
📊 WebSocket server status: 0 connected client(s)
📊 WebSocket server status: 0 connected client(s)
📊 WebSocket server status: 0 connected client(s)
📊 WebSocket server status: 0 connected client(s)
📊 WebSocket server status: 0 connected client(s)
📊 WebSocket server status: 0 connected client(s)
📊 WebSocket server status: 0 connected client(s)
📊 WebSocket server status: 0 connected client(s)
📊 WebSocket server status: 0 connected client(s)
📊 WebSocket server status: 0 connected client(s)
📊 WebSocket server status: 0 connected client(s)
📊 WebSocket server status: 0 connected client(s)
📊 WebSocket server status: 0 connected client(s)
📊 WebSocket server status: 0 connected client(s)
📊 WebSocket server status: 0 connected client(s)
📊 WebSocket server status: 0 connected client(s)
📊 WebSocket server status: 0 connected client(s)
📊 WebSocket server status: 0 connected client(s)
📊 WebSocket server status: 0 connected client(s)
📊 WebSocket server status: 0 connected client(s)
📊 WebSocket server status: 0 connected client(s)
📊 WebSocket server status: 0 connected client(s)
📊 WebSocket server status: 0 connected client(s)
📊 WebSocket server status: 0 connected client(s)
📊 WebSocket server status: 0 connected client(s)
📊 WebSocket server status: 0 connected client(s)
📊 WebSocket server status: 0 connected client(s)
📊 WebSocket server status: 0 connected client(s)
📊 WebSocket server status: 0 connected client(s)
📊 WebSocket server status: 0 connected client(s)
📊 WebSocket server status: 0 connected client(s)
📊 WebSocket server status: 0 connected client(s)
📊 WebSocket server status: 0 connected client(s)
📊 WebSocket server status: 0 connected client(s)
📊 WebSocket server status: 0 connected client(s)
📊 WebSocket server status: 0 connected client(s)
📊 WebSocket server status: 0 connected client(s)
📊 WebSocket server status: 0 connected client(s)
📊 WebSocket server status: 0 connected client(s)
📊 WebSocket server status: 0 connected client(s)
📊 WebSocket server status: 0 connected client(s)
📊 WebSocket server status: 0 connected client(s)
📊 WebSocket server status: 0 connected client(s)
📊 WebSocket server status: 0 connected client(s)
📊 WebSocket server status: 0 connected client(s)
📊 WebSocket server status: 0 connected client(s)
📊 WebSocket server status: 0 connected client(s)
📊 WebSocket server status: 0 connected client(s)
📊 WebSocket server status: 0 connected client(s)
📊 WebSocket server status: 0 connected client(s)
📊 WebSocket server status: 0 connected client(s)
📊 WebSocket server status: 0 connected client(s)
📊 WebSocket server status: 0 connected client(s)
📊 WebSocket server status: 0 connected client(s)
📊 WebSocket server status: 0 connected client(s)
📊 WebSocket server status: 0 connected client(s)
📊 WebSocket server status: 0 connected client(s)
📊 WebSocket server status: 0 connected client(s)
📊 WebSocket server status: 0 connected client(s)
📊 WebSocket server status: 0 connected client(s)
📊 WebSocket server status: 0 connected client(s)
📊 WebSocket server status: 0 connected client(s)
📊 WebSocket server status: 0 connected client(s)
📊 WebSocket server status: 0 connected client(s)
📊 WebSocket server status: 0 connected client(s)
📊 WebSocket server status: 0 connected client(s)
📊 WebSocket server status: 0 connected client(s)
📊 WebSocket server status: 0 connected client(s)
📊 WebSocket server status: 0 connected client(s)
📊 WebSocket server status: 0 connected client(s)
📊 WebSocket server status: 0 connected client(s)
📊 WebSocket server status: 0 connected client(s)
📊 WebSocket server status: 0 connected client(s)
📊 WebSocket server status: 0 connected client(s)
📊 WebSocket server status: 0 connected client(s)
📊 WebSocket server status: 0 connected client(s)
📊 WebSocket server status: 0 connected client(s)
📊 WebSocket server status: 0 connected client(s)
📊 WebSocket server status: 0 connected client(s)
📊 WebSocket server status: 0 connected client(s)
📊 WebSocket server status: 0 connected client(s)
📊 WebSocket server status: 0 connected client(s)
📊 WebSocket server status: 0 connected client(s)
📊 WebSocket server status: 0 connected client(s)
📊 WebSocket server status: 0 connected client(s)
📊 WebSocket server status: 0 connected client(s)
📊 WebSocket server status: 0 connected client(s)
📊 WebSocket server status: 0 connected client(s)
📊 WebSocket server status: 0 connected client(s)
📊 WebSocket server status: 0 connected client(s)
📊 WebSocket server status: 0 connected client(s)
📊 WebSocket server status: 0 connected client(s)
📊 WebSocket server status: 0 connected client(s)
📊 WebSocket server status: 0 connected client(s)
📊 WebSocket server status: 0 connected client(s)
📊 WebSocket server status: 0 connected client(s)
📊 WebSocket server status: 0 connected client(s)
📊 WebSocket server status: 0 connected client(s)
📊 WebSocket server status: 0 connected client(s)
📊 WebSocket server status: 0 connected client(s)
📊 WebSocket server status: 0 connected client(s)
📊 WebSocket server status: 0 connected client(s)
📊 WebSocket server status: 0 connected client(s)
📊 WebSocket server status: 0 connected client(s)
📊 WebSocket server status: 0 connected client(s)
📊 WebSocket server status: 0 connected client(s)
