preflight_started=2026-09-01T19:06:31+08:00
candidate=206ddaea681b6c8af9c2a4c770d49d1a1bc2166a
ci_run=33499586035
manifest_sha256=5b8547cb0cf7697df6fb98c29b05ccaf412b93c259c22127bd9050d8c495fcc2
fixture_sums_sha256=fa73f7efa39b95784a78324a4b7a6bf16ce10ad2afb809f1cb61d6541dae6b52
system_state=running
ssh_state=active
failed_units=0
oom_events=0
swap_pswpin=7793
swap_pswpout=150712
NAME                             TYPE        SIZE      USED PRIO
/swap.img                        file  4294963200 242061312   -1
/srv/dev-fast/.swap/devhost.swap file 17179865088 243474432   -1
toolchains_begin
v24.20.0
12.0.2
rustc 1.98.0 (88d9e12ae 2026-08-18)
cargo 1.98.0 (797e8a9bc 2026-08-05)
openjdk 21.0.2 2024-01-16
OpenJDK Runtime Environment (build 21.0.2+13-58)
OpenJDK 64-Bit Server VM (build 21.0.2+13-58, mixed mode, sharing)
toolchains_end
npm warn deprecated node-domexception@1.0.0: Use your platform's native DOMException instead
npm warn deprecated json-ptr@3.1.1: Package no longer supported. Contact Support at https://www.npmjs.com/support for more info.
npm warn deprecated uuid@9.0.1: uuid@10 and below is no longer supported.  For ESM codebases, update to uuid@latest.  For CommonJS codebases, use uuid@11 (but be aware this version will likely be deprecated in 2028).
npm warn deprecated glob@10.5.0: Old versions of glob are not supported, and contain widely publicized security vulnerabilities, which have been fixed in the current version. Please update. Support for old versions may be purchased (at exorbitant rates) by contacting i@izs.me

added 742 packages, and audited 743 packages in 9s

96 packages are looking for funding
  run `npm fund` for details

5 moderate severity vulnerabilities

To address all issues (including breaking changes), run:
  npm audit fix --force

Run `npm audit` for details.
npm warn install-scripts 1 package had install scripts blocked because they are not covered by allowScripts:
npm warn install-scripts   @firebase/util@1.15.3 (postinstall: node ./postinstall.js)
npm warn install-scripts
npm warn install-scripts Run `npm install-scripts ls` to review, or `npm install-scripts approve <pkg>` to allow.

changed 1 package in 698ms
npm warn install-scripts 1 package had install scripts blocked because they are not covered by allowScripts:
npm warn install-scripts   yarn@1.22.22 (preinstall: :; (node ./preinstall.js > /dev/null 2>&1 || true))
npm warn install-scripts
npm warn install-scripts Run `npm install -g --allow-scripts=yarn` to allow these scripts once, or `npm config set allow-scripts=yarn --location=user` to allow them for all global installs.
bash: line 70: yarn: command not found
