Firebase JS SDK browser integration (disk-wal, client memory)	Run Google's Firestore browser integration bootstrap	﻿2026-09-05T18:53:14.8677959Z ##[group]Run npm run test:webchannel:firebase-js-sdk --prefix conformance -- --sdk-dir "/home/runner/work/fireside/fireside/.phase2/firebase-js-sdk" --client-persistence "memory" --disk
Firebase JS SDK browser integration (disk-wal, client memory)	Run Google's Firestore browser integration bootstrap	2026-09-05T18:53:14.8679484Z [36;1mnpm run test:webchannel:firebase-js-sdk --prefix conformance -- --sdk-dir "/home/runner/work/fireside/fireside/.phase2/firebase-js-sdk" --client-persistence "memory" --disk[0m
Firebase JS SDK browser integration (disk-wal, client memory)	Run Google's Firestore browser integration bootstrap	2026-09-05T18:53:14.8731284Z shell: /usr/bin/bash -e {0}
Firebase JS SDK browser integration (disk-wal, client memory)	Run Google's Firestore browser integration bootstrap	2026-09-05T18:53:14.8731577Z ##[endgroup]
Firebase JS SDK browser integration (disk-wal, client memory)	Run Google's Firestore browser integration bootstrap	2026-09-05T18:53:14.9810967Z npm notice run fireside-conformance@0.0.1 test:webchannel:firebase-js-sdk
Firebase JS SDK browser integration (disk-wal, client memory)	Run Google's Firestore browser integration bootstrap	2026-09-05T18:53:14.9813995Z npm notice run node --import tsx src/webchannel/run-firebase-js-sdk.ts --sdk-dir /home/runner/work/fireside/fireside/.phase2/firebase-js-sdk --client-persistence memory --disk
Firebase JS SDK browser integration (disk-wal, client memory)	Run Google's Firestore browser integration bootstrap	2026-09-05T18:53:15.8301126Z yarn run v1.22.22
Firebase JS SDK browser integration (disk-wal, client memory)	Run Google's Firestore browser integration bootstrap	2026-09-05T18:53:15.8449051Z error SyntaxError: /home/runner/work/fireside/fireside/.phase2/firebase-js-sdk/packages/firestore/package.json: Unexpected end of JSON input
Firebase JS SDK browser integration (disk-wal, client memory)	Run Google's Firestore browser integration bootstrap	2026-09-05T18:53:15.8451143Z info Visit https://yarnpkg.com/en/docs/cli/run for documentation about this command.
Firebase JS SDK browser integration (disk-wal, client memory)	Run Google's Firestore browser integration bootstrap	2026-09-05T18:53:15.8451941Z     at JSON.parse (<anonymous>)
Firebase JS SDK browser integration (disk-wal, client memory)	Run Google's Firestore browser integration bootstrap	2026-09-05T18:53:15.8452626Z     at /opt/hostedtoolcache/node/24.20.0/x64/lib/node_modules/yarn/lib/cli.js:1629:59
Firebase JS SDK browser integration (disk-wal, client memory)	Run Google's Firestore browser integration bootstrap	2026-09-05T18:53:15.8453355Z     at Generator.next (<anonymous>)
Firebase JS SDK browser integration (disk-wal, client memory)	Run Google's Firestore browser integration bootstrap	2026-09-05T18:53:15.8454338Z     at step (/opt/hostedtoolcache/node/24.20.0/x64/lib/node_modules/yarn/lib/cli.js:310:30)
Firebase JS SDK browser integration (disk-wal, client memory)	Run Google's Firestore browser integration bootstrap	2026-09-05T18:53:15.8455249Z     at /opt/hostedtoolcache/node/24.20.0/x64/lib/node_modules/yarn/lib/cli.js:321:13
Firebase JS SDK browser integration (disk-wal, client memory)	Run Google's Firestore browser integration bootstrap	2026-09-05T18:53:15.8543699Z firebase-js-sdk generated package metadata was observed mid-write; restoring the pinned revision and retrying the pre-workload dependency build once.
Firebase JS SDK browser integration (disk-wal, client memory)	Run Google's Firestore browser integration bootstrap	2026-09-05T18:53:15.9960935Z yarn run v1.22.22
Firebase JS SDK browser integration (disk-wal, client memory)	Run Google's Firestore browser integration bootstrap	2026-09-05T18:53:16.0111769Z error SyntaxError: /home/runner/work/fireside/fireside/.phase2/firebase-js-sdk/packages/firestore/package.json: Unexpected end of JSON input
Firebase JS SDK browser integration (disk-wal, client memory)	Run Google's Firestore browser integration bootstrap	2026-09-05T18:53:16.0113610Z info Visit https://yarnpkg.com/en/docs/cli/run for documentation about this command.
Firebase JS SDK browser integration (disk-wal, client memory)	Run Google's Firestore browser integration bootstrap	2026-09-05T18:53:16.0114770Z     at JSON.parse (<anonymous>)
Firebase JS SDK browser integration (disk-wal, client memory)	Run Google's Firestore browser integration bootstrap	2026-09-05T18:53:16.0115489Z     at /opt/hostedtoolcache/node/24.20.0/x64/lib/node_modules/yarn/lib/cli.js:1629:59
Firebase JS SDK browser integration (disk-wal, client memory)	Run Google's Firestore browser integration bootstrap	2026-09-05T18:53:16.0116186Z     at Generator.next (<anonymous>)
Firebase JS SDK browser integration (disk-wal, client memory)	Run Google's Firestore browser integration bootstrap	2026-09-05T18:53:16.0116928Z     at step (/opt/hostedtoolcache/node/24.20.0/x64/lib/node_modules/yarn/lib/cli.js:310:30)
Firebase JS SDK browser integration (disk-wal, client memory)	Run Google's Firestore browser integration bootstrap	2026-09-05T18:53:16.0117837Z     at /opt/hostedtoolcache/node/24.20.0/x64/lib/node_modules/yarn/lib/cli.js:321:13
Firebase JS SDK browser integration (disk-wal, client memory)	Run Google's Firestore browser integration bootstrap	2026-09-05T18:53:16.0249165Z /home/runner/work/fireside/fireside/conformance/src/webchannel/run-firebase-js-sdk.ts:463
Firebase JS SDK browser integration (disk-wal, client memory)	Run Google's Firestore browser integration bootstrap	2026-09-05T18:53:16.0249996Z   return new Error(
Firebase JS SDK browser integration (disk-wal, client memory)	Run Google's Firestore browser integration bootstrap	2026-09-05T18:53:16.0250319Z          ^
Firebase JS SDK browser integration (disk-wal, client memory)	Run Google's Firestore browser integration bootstrap	2026-09-05T18:53:16.0250442Z 
Firebase JS SDK browser integration (disk-wal, client memory)	Run Google's Firestore browser integration bootstrap	2026-09-05T18:53:16.0250716Z Error: yarn build:deps retry exited with code 1 and signal null
Firebase JS SDK browser integration (disk-wal, client memory)	Run Google's Firestore browser integration bootstrap	2026-09-05T18:53:16.0251469Z     at observedCommandError (/home/runner/work/fireside/fireside/conformance/src/webchannel/run-firebase-js-sdk.ts:463:10)
Firebase JS SDK browser integration (disk-wal, client memory)	Run Google's Firestore browser integration bootstrap	2026-09-05T18:53:16.0252379Z     at main (/home/runner/work/fireside/fireside/conformance/src/webchannel/run-firebase-js-sdk.ts:160:15)
Firebase JS SDK browser integration (disk-wal, client memory)	Run Google's Firestore browser integration bootstrap	2026-09-05T18:53:16.0253121Z     at process.processTicksAndRejections (node:internal/process/task_queues:104:5)
Firebase JS SDK browser integration (disk-wal, client memory)	Run Google's Firestore browser integration bootstrap	2026-09-05T18:53:16.0253911Z     at async <anonymous> (/home/runner/work/fireside/fireside/conformance/src/webchannel/run-firebase-js-sdk.ts:506:1)
Firebase JS SDK browser integration (disk-wal, client memory)	Run Google's Firestore browser integration bootstrap	2026-09-05T18:53:16.0254711Z 
Firebase JS SDK browser integration (disk-wal, client memory)	Run Google's Firestore browser integration bootstrap	2026-09-05T18:53:16.0254840Z Node.js v24.20.0
Firebase JS SDK browser integration (disk-wal, client memory)	Run Google's Firestore browser integration bootstrap	2026-09-05T18:53:16.0419947Z ##[error]Process completed with exit code 1.
