{"relative":"inputs/full-data","files":66758,"bytes":8180616677,"sha256":"3505b5fd24dc4e8fb1f9925b5201c6e28dbb993c7a0a2bebb34cb70d13d91fc7","verified":true}
{"relative":"banked-r36/exports/official/full-data","files":66756,"bytes":8180612785,"sha256":"c1a1451827c326fb680b2133b0a2c42b79302f1fb89febfb02228ad056b619ca","verified":true}
{"relative":"inputs/Assets/globalFonts","files":46,"bytes":14315300,"sha256":"415edbf85ef3d09789b3a64bf14eb65550e8876915d892c0018b7ec96b8a40cf","verified":true}
{"relative":"inputs/Assets/masterSlidesBase","files":3,"bytes":93371,"sha256":"27dd0b395aee2f557a90c7b8cb58fbdd2b1dd4fd2b0861cc76911d34ba7685a8","verified":true}
{"relative":"inputs/Assets/slides","files":10918,"bytes":522696779,"sha256":"b1ecdef81da630d286fabcc5f6973b5544c09e3f381f9c29ffef1b93e543fd63","verified":true}
browser-official-initial.json: OK
browser-official-initial.json.diagnostics.jsonl: OK
browser-official-restart.json: OK
browser-official-restart.json.diagnostics.jsonl: OK
environment.json: OK
failure.json: OK
logs/browser-official-initial.log: OK
logs/browser-official-restart.log: OK
logs/soak-official.log: OK
manifest.json: OK
official-initial-frontend-recheck.json: OK
official-initial-frontend-recheck.jsonl: OK
official-initial-readiness.json: OK
official-initial-readiness.jsonl: OK
official-initial-tmux.log: OK
official-initial.exit: OK
official-restart-frontend-recheck.json: OK
official-restart-frontend-recheck.jsonl: OK
official-restart-readiness.json: OK
official-restart-readiness.jsonl: OK
official-restart-tmux.log: OK
official-restart.exit: OK
preflight-official-restart.json: OK
preflight-official-soak.json: OK
smoke-prerequisite.json: OK
soak-comparison.json: OK
soak-comparison.md: OK
soak-official.json: OK
{"receipt":"/srv/dev-fast/runtime-data/fireside-templates-hetzner-20260905/input-verification.json","completed":true,"verifiedAtIso":"2026-09-05T09:19:48.638Z"}
